[16:39:03.825] Log Level: 2
[16:39:03.831] VS Code version: 1.85.2
[16:39:03.831] Remote-SSH version: remote-ssh@0.108.2023112915
[16:39:03.831] linux x64
[16:39:03.834] SSH Resolver called for "ssh-remote+senc.icmc.usp.br", attempt 1
[16:39:03.834] "remote.SSH.useLocalServer": true
[16:39:03.834] "remote.SSH.useExecServer": false
[16:39:03.834] "remote.SSH.path": undefined
[16:39:03.834] "remote.SSH.configFile": undefined
[16:39:03.834] "remote.SSH.useFlock": true
[16:39:03.834] "remote.SSH.lockfilesInTmp": false
[16:39:03.834] "remote.SSH.localServerDownload": auto
[16:39:03.834] "remote.SSH.remoteServerListenOnSocket": false
[16:39:03.834] "remote.SSH.showLoginTerminal": false
[16:39:03.835] "remote.SSH.defaultExtensions": []
[16:39:03.835] "remote.SSH.loglevel": 2
[16:39:03.835] "remote.SSH.enableDynamicForwarding": true
[16:39:03.835] "remote.SSH.enableRemoteCommand": false
[16:39:03.835] "remote.SSH.serverPickPortsFromRange": {}
[16:39:03.835] "remote.SSH.serverInstallPath": {}
[16:39:03.847] SSH Resolver called for host: senc.icmc.usp.br
[16:39:03.847] Setting up SSH remote "senc.icmc.usp.br"
[16:39:03.851] Acquiring local install lock: /tmp/vscode-remote-ssh-2f5e6878-install.lock
[16:39:05.352] Starting to look for password prompt from another window
[16:39:05.353] Found password prompt in other window: {"ipcHandlePath":"/run/user/1000/vscode-ssh-askpass-443b0ff236b22054c82fd7751cb60912943ab86b.sock","promptMsg":{"message":"web-senc@senc.icmc.usp.br's password:"}}
[16:39:05.355] Showing password prompt
[16:39:14.518] Got password response
[16:39:14.519] Interactor gave response: ***********
[16:39:14.519] Sending user response to primary window
[16:39:15.363] Detected password prompt handled in another window
[16:39:18.525] Found password prompt in other window: {"ipcHandlePath":"/run/user/1000/vscode-ssh-askpass-e671cc5cd8835a80782680b76b5f22389872a8d3.sock","promptMsg":{"message":"web-senc@senc.icmc.usp.br's password:","detail":"Permission denied, please try again."}}
[16:39:18.525] Showing password prompt
[16:39:23.528] Detected password prompt handled in another window
[16:39:43.458] Looking for existing server data file at /home/drdbrioso/.config/Code/User/globalStorage/ms-vscode-remote.remote-ssh/vscode-ssh-host-2f5e6878-8b3775030ed1a69b13e4f4c628c612102e30a681-0.108.2023112915-tr/data.json
[16:39:43.460] Using commit id "8b3775030ed1a69b13e4f4c628c612102e30a681" and quality "stable" for server
[16:39:43.471] Install and start server if needed
[16:39:43.480] PATH: /usr/local/bin:/usr/bin:/usr/local/sbin:/opt/android-sdk/platform-tools:/var/lib/flatpak/exports/bin:/usr/lib/jvm/default/bin:/usr/bin/site_perl:/usr/bin/vendor_perl:/usr/bin/core_perl:/home/drdbrioso/.local/bin:/opt/android-sdk/platform-tools:/home/drdbrioso/.local/bin:/opt/android-sdk/platform-tools:/home/drdbrioso/.local/bin:/opt/nvim/:/home/drdbrioso/.local/bin
[16:39:43.480] Checking ssh with "ssh -V"
[16:39:43.493] > OpenSSH_10.2p1, OpenSSL 3.6.0 1 Oct 2025

[16:39:43.499] askpass server listening on /run/user/1000/vscode-ssh-askpass-695f44c6463e7b8e34b1b69d3100389f303a353a.sock
[16:39:43.499] Spawning local server with {"serverId":1,"ipcHandlePath":"/run/user/1000/vscode-ssh-askpass-a899e7108982e2bb8c8c322e778fd80984937abe.sock","sshCommand":"ssh","sshArgs":["-v","-T","-D","46529","-o","ConnectTimeout=15","senc.icmc.usp.br"],"serverDataFolderName":".vscode-server","dataFilePath":"/home/drdbrioso/.config/Code/User/globalStorage/ms-vscode-remote.remote-ssh/vscode-ssh-host-2f5e6878-8b3775030ed1a69b13e4f4c628c612102e30a681-0.108.2023112915-tr/data.json"}
[16:39:43.499] Local server env: {"SSH_AUTH_SOCK":"/run/user/1000/gcr/ssh","SHELL":"/usr/bin/zsh","DISPLAY":":0","ELECTRON_RUN_AS_NODE":"1","SSH_ASKPASS":"/home/drdbrioso/.vscode/extensions/ms-vscode-remote.remote-ssh-0.108.2023112915/out/local-server/askpass.sh","VSCODE_SSH_ASKPASS_NODE":"/home/drdbrioso/Desktop/code-stable-x64-1705560028/VSCode-linux-x64/code","VSCODE_SSH_ASKPASS_EXTRA_ARGS":"--ms-enable-electron-run-as-node","VSCODE_SSH_ASKPASS_MAIN":"/home/drdbrioso/.vscode/extensions/ms-vscode-remote.remote-ssh-0.108.2023112915/out/askpass-main.js","VSCODE_SSH_ASKPASS_HANDLE":"/run/user/1000/vscode-ssh-askpass-695f44c6463e7b8e34b1b69d3100389f303a353a.sock"}
[16:39:43.504] Spawned 25206
[16:39:43.607] > local-server-1> Running ssh connection command: "-v -T -D 46529 -o ConnectTimeout=15 senc.icmc.usp.br"
[16:39:43.610] > local-server-1> Spawned ssh, pid=25214
[16:39:44.396] stderr> debug1: Server host key: ssh-ed25519 SHA256:pVqYJ9se5EhmIAvOwtJIlmPU+tHanHbPTfdzOa8qTZ4
[16:39:44.409] stderr> ** WARNING: connection is not using a post-quantum key exchange algorithm.
[16:39:44.410] stderr> ** This session may be vulnerable to "store now, decrypt later" attacks.
[16:39:44.410] stderr> ** The server may need to be upgraded. See https://openssh.com/pq.html
[16:39:45.009] Got askpass request: {"request":"web-senc@senc.icmc.usp.br's password:"}
[16:39:45.009] Showing password prompt
[16:39:45.010] Listening for interwindow password on /run/user/1000/vscode-ssh-askpass-991d895235d719f24fab3c549ca4bc810f06088d.sock
[16:39:45.010] Writing password prompt to globalState
[16:40:34.811] Got password response
[16:40:34.812] Interactor gave response: ***********
[16:40:34.813] Cleaning up other-window auth server
[16:40:34.905] stderr> Authenticated to senc.icmc.usp.br ([143.107.183.96]:22) using "password".
[16:40:35.779] > Welcome to Ubuntu 18.04.6 LTS (GNU/Linux 4.15.0-213-generic x86_64)
> 
>  * Documentation:  https://help.ubuntu.com
>  * Management:     https://landscape.canonical.com
>  * Support:        https://ubuntu.com/advantage
> 
>   System information as of Fri Oct 17 19:40:34 UTC 2025
> 
>   System load:  0.21               Processes:             174
>   Usage of /:   42.4% of 29.36GB   Users logged in:       0
>   Memory usage: 21%                IP address for ens192: 143.107.183.96
>   Swap usage:   12%
> 
>  * Strictly confined Kubernetes makes edge and IoT secure. Learn how MicroK8s
>    just raised the bar for easy, resilient and secure K8s cluster deployment.
> 
>    https://ubuntu.com/engage/secure-kubernetes-at-the-edge
> 
>  * Introducing Expanded Security Maintenance for Applications.
>    Receive updates to over 25,000 software packages with your
>    Ubuntu Pro subscription. Free for personal use.
> 
>      https://ubuntu.com/pro
> 
> 32 updates can be applied immediately.
> To see these additional updates run: apt list --upgradable
> 
> New release '20.04.6 LTS' available.
> Run 'do-release-upgrade' to upgrade to it.
> 
[16:40:36.085] > ready: a9e0eab62e67
[16:40:36.113] > Linux 4.15.0-213-generic #224-Ubuntu SMP Mon Jun 19 13:30:12 UTC 2023
[16:40:36.114] Platform: linux
[16:40:36.270] > /bin/bash
[16:40:36.271] Shell: bash
[16:40:36.271] Creating bash subshell inside "bash"
[16:40:36.308] > bash version:  4.4.20(1)-release
[16:40:36.680] > a9e0eab62e67: running
> Acquiring lock on /home/web-senc/.vscode-server/bin/8b3775030ed1a69b13e4f4c628c612102e30a681/vscode-remote-lock.web-senc.8b3775030ed1a69b13e4f4c628c612102e30a681
> Found existing installation at /home/web-senc/.vscode-server/bin/8b3775030ed1a69b13e4f4c628c612102e30a681...
> Checking /home/web-senc/.vscode-server/.8b3775030ed1a69b13e4f4c628c612102e30a681.log and /home/web-senc/.vscode-server/.8b3775030ed1a69b13e4f4c628c612102e30a681.pid for a running server
> Looking for server with pid: 8382
> Found running server...
>  
> *
> * Visual Studio Code Server
> *
> * By using the software, you agree to
> * the Visual Studio Code Server License Terms (https://aka.ms/vscode-server-license) and
> * the Microsoft Privacy Statement (https://privacy.microsoft.com/en-US/privacystatement).
> *
>  
[16:40:37.435] > Checking server status on port 42845 with wget
[16:40:39.583] > a9e0eab62e67: start
> SSH_AUTH_SOCK====
> DISPLAY====
> webUiAccessToken====
> listeningOn==42845==
> osReleaseId==ubuntu==
> arch==x86_64==
> vscodeArch==x64==
> bitness==64==
> tmpDir==/run/user/1001==
> platform==linux==
> unpackResult====
> didLocalDownload==0==
> downloadTime====
> installTime====
> extInstallTime====
> serverStartTime====
> connectionToken==aaaaa111-1111-1aaa-a111-11aa1a1111a1==
> a9e0eab62e67: end
[16:40:39.584] Received install output: 
SSH_AUTH_SOCK====
DISPLAY====
webUiAccessToken====
listeningOn==42845==
osReleaseId==ubuntu==
arch==x86_64==
vscodeArch==x64==
bitness==64==
tmpDir==/run/user/1001==
platform==linux==
unpackResult====
didLocalDownload==0==
downloadTime====
installTime====
extInstallTime====
serverStartTime====
connectionToken==aaaaa111-1111-1aaa-a111-11aa1a1111a1==

[16:40:39.586] Remote server is listening on port 42845
[16:40:39.586] Parsed server configuration: {"serverConfiguration":{"remoteListeningOn":{"port":42845},"osReleaseId":"ubuntu","arch":"x86_64","webUiAccessToken":"","sshAuthSock":"","display":"","tmpDir":"/run/user/1001","platform":"linux","connectionToken":"aaaaa111-1111-1aaa-a111-11aa1a1111a1"},"installUnpackCode":""}
[16:40:39.589] Persisting server connection details to /home/drdbrioso/.config/Code/User/globalStorage/ms-vscode-remote.remote-ssh/vscode-ssh-host-2f5e6878-8b3775030ed1a69b13e4f4c628c612102e30a681-0.108.2023112915-tr/data.json
[16:40:39.597] Starting forwarding server. local port 37777 -> socksPort 46529 -> remotePort 42845
[16:40:39.599] Forwarding server listening on port 37777
[16:40:39.599] Waiting for ssh tunnel to be ready
[16:40:39.601] [Forwarding server port 37777] Got connection 0
[16:40:39.602] Tunneled port 42845 to local port 37777
[16:40:39.602] Resolved "ssh-remote+senc.icmc.usp.br" to "port 37777"
[16:40:39.620] ------




[16:40:39.629] [Forwarding server port 37777] Got connection 1
[16:40:39.807] [Forwarding server port 37777] Got connection 2
[17:00:06.475] ------




[17:00:06.475] SSH Resolver called for "ssh-remote+senc.icmc.usp.br", attempt 2, (Reconnection)
[17:00:06.477] SSH Resolver called for host: senc.icmc.usp.br
[17:00:06.477] Setting up SSH remote "senc.icmc.usp.br"
[17:00:06.478] Acquiring local install lock: /tmp/vscode-remote-ssh-2f5e6878-install.lock
[17:00:06.478] Looking for existing server data file at /home/drdbrioso/.config/Code/User/globalStorage/ms-vscode-remote.remote-ssh/vscode-ssh-host-2f5e6878-8b3775030ed1a69b13e4f4c628c612102e30a681-0.108.2023112915-tr/data.json
[17:00:06.479] Found local server running: {"remoteListeningOn":{"port":42845},"osReleaseId":"ubuntu","arch":"x86_64","webUiAccessToken":"","sshAuthSock":"","display":"","tmpDir":"/run/user/1001","platform":"linux","connectionToken":"aaaaa111-1111-1aaa-a111-11aa1a1111a1","pid":25206,"ipcHandlePath":"/run/user/1000/vscode-ssh-askpass-a899e7108982e2bb8c8c322e778fd80984937abe.sock","socksPort":46529,"startupTime":1760729983504}
[17:00:06.479] Running server is stale. Ignoring
[17:00:06.479] Using commit id "8b3775030ed1a69b13e4f4c628c612102e30a681" and quality "stable" for server
[17:00:06.484] Install and start server if needed
[17:00:06.488] askpass server listening on /run/user/1000/vscode-ssh-askpass-cbad0ee00c9d1bda35599f85180a34eff292d41a.sock
[17:00:06.488] Spawning local server with {"serverId":2,"ipcHandlePath":"/run/user/1000/vscode-ssh-askpass-669d2e63765270f9a98720699895a26e362e8d0b.sock","sshCommand":"ssh","sshArgs":["-v","-T","-D","46529","-o","ConnectTimeout=15","senc.icmc.usp.br"],"serverDataFolderName":".vscode-server","dataFilePath":"/home/drdbrioso/.config/Code/User/globalStorage/ms-vscode-remote.remote-ssh/vscode-ssh-host-2f5e6878-8b3775030ed1a69b13e4f4c628c612102e30a681-0.108.2023112915-tr/data.json"}
[17:00:06.488] Local server env: {"SSH_AUTH_SOCK":"/run/user/1000/gcr/ssh","SHELL":"/usr/bin/zsh","DISPLAY":":0","ELECTRON_RUN_AS_NODE":"1","SSH_ASKPASS":"/home/drdbrioso/.vscode/extensions/ms-vscode-remote.remote-ssh-0.108.2023112915/out/local-server/askpass.sh","VSCODE_SSH_ASKPASS_NODE":"/home/drdbrioso/Desktop/code-stable-x64-1705560028/VSCode-linux-x64/code","VSCODE_SSH_ASKPASS_EXTRA_ARGS":"--ms-enable-electron-run-as-node","VSCODE_SSH_ASKPASS_MAIN":"/home/drdbrioso/.vscode/extensions/ms-vscode-remote.remote-ssh-0.108.2023112915/out/askpass-main.js","VSCODE_SSH_ASKPASS_HANDLE":"/run/user/1000/vscode-ssh-askpass-cbad0ee00c9d1bda35599f85180a34eff292d41a.sock"}
[17:00:06.492] Spawned 27079
[17:00:06.600] > local-server-2> Running ssh connection command: "-v -T -D 46529 -o ConnectTimeout=15 senc.icmc.usp.br"
[17:00:06.603] > local-server-2> Spawned ssh, pid=27087
[17:00:07.298] stderr> debug1: Server host key: ssh-ed25519 SHA256:pVqYJ9se5EhmIAvOwtJIlmPU+tHanHbPTfdzOa8qTZ4
[17:00:07.311] stderr> ** WARNING: connection is not using a post-quantum key exchange algorithm.
[17:00:07.311] stderr> ** This session may be vulnerable to "store now, decrypt later" attacks.
[17:00:07.312] stderr> ** The server may need to be upgraded. See https://openssh.com/pq.html
[17:00:08.166] Got askpass request: {"request":"web-senc@senc.icmc.usp.br's password:"}
[17:00:08.166] Showing password prompt
[17:00:08.167] Listening for interwindow password on /run/user/1000/vscode-ssh-askpass-b88749ae773c1f89f00bac535cb34b1b3a7084ab.sock
[17:00:08.167] Writing password prompt to globalState
[17:00:09.673] > local-server-1> Timed out
[17:00:09.682] Local server exit: 0
[17:00:14.573] Got password response
[17:00:14.574] Interactor gave response: ***********
[17:00:14.574] Cleaning up other-window auth server
[17:00:14.703] stderr> Authenticated to senc.icmc.usp.br ([143.107.183.96]:22) using "password".
[17:00:15.729] > Welcome to Ubuntu 18.04.6 LTS (GNU/Linux 4.15.0-213-generic x86_64)
> 
>  * Documentation:  https://help.ubuntu.com
>  * Management:     https://landscape.canonical.com
>  * Support:        https://ubuntu.com/advantage
> 
>   System information as of Fri Oct 17 20:00:14 UTC 2025
> 
>   System load:  0.01               Processes:             172
>   Usage of /:   42.4% of 29.36GB   Users logged in:       0
>   Memory usage: 50%                IP address for ens192: 143.107.183.96
>   Swap usage:   12%
> 
>  * Strictly confined Kubernetes makes edge and IoT secure. Learn how MicroK8s
>    just raised the bar for easy, resilient and secure K8s cluster deployment.
> 
>    https://ubuntu.com/engage/secure-kubernetes-at-the-edge
> 
>  * Introducing Expanded Security Maintenance for Applications.
>    Receive updates to over 25,000 software packages with your
>    Ubuntu Pro subscription. Free for personal use.
> 
>      https://ubuntu.com/pro
> 
> 32 updates can be applied immediately.
> To see these additional updates run: apt list --upgradable
> 
> New release '20.04.6 LTS' available.
> Run 'do-release-upgrade' to upgrade to it.
> 
[17:00:16.033] > ready: ca49153447e1
[17:00:16.238] > Linux 4.15.0-213-generic #224-Ubuntu SMP Mon Jun 19 13:30:12 UTC 2023
[17:00:16.239] Platform: linux
[17:00:16.261] > /bin/bash
[17:00:16.261] Shell: bash
[17:00:16.261] Creating bash subshell inside "bash"
[17:00:16.369] > bash version:  4.4.20(1)-release
[17:00:16.389] > bash version:  4.4.20(1)-release
> bash version:  4.4.20(1)-release
[17:00:16.750] > ca49153447e1: running
> Acquiring lock on /home/web-senc/.vscode-server/bin/8b3775030ed1a69b13e4f4c628c612102e30a681/vscode-remote-lock.web-senc.8b3775030ed1a69b13e4f4c628c612102e30a681
> Found existing installation at /home/web-senc/.vscode-server/bin/8b3775030ed1a69b13e4f4c628c612102e30a681...
> Checking /home/web-senc/.vscode-server/.8b3775030ed1a69b13e4f4c628c612102e30a681.log and /home/web-senc/.vscode-server/.8b3775030ed1a69b13e4f4c628c612102e30a681.pid for a running server
> Looking for server with pid: 8382
> Found running server...
>  
> *
> * Visual Studio Code Server
> *
> * By using the software, you agree to
> * the Visual Studio Code Server License Terms (https://aka.ms/vscode-server-license) and
> * the Microsoft Privacy Statement (https://privacy.microsoft.com/en-US/privacystatement).
> *
>  
> Checking server status on port 42845 with wget
> ca49153447e1: start
> SSH_AUTH_SOCK====
> DISPLAY====
> webUiAccessToken====
> listeningOn==42845==
> osReleaseId==ubuntu==
> arch==x86_64==
> vscodeArch==x64==
> bitness==64==
> tmpDir==/run/user/1001==
> platform==linux==
> unpackResult====
> didLocalDownload==0==
> downloadTime====
> installTime====
> extInstallTime====
> serverStartTime====
> connectionToken==aaaaa111-1111-1aaa-a111-11aa1a1111a1==
> ca49153447e1: end
[17:00:16.752] Received install output: 
SSH_AUTH_SOCK====
DISPLAY====
webUiAccessToken====
listeningOn==42845==
osReleaseId==ubuntu==
arch==x86_64==
vscodeArch==x64==
bitness==64==
tmpDir==/run/user/1001==
platform==linux==
unpackResult====
didLocalDownload==0==
downloadTime====
installTime====
extInstallTime====
serverStartTime====
connectionToken==aaaaa111-1111-1aaa-a111-11aa1a1111a1==

[17:00:16.753] Remote server is listening on port 42845
[17:00:16.754] Parsed server configuration: {"serverConfiguration":{"remoteListeningOn":{"port":42845},"osReleaseId":"ubuntu","arch":"x86_64","webUiAccessToken":"","sshAuthSock":"","display":"","tmpDir":"/run/user/1001","platform":"linux","connectionToken":"aaaaa111-1111-1aaa-a111-11aa1a1111a1"},"installUnpackCode":""}
[17:00:16.756] Persisting server connection details to /home/drdbrioso/.config/Code/User/globalStorage/ms-vscode-remote.remote-ssh/vscode-ssh-host-2f5e6878-8b3775030ed1a69b13e4f4c628c612102e30a681-0.108.2023112915-tr/data.json
[17:00:16.761] Starting forwarding server. local port 34971 -> socksPort 46529 -> remotePort 42845
[17:00:16.762] Forwarding server listening on port 34971
[17:00:16.762] Waiting for ssh tunnel to be ready
[17:00:16.764] [Forwarding server port 34971] Got connection 0
[17:00:16.765] Tunneled port 42845 to local port 34971
[17:00:16.766] Resolved "ssh-remote+senc.icmc.usp.br" to "port 34971"
[17:00:16.777] ------




[17:00:16.802] [Forwarding server port 34971] Got connection 1
[17:00:17.296] [Forwarding server port 34971] Got connection 2
