[16:37:57.697] Log Level: 2
[16:37:57.703] SSH Resolver called for "ssh-remote+senc.icmc.usp.br", attempt 1
[16:37:57.703] "remote.SSH.useLocalServer": true
[16:37:57.703] "remote.SSH.useExecServer": false
[16:37:57.703] "remote.SSH.path": undefined
[16:37:57.703] "remote.SSH.configFile": undefined
[16:37:57.703] "remote.SSH.useFlock": true
[16:37:57.703] "remote.SSH.lockfilesInTmp": false
[16:37:57.703] "remote.SSH.localServerDownload": auto
[16:37:57.703] "remote.SSH.remoteServerListenOnSocket": false
[16:37:57.703] "remote.SSH.showLoginTerminal": false
[16:37:57.703] "remote.SSH.defaultExtensions": []
[16:37:57.703] "remote.SSH.loglevel": 2
[16:37:57.703] "remote.SSH.enableDynamicForwarding": true
[16:37:57.704] "remote.SSH.enableRemoteCommand": false
[16:37:57.704] "remote.SSH.serverPickPortsFromRange": {}
[16:37:57.704] "remote.SSH.serverInstallPath": {}
[16:37:57.708] VS Code version: 1.85.2
[16:37:57.708] Remote-SSH version: remote-ssh@0.108.2023112915
[16:37:57.708] linux x64
[16:37:57.709] SSH Resolver called for host: senc.icmc.usp.br
[16:37:57.709] Setting up SSH remote "senc.icmc.usp.br"
[16:37:57.711] Acquiring local install lock: /tmp/vscode-remote-ssh-2f5e6878-install.lock
[16:37:59.212] Starting to look for password prompt from another window
[16:37:59.212] Found password prompt in other window: {"ipcHandlePath":"/run/user/1000/vscode-ssh-askpass-76136ca4adeca456ca758f59699cf671a55badce.sock","promptMsg":{"message":"web-senc@senc.icmc.usp.br's password:"}}
[16:37:59.213] Showing password prompt
[16:38:42.818] Got password response
[16:38:42.818] Interactor gave response: ***********
[16:38:42.819] Sending user response to primary window
[16:38:43.256] Detected password prompt handled in another window
[16:38:59.861] Looking for existing server data file at /home/drdbrioso/.config/Code/User/globalStorage/ms-vscode-remote.remote-ssh/vscode-ssh-host-2f5e6878-8b3775030ed1a69b13e4f4c628c612102e30a681-0.108.2023112915-tr/data.json
[16:38:59.861] Using commit id "8b3775030ed1a69b13e4f4c628c612102e30a681" and quality "stable" for server
[16:38:59.866] Install and start server if needed
[16:38:59.868] PATH: /usr/local/bin:/usr/bin:/usr/local/sbin:/opt/android-sdk/platform-tools:/var/lib/flatpak/exports/bin:/usr/lib/jvm/default/bin:/usr/bin/site_perl:/usr/bin/vendor_perl:/usr/bin/core_perl:/home/drdbrioso/.local/bin:/opt/android-sdk/platform-tools:/home/drdbrioso/.local/bin:/opt/android-sdk/platform-tools:/home/drdbrioso/.local/bin:/opt/nvim/:/home/drdbrioso/.local/bin
[16:38:59.868] Checking ssh with "ssh -V"
[16:38:59.876] > OpenSSH_10.2p1, OpenSSL 3.6.0 1 Oct 2025

[16:38:59.879] askpass server listening on /run/user/1000/vscode-ssh-askpass-3f7d2109bc1ad9f0ab639804674e460315a2f11f.sock
[16:38:59.879] Spawning local server with {"serverId":1,"ipcHandlePath":"/run/user/1000/vscode-ssh-askpass-354c03c5a250711bf51ce29430471cc0639a86fc.sock","sshCommand":"ssh","sshArgs":["-v","-T","-D","44769","-o","ConnectTimeout=15","senc.icmc.usp.br"],"serverDataFolderName":".vscode-server","dataFilePath":"/home/drdbrioso/.config/Code/User/globalStorage/ms-vscode-remote.remote-ssh/vscode-ssh-host-2f5e6878-8b3775030ed1a69b13e4f4c628c612102e30a681-0.108.2023112915-tr/data.json"}
[16:38:59.880] Local server env: {"SSH_AUTH_SOCK":"/run/user/1000/gcr/ssh","SHELL":"/usr/bin/zsh","DISPLAY":":0","ELECTRON_RUN_AS_NODE":"1","SSH_ASKPASS":"/home/drdbrioso/.vscode/extensions/ms-vscode-remote.remote-ssh-0.108.2023112915/out/local-server/askpass.sh","VSCODE_SSH_ASKPASS_NODE":"/home/drdbrioso/Desktop/code-stable-x64-1705560028/VSCode-linux-x64/code","VSCODE_SSH_ASKPASS_EXTRA_ARGS":"--ms-enable-electron-run-as-node","VSCODE_SSH_ASKPASS_MAIN":"/home/drdbrioso/.vscode/extensions/ms-vscode-remote.remote-ssh-0.108.2023112915/out/askpass-main.js","VSCODE_SSH_ASKPASS_HANDLE":"/run/user/1000/vscode-ssh-askpass-3f7d2109bc1ad9f0ab639804674e460315a2f11f.sock"}
[16:38:59.883] Spawned 24846
[16:39:00.019] > local-server-1> Running ssh connection command: "-v -T -D 44769 -o ConnectTimeout=15 senc.icmc.usp.br"
[16:39:00.025] > local-server-1> Spawned ssh, pid=24854
[16:39:01.220] stderr> debug1: Server host key: ssh-ed25519 SHA256:pVqYJ9se5EhmIAvOwtJIlmPU+tHanHbPTfdzOa8qTZ4
[16:39:01.227] stderr> ** WARNING: connection is not using a post-quantum key exchange algorithm.
[16:39:01.227] stderr> ** This session may be vulnerable to "store now, decrypt later" attacks.
[16:39:01.228] stderr> ** The server may need to be upgraded. See https://openssh.com/pq.html
[16:39:01.477] Got askpass request: {"request":"web-senc@senc.icmc.usp.br's password:"}
[16:39:01.478] Showing password prompt
[16:39:01.479] Listening for interwindow password on /run/user/1000/vscode-ssh-askpass-443b0ff236b22054c82fd7751cb60912943ab86b.sock
[16:39:01.479] Writing password prompt to globalState
[16:39:14.526] Got password from another window
[16:39:14.527] Cleaning up other-window auth server
[16:39:17.260] stderr> Permission denied, please try again.
[16:39:17.360] Got askpass request: {"request":"web-senc@senc.icmc.usp.br's password:"}
[16:39:17.360] Showing password prompt
[16:39:17.361] Listening for interwindow password on /run/user/1000/vscode-ssh-askpass-e671cc5cd8835a80782680b76b5f22389872a8d3.sock
[16:39:17.361] Writing password prompt to globalState
[16:39:22.829] Got password response
[16:39:22.829] Interactor gave response: ***********
[16:39:22.829] Cleaning up other-window auth server
[16:39:23.267] stderr> Authenticated to senc.icmc.usp.br ([143.107.183.96]:22) using "password".
[16:39:24.841] > Welcome to Ubuntu 18.04.6 LTS (GNU/Linux 4.15.0-213-generic x86_64)
> 
>  * Documentation:  https://help.ubuntu.com
>  * Management:     https://landscape.canonical.com
>  * Support:        https://ubuntu.com/advantage
> 
>   System information as of Fri Oct 17 19:39:23 UTC 2025
> 
>   System load:  0.15               Processes:             169
>   Usage of /:   42.4% of 29.36GB   Users logged in:       0
>   Memory usage: 20%                IP address for ens192: 143.107.183.96
>   Swap usage:   12%
> 
>  * Strictly confined Kubernetes makes edge and IoT secure. Learn how MicroK8s
>    just raised the bar for easy, resilient and secure K8s cluster deployment.
> 
>    https://ubuntu.com/engage/secure-kubernetes-at-the-edge
> 
>  * Introducing Expanded Security Maintenance for Applications.
>    Receive updates to over 25,000 software packages with your
>    Ubuntu Pro subscription. Free for personal use.
> 
>      https://ubuntu.com/pro
> 
> 32 updates can be applied immediately.
> To see these additional updates run: apt list --upgradable
> 
> New release '20.04.6 LTS' available.
> Run 'do-release-upgrade' to upgrade to it.
> 
[16:39:25.312] > ready: 8664e5f987df
[16:39:25.861] > Linux 4.15.0-213-generic #224-Ubuntu SMP Mon Jun 19 13:30:12 UTC 2023
[16:39:25.861] Platform: linux
[16:39:26.406] > /bin/bash
[16:39:26.407] Shell: bash
[16:39:26.407] Creating bash subshell inside "bash"
[16:39:26.460] > bash version:  4.4.20(1)-release
[16:39:26.484] > bash version:  4.4.20(1)-release
[16:39:26.580] > 8664e5f987df: running
[16:39:26.591] > Acquiring lock on /home/web-senc/.vscode-server/bin/8b3775030ed1a69b13e4f4c628c612102e30a681/vscode-remote-lock.web-senc.8b3775030ed1a69b13e4f4c628c612102e30a681
[16:39:26.987] > Found existing installation at /home/web-senc/.vscode-server/bin/8b3775030ed1a69b13e4f4c628c612102e30a681...
> Checking /home/web-senc/.vscode-server/.8b3775030ed1a69b13e4f4c628c612102e30a681.log and /home/web-senc/.vscode-server/.8b3775030ed1a69b13e4f4c628c612102e30a681.pid for a running server
[16:39:27.301] > Looking for server with pid: 11680
> Running ssh connection command... /home/web-senc/.vscode-server/bin/8b3775030ed1a69b13e4f4c628c612102e30a681/bin/code-server --start-server --host=127.0.0.1 --accept-server-license-terms --enable-remote-auto-shutdown --port=0 --telemetry-level all   &> "/home/web-senc/.vscode-server/.8b3775030ed1a69b13e4f4c628c612102e30a681.log" < /dev/null
> printenv:
>     SSH_CONNECTION=143.107.252.87 33768 143.107.183.96 22
>     LANG=en_US.UTF-8
>     XDG_SESSION_ID=81780
>     USER=web-senc
>     PWD=/home/web-senc
>     HOME=/home/web-senc
>     SSH_CLIENT=143.107.252.87 33768 22
>     XDG_DATA_DIRS=/usr/local/share:/usr/share:/var/lib/snapd/desktop
>     MAIL=/var/mail/web-senc
>     SHELL=/bin/bash
>     SHLVL=2
>     VSCODE_AGENT_FOLDER=/home/web-senc/.vscode-server
>     LOGNAME=web-senc
>     DBUS_SESSION_BUS_ADDRESS=unix:path=/run/user/1001/bus
>     XDG_RUNTIME_DIR=/run/user/1001
>     PATH=/usr/local/sbin:/usr/local/bin:/usr/sbin:/usr/bin:/sbin:/bin:/usr/games:/usr/local/games:/snap/bin
>     _=/usr/bin/printenv
[16:39:28.524] > Removing old logfile at /home/web-senc/.vscode-server/.8b3775030ed1a69b13e4f4c628c612102e30a681.log
> Spawned remote server: 8382
> Waiting for server log...
> Waiting for server log...
> Waiting for server log...
> Waiting for server log...
> Waiting for server log...
> Waiting for server log...
> Waiting for server log...
> Waiting for server log...
[16:39:29.138] > Waiting for server log...
> Waiting for server log...
> Waiting for server log...
> Waiting for server log...
> Waiting for server log...
> Waiting for server log...
> Waiting for server log...
> Waiting for server log...
> Waiting for server log...
> Waiting for server log...
> Waiting for server log...
> Waiting for server log...
> Waiting for server log...
> Waiting for server log...
> Waiting for server log...
> Waiting for server log...
> Waiting for server log...
> Waiting for server log...
> Waiting for server log...
> Waiting for server log...
> Waiting for server log...
> Waiting for server log...
> Waiting for server log...
> Waiting for server log...
[16:39:29.146] > Waiting for server log...
[16:39:29.283] > Waiting for server log...
> Waiting for server log...
> Waiting for server log...
[16:39:29.342] > Waiting for server log...
> Waiting for server log...
[16:39:30.060] > Waiting for server log...
> Waiting for server log...
> Waiting for server log...
> Waiting for server log...
> Waiting for server log...
> Waiting for server log...
> Waiting for server log...
> Waiting for server log...
> Waiting for server log...
> Waiting for server log...
> Waiting for server log...
> Waiting for server log...
> Waiting for server log...
> Waiting for server log...
> Waiting for server log...
> Waiting for server log...
> Waiting for server log...
> Waiting for server log...
> Waiting for server log...
> Waiting for server log...
[16:39:30.076] > Waiting for server log...
[16:39:30.571] > Waiting for server log...
> Waiting for server log...
> Waiting for server log...
> Waiting for server log...
> Waiting for server log...
> Waiting for server log...
> Waiting for server log...
> Waiting for server log...
> Waiting for server log...
> Waiting for server log...
> Waiting for server log...
> Waiting for server log...
> Waiting for server log...
[16:39:30.577] > Waiting for server log...
[16:39:31.084] > Waiting for server log...
> Waiting for server log...
> Waiting for server log...
> Waiting for server log...
> Waiting for server log...
> Waiting for server log...
> Waiting for server log...
> Waiting for server log...
> Waiting for server log...
> Waiting for server log...
> Waiting for server log...
> Waiting for server log...
> Waiting for server log...
> Waiting for server log...
[16:39:31.269] > Waiting for server log...
> Waiting for server log...
> Waiting for server log...
> Waiting for server log...
> Waiting for server log...
[16:39:31.295] > Waiting for server log...
[16:39:31.524] > Waiting for server log...
> Waiting for server log...
> Waiting for server log...
> Waiting for server log...
> Waiting for server log...
> Waiting for server log...
[16:39:31.546] > Waiting for server log...
[16:39:31.800] > Waiting for server log...
> Waiting for server log...
> Waiting for server log...
> Waiting for server log...
> Waiting for server log...
> Waiting for server log...
> Waiting for server log...
[16:39:32.416] > Waiting for server log...
> Waiting for server log...
> Waiting for server log...
> Waiting for server log...
> Waiting for server log...
> Waiting for server log...
> Waiting for server log...
> Waiting for server log...
> Waiting for server log...
> Waiting for server log...
> Waiting for server log...
> Waiting for server log...
> Waiting for server log...
> Waiting for server log...
> Waiting for server log...
> Waiting for server log...
> Waiting for server log...
[16:39:33.029] > Waiting for server log...
> Waiting for server log...
> Waiting for server log...
> Waiting for server log...
> Waiting for server log...
> Waiting for server log...
> Waiting for server log...
> Waiting for server log...
> Waiting for server log...
> Waiting for server log...
> Waiting for server log...
> Waiting for server log...
> Waiting for server log...
> Waiting for server log...
> Waiting for server log...
> Waiting for server log...
> Waiting for server log...
[16:39:33.314] > Waiting for server log...
> Waiting for server log...
> Waiting for server log...
> Waiting for server log...
> Waiting for server log...
> Waiting for server log...
> Waiting for server log...
> Waiting for server log...
[16:39:33.338] > Waiting for server log...
[16:39:33.848] > Waiting for server log...
> Waiting for server log...
> Waiting for server log...
> Waiting for server log...
> Waiting for server log...
> Waiting for server log...
> Waiting for server log...
> Waiting for server log...
> Waiting for server log...
> Waiting for server log...
> Waiting for server log...
> Waiting for server log...
> Waiting for server log...
> Waiting for server log...
[16:39:34.463] > Waiting for server log...
> Waiting for server log...
> Waiting for server log...
> Waiting for server log...
> Waiting for server log...
> Waiting for server log...
> Waiting for server log...
> Waiting for server log...
> Waiting for server log...
> Waiting for server log...
> Waiting for server log...
> Waiting for server log...
> Waiting for server log...
> Waiting for server log...
> Waiting for server log...
> Waiting for server log...
> Waiting for server log...
[16:39:35.077] > Waiting for server log...
> Waiting for server log...
> Waiting for server log...
> Waiting for server log...
> Waiting for server log...
> Waiting for server log...
> Waiting for server log...
> Waiting for server log...
> Waiting for server log...
> Waiting for server log...
> Waiting for server log...
> Waiting for server log...
> Waiting for server log...
> Waiting for server log...
> Waiting for server log...
> Waiting for server log...
> Waiting for server log...
[16:39:35.090] > Waiting for server log...
[16:39:35.296] > Waiting for server log...
> Waiting for server log...
> Waiting for server log...
> Waiting for server log...
> Waiting for server log...
[16:39:35.588] > Waiting for server log...
> Waiting for server log...
> Waiting for server log...
> Waiting for server log...
> Waiting for server log...
> Waiting for server log...
> Waiting for server log...
> Waiting for server log...
> Waiting for server log...
[16:39:36.100] > Waiting for server log...
> Waiting for server log...
> Waiting for server log...
> Waiting for server log...
> Waiting for server log...
> Waiting for server log...
> Waiting for server log...
> Waiting for server log...
> Waiting for server log...
> Waiting for server log...
> Waiting for server log...
> Waiting for server log...
> Waiting for server log...
[16:39:36.111] > Waiting for server log...
[16:39:36.305] > Waiting for server log...
> Waiting for server log...
> Waiting for server log...
> Waiting for server log...
> Waiting for server log...
[16:39:36.921] > Waiting for server log...
> Waiting for server log...
> Waiting for server log...
> Waiting for server log...
> Waiting for server log...
> Waiting for server log...
> Waiting for server log...
> Waiting for server log...
> Waiting for server log...
> Waiting for server log...
> Waiting for server log...
> Waiting for server log...
> Waiting for server log...
> Waiting for server log...
> Waiting for server log...
> Waiting for server log...
[16:39:36.928] > Waiting for server log...
[16:39:37.282] > Waiting for server log...
> Waiting for server log...
> Waiting for server log...
> Waiting for server log...
> Waiting for server log...
> Waiting for server log...
> Waiting for server log...
> Waiting for server log...
> Waiting for server log...
[16:39:37.286] > Waiting for server log...
[16:39:37.740] > Waiting for server log...
> Waiting for server log...
> Waiting for server log...
> Waiting for server log...
> Waiting for server log...
> Waiting for server log...
> Waiting for server log...
> Waiting for server log...
> Waiting for server log...
> Waiting for server log...
> Waiting for server log...
> Waiting for server log...
[16:39:38.047] > Waiting for server log...
> Waiting for server log...
> Waiting for server log...
> Waiting for server log...
> Waiting for server log...
> Waiting for server log...
> Waiting for server log...
> Waiting for server log...
> Waiting for server log...
[16:39:38.251] > Waiting for server log...
> Waiting for server log...
> Waiting for server log...
> Waiting for server log...
> Waiting for server log...
[16:39:38.259] > Waiting for server log...
[16:39:38.660] > Waiting for server log...
> Waiting for server log...
> Waiting for server log...
> Waiting for server log...
> Waiting for server log...
> Waiting for server log...
> Waiting for server log...
> Waiting for server log...
> Waiting for server log...
> Waiting for server log...
> Waiting for server log...
[16:39:38.690] > Waiting for server log...
[16:39:39.279] > Waiting for server log...
> Waiting for server log...
> Waiting for server log...
> Waiting for server log...
> Waiting for server log...
> Waiting for server log...
> Waiting for server log...
> Waiting for server log...
> Waiting for server log...
> Waiting for server log...
> Waiting for server log...
> Waiting for server log...
> Waiting for server log...
> Waiting for server log...
> Waiting for server log...
[16:39:39.291] > Waiting for server log...
[16:39:39.330] > Waiting for server log...
[16:39:39.685] > Waiting for server log...
> Waiting for server log...
> Waiting for server log...
> Waiting for server log...
> Waiting for server log...
> Waiting for server log...
> Waiting for server log...
> Waiting for server log...
> Waiting for server log...
> Waiting for server log...
[16:39:40.212] > Waiting for server log...
> Waiting for server log...
> Waiting for server log...
> Waiting for server log...
> Waiting for server log...
> Waiting for server log...
> Waiting for server log...
> Waiting for server log...
> Waiting for server log...
> Waiting for server log...
> Waiting for server log...
> Waiting for server log...
> Waiting for server log...
> Waiting for server log...
[16:39:40.300] > Waiting for server log...
> Waiting for server log...
> Waiting for server log...
[16:39:40.812] > Waiting for server log...
> Waiting for server log...
> Waiting for server log...
> Waiting for server log...
> Waiting for server log...
> Waiting for server log...
> Waiting for server log...
> Waiting for server log...
> Waiting for server log...
> Waiting for server log...
> Waiting for server log...
> Waiting for server log...
> Waiting for server log...
[16:39:40.820] > Waiting for server log...
[16:39:41.314] > Waiting for server log...
> Waiting for server log...
> Waiting for server log...
> Waiting for server log...
> Waiting for server log...
> Waiting for server log...
> Waiting for server log...
> Waiting for server log...
> Waiting for server log...
> Waiting for server log...
> Waiting for server log...
> Waiting for server log...
> Waiting for server log...
[16:39:41.323] > Waiting for server log...
[16:39:41.850] > Waiting for server log...
> Waiting for server log...
> Waiting for server log...
> Waiting for server log...
> Waiting for server log...
> Waiting for server log...
> Waiting for server log...
> Waiting for server log...
> Waiting for server log...
> Waiting for server log...
> Waiting for server log...
> Waiting for server log...
> Waiting for server log...
> Waiting for server log...
[16:39:41.938] > Waiting for server log...
> Waiting for server log...
> Waiting for server log...
[16:39:42.465] > Waiting for server log...
> Waiting for server log...
> Waiting for server log...
> Waiting for server log...
> Waiting for server log...
> Waiting for server log...
> Waiting for server log...
> Waiting for server log...
> Waiting for server log...
> Waiting for server log...
> Waiting for server log...
> Waiting for server log...
> Waiting for server log...
> Waiting for server log...
[16:39:42.553] > Waiting for server log...
> Waiting for server log...
> Waiting for server log...
[16:39:43.064] > Waiting for server log...
> Waiting for server log...
> Waiting for server log...
> Waiting for server log...
> Waiting for server log...
> Waiting for server log...
> Waiting for server log...
> Waiting for server log...
> Waiting for server log...
>  
> *
> * Visual Studio Code Server
> *
> * By using the software, you agree to
> * the Visual Studio Code Server License Terms (https://aka.ms/vscode-server-license) and
> * the Microsoft Privacy Statement (https://privacy.microsoft.com/en-US/privacystatement).
> *
>  
> Server did not start successfully. Full server log at /home/web-senc/.vscode-server/.8b3775030ed1a69b13e4f4c628c612102e30a681.log >>>
> <<< End of server log
> 8664e5f987df: start
> exitCode==32==
> listeningOn====
> osReleaseId==ubuntu==
> arch==x86_64==
> vscodeArch==x64==
> bitness==64==
> tmpDir==/run/user/1001==
> platform==linux==
> unpackResult====
> didLocalDownload==0==
> downloadTime====
> installTime====
> extInstallTime====
> serverStartTime==15793==
> 8664e5f987df: end
[16:39:43.065] Received install output: 
exitCode==32==
listeningOn====
osReleaseId==ubuntu==
arch==x86_64==
vscodeArch==x64==
bitness==64==
tmpDir==/run/user/1001==
platform==linux==
unpackResult====
didLocalDownload==0==
downloadTime====
installTime====
extInstallTime====
serverStartTime==15793==

[16:39:43.066] Terminating local server
[16:39:43.070] Resolver error: Error: The VS Code Server failed to start
	at g.ServerInstallError (/home/drdbrioso/.vscode/extensions/ms-vscode-remote.remote-ssh-0.108.2023112915/out/extension.js:2:642637)
	at d (/home/drdbrioso/.vscode/extensions/ms-vscode-remote.remote-ssh-0.108.2023112915/out/extension.js:2:636024)
	at t.handleInstallOutput (/home/drdbrioso/.vscode/extensions/ms-vscode-remote.remote-ssh-0.108.2023112915/out/extension.js:2:638294)
	at e (/home/drdbrioso/.vscode/extensions/ms-vscode-remote.remote-ssh-0.108.2023112915/out/extension.js:2:700300)
	at process.processTicksAndRejections (node:internal/process/task_queues:95:5)
	at async /home/drdbrioso/.vscode/extensions/ms-vscode-remote.remote-ssh-0.108.2023112915/out/extension.js:2:722169
	at async t.withShowDetailsEvent (/home/drdbrioso/.vscode/extensions/ms-vscode-remote.remote-ssh-0.108.2023112915/out/extension.js:2:725828)
	at async /home/drdbrioso/.vscode/extensions/ms-vscode-remote.remote-ssh-0.108.2023112915/out/extension.js:2:697005
	at async C (/home/drdbrioso/.vscode/extensions/ms-vscode-remote.remote-ssh-0.108.2023112915/out/extension.js:2:695056)
	at async t.resolveWithLocalServer (/home/drdbrioso/.vscode/extensions/ms-vscode-remote.remote-ssh-0.108.2023112915/out/extension.js:2:696545)
	at async I (/home/drdbrioso/.vscode/extensions/ms-vscode-remote.remote-ssh-0.108.2023112915/out/extension.js:2:719392)
	at async t.resolve (/home/drdbrioso/.vscode/extensions/ms-vscode-remote.remote-ssh-0.108.2023112915/out/extension.js:2:723199)
	at async /home/drdbrioso/.vscode/extensions/ms-vscode-remote.remote-ssh-0.108.2023112915/out/extension.js:2:907012
[16:39:43.083] ------




[16:39:43.087] Local server exit: 15
