[16:21:36.853] Log Level: 2
[16:21:36.863] SSH Resolver called for "ssh-remote+senc.icmc.usp.br", attempt 1
[16:21:36.864] "remote.SSH.useLocalServer": true
[16:21:36.864] "remote.SSH.useExecServer": false
[16:21:36.864] "remote.SSH.path": undefined
[16:21:36.864] "remote.SSH.configFile": undefined
[16:21:36.864] "remote.SSH.useFlock": true
[16:21:36.864] "remote.SSH.lockfilesInTmp": false
[16:21:36.864] "remote.SSH.localServerDownload": auto
[16:21:36.864] "remote.SSH.remoteServerListenOnSocket": false
[16:21:36.864] "remote.SSH.showLoginTerminal": false
[16:21:36.864] "remote.SSH.defaultExtensions": []
[16:21:36.864] "remote.SSH.loglevel": 2
[16:21:36.864] "remote.SSH.enableDynamicForwarding": true
[16:21:36.865] "remote.SSH.enableRemoteCommand": false
[16:21:36.865] "remote.SSH.serverPickPortsFromRange": {}
[16:21:36.865] "remote.SSH.serverInstallPath": {}
[16:21:36.872] VS Code version: 1.85.2
[16:21:36.872] Remote-SSH version: remote-ssh@0.108.2023112915
[16:21:36.872] linux x64
[16:21:36.874] SSH Resolver called for host: senc.icmc.usp.br
[16:21:36.874] Setting up SSH remote "senc.icmc.usp.br"
[16:21:36.877] Acquiring local install lock: /tmp/vscode-remote-ssh-2f5e6878-install.lock
[16:21:36.878] Looking for existing server data file at /home/drdbrioso/.config/Code/User/globalStorage/ms-vscode-remote.remote-ssh/vscode-ssh-host-2f5e6878-8b3775030ed1a69b13e4f4c628c612102e30a681-0.108.2023112915-tr/data.json
[16:21:36.879] Using commit id "8b3775030ed1a69b13e4f4c628c612102e30a681" and quality "stable" for server
[16:21:36.882] Install and start server if needed
[16:21:36.884] PATH: /usr/local/bin:/usr/bin:/usr/local/sbin:/opt/android-sdk/platform-tools:/var/lib/flatpak/exports/bin:/usr/lib/jvm/default/bin:/usr/bin/site_perl:/usr/bin/vendor_perl:/usr/bin/core_perl:/home/drdbrioso/.local/bin:/opt/android-sdk/platform-tools:/home/drdbrioso/.local/bin:/opt/nvim/:/home/drdbrioso/.local/bin
[16:21:36.885] Checking ssh with "ssh -V"
[16:21:36.895] > OpenSSH_10.2p1, OpenSSL 3.6.0 1 Oct 2025

[16:21:36.901] askpass server listening on /run/user/1000/vscode-ssh-askpass-dd9bcae230e6a458c74c707d6ce69c66553e75da.sock
[16:21:36.902] Spawning local server with {"serverId":1,"ipcHandlePath":"/run/user/1000/vscode-ssh-askpass-b21e7f309c0bc430ef411f3e1e58636062a418d1.sock","sshCommand":"ssh","sshArgs":["-v","-T","-D","36031","-o","ConnectTimeout=15","senc.icmc.usp.br"],"serverDataFolderName":".vscode-server","dataFilePath":"/home/drdbrioso/.config/Code/User/globalStorage/ms-vscode-remote.remote-ssh/vscode-ssh-host-2f5e6878-8b3775030ed1a69b13e4f4c628c612102e30a681-0.108.2023112915-tr/data.json"}
[16:21:36.902] Local server env: {"SSH_AUTH_SOCK":"/run/user/1000/gcr/ssh","SHELL":"/usr/bin/zsh","DISPLAY":":0","ELECTRON_RUN_AS_NODE":"1","SSH_ASKPASS":"/home/drdbrioso/.vscode/extensions/ms-vscode-remote.remote-ssh-0.108.2023112915/out/local-server/askpass.sh","VSCODE_SSH_ASKPASS_NODE":"/home/drdbrioso/Desktop/code-stable-x64-1705560028/VSCode-linux-x64/code","VSCODE_SSH_ASKPASS_EXTRA_ARGS":"--ms-enable-electron-run-as-node","VSCODE_SSH_ASKPASS_MAIN":"/home/drdbrioso/.vscode/extensions/ms-vscode-remote.remote-ssh-0.108.2023112915/out/askpass-main.js","VSCODE_SSH_ASKPASS_HANDLE":"/run/user/1000/vscode-ssh-askpass-dd9bcae230e6a458c74c707d6ce69c66553e75da.sock"}
[16:21:36.906] Spawned 9562
[16:21:37.020] > local-server-1> Running ssh connection command: "-v -T -D 36031 -o ConnectTimeout=15 senc.icmc.usp.br"
[16:21:37.023] > local-server-1> Spawned ssh, pid=9570
[16:21:37.508] stderr> debug1: Server host key: ssh-ed25519 SHA256:pVqYJ9se5EhmIAvOwtJIlmPU+tHanHbPTfdzOa8qTZ4
[16:21:37.514] stderr> ** WARNING: connection is not using a post-quantum key exchange algorithm.
[16:21:37.514] stderr> ** This session may be vulnerable to "store now, decrypt later" attacks.
[16:21:37.514] stderr> ** The server may need to be upgraded. See https://openssh.com/pq.html
[16:21:38.005] Got askpass request: {"request":"web-senc@senc.icmc.usp.br's password:"}
[16:21:38.006] Showing password prompt
[16:21:38.007] Listening for interwindow password on /run/user/1000/vscode-ssh-askpass-f79b0316b5e2e2ccf76da6aa8b3e88b6ec807993.sock
[16:21:38.007] Writing password prompt to globalState
[16:21:46.394] Got password response
[16:21:46.395] Interactor gave response: ***********
[16:21:46.396] Cleaning up other-window auth server
[16:21:46.432] stderr> Authenticated to senc.icmc.usp.br ([143.107.183.96]:22) using "password".
[16:21:47.332] > Welcome to Ubuntu 18.04.6 LTS (GNU/Linux 4.15.0-213-generic x86_64)
> 
>  * Documentation:  https://help.ubuntu.com
>  * Management:     https://landscape.canonical.com
>  * Support:        https://ubuntu.com/advantage
> 
>   System information as of Tue Oct 14 19:21:46 UTC 2025
> 
>   System load:  0.46               Processes:             166
>   Usage of /:   42.4% of 29.36GB   Users logged in:       0
>   Memory usage: 21%                IP address for ens192: 143.107.183.96
>   Swap usage:   12%
> 
>  * Strictly confined Kubernetes makes edge and IoT secure. Learn how MicroK8s
>    just raised the bar for easy, resilient and secure K8s cluster deployment.
> 
>    https://ubuntu.com/engage/secure-kubernetes-at-the-edge
> 
>  * Introducing Expanded Security Maintenance for Applications.
>    Receive updates to over 25,000 software packages with your
>    Ubuntu Pro subscription. Free for personal use.
> 
>      https://ubuntu.com/pro
> 
> 32 updates can be applied immediately.
> To see these additional updates run: apt list --upgradable
> 
> New release '20.04.6 LTS' available.
> Run 'do-release-upgrade' to upgrade to it.
> 
[16:21:47.335] > ready: 2500687efeab
[16:21:47.342] > Linux 4.15.0-213-generic #224-Ubuntu SMP Mon Jun 19 13:30:12 UTC 2023
[16:21:47.342] Platform: linux
[16:21:47.348] > /bin/bash
[16:21:47.349] Shell: bash
[16:21:47.349] Creating bash subshell inside "bash"
[16:21:47.381] > bash version:  4.4.20(1)-release
[16:21:47.635] > 2500687efeab: running
> Acquiring lock on /home/web-senc/.vscode-server/bin/8b3775030ed1a69b13e4f4c628c612102e30a681/vscode-remote-lock.web-senc.8b3775030ed1a69b13e4f4c628c612102e30a681
> Found existing installation at /home/web-senc/.vscode-server/bin/8b3775030ed1a69b13e4f4c628c612102e30a681...
> Checking /home/web-senc/.vscode-server/.8b3775030ed1a69b13e4f4c628c612102e30a681.log and /home/web-senc/.vscode-server/.8b3775030ed1a69b13e4f4c628c612102e30a681.pid for a running server
> Looking for server with pid: 356
> Running ssh connection command... /home/web-senc/.vscode-server/bin/8b3775030ed1a69b13e4f4c628c612102e30a681/bin/code-server --start-server --host=127.0.0.1 --accept-server-license-terms --enable-remote-auto-shutdown --port=0 --telemetry-level all   &> "/home/web-senc/.vscode-server/.8b3775030ed1a69b13e4f4c628c612102e30a681.log" < /dev/null
> printenv:
>     SSH_CONNECTION=143.107.225.16 21550 143.107.183.96 22
>     LANG=en_US.UTF-8
>     XDG_SESSION_ID=81316
>     USER=web-senc
>     PWD=/home/web-senc
>     HOME=/home/web-senc
>     SSH_CLIENT=143.107.225.16 21550 22
>     XDG_DATA_DIRS=/usr/local/share:/usr/share:/var/lib/snapd/desktop
>     MAIL=/var/mail/web-senc
>     SHELL=/bin/bash
>     SHLVL=2
>     VSCODE_AGENT_FOLDER=/home/web-senc/.vscode-server
>     LOGNAME=web-senc
>     DBUS_SESSION_BUS_ADDRESS=unix:path=/run/user/1001/bus
>     XDG_RUNTIME_DIR=/run/user/1001
>     PATH=/usr/local/sbin:/usr/local/bin:/usr/sbin:/usr/bin:/sbin:/bin:/usr/games:/usr/local/games:/snap/bin
>     _=/usr/bin/printenv
> Removing old logfile at /home/web-senc/.vscode-server/.8b3775030ed1a69b13e4f4c628c612102e30a681.log
> Spawned remote server: 11680
> Waiting for server log...
[16:21:47.648] > Waiting for server log...
[16:21:47.699] >  
> *
> * Visual Studio Code Server
> *
> * By using the software, you agree to
> * the Visual Studio Code Server License Terms (https://aka.ms/vscode-server-license) and
> * the Microsoft Privacy Statement (https://privacy.microsoft.com/en-US/privacystatement).
> *
>  
> 2500687efeab: start
> SSH_AUTH_SOCK====
> DISPLAY====
> webUiAccessToken====
> listeningOn==42767==
> osReleaseId==ubuntu==
> arch==x86_64==
> vscodeArch==x64==
> bitness==64==
> tmpDir==/run/user/1001==
> platform==linux==
> unpackResult====
> didLocalDownload==0==
> downloadTime====
> installTime====
> extInstallTime====
> serverStartTime==210==
> connectionToken==1a11a1aa-1a1a-1111-11a1-11111aa111a1==
> 2500687efeab: end
[16:21:47.701] Received install output: 
SSH_AUTH_SOCK====
DISPLAY====
webUiAccessToken====
listeningOn==42767==
osReleaseId==ubuntu==
arch==x86_64==
vscodeArch==x64==
bitness==64==
tmpDir==/run/user/1001==
platform==linux==
unpackResult====
didLocalDownload==0==
downloadTime====
installTime====
extInstallTime====
serverStartTime==210==
connectionToken==1a11a1aa-1a1a-1111-11a1-11111aa111a1==

[16:21:47.702] Remote server is listening on port 42767
[16:21:47.702] Parsed server configuration: {"serverConfiguration":{"remoteListeningOn":{"port":42767},"osReleaseId":"ubuntu","arch":"x86_64","webUiAccessToken":"","sshAuthSock":"","display":"","tmpDir":"/run/user/1001","platform":"linux","connectionToken":"1a11a1aa-1a1a-1111-11a1-11111aa111a1"},"serverStartTime":210,"installUnpackCode":""}
[16:21:47.704] Persisting server connection details to /home/drdbrioso/.config/Code/User/globalStorage/ms-vscode-remote.remote-ssh/vscode-ssh-host-2f5e6878-8b3775030ed1a69b13e4f4c628c612102e30a681-0.108.2023112915-tr/data.json
[16:21:47.710] Starting forwarding server. local port 39661 -> socksPort 36031 -> remotePort 42767
[16:21:47.711] Forwarding server listening on port 39661
[16:21:47.711] Waiting for ssh tunnel to be ready
[16:21:47.714] [Forwarding server port 39661] Got connection 0
[16:21:47.716] Tunneled port 42767 to local port 39661
[16:21:47.716] Resolved "ssh-remote+senc.icmc.usp.br" to "port 39661"
[16:21:47.749] ------




[16:21:47.818] [Forwarding server port 39661] Got connection 1
[16:21:48.875] [Forwarding server port 39661] Got connection 2
