2025-10-07 19:20:40.681 [info] Added views:workbench.panel.markers.view in workbench.panel.markers
2025-10-07 19:20:40.681 [info] Added views:workbench.panel.output in workbench.panel.output
2025-10-07 19:20:40.681 [info] Added views:terminal in terminal
2025-10-07 19:20:40.681 [info] Added views:outline in workbench.view.explorer
2025-10-07 19:20:40.681 [info] Added views:workbench.scm in workbench.view.scm
2025-10-07 19:20:40.681 [info] Added views:workbench.view.search in workbench.view.search
2025-10-07 19:20:40.681 [info] Added views:timeline in workbench.view.explorer
2025-10-07 19:20:40.681 [info] Added views:workbench.explorer.emptyView in workbench.view.explorer
2025-10-07 19:20:40.793 [info] Added views:workbench.debug.variablesView,workbench.debug.watchExpressionsView,workbench.debug.callStackView,workbench.debug.breakPointsView in workbench.view.debug
2025-10-07 19:20:41.202 [info] Added views:~remote.forwardedPorts in ~remote.forwardedPortsContainer
2025-10-07 19:21:02.296 [info] Removed views:workbench.debug.breakPointsView,workbench.debug.callStackView,workbench.debug.watchExpressionsView,workbench.debug.variablesView from workbench.view.debug
2025-10-07 19:21:02.296 [info] Added views:workbench.debug.welcome in workbench.view.debug
2025-10-07 19:21:07.510 [info] Added views:workbench.panel.markers.view in workbench.panel.markers
2025-10-07 19:21:07.510 [info] Added views:workbench.panel.output in workbench.panel.output
2025-10-07 19:21:07.510 [info] Added views:terminal in terminal
2025-10-07 19:21:07.510 [info] Added views:outline in workbench.view.explorer
2025-10-07 19:21:07.510 [info] Added views:workbench.scm in workbench.view.scm
2025-10-07 19:21:07.510 [info] Added views:workbench.view.search in workbench.view.search
2025-10-07 19:21:07.510 [info] Added views:timeline in workbench.view.explorer
2025-10-07 19:21:07.510 [info] Added views:workbench.explorer.emptyView in workbench.view.explorer
2025-10-07 19:21:07.541 [info] Added views:workbench.debug.welcome in workbench.view.debug
2025-10-07 19:21:07.892 [info] Added views:~remote.forwardedPorts in ~remote.forwardedPortsContainer
2025-10-07 19:21:31.656 [info] Added views:workbench.panel.repl.view in workbench.panel.repl
2025-10-07 19:22:12.765 [info] Added views:workbench.panel.markers.view in workbench.panel.markers
2025-10-07 19:22:12.766 [info] Added views:workbench.panel.output in workbench.panel.output
2025-10-07 19:22:12.766 [info] Added views:terminal in terminal
2025-10-07 19:22:12.766 [info] Added views:outline in workbench.view.explorer
2025-10-07 19:22:12.766 [info] Added views:workbench.scm in workbench.view.scm
2025-10-07 19:22:12.766 [info] Added views:workbench.view.search in workbench.view.search
2025-10-07 19:22:12.766 [info] Added views:timeline in workbench.view.explorer
2025-10-07 19:22:12.766 [info] Added views:workbench.explorer.fileView in workbench.view.explorer
2025-10-07 19:22:12.909 [info] Added views:workbench.debug.welcome in workbench.view.debug
2025-10-07 19:22:14.867 [info] Added views:~remote.forwardedPorts in ~remote.forwardedPortsContainer
2025-10-07 19:22:26.942 [info] Added views:workbench.panel.repl.view in workbench.panel.repl
