2025-10-17 16:37:57.680 [info] Extension host with pid 24790 started
2025-10-17 16:37:57.683 [info] [resolveAuthority(ssh-remote,1)][1ms] activating remote resolvers ssh-remote+senc.icmc.usp.br
2025-10-17 16:37:57.683 [info] [resolveAuthority(ssh-remote,1)][1ms] activating resolver for ssh-remote+senc.icmc.usp.br...
2025-10-17 16:37:57.686 [info] ExtensionService#_doActivateExtension ms-vscode-remote.remote-ssh, startup: false, activationEvent: 'onResolveRemoteAuthority:ssh-remote'
2025-10-17 16:37:57.702 [info] [resolveAuthority(ssh-remote,1)][20ms] invoking final resolve()...
2025-10-17 16:37:58.703 [info] [resolveAuthority(ssh-remote,1)][1021ms] waiting...
2025-10-17 16:37:59.705 [info] [resolveAuthority(ssh-remote,1)][2022ms] waiting...
2025-10-17 16:38:00.705 [info] [resolveAuthority(ssh-remote,1)][3023ms] waiting...
2025-10-17 16:38:01.706 [info] [resolveAuthority(ssh-remote,1)][4024ms] waiting...
2025-10-17 16:38:02.707 [info] [resolveAuthority(ssh-remote,1)][5025ms] waiting...
2025-10-17 16:38:03.708 [info] [resolveAuthority(ssh-remote,1)][6026ms] waiting...
2025-10-17 16:38:04.709 [info] [resolveAuthority(ssh-remote,1)][7027ms] waiting...
2025-10-17 16:38:05.710 [info] [resolveAuthority(ssh-remote,1)][8028ms] waiting...
2025-10-17 16:38:06.710 [info] [resolveAuthority(ssh-remote,1)][9028ms] waiting...
2025-10-17 16:38:07.710 [info] [resolveAuthority(ssh-remote,1)][10028ms] waiting...
2025-10-17 16:38:08.710 [info] [resolveAuthority(ssh-remote,1)][11028ms] waiting...
2025-10-17 16:38:09.711 [info] [resolveAuthority(ssh-remote,1)][12029ms] waiting...
2025-10-17 16:38:10.711 [info] [resolveAuthority(ssh-remote,1)][13029ms] waiting...
2025-10-17 16:38:11.712 [info] [resolveAuthority(ssh-remote,1)][14030ms] waiting...
2025-10-17 16:38:12.714 [info] [resolveAuthority(ssh-remote,1)][15032ms] waiting...
2025-10-17 16:38:13.715 [info] [resolveAuthority(ssh-remote,1)][16033ms] waiting...
2025-10-17 16:38:14.716 [info] [resolveAuthority(ssh-remote,1)][17034ms] waiting...
2025-10-17 16:38:15.718 [info] [resolveAuthority(ssh-remote,1)][18036ms] waiting...
2025-10-17 16:38:16.719 [info] [resolveAuthority(ssh-remote,1)][19037ms] waiting...
2025-10-17 16:38:17.719 [info] [resolveAuthority(ssh-remote,1)][20037ms] waiting...
2025-10-17 16:38:18.719 [info] [resolveAuthority(ssh-remote,1)][21037ms] waiting...
2025-10-17 16:38:19.721 [info] [resolveAuthority(ssh-remote,1)][22039ms] waiting...
2025-10-17 16:38:20.721 [info] [resolveAuthority(ssh-remote,1)][23039ms] waiting...
2025-10-17 16:38:21.722 [info] [resolveAuthority(ssh-remote,1)][24040ms] waiting...
2025-10-17 16:38:22.723 [info] [resolveAuthority(ssh-remote,1)][25041ms] waiting...
2025-10-17 16:38:23.725 [info] [resolveAuthority(ssh-remote,1)][26042ms] waiting...
2025-10-17 16:38:24.725 [info] [resolveAuthority(ssh-remote,1)][27043ms] waiting...
2025-10-17 16:38:25.725 [info] [resolveAuthority(ssh-remote,1)][28043ms] waiting...
2025-10-17 16:38:26.726 [info] [resolveAuthority(ssh-remote,1)][29044ms] waiting...
2025-10-17 16:38:27.727 [info] [resolveAuthority(ssh-remote,1)][30044ms] waiting...
2025-10-17 16:38:28.727 [info] [resolveAuthority(ssh-remote,1)][31045ms] waiting...
2025-10-17 16:38:29.729 [info] [resolveAuthority(ssh-remote,1)][32047ms] waiting...
2025-10-17 16:38:30.729 [info] [resolveAuthority(ssh-remote,1)][33047ms] waiting...
2025-10-17 16:38:31.731 [info] [resolveAuthority(ssh-remote,1)][34049ms] waiting...
2025-10-17 16:38:32.732 [info] [resolveAuthority(ssh-remote,1)][35050ms] waiting...
2025-10-17 16:38:33.733 [info] [resolveAuthority(ssh-remote,1)][36051ms] waiting...
2025-10-17 16:38:34.735 [info] [resolveAuthority(ssh-remote,1)][37053ms] waiting...
2025-10-17 16:38:35.735 [info] [resolveAuthority(ssh-remote,1)][38053ms] waiting...
2025-10-17 16:38:36.736 [info] [resolveAuthority(ssh-remote,1)][39054ms] waiting...
2025-10-17 16:38:37.737 [info] [resolveAuthority(ssh-remote,1)][40055ms] waiting...
2025-10-17 16:38:38.739 [info] [resolveAuthority(ssh-remote,1)][41056ms] waiting...
2025-10-17 16:38:39.739 [info] [resolveAuthority(ssh-remote,1)][42057ms] waiting...
2025-10-17 16:38:40.740 [info] [resolveAuthority(ssh-remote,1)][43058ms] waiting...
2025-10-17 16:38:41.740 [info] [resolveAuthority(ssh-remote,1)][44058ms] waiting...
2025-10-17 16:38:42.741 [info] [resolveAuthority(ssh-remote,1)][45059ms] waiting...
2025-10-17 16:38:43.742 [info] [resolveAuthority(ssh-remote,1)][46060ms] waiting...
2025-10-17 16:38:44.744 [info] [resolveAuthority(ssh-remote,1)][47061ms] waiting...
2025-10-17 16:38:45.745 [info] [resolveAuthority(ssh-remote,1)][48063ms] waiting...
2025-10-17 16:38:46.747 [info] [resolveAuthority(ssh-remote,1)][49065ms] waiting...
2025-10-17 16:38:47.747 [info] [resolveAuthority(ssh-remote,1)][50065ms] waiting...
2025-10-17 16:38:48.748 [info] [resolveAuthority(ssh-remote,1)][51066ms] waiting...
2025-10-17 16:38:49.748 [info] [resolveAuthority(ssh-remote,1)][52066ms] waiting...
2025-10-17 16:38:50.749 [info] [resolveAuthority(ssh-remote,1)][53067ms] waiting...
2025-10-17 16:38:51.750 [info] [resolveAuthority(ssh-remote,1)][54068ms] waiting...
2025-10-17 16:38:52.750 [info] [resolveAuthority(ssh-remote,1)][55068ms] waiting...
2025-10-17 16:38:53.751 [info] [resolveAuthority(ssh-remote,1)][56069ms] waiting...
2025-10-17 16:38:54.753 [info] [resolveAuthority(ssh-remote,1)][57071ms] waiting...
2025-10-17 16:38:55.753 [info] [resolveAuthority(ssh-remote,1)][58071ms] waiting...
2025-10-17 16:38:56.755 [info] [resolveAuthority(ssh-remote,1)][59073ms] waiting...
2025-10-17 16:38:57.755 [info] [resolveAuthority(ssh-remote,1)][60073ms] waiting...
2025-10-17 16:38:58.755 [info] [resolveAuthority(ssh-remote,1)][61073ms] waiting...
2025-10-17 16:38:59.756 [info] [resolveAuthority(ssh-remote,1)][62074ms] waiting...
2025-10-17 16:39:00.757 [info] [resolveAuthority(ssh-remote,1)][63075ms] waiting...
2025-10-17 16:39:01.758 [info] [resolveAuthority(ssh-remote,1)][64076ms] waiting...
2025-10-17 16:39:02.759 [info] [resolveAuthority(ssh-remote,1)][65077ms] waiting...
2025-10-17 16:39:03.760 [info] [resolveAuthority(ssh-remote,1)][66078ms] waiting...
2025-10-17 16:39:04.763 [info] [resolveAuthority(ssh-remote,1)][67081ms] waiting...
2025-10-17 16:39:05.764 [info] [resolveAuthority(ssh-remote,1)][68082ms] waiting...
2025-10-17 16:39:06.764 [info] [resolveAuthority(ssh-remote,1)][69082ms] waiting...
2025-10-17 16:39:07.765 [info] [resolveAuthority(ssh-remote,1)][70083ms] waiting...
2025-10-17 16:39:08.766 [info] [resolveAuthority(ssh-remote,1)][71084ms] waiting...
2025-10-17 16:39:09.766 [info] [resolveAuthority(ssh-remote,1)][72084ms] waiting...
2025-10-17 16:39:10.768 [info] [resolveAuthority(ssh-remote,1)][73086ms] waiting...
2025-10-17 16:39:11.769 [info] [resolveAuthority(ssh-remote,1)][74087ms] waiting...
2025-10-17 16:39:12.771 [info] [resolveAuthority(ssh-remote,1)][75089ms] waiting...
2025-10-17 16:39:13.772 [info] [resolveAuthority(ssh-remote,1)][76090ms] waiting...
2025-10-17 16:39:14.772 [info] [resolveAuthority(ssh-remote,1)][77090ms] waiting...
2025-10-17 16:39:15.773 [info] [resolveAuthority(ssh-remote,1)][78091ms] waiting...
2025-10-17 16:39:16.773 [info] [resolveAuthority(ssh-remote,1)][79091ms] waiting...
2025-10-17 16:39:17.774 [info] [resolveAuthority(ssh-remote,1)][80092ms] waiting...
2025-10-17 16:39:18.775 [info] [resolveAuthority(ssh-remote,1)][81093ms] waiting...
2025-10-17 16:39:19.775 [info] [resolveAuthority(ssh-remote,1)][82093ms] waiting...
2025-10-17 16:39:20.776 [info] [resolveAuthority(ssh-remote,1)][83094ms] waiting...
2025-10-17 16:39:21.777 [info] [resolveAuthority(ssh-remote,1)][84095ms] waiting...
2025-10-17 16:39:22.778 [info] [resolveAuthority(ssh-remote,1)][85096ms] waiting...
2025-10-17 16:39:23.779 [info] [resolveAuthority(ssh-remote,1)][86097ms] waiting...
2025-10-17 16:39:24.781 [info] [resolveAuthority(ssh-remote,1)][87098ms] waiting...
2025-10-17 16:39:25.782 [info] [resolveAuthority(ssh-remote,1)][88100ms] waiting...
2025-10-17 16:39:26.782 [info] [resolveAuthority(ssh-remote,1)][89100ms] waiting...
2025-10-17 16:39:27.783 [info] [resolveAuthority(ssh-remote,1)][90101ms] waiting...
2025-10-17 16:39:28.784 [info] [resolveAuthority(ssh-remote,1)][91102ms] waiting...
2025-10-17 16:39:29.784 [info] [resolveAuthority(ssh-remote,1)][92102ms] waiting...
2025-10-17 16:39:30.785 [info] [resolveAuthority(ssh-remote,1)][93103ms] waiting...
2025-10-17 16:39:31.785 [info] [resolveAuthority(ssh-remote,1)][94103ms] waiting...
2025-10-17 16:39:32.785 [info] [resolveAuthority(ssh-remote,1)][95103ms] waiting...
2025-10-17 16:39:33.786 [info] [resolveAuthority(ssh-remote,1)][96104ms] waiting...
2025-10-17 16:39:34.787 [info] [resolveAuthority(ssh-remote,1)][97105ms] waiting...
2025-10-17 16:39:35.788 [info] [resolveAuthority(ssh-remote,1)][98106ms] waiting...
2025-10-17 16:39:36.788 [info] [resolveAuthority(ssh-remote,1)][99106ms] waiting...
2025-10-17 16:39:37.789 [info] [resolveAuthority(ssh-remote,1)][100107ms] waiting...
2025-10-17 16:39:38.789 [info] [resolveAuthority(ssh-remote,1)][101107ms] waiting...
2025-10-17 16:39:39.789 [info] [resolveAuthority(ssh-remote,1)][102107ms] waiting...
2025-10-17 16:39:40.790 [info] [resolveAuthority(ssh-remote,1)][103108ms] waiting...
2025-10-17 16:39:41.791 [info] [resolveAuthority(ssh-remote,1)][104109ms] waiting...
2025-10-17 16:39:42.791 [info] [resolveAuthority(ssh-remote,1)][105109ms] waiting...
2025-10-17 16:39:43.086 [error] [resolveAuthority(ssh-remote,1)][105401ms] returned an error The VS Code Server failed to start
2025-10-17 16:39:43.173 [info] Eager extensions activated
2025-10-17 16:39:50.604 [info] Extension host terminating: renderer closed the MessagePort
2025-10-17 16:39:50.609 [error] Canceled: Canceled
	at new g (/home/drdbrioso/Desktop/code-stable-x64-1705560028/VSCode-linux-x64/resources/app/out/vs/workbench/api/node/extensionHostProcess.js:141:110274)
	at l.U (/home/drdbrioso/Desktop/code-stable-x64-1705560028/VSCode-linux-x64/resources/app/out/vs/workbench/api/node/extensionHostProcess.js:150:10866)
	at P.<computed>.j.charCodeAt.P.<computed> (/home/drdbrioso/Desktop/code-stable-x64-1705560028/VSCode-linux-x64/resources/app/out/vs/workbench/api/node/extensionHostProcess.js:150:8317)
	at d.g (/home/drdbrioso/Desktop/code-stable-x64-1705560028/VSCode-linux-x64/resources/app/out/vs/workbench/api/node/extensionHostProcess.js:141:139555)
	at d.executeCommand (/home/drdbrioso/Desktop/code-stable-x64-1705560028/VSCode-linux-x64/resources/app/out/vs/workbench/api/node/extensionHostProcess.js:141:138993)
	at p.registerCommand.description (/home/drdbrioso/Desktop/code-stable-x64-1705560028/VSCode-linux-x64/resources/app/out/vs/workbench/api/node/extensionHostProcess.js:141:138317)
	at d.h (/home/drdbrioso/Desktop/code-stable-x64-1705560028/VSCode-linux-x64/resources/app/out/vs/workbench/api/node/extensionHostProcess.js:141:140094)
	at d.g (/home/drdbrioso/Desktop/code-stable-x64-1705560028/VSCode-linux-x64/resources/app/out/vs/workbench/api/node/extensionHostProcess.js:141:139086)
	at d.executeCommand (/home/drdbrioso/Desktop/code-stable-x64-1705560028/VSCode-linux-x64/resources/app/out/vs/workbench/api/node/extensionHostProcess.js:141:138993)
	at Object.executeCommand (/home/drdbrioso/Desktop/code-stable-x64-1705560028/VSCode-linux-x64/resources/app/out/vs/workbench/api/node/extensionHostProcess.js:158:21333)
	at t.shutdown (/home/drdbrioso/.vscode/extensions/ms-vscode-remote.remote-ssh-0.108.2023112915/out/extension.js:2:725329)
	at e.deactivate (/home/drdbrioso/.vscode/extensions/ms-vscode-remote.remote-ssh-0.108.2023112915/out/extension.js:2:910169)
	at f.cb (/home/drdbrioso/Desktop/code-stable-x64-1705560028/VSCode-linux-x64/resources/app/out/vs/workbench/api/node/extensionHostProcess.js:154:9678)
	at /home/drdbrioso/Desktop/code-stable-x64-1705560028/VSCode-linux-x64/resources/app/out/vs/workbench/api/node/extensionHostProcess.js:154:7808
	at Array.map (<anonymous>)
	at f.Y (/home/drdbrioso/Desktop/code-stable-x64-1705560028/VSCode-linux-x64/resources/app/out/vs/workbench/api/node/extensionHostProcess.js:154:7795)
	at f.terminate (/home/drdbrioso/Desktop/code-stable-x64-1705560028/VSCode-linux-x64/resources/app/out/vs/workbench/api/node/extensionHostProcess.js:154:8068)
	at s.terminate (/home/drdbrioso/Desktop/code-stable-x64-1705560028/VSCode-linux-x64/resources/app/out/vs/workbench/api/node/extensionHostProcess.js:158:1513)
	at a (/home/drdbrioso/Desktop/code-stable-x64-1705560028/VSCode-linux-x64/resources/app/out/vs/workbench/api/node/extensionHostProcess.js:171:9802)
	at MessagePortMain.<anonymous> (/home/drdbrioso/Desktop/code-stable-x64-1705560028/VSCode-linux-x64/resources/app/out/vs/workbench/api/node/extensionHostProcess.js:171:6227)
	at MessagePortMain.emit (node:events:513:28)
	at MessagePortMain._internalPort.emit (node:electron/js2c/utility_init:2:367) setContext undefined
2025-10-17 16:39:50.609 [info] Extension host with pid 24790 exiting with code 0
