[15:33:14.562] Log Level: 2
[15:33:14.742] SSH Resolver called for "ssh-remote+senc.icmc.usp.br", attempt 1
[15:33:14.744] "remote.SSH.useLocalServer": true
[15:33:14.744] "remote.SSH.useExecServer": false
[15:33:14.745] "remote.SSH.path": undefined
[15:33:14.745] "remote.SSH.configFile": undefined
[15:33:14.746] "remote.SSH.useFlock": true
[15:33:14.747] "remote.SSH.lockfilesInTmp": false
[15:33:14.747] "remote.SSH.localServerDownload": auto
[15:33:14.748] "remote.SSH.remoteServerListenOnSocket": false
[15:33:14.748] "remote.SSH.showLoginTerminal": false
[15:33:14.749] "remote.SSH.defaultExtensions": []
[15:33:14.749] "remote.SSH.loglevel": 2
[15:33:14.749] "remote.SSH.enableDynamicForwarding": true
[15:33:14.749] "remote.SSH.enableRemoteCommand": false
[15:33:14.750] "remote.SSH.serverPickPortsFromRange": {}
[15:33:14.750] "remote.SSH.serverInstallPath": {}
[15:33:14.756] VS Code version: 1.85.2
[15:33:14.756] Remote-SSH version: remote-ssh@0.107.1
[15:33:14.756] linux x64
[15:33:14.759] SSH Resolver called for host: senc.icmc.usp.br
[15:33:14.759] Setting up SSH remote "senc.icmc.usp.br"
[15:33:14.768] Acquiring local install lock: /tmp/vscode-remote-ssh-2f5e6878-install.lock
[15:33:14.770] Looking for existing server data file at /home/drdbrioso/.config/Code/User/globalStorage/ms-vscode-remote.remote-ssh/vscode-ssh-host-2f5e6878-8b3775030ed1a69b13e4f4c628c612102e30a681-0.107.1-tr/data.json
[15:33:14.770] Using commit id "8b3775030ed1a69b13e4f4c628c612102e30a681" and quality "stable" for server
[15:33:14.774] Install and start server if needed
[15:33:14.781] PATH: /usr/local/bin:/usr/bin:/usr/local/sbin:/opt/android-sdk/platform-tools:/var/lib/flatpak/exports/bin:/usr/lib/jvm/default/bin:/usr/bin/site_perl:/usr/bin/vendor_perl:/usr/bin/core_perl:/home/drdbrioso/.local/bin:/opt/android-sdk/platform-tools:/home/drdbrioso/.local/bin:/opt/nvim/:/home/drdbrioso/.local/bin
[15:33:14.782] Checking ssh with "ssh -V"
[15:33:14.795] > OpenSSH_10.0p2, OpenSSL 3.5.2 5 Aug 2025

[15:33:14.798] askpass server listening on /run/user/1000/vscode-ssh-askpass-aa968268d06f1a4c2375a2080f61c5748a30934a.sock
[15:33:14.798] Spawning local server with {"serverId":1,"ipcHandlePath":"/run/user/1000/vscode-ssh-askpass-02adff03d51150cbf08283b363910e603bbde2b8.sock","sshCommand":"ssh","sshArgs":["-v","-T","-D","36883","-o","ConnectTimeout=15","senc.icmc.usp.br"],"serverDataFolderName":".vscode-server","dataFilePath":"/home/drdbrioso/.config/Code/User/globalStorage/ms-vscode-remote.remote-ssh/vscode-ssh-host-2f5e6878-8b3775030ed1a69b13e4f4c628c612102e30a681-0.107.1-tr/data.json"}
[15:33:14.798] Local server env: {"SHELL":"/usr/bin/zsh","DISPLAY":":0","ELECTRON_RUN_AS_NODE":"1","SSH_ASKPASS":"/home/drdbrioso/.vscode/extensions/ms-vscode-remote.remote-ssh-0.107.1/out/local-server/askpass.sh","VSCODE_SSH_ASKPASS_NODE":"/home/drdbrioso/Downloads/code-stable-x64-1705560028 (2)/VSCode-linux-x64/code","VSCODE_SSH_ASKPASS_EXTRA_ARGS":"--ms-enable-electron-run-as-node","VSCODE_SSH_ASKPASS_MAIN":"/home/drdbrioso/.vscode/extensions/ms-vscode-remote.remote-ssh-0.107.1/out/askpass-main.js","VSCODE_SSH_ASKPASS_HANDLE":"/run/user/1000/vscode-ssh-askpass-aa968268d06f1a4c2375a2080f61c5748a30934a.sock"}
[15:33:14.803] Spawned 44450
[15:33:14.900] > local-server-1> Running ssh connection command: "-v -T -D 36883 -o ConnectTimeout=15 senc.icmc.usp.br"
[15:33:14.903] > local-server-1> Spawned ssh, pid=44459
[15:33:15.032] stderr> debug1: Server host key: ssh-ed25519 SHA256:pVqYJ9se5EhmIAvOwtJIlmPU+tHanHbPTfdzOa8qTZ4
[15:33:15.341] Got askpass request: {"request":"web-senc@senc.icmc.usp.br's password:"}
[15:33:15.344] Showing password prompt
[15:33:15.345] Listening for interwindow password on /run/user/1000/vscode-ssh-askpass-414cd67fa9f179fec3bed0f2ee32e5a8a67c29c5.sock
[15:33:15.345] Writing password prompt to globalState
[15:33:22.234] Got password response
[15:33:22.234] Interactor gave response: ***********
[15:33:22.235] Cleaning up other-window auth server
[15:33:22.288] stderr> Authenticated to senc.icmc.usp.br ([143.107.183.96]:22) using "password".
[15:33:24.164] > Welcome to Ubuntu 18.04.6 LTS (GNU/Linux 4.15.0-213-generic x86_64)
> 
>  * Documentation:  https://help.ubuntu.com
>  * Management:     https://landscape.canonical.com
>  * Support:        https://ubuntu.com/advantage
> 
>   System information as of Tue Sep  2 18:33:22 UTC 2025
> 
>   System load:  0.3                Processes:             169
>   Usage of /:   42.3% of 29.36GB   Users logged in:       0
>   Memory usage: 26%                IP address for ens192: 143.107.183.96
>   Swap usage:   10%
> 
>  * Strictly confined Kubernetes makes edge and IoT secure. Learn how MicroK8s
>    just raised the bar for easy, resilient and secure K8s cluster deployment.
> 
>    https://ubuntu.com/engage/secure-kubernetes-at-the-edge
> 
>  * Introducing Expanded Security Maintenance for Applications.
>    Receive updates to over 25,000 software packages with your
>    Ubuntu Pro subscription. Free for personal use.
> 
>      https://ubuntu.com/pro
> 
> 32 updates can be applied immediately.
> To see these additional updates run: apt list --upgradable
> 
> New release '20.04.6 LTS' available.
> Run 'do-release-upgrade' to upgrade to it.
> 
[15:33:24.193] > ready: a6d479ecd5e9
[15:33:24.228] > Linux 4.15.0-213-generic #224-Ubuntu SMP Mon Jun 19 13:30:12 UTC 2023
[15:33:24.229] Platform: linux
[15:33:24.339] > /bin/bash
[15:33:24.340] Shell: bash
[15:33:24.340] Creating bash subshell inside "bash"
[15:33:24.543] > bash version:  4.4.20(1)-release
[15:33:24.755] > bash version:  4.4.20(1)-release
> bash version:  4.4.20(1)-release
> bash version:  4.4.20(1)-release
[15:33:24.819] > a6d479ecd5e9: running
[15:33:25.314] > Acquiring lock on /home/web-senc/.vscode-server/bin/8b3775030ed1a69b13e4f4c628c612102e30a681/vscode-remote-lock.web-senc.8b3775030ed1a69b13e4f4c628c612102e30a681
> Found existing installation at /home/web-senc/.vscode-server/bin/8b3775030ed1a69b13e4f4c628c612102e30a681...
> Checking /home/web-senc/.vscode-server/.8b3775030ed1a69b13e4f4c628c612102e30a681.log and /home/web-senc/.vscode-server/.8b3775030ed1a69b13e4f4c628c612102e30a681.pid for a running server
> Looking for server with pid: 8696
> Found running server...
>  
> *
> * Visual Studio Code Server
> *
> * By using the software, you agree to
> * the Visual Studio Code Server License Terms (https://aka.ms/vscode-server-license) and
> * the Microsoft Privacy Statement (https://privacy.microsoft.com/en-US/privacystatement).
> *
>  
> Checking server status on port 36691 with wget
[15:33:25.772] > a6d479ecd5e9: start
> SSH_AUTH_SOCK====
> DISPLAY====
> webUiAccessToken====
> listeningOn==36691==
> osReleaseId==ubuntu==
> arch==x86_64==
> vscodeArch==x64==
> bitness==64==
> tmpDir==/run/user/1001==
> platform==linux==
> unpackResult====
> didLocalDownload==0==
> downloadTime====
> installTime====
> extInstallTime====
> serverStartTime====
> connectionToken==11a11aa1-1a11-11a1-1111-aa1111aa1aaa==
> a6d479ecd5e9: end
[15:33:25.772] Received install output: 
SSH_AUTH_SOCK====
DISPLAY====
webUiAccessToken====
listeningOn==36691==
osReleaseId==ubuntu==
arch==x86_64==
vscodeArch==x64==
bitness==64==
tmpDir==/run/user/1001==
platform==linux==
unpackResult====
didLocalDownload==0==
downloadTime====
installTime====
extInstallTime====
serverStartTime====
connectionToken==11a11aa1-1a11-11a1-1111-aa1111aa1aaa==

[15:33:25.773] Remote server is listening on port 36691
[15:33:25.773] Parsed server configuration: {"serverConfiguration":{"remoteListeningOn":{"port":36691},"osReleaseId":"ubuntu","arch":"x86_64","webUiAccessToken":"","sshAuthSock":"","display":"","tmpDir":"/run/user/1001","platform":"linux","connectionToken":"11a11aa1-1a11-11a1-1111-aa1111aa1aaa"},"installUnpackCode":""}
[15:33:25.774] Persisting server connection details to /home/drdbrioso/.config/Code/User/globalStorage/ms-vscode-remote.remote-ssh/vscode-ssh-host-2f5e6878-8b3775030ed1a69b13e4f4c628c612102e30a681-0.107.1-tr/data.json
[15:33:25.778] Starting forwarding server. local port 46711 -> socksPort 36883 -> remotePort 36691
[15:33:25.778] Forwarding server listening on port 46711
[15:33:25.779] Waiting for ssh tunnel to be ready
[15:33:25.780] [Forwarding server port 46711] Got connection 0
[15:33:25.781] Tunneled port 36691 to local port 46711
[15:33:25.781] Resolved "ssh-remote+senc.icmc.usp.br" to "port 46711"
[15:33:25.790] ------




[15:33:25.803] [Forwarding server port 46711] Got connection 1
[15:33:26.335] [Forwarding server port 46711] Got connection 2
[15:33:32.942] Opening exec server for ssh-remote+senc.icmc.usp.br
[15:33:32.961] Initizing new exec server for ssh-remote+senc.icmc.usp.br
[15:33:32.973] Acquiring local install lock: /tmp/vscode-remote-ssh-2f5e6878-install.lock
[15:33:32.973] Looking for existing server data file at /home/drdbrioso/.config/Code/User/globalStorage/ms-vscode-remote.remote-ssh/vscode-ssh-host-2f5e6878-8b3775030ed1a69b13e4f4c628c612102e30a681-0.107.1-es/data.json
[15:33:32.974] Using commit id "8b3775030ed1a69b13e4f4c628c612102e30a681" and quality "stable" for server
[15:33:32.977] Install and start server if needed
[15:33:32.980] askpass server listening on /run/user/1000/vscode-ssh-askpass-f92b73b4edc41bf3a637c5d7aa9f10a7582d0786.sock
[15:33:32.980] Spawning local server with {"serverId":2,"ipcHandlePath":"/run/user/1000/vscode-ssh-askpass-5ce1554a6293299089df6be44418e91594c86ddb.sock","sshCommand":"ssh","sshArgs":["-v","-T","-D","43757","-o","ConnectTimeout=15","senc.icmc.usp.br"],"serverDataFolderName":".vscode-server","dataFilePath":"/home/drdbrioso/.config/Code/User/globalStorage/ms-vscode-remote.remote-ssh/vscode-ssh-host-2f5e6878-8b3775030ed1a69b13e4f4c628c612102e30a681-0.107.1-es/data.json"}
[15:33:32.980] Local server env: {"SHELL":"/usr/bin/zsh","DISPLAY":":0","ELECTRON_RUN_AS_NODE":"1","SSH_ASKPASS":"/home/drdbrioso/.vscode/extensions/ms-vscode-remote.remote-ssh-0.107.1/out/local-server/askpass.sh","VSCODE_SSH_ASKPASS_NODE":"/home/drdbrioso/Downloads/code-stable-x64-1705560028 (2)/VSCode-linux-x64/code","VSCODE_SSH_ASKPASS_EXTRA_ARGS":"--ms-enable-electron-run-as-node","VSCODE_SSH_ASKPASS_MAIN":"/home/drdbrioso/.vscode/extensions/ms-vscode-remote.remote-ssh-0.107.1/out/askpass-main.js","VSCODE_SSH_ASKPASS_HANDLE":"/run/user/1000/vscode-ssh-askpass-f92b73b4edc41bf3a637c5d7aa9f10a7582d0786.sock"}
[15:33:32.985] Spawned 44482
[15:33:33.071] > local-server-2> Running ssh connection command: "-v -T -D 43757 -o ConnectTimeout=15 senc.icmc.usp.br"
[15:33:33.132] > local-server-2> Spawned ssh, pid=44490
[15:33:33.217] stderr> debug1: Server host key: ssh-ed25519 SHA256:pVqYJ9se5EhmIAvOwtJIlmPU+tHanHbPTfdzOa8qTZ4
[15:33:33.468] Got askpass request: {"request":"web-senc@senc.icmc.usp.br's password:"}
[15:33:33.469] Showing password prompt
[15:33:33.470] Listening for interwindow password on /run/user/1000/vscode-ssh-askpass-56fc1e74536ec158d8000db8376c9ed722cb1a59.sock
[15:33:33.470] Writing password prompt to globalState
[15:33:35.942] Password dialog canceled
[15:33:35.943] Interactor signaled cancel
[15:33:35.944] Cleaning up other-window auth server
[15:33:36.237] stderr> Permission denied, please try again.
[15:33:36.333] Got askpass request: {"request":"web-senc@senc.icmc.usp.br's password:"}
[15:33:36.453] stderr> Permission denied, please try again.
[15:33:36.568] Got askpass request: {"request":"web-senc@senc.icmc.usp.br's password:"}
[15:33:36.832] stderr> web-senc@senc.icmc.usp.br: Permission denied (publickey,password).
[15:33:36.892] > local-server-2> ssh child died, shutting down
[15:33:36.893] Local server exit: 0
[15:33:36.895] Received install output: local-server-2> Running ssh connection command: "-v -T -D 43757 -o ConnectTimeout=15 senc.icmc.usp.br"
local-server-2> Spawned ssh, pid=44490
debug1: Server host key: ssh-ed25519 SHA256:pVqYJ9se5EhmIAvOwtJIlmPU+tHanHbPTfdzOa8qTZ4
Permission denied, please try again.
Permission denied, please try again.
web-senc@senc.icmc.usp.br: Permission denied (publickey,password).
local-server-2> ssh child died, shutting down

[15:33:36.898] Exec server for ssh-remote+senc.icmc.usp.br failed: Error: Permission denied (publickey,password).
[15:33:36.898] Error opening exec server for ssh-remote+senc.icmc.usp.br: Error: Permission denied (publickey,password).
