[19:16:49.390] Log Level: 2
[19:16:49.405] SSH Resolver called for "ssh-remote+senc.icmc.usp.br", attempt 1
[19:16:49.408] remote.SSH.useLocalServer = true
[19:16:49.409] remote.SSH.useExecServer = true
[19:16:49.409] remote.SSH.bindHost = {}
[19:16:49.409] remote.SSH.path = 
[19:16:49.409] remote.SSH.configFile = 
[19:16:49.409] remote.SSH.useFlock = true
[19:16:49.409] remote.SSH.lockfilesInTmp = false
[19:16:49.409] remote.SSH.localServerDownload = auto
[19:16:49.409] remote.SSH.remoteServerListenOnSocket = false
[19:16:49.409] remote.SSH.defaultExtensions = []
[19:16:49.409] remote.SSH.defaultExtensionsIfInstalledLocally = []
[19:16:49.409] remote.SSH.loglevel = 2
[19:16:49.409] remote.SSH.enableDynamicForwarding = true
[19:16:49.409] remote.SSH.enableRemoteCommand = false
[19:16:49.409] remote.SSH.serverPickPortsFromRange = {}
[19:16:49.409] remote.SSH.serverInstallPath = {}
[19:16:49.409] remote.SSH.permitPtyAllocation = false
[19:16:49.409] remote.SSH.preferredLocalPortRange = undefined
[19:16:49.410] remote.SSH.useCurlAndWgetConfigurationFiles = false
[19:16:49.410] remote.SSH.experimental.chat = true
[19:16:49.410] remote.SSH.experimental.enhancedSessionLogs = true
[19:16:49.410] remote.SSH.httpProxy = {"*":""}
[19:16:49.410] remote.SSH.httpsProxy = {"*":""}
[19:16:49.417] VS Code version: 1.104.3
[19:16:49.417] Remote-SSH version: remote-ssh@0.120.0
[19:16:49.417] linux x64
[19:16:49.419] SSH Resolver called for host: senc.icmc.usp.br
[19:16:49.419] Setting up SSH remote "senc.icmc.usp.br"
[19:16:49.428] Acquiring local install lock: /tmp/vscode-remote-ssh-2f5e6878-install.lock
[19:16:49.429] Looking for existing server data file at /home/drdbrioso/.config/Code/User/globalStorage/ms-vscode-remote.remote-ssh/vscode-ssh-host-2f5e6878-385651c938df8a906869babee516bffd0ddb9829-0.120.0-es/data.json
[19:16:49.430] No existing data file
[19:16:49.430] Using commit id "385651c938df8a906869babee516bffd0ddb9829" and quality "stable" for server
[19:16:49.430] Extensions to install: 
[19:16:49.434] Install and start server if needed
[19:16:49.437] PATH: /usr/local/bin:/usr/bin:/usr/local/sbin:/opt/android-sdk/platform-tools:/var/lib/flatpak/exports/bin:/usr/lib/jvm/default/bin:/usr/bin/site_perl:/usr/bin/vendor_perl:/usr/bin/core_perl:/home/drdbrioso/.local/bin:/opt/android-sdk/platform-tools:/home/drdbrioso/.local/bin:/opt/nvim/:/home/drdbrioso/.local/bin
[19:16:49.437] Checking ssh with "ssh -V"
[19:16:49.444] > OpenSSH_10.0p2, OpenSSL 3.5.3 16 Sep 2025

[19:16:49.447] askpass server listening on /run/user/1000/vscode-ssh-askpass-b8295fa44296fda8d28b4f547d698849740c5803.sock
[19:16:49.447] Spawning local server with {"serverId":1,"ipcHandlePath":"/run/user/1000/vscode-ssh-askpass-2b78a0f2c632443a31c38459538eefa70ecebf0a.sock","sshCommand":"ssh","sshArgs":["-v","-T","-D","44629","-o","ConnectTimeout=15","senc.icmc.usp.br"],"serverDataFolderName":".vscode-server","dataFilePath":"/home/drdbrioso/.config/Code/User/globalStorage/ms-vscode-remote.remote-ssh/vscode-ssh-host-2f5e6878-385651c938df8a906869babee516bffd0ddb9829-0.120.0-es/data.json"}
[19:16:49.447] Local server env: {"SSH_AUTH_SOCK":"/run/user/1000/gcr/ssh","SHELL":"/usr/bin/zsh","DISPLAY":":0","ELECTRON_RUN_AS_NODE":"1","SSH_ASKPASS":"/home/drdbrioso/.vscode/extensions/ms-vscode-remote.remote-ssh-0.120.0/out/local-server/askpass.sh","VSCODE_SSH_ASKPASS_NODE":"/home/drdbrioso/Desktop/code-stable-x64-1759409365/VSCode-linux-x64/code","VSCODE_SSH_ASKPASS_EXTRA_ARGS":"","VSCODE_SSH_ASKPASS_MAIN":"/home/drdbrioso/.vscode/extensions/ms-vscode-remote.remote-ssh-0.120.0/out/askpass-main.js","VSCODE_SSH_ASKPASS_HANDLE":"/run/user/1000/vscode-ssh-askpass-b8295fa44296fda8d28b4f547d698849740c5803.sock"}
[19:16:49.450] Spawned 20585
[19:16:49.450] Using connect timeout of 17 seconds
[19:16:49.533] > local-server-1> Running ssh connection command: ssh -v -T -D 44629 -o ConnectTimeout=15 senc.icmc.usp.br
[19:16:49.536] > local-server-1> Spawned ssh, pid=20593
[19:16:50.831] stderr> debug1: Server host key: ssh-ed25519 SHA256:pVqYJ9se5EhmIAvOwtJIlmPU+tHanHbPTfdzOa8qTZ4
[19:16:52.606] Got askpass request: {"request":" web-senc@senc.icmc.usp.br's password: "}
[19:16:52.608] Showing password prompt
[19:16:52.609] Listening for interwindow password on /run/user/1000/vscode-ssh-askpass-c0b3be300481c8141d3ee36eae21e2f2722c7df0.sock
[19:16:52.609] Writing password prompt to globalState
[19:16:56.178] Got password response
[19:16:56.178] Interactor gave response: ***********
[19:16:56.179] Cleaning up other-window auth server
[19:16:56.181] Using connect timeout of 17 seconds
[19:16:56.359] stderr> Authenticated to senc.icmc.usp.br ([143.107.183.96]:22) using "password".
[19:17:10.900] > Welcome to Ubuntu 18.04.6 LTS (GNU/Linux 4.15.0-213-generic x86_64)
> 
>  * Documentation:  https://help.ubuntu.com
>  * Management:     https://landscape.canonical.com
>  * Support:        https://ubuntu.com/advantage
> 
>   System information as of Tue Oct  7 22:16:56 UTC 2025
> 
>   System load:  0.59               Processes:             167
>   Usage of /:   42.2% of 29.36GB   Users logged in:       0
>   Memory usage: 21%                IP address for ens192: 143.107.183.96
>   Swap usage:   10%
> 
>  * Strictly confined Kubernetes makes edge and IoT secure. Learn how MicroK8s
>    just raised the bar for easy, resilient and secure K8s cluster deployment.
> 
>    https://ubuntu.com/engage/secure-kubernetes-at-the-edge
> 
>  * Introducing Expanded Security Maintenance for Applications.
>    Receive updates to over 25,000 software packages with your
>    Ubuntu Pro subscription. Free for personal use.
> 
>      https://ubuntu.com/pro
> 
> 32 updates can be applied immediately.
> To see these additional updates run: apt list --upgradable
> 
> New release '20.04.6 LTS' available.
> Run 'do-release-upgrade' to upgrade to it.
> 
[19:17:13.182] Terminating local server
[19:17:13.184] Resolver error: Error: Connecting with SSH timed out
    at y.Timeout (/home/drdbrioso/.vscode/extensions/ms-vscode-remote.remote-ssh-0.120.0/out/extension.js:2:744895)
    at Timeout._onTimeout (/home/drdbrioso/.vscode/extensions/ms-vscode-remote.remote-ssh-0.120.0/out/extension.js:2:805797)
    at listOnTimeout (node:internal/timers:588:17)
    at process.processTimers (node:internal/timers:523:7)
[19:17:13.199] ------




[19:17:13.200]  ---------- [Session Summary] ----------- 
[19:17:13.200] [Timeout]: Error: Timeout (Connecting with SSH timed out)
[19:17:13.201]  ---------------------------------------- 
[19:17:13.205] Local server exit: 15
[19:17:13.687] Opening exec server for ssh-remote+senc.icmc.usp.br
[19:17:13.693] Initizing new exec server for ssh-remote+senc.icmc.usp.br
[19:17:13.693] Acquiring local install lock: /tmp/vscode-remote-ssh-2f5e6878-install.lock
[19:17:13.693] Looking for existing server data file at /home/drdbrioso/.config/Code/User/globalStorage/ms-vscode-remote.remote-ssh/vscode-ssh-host-2f5e6878-385651c938df8a906869babee516bffd0ddb9829-0.120.0-es/data.json
[19:17:13.693] No existing data file
[19:17:13.693] Using commit id "385651c938df8a906869babee516bffd0ddb9829" and quality "stable" for server
[19:17:13.694] Extensions to install: 
[19:17:13.695] Install and start server if needed
[19:17:13.697] askpass server listening on /run/user/1000/vscode-ssh-askpass-a0e631b8ff9b3c4b7596c3ce39e62d7b438d5884.sock
[19:17:13.697] Spawning local server with {"serverId":2,"ipcHandlePath":"/run/user/1000/vscode-ssh-askpass-dba04c076275080677c2b5e06cdc0295a4b8c4ac.sock","sshCommand":"ssh","sshArgs":["-v","-T","-D","44629","-o","ConnectTimeout=15","senc.icmc.usp.br"],"serverDataFolderName":".vscode-server","dataFilePath":"/home/drdbrioso/.config/Code/User/globalStorage/ms-vscode-remote.remote-ssh/vscode-ssh-host-2f5e6878-385651c938df8a906869babee516bffd0ddb9829-0.120.0-es/data.json"}
[19:17:13.697] Local server env: {"SSH_AUTH_SOCK":"/run/user/1000/gcr/ssh","SHELL":"/usr/bin/zsh","DISPLAY":":0","ELECTRON_RUN_AS_NODE":"1","SSH_ASKPASS":"/home/drdbrioso/.vscode/extensions/ms-vscode-remote.remote-ssh-0.120.0/out/local-server/askpass.sh","VSCODE_SSH_ASKPASS_NODE":"/home/drdbrioso/Desktop/code-stable-x64-1759409365/VSCode-linux-x64/code","VSCODE_SSH_ASKPASS_EXTRA_ARGS":"","VSCODE_SSH_ASKPASS_MAIN":"/home/drdbrioso/.vscode/extensions/ms-vscode-remote.remote-ssh-0.120.0/out/askpass-main.js","VSCODE_SSH_ASKPASS_HANDLE":"/run/user/1000/vscode-ssh-askpass-a0e631b8ff9b3c4b7596c3ce39e62d7b438d5884.sock"}
[19:17:13.701] Spawned 20615
[19:17:13.701] Using connect timeout of 17 seconds
[19:17:13.733] Opening exec server for ssh-remote+senc.icmc.usp.br
[19:17:13.834] > local-server-2> Running ssh connection command: ssh -v -T -D 44629 -o ConnectTimeout=15 senc.icmc.usp.br
[19:17:13.840] > local-server-2> Spawned ssh, pid=20623
[19:17:14.499] stderr> debug1: Server host key: ssh-ed25519 SHA256:pVqYJ9se5EhmIAvOwtJIlmPU+tHanHbPTfdzOa8qTZ4
[19:17:15.301] Got askpass request: {"request":" web-senc@senc.icmc.usp.br's password: "}
[19:17:15.301] Showing password prompt
[19:17:15.302] Listening for interwindow password on /run/user/1000/vscode-ssh-askpass-d03e16a1ca9a4186fd491b24bcda602d85224767.sock
[19:17:15.302] Writing password prompt to globalState
[19:17:34.719] Terminal closed
