2025-10-14 16:20:35.443 [info] Extension host with pid 7997 started
2025-10-14 16:20:35.448 [info] [resolveAuthority(ssh-remote,1)][0ms] activating remote resolvers ssh-remote+senc.icmc.usp.br
2025-10-14 16:20:35.448 [info] [resolveAuthority(ssh-remote,1)][0ms] activating resolver for ssh-remote+senc.icmc.usp.br...
2025-10-14 16:20:35.455 [info] ExtensionService#_doActivateExtension ms-vscode-remote.remote-ssh, startup: false, activationEvent: 'onResolveRemoteAuthority:ssh-remote'
2025-10-14 16:20:35.475 [info] [resolveAuthority(ssh-remote,1)][27ms] invoking final resolve()...
2025-10-14 16:20:36.476 [info] [resolveAuthority(ssh-remote,1)][1028ms] waiting...
2025-10-14 16:20:37.477 [info] [resolveAuthority(ssh-remote,1)][2029ms] waiting...
2025-10-14 16:20:38.477 [info] [resolveAuthority(ssh-remote,1)][3029ms] waiting...
2025-10-14 16:20:39.479 [info] [resolveAuthority(ssh-remote,1)][4031ms] waiting...
2025-10-14 16:20:40.479 [info] [resolveAuthority(ssh-remote,1)][5031ms] waiting...
2025-10-14 16:20:41.479 [info] [resolveAuthority(ssh-remote,1)][6031ms] waiting...
2025-10-14 16:20:42.480 [info] [resolveAuthority(ssh-remote,1)][7032ms] waiting...
2025-10-14 16:20:43.481 [info] [resolveAuthority(ssh-remote,1)][8033ms] waiting...
2025-10-14 16:20:44.482 [info] [resolveAuthority(ssh-remote,1)][9034ms] waiting...
2025-10-14 16:20:45.482 [info] [resolveAuthority(ssh-remote,1)][10034ms] waiting...
2025-10-14 16:20:46.482 [info] [resolveAuthority(ssh-remote,1)][11034ms] waiting...
2025-10-14 16:20:47.483 [info] [resolveAuthority(ssh-remote,1)][12035ms] waiting...
2025-10-14 16:20:48.483 [info] [resolveAuthority(ssh-remote,1)][13035ms] waiting...
2025-10-14 16:20:49.485 [info] [resolveAuthority(ssh-remote,1)][14037ms] waiting...
2025-10-14 16:20:50.486 [info] [resolveAuthority(ssh-remote,1)][15038ms] waiting...
2025-10-14 16:20:51.487 [info] [resolveAuthority(ssh-remote,1)][16039ms] waiting...
2025-10-14 16:20:52.487 [info] [resolveAuthority(ssh-remote,1)][17039ms] waiting...
2025-10-14 16:20:53.488 [info] [resolveAuthority(ssh-remote,1)][18040ms] waiting...
2025-10-14 16:20:54.490 [info] [resolveAuthority(ssh-remote,1)][19042ms] waiting...
2025-10-14 16:20:55.490 [info] [resolveAuthority(ssh-remote,1)][20042ms] waiting...
2025-10-14 16:20:56.491 [info] [resolveAuthority(ssh-remote,1)][21043ms] waiting...
2025-10-14 16:20:57.493 [info] [resolveAuthority(ssh-remote,1)][22045ms] waiting...
2025-10-14 16:20:58.494 [info] [resolveAuthority(ssh-remote,1)][23046ms] waiting...
2025-10-14 16:20:59.495 [info] [resolveAuthority(ssh-remote,1)][24047ms] waiting...
2025-10-14 16:21:00.497 [info] [resolveAuthority(ssh-remote,1)][25048ms] waiting...
2025-10-14 16:21:01.499 [info] [resolveAuthority(ssh-remote,1)][26050ms] waiting...
2025-10-14 16:21:02.500 [info] [resolveAuthority(ssh-remote,1)][27052ms] waiting...
2025-10-14 16:21:03.501 [info] [resolveAuthority(ssh-remote,1)][28053ms] waiting...
2025-10-14 16:21:04.501 [info] [resolveAuthority(ssh-remote,1)][29053ms] waiting...
2025-10-14 16:21:05.506 [info] [resolveAuthority(ssh-remote,1)][30058ms] waiting...
2025-10-14 16:21:06.507 [info] [resolveAuthority(ssh-remote,1)][31059ms] waiting...
2025-10-14 16:21:07.512 [info] [resolveAuthority(ssh-remote,1)][32064ms] waiting...
2025-10-14 16:21:08.513 [info] [resolveAuthority(ssh-remote,1)][33065ms] waiting...
2025-10-14 16:21:09.514 [info] [resolveAuthority(ssh-remote,1)][34066ms] waiting...
2025-10-14 16:21:10.515 [info] [resolveAuthority(ssh-remote,1)][35067ms] waiting...
2025-10-14 16:21:11.517 [info] [resolveAuthority(ssh-remote,1)][36069ms] waiting...
2025-10-14 16:21:12.518 [info] [resolveAuthority(ssh-remote,1)][37070ms] waiting...
2025-10-14 16:21:13.520 [info] [resolveAuthority(ssh-remote,1)][38072ms] waiting...
2025-10-14 16:21:14.521 [info] [resolveAuthority(ssh-remote,1)][39073ms] waiting...
2025-10-14 16:21:15.522 [info] [resolveAuthority(ssh-remote,1)][40074ms] waiting...
2025-10-14 16:21:16.523 [info] [resolveAuthority(ssh-remote,1)][41075ms] waiting...
2025-10-14 16:21:17.524 [info] [resolveAuthority(ssh-remote,1)][42076ms] waiting...
2025-10-14 16:21:18.525 [info] [resolveAuthority(ssh-remote,1)][43077ms] waiting...
2025-10-14 16:21:19.527 [info] [resolveAuthority(ssh-remote,1)][44079ms] waiting...
2025-10-14 16:21:20.528 [info] [resolveAuthority(ssh-remote,1)][45080ms] waiting...
2025-10-14 16:21:21.530 [info] [resolveAuthority(ssh-remote,1)][46082ms] waiting...
2025-10-14 16:21:22.532 [info] [resolveAuthority(ssh-remote,1)][47084ms] waiting...
2025-10-14 16:21:23.533 [info] [resolveAuthority(ssh-remote,1)][48085ms] waiting...
2025-10-14 16:21:24.534 [info] [resolveAuthority(ssh-remote,1)][49086ms] waiting...
2025-10-14 16:21:25.535 [info] [resolveAuthority(ssh-remote,1)][50087ms] waiting...
2025-10-14 16:21:26.535 [info] [resolveAuthority(ssh-remote,1)][51087ms] waiting...
2025-10-14 16:21:27.537 [info] [resolveAuthority(ssh-remote,1)][52089ms] waiting...
2025-10-14 16:21:28.538 [info] [resolveAuthority(ssh-remote,1)][53090ms] waiting...
2025-10-14 16:21:29.540 [info] [resolveAuthority(ssh-remote,1)][54092ms] waiting...
2025-10-14 16:21:30.077 [error] [resolveAuthority(ssh-remote,1)][54627ms] returned an error Connecting with SSH timed out
2025-10-14 16:21:30.154 [info] Eager extensions activated
2025-10-14 16:21:36.260 [info] Extension host terminating: renderer closed the MessagePort
2025-10-14 16:21:36.263 [error] Canceled: Canceled
	at new g (/home/drdbrioso/Desktop/code-stable-x64-1705560028/VSCode-linux-x64/resources/app/out/vs/workbench/api/node/extensionHostProcess.js:141:110274)
	at l.U (/home/drdbrioso/Desktop/code-stable-x64-1705560028/VSCode-linux-x64/resources/app/out/vs/workbench/api/node/extensionHostProcess.js:150:10866)
	at P.<computed>.j.charCodeAt.P.<computed> (/home/drdbrioso/Desktop/code-stable-x64-1705560028/VSCode-linux-x64/resources/app/out/vs/workbench/api/node/extensionHostProcess.js:150:8317)
	at d.g (/home/drdbrioso/Desktop/code-stable-x64-1705560028/VSCode-linux-x64/resources/app/out/vs/workbench/api/node/extensionHostProcess.js:141:139555)
	at d.executeCommand (/home/drdbrioso/Desktop/code-stable-x64-1705560028/VSCode-linux-x64/resources/app/out/vs/workbench/api/node/extensionHostProcess.js:141:138993)
	at p.registerCommand.description (/home/drdbrioso/Desktop/code-stable-x64-1705560028/VSCode-linux-x64/resources/app/out/vs/workbench/api/node/extensionHostProcess.js:141:138317)
	at d.h (/home/drdbrioso/Desktop/code-stable-x64-1705560028/VSCode-linux-x64/resources/app/out/vs/workbench/api/node/extensionHostProcess.js:141:140094)
	at d.g (/home/drdbrioso/Desktop/code-stable-x64-1705560028/VSCode-linux-x64/resources/app/out/vs/workbench/api/node/extensionHostProcess.js:141:139086)
	at d.executeCommand (/home/drdbrioso/Desktop/code-stable-x64-1705560028/VSCode-linux-x64/resources/app/out/vs/workbench/api/node/extensionHostProcess.js:141:138993)
	at Object.executeCommand (/home/drdbrioso/Desktop/code-stable-x64-1705560028/VSCode-linux-x64/resources/app/out/vs/workbench/api/node/extensionHostProcess.js:158:21333)
	at t.shutdown (/home/drdbrioso/.vscode/extensions/ms-vscode-remote.remote-ssh-0.108.2023112915/out/extension.js:2:725329)
	at e.deactivate (/home/drdbrioso/.vscode/extensions/ms-vscode-remote.remote-ssh-0.108.2023112915/out/extension.js:2:910169)
	at f.cb (/home/drdbrioso/Desktop/code-stable-x64-1705560028/VSCode-linux-x64/resources/app/out/vs/workbench/api/node/extensionHostProcess.js:154:9678)
	at /home/drdbrioso/Desktop/code-stable-x64-1705560028/VSCode-linux-x64/resources/app/out/vs/workbench/api/node/extensionHostProcess.js:154:7808
	at Array.map (<anonymous>)
	at f.Y (/home/drdbrioso/Desktop/code-stable-x64-1705560028/VSCode-linux-x64/resources/app/out/vs/workbench/api/node/extensionHostProcess.js:154:7795)
	at f.terminate (/home/drdbrioso/Desktop/code-stable-x64-1705560028/VSCode-linux-x64/resources/app/out/vs/workbench/api/node/extensionHostProcess.js:154:8068)
	at s.terminate (/home/drdbrioso/Desktop/code-stable-x64-1705560028/VSCode-linux-x64/resources/app/out/vs/workbench/api/node/extensionHostProcess.js:158:1513)
	at a (/home/drdbrioso/Desktop/code-stable-x64-1705560028/VSCode-linux-x64/resources/app/out/vs/workbench/api/node/extensionHostProcess.js:171:9802)
	at MessagePortMain.<anonymous> (/home/drdbrioso/Desktop/code-stable-x64-1705560028/VSCode-linux-x64/resources/app/out/vs/workbench/api/node/extensionHostProcess.js:171:6227)
	at MessagePortMain.emit (node:events:513:28)
	at MessagePortMain._internalPort.emit (node:electron/js2c/utility_init:2:367) setContext undefined
2025-10-14 16:21:36.264 [info] Extension host with pid 7997 exiting with code 0
2025-10-14 16:21:36.833 [info] Extension host with pid 9531 started
2025-10-14 16:21:36.838 [info] [resolveAuthority(ssh-remote,1)][1ms] activating remote resolvers ssh-remote+senc.icmc.usp.br
2025-10-14 16:21:36.838 [info] [resolveAuthority(ssh-remote,1)][1ms] activating resolver for ssh-remote+senc.icmc.usp.br...
2025-10-14 16:21:36.842 [info] ExtensionService#_doActivateExtension ms-vscode-remote.remote-ssh, startup: false, activationEvent: 'onResolveRemoteAuthority:ssh-remote'
2025-10-14 16:21:36.863 [info] [resolveAuthority(ssh-remote,1)][26ms] invoking final resolve()...
2025-10-14 16:21:37.863 [info] [resolveAuthority(ssh-remote,1)][1026ms] waiting...
2025-10-14 16:21:38.864 [info] [resolveAuthority(ssh-remote,1)][2027ms] waiting...
2025-10-14 16:21:39.864 [info] [resolveAuthority(ssh-remote,1)][3027ms] waiting...
2025-10-14 16:21:40.866 [info] [resolveAuthority(ssh-remote,1)][4029ms] waiting...
2025-10-14 16:21:41.866 [info] [resolveAuthority(ssh-remote,1)][5029ms] waiting...
2025-10-14 16:21:42.866 [info] [resolveAuthority(ssh-remote,1)][6029ms] waiting...
2025-10-14 16:21:43.867 [info] [resolveAuthority(ssh-remote,1)][7030ms] waiting...
2025-10-14 16:21:44.868 [info] [resolveAuthority(ssh-remote,1)][8031ms] waiting...
2025-10-14 16:21:45.868 [info] [resolveAuthority(ssh-remote,1)][9031ms] waiting...
2025-10-14 16:21:46.868 [info] [resolveAuthority(ssh-remote,1)][10031ms] waiting...
2025-10-14 16:21:47.750 [info] [resolveAuthority(ssh-remote,1)][10913ms] setting tunnel factory...
2025-10-14 16:21:47.750 [info] [resolveAuthority(ssh-remote,1)][10913ms] returned 127.0.0.1:39661
2025-10-14 16:21:49.404 [info] Eager extensions activated
2025-10-14 16:22:13.910 [info] Extension host terminating: renderer closed the MessagePort
2025-10-14 16:22:13.918 [error] Canceled: Canceled
	at new g (/home/drdbrioso/Desktop/code-stable-x64-1705560028/VSCode-linux-x64/resources/app/out/vs/workbench/api/node/extensionHostProcess.js:141:110274)
	at l.U (/home/drdbrioso/Desktop/code-stable-x64-1705560028/VSCode-linux-x64/resources/app/out/vs/workbench/api/node/extensionHostProcess.js:150:10866)
	at P.<computed>.j.charCodeAt.P.<computed> (/home/drdbrioso/Desktop/code-stable-x64-1705560028/VSCode-linux-x64/resources/app/out/vs/workbench/api/node/extensionHostProcess.js:150:8317)
	at d.g (/home/drdbrioso/Desktop/code-stable-x64-1705560028/VSCode-linux-x64/resources/app/out/vs/workbench/api/node/extensionHostProcess.js:141:139555)
	at d.executeCommand (/home/drdbrioso/Desktop/code-stable-x64-1705560028/VSCode-linux-x64/resources/app/out/vs/workbench/api/node/extensionHostProcess.js:141:138993)
	at p.registerCommand.description (/home/drdbrioso/Desktop/code-stable-x64-1705560028/VSCode-linux-x64/resources/app/out/vs/workbench/api/node/extensionHostProcess.js:141:138317)
	at d.h (/home/drdbrioso/Desktop/code-stable-x64-1705560028/VSCode-linux-x64/resources/app/out/vs/workbench/api/node/extensionHostProcess.js:141:140094)
	at d.g (/home/drdbrioso/Desktop/code-stable-x64-1705560028/VSCode-linux-x64/resources/app/out/vs/workbench/api/node/extensionHostProcess.js:141:139086)
	at d.executeCommand (/home/drdbrioso/Desktop/code-stable-x64-1705560028/VSCode-linux-x64/resources/app/out/vs/workbench/api/node/extensionHostProcess.js:141:138993)
	at Object.executeCommand (/home/drdbrioso/Desktop/code-stable-x64-1705560028/VSCode-linux-x64/resources/app/out/vs/workbench/api/node/extensionHostProcess.js:158:21333)
	at t.shutdown (/home/drdbrioso/.vscode/extensions/ms-vscode-remote.remote-ssh-0.108.2023112915/out/extension.js:2:725329)
	at e.deactivate (/home/drdbrioso/.vscode/extensions/ms-vscode-remote.remote-ssh-0.108.2023112915/out/extension.js:2:910169)
	at f.cb (/home/drdbrioso/Desktop/code-stable-x64-1705560028/VSCode-linux-x64/resources/app/out/vs/workbench/api/node/extensionHostProcess.js:154:9678)
	at /home/drdbrioso/Desktop/code-stable-x64-1705560028/VSCode-linux-x64/resources/app/out/vs/workbench/api/node/extensionHostProcess.js:154:7808
	at Array.map (<anonymous>)
	at f.Y (/home/drdbrioso/Desktop/code-stable-x64-1705560028/VSCode-linux-x64/resources/app/out/vs/workbench/api/node/extensionHostProcess.js:154:7795)
	at f.terminate (/home/drdbrioso/Desktop/code-stable-x64-1705560028/VSCode-linux-x64/resources/app/out/vs/workbench/api/node/extensionHostProcess.js:154:8068)
	at s.terminate (/home/drdbrioso/Desktop/code-stable-x64-1705560028/VSCode-linux-x64/resources/app/out/vs/workbench/api/node/extensionHostProcess.js:158:1513)
	at a (/home/drdbrioso/Desktop/code-stable-x64-1705560028/VSCode-linux-x64/resources/app/out/vs/workbench/api/node/extensionHostProcess.js:171:9802)
	at MessagePortMain.<anonymous> (/home/drdbrioso/Desktop/code-stable-x64-1705560028/VSCode-linux-x64/resources/app/out/vs/workbench/api/node/extensionHostProcess.js:171:6227)
	at MessagePortMain.emit (node:events:513:28)
	at MessagePortMain._internalPort.emit (node:electron/js2c/utility_init:2:367) setContext undefined
2025-10-14 16:22:13.918 [info] Extension host with pid 9531 exiting with code 0
2025-10-14 16:22:14.460 [info] Extension host with pid 10358 started
2025-10-14 16:22:14.460 [info] Skipping acquiring lock for /home/drdbrioso/.config/Code/User/workspaceStorage/67ef078c24af5dd44cd99d03f833dfe3.
2025-10-14 16:22:14.460 [info] $getCanonicalURI invoked for authority (ssh-remote)
2025-10-14 16:22:14.464 [info] ExtensionService#_doActivateExtension ms-vscode-remote.remote-ssh, startup: false, activationEvent: 'onResolveRemoteAuthority:ssh-remote'
2025-10-14 16:22:14.479 [info] [resolveAuthority(ssh-remote,1)][0ms] activating remote resolvers ssh-remote+senc.icmc.usp.br
2025-10-14 16:22:14.479 [info] [resolveAuthority(ssh-remote,1)][0ms] activating resolver for ssh-remote+senc.icmc.usp.br...
2025-10-14 16:22:14.479 [info] [resolveAuthority(ssh-remote,1)][0ms] invoking final resolve()...
2025-10-14 16:22:15.480 [info] [resolveAuthority(ssh-remote,1)][1001ms] waiting...
2025-10-14 16:22:16.481 [info] [resolveAuthority(ssh-remote,1)][2002ms] waiting...
2025-10-14 16:22:17.482 [info] [resolveAuthority(ssh-remote,1)][3003ms] waiting...
2025-10-14 16:22:18.483 [info] [resolveAuthority(ssh-remote,1)][4004ms] waiting...
2025-10-14 16:22:19.483 [info] [resolveAuthority(ssh-remote,1)][5004ms] waiting...
2025-10-14 16:22:19.824 [info] [resolveAuthority(ssh-remote,1)][5345ms] setting tunnel factory...
2025-10-14 16:22:19.825 [info] [resolveAuthority(ssh-remote,1)][5346ms] returned 127.0.0.1:34799
2025-10-14 16:22:20.470 [info] Eager extensions activated
2025-10-14 16:22:26.891 [error] Error: command 'remote-internal.setActiveFolders' not found
    at k.n (vscode-file://vscode-app/home/drdbrioso/Desktop/code-stable-x64-1705560028/VSCode-linux-x64/resources/app/out/vs/workbench/workbench.desktop.main.js:1538:12339)
    at k.executeCommand (vscode-file://vscode-app/home/drdbrioso/Desktop/code-stable-x64-1705560028/VSCode-linux-x64/resources/app/out/vs/workbench/workbench.desktop.main.js:1538:12268)
2025-10-14 16:51:34.188 [info] [resolveAuthority(ssh-remote,2)][0ms] activating remote resolvers ssh-remote+senc.icmc.usp.br
2025-10-14 16:51:34.188 [info] [resolveAuthority(ssh-remote,2)][0ms] activating resolver for ssh-remote+senc.icmc.usp.br...
2025-10-14 16:51:34.188 [info] [resolveAuthority(ssh-remote,2)][0ms] invoking final resolve()...
2025-10-14 19:44:21.350 [info] [resolveAuthority(ssh-remote,2)][10367162ms] waiting...
2025-10-14 19:44:22.351 [info] [resolveAuthority(ssh-remote,2)][10368163ms] waiting...
2025-10-14 19:44:23.353 [info] [resolveAuthority(ssh-remote,2)][10369165ms] waiting...
2025-10-14 19:44:24.089 [error] [resolveAuthority(ssh-remote,2)][10369896ms] returned an error Could not resolve hostname
2025-10-14 19:44:29.116 [info] [resolveAuthority(ssh-remote,3)][0ms] activating remote resolvers ssh-remote+senc.icmc.usp.br
2025-10-14 19:44:29.116 [info] [resolveAuthority(ssh-remote,3)][0ms] activating resolver for ssh-remote+senc.icmc.usp.br...
2025-10-14 19:44:29.116 [info] [resolveAuthority(ssh-remote,3)][0ms] invoking final resolve()...
2025-10-14 19:44:30.117 [info] [resolveAuthority(ssh-remote,3)][1001ms] waiting...
2025-10-14 19:44:31.117 [info] [resolveAuthority(ssh-remote,3)][2001ms] waiting...
2025-10-14 19:44:32.118 [info] [resolveAuthority(ssh-remote,3)][3002ms] waiting...
2025-10-14 19:44:33.120 [info] [resolveAuthority(ssh-remote,3)][4004ms] waiting...
2025-10-14 19:44:34.121 [info] [resolveAuthority(ssh-remote,3)][5005ms] waiting...
2025-10-14 19:44:35.122 [info] [resolveAuthority(ssh-remote,3)][6006ms] waiting...
2025-10-14 19:44:36.122 [info] [resolveAuthority(ssh-remote,3)][7006ms] waiting...
2025-10-14 19:44:37.124 [info] [resolveAuthority(ssh-remote,3)][8008ms] waiting...
2025-10-14 19:44:38.123 [info] [resolveAuthority(ssh-remote,3)][9007ms] waiting...
2025-10-14 19:44:39.125 [info] [resolveAuthority(ssh-remote,3)][10009ms] waiting...
2025-10-14 19:44:40.126 [info] [resolveAuthority(ssh-remote,3)][11010ms] waiting...
2025-10-14 19:44:41.128 [info] [resolveAuthority(ssh-remote,3)][12012ms] waiting...
2025-10-14 19:44:42.129 [info] [resolveAuthority(ssh-remote,3)][13013ms] waiting...
2025-10-14 19:44:43.131 [info] [resolveAuthority(ssh-remote,3)][14015ms] waiting...
2025-10-14 19:44:44.132 [info] [resolveAuthority(ssh-remote,3)][15016ms] waiting...
2025-10-14 19:44:44.347 [error] [resolveAuthority(ssh-remote,3)][15231ms] returned an error The connection timed out
2025-10-14 19:44:49.357 [info] [resolveAuthority(ssh-remote,4)][0ms] activating remote resolvers ssh-remote+senc.icmc.usp.br
2025-10-14 19:44:49.357 [info] [resolveAuthority(ssh-remote,4)][0ms] activating resolver for ssh-remote+senc.icmc.usp.br...
2025-10-14 19:44:49.357 [info] [resolveAuthority(ssh-remote,4)][0ms] invoking final resolve()...
2025-10-14 19:44:50.358 [info] [resolveAuthority(ssh-remote,4)][1001ms] waiting...
2025-10-14 19:44:51.359 [info] [resolveAuthority(ssh-remote,4)][2002ms] waiting...
2025-10-14 19:44:52.360 [info] [resolveAuthority(ssh-remote,4)][3003ms] waiting...
2025-10-14 19:44:53.362 [info] [resolveAuthority(ssh-remote,4)][4005ms] waiting...
2025-10-14 19:44:54.363 [info] [resolveAuthority(ssh-remote,4)][5006ms] waiting...
2025-10-14 19:44:55.365 [info] [resolveAuthority(ssh-remote,4)][6008ms] waiting...
2025-10-14 19:44:56.366 [info] [resolveAuthority(ssh-remote,4)][7009ms] waiting...
2025-10-14 19:44:57.368 [info] [resolveAuthority(ssh-remote,4)][8011ms] waiting...
2025-10-14 19:44:58.368 [info] [resolveAuthority(ssh-remote,4)][9011ms] waiting...
2025-10-14 19:44:59.369 [info] [resolveAuthority(ssh-remote,4)][10012ms] waiting...
2025-10-14 19:45:00.371 [info] [resolveAuthority(ssh-remote,4)][11013ms] waiting...
2025-10-14 19:45:01.372 [info] [resolveAuthority(ssh-remote,4)][12015ms] waiting...
2025-10-14 19:45:02.374 [info] [resolveAuthority(ssh-remote,4)][13017ms] waiting...
2025-10-14 19:45:03.376 [info] [resolveAuthority(ssh-remote,4)][14019ms] waiting...
2025-10-14 19:45:04.378 [info] [resolveAuthority(ssh-remote,4)][15021ms] waiting...
2025-10-14 19:45:04.517 [error] [resolveAuthority(ssh-remote,4)][15160ms] returned an error The connection timed out
2025-10-14 19:45:14.556 [info] [resolveAuthority(ssh-remote,5)][0ms] activating remote resolvers ssh-remote+senc.icmc.usp.br
2025-10-14 19:45:14.556 [info] [resolveAuthority(ssh-remote,5)][0ms] activating resolver for ssh-remote+senc.icmc.usp.br...
2025-10-14 19:45:14.557 [info] [resolveAuthority(ssh-remote,5)][1ms] invoking final resolve()...
2025-10-14 19:45:15.557 [info] [resolveAuthority(ssh-remote,5)][1001ms] waiting...
2025-10-14 19:45:16.559 [info] [resolveAuthority(ssh-remote,5)][2003ms] waiting...
2025-10-14 19:45:17.560 [info] [resolveAuthority(ssh-remote,5)][3004ms] waiting...
2025-10-14 19:45:18.562 [info] [resolveAuthority(ssh-remote,5)][4006ms] waiting...
2025-10-14 19:45:19.561 [info] [resolveAuthority(ssh-remote,5)][5005ms] waiting...
2025-10-14 19:45:20.562 [info] [resolveAuthority(ssh-remote,5)][6006ms] waiting...
2025-10-14 19:45:21.563 [info] [resolveAuthority(ssh-remote,5)][7007ms] waiting...
2025-10-14 19:45:22.564 [info] [resolveAuthority(ssh-remote,5)][8008ms] waiting...
2025-10-14 19:45:23.566 [info] [resolveAuthority(ssh-remote,5)][9010ms] waiting...
2025-10-14 19:45:24.567 [info] [resolveAuthority(ssh-remote,5)][10011ms] waiting...
2025-10-14 19:45:25.568 [info] [resolveAuthority(ssh-remote,5)][11012ms] waiting...
2025-10-14 19:45:26.570 [info] [resolveAuthority(ssh-remote,5)][12014ms] waiting...
2025-10-14 19:45:27.571 [info] [resolveAuthority(ssh-remote,5)][13015ms] waiting...
2025-10-14 19:45:28.572 [info] [resolveAuthority(ssh-remote,5)][14016ms] waiting...
2025-10-14 19:45:29.573 [info] [resolveAuthority(ssh-remote,5)][15017ms] waiting...
2025-10-14 19:45:29.719 [error] [resolveAuthority(ssh-remote,5)][15163ms] returned an error The connection timed out
2025-10-14 19:45:39.739 [info] [resolveAuthority(ssh-remote,6)][0ms] activating remote resolvers ssh-remote+senc.icmc.usp.br
2025-10-14 19:45:39.739 [info] [resolveAuthority(ssh-remote,6)][0ms] activating resolver for ssh-remote+senc.icmc.usp.br...
2025-10-14 19:45:39.740 [info] [resolveAuthority(ssh-remote,6)][1ms] invoking final resolve()...
2025-10-14 19:45:40.741 [info] [resolveAuthority(ssh-remote,6)][1002ms] waiting...
2025-10-14 19:45:41.742 [info] [resolveAuthority(ssh-remote,6)][2003ms] waiting...
2025-10-14 19:45:42.743 [info] [resolveAuthority(ssh-remote,6)][3004ms] waiting...
2025-10-14 19:45:43.744 [info] [resolveAuthority(ssh-remote,6)][4005ms] waiting...
2025-10-14 19:45:44.745 [info] [resolveAuthority(ssh-remote,6)][5006ms] waiting...
2025-10-14 19:45:45.745 [info] [resolveAuthority(ssh-remote,6)][6006ms] waiting...
2025-10-14 19:45:46.746 [info] [resolveAuthority(ssh-remote,6)][7007ms] waiting...
2025-10-14 19:45:47.747 [info] [resolveAuthority(ssh-remote,6)][8008ms] waiting...
2025-10-14 19:45:48.748 [info] [resolveAuthority(ssh-remote,6)][9009ms] waiting...
2025-10-14 19:45:49.749 [info] [resolveAuthority(ssh-remote,6)][10010ms] waiting...
2025-10-14 19:45:50.750 [info] [resolveAuthority(ssh-remote,6)][11011ms] waiting...
2025-10-14 19:45:51.751 [info] [resolveAuthority(ssh-remote,6)][12012ms] waiting...
2025-10-14 19:45:52.753 [info] [resolveAuthority(ssh-remote,6)][13014ms] waiting...
2025-10-14 19:45:53.753 [info] [resolveAuthority(ssh-remote,6)][14014ms] waiting...
2025-10-14 19:45:54.754 [info] [resolveAuthority(ssh-remote,6)][15015ms] waiting...
2025-10-14 19:45:54.975 [error] [resolveAuthority(ssh-remote,6)][15236ms] returned an error The connection timed out
2025-10-14 19:46:05.029 [info] [resolveAuthority(ssh-remote,7)][0ms] activating remote resolvers ssh-remote+senc.icmc.usp.br
2025-10-14 19:46:05.029 [info] [resolveAuthority(ssh-remote,7)][0ms] activating resolver for ssh-remote+senc.icmc.usp.br...
2025-10-14 19:46:05.029 [info] [resolveAuthority(ssh-remote,7)][0ms] invoking final resolve()...
2025-10-14 19:46:06.030 [info] [resolveAuthority(ssh-remote,7)][1001ms] waiting...
2025-10-14 19:46:07.031 [info] [resolveAuthority(ssh-remote,7)][2002ms] waiting...
2025-10-14 19:46:08.032 [info] [resolveAuthority(ssh-remote,7)][3003ms] waiting...
2025-10-14 19:46:09.033 [info] [resolveAuthority(ssh-remote,7)][4004ms] waiting...
2025-10-14 19:46:10.034 [info] [resolveAuthority(ssh-remote,7)][5005ms] waiting...
2025-10-14 19:46:11.036 [info] [resolveAuthority(ssh-remote,7)][6007ms] waiting...
2025-10-14 19:46:12.037 [info] [resolveAuthority(ssh-remote,7)][7008ms] waiting...
2025-10-14 19:46:13.038 [info] [resolveAuthority(ssh-remote,7)][8009ms] waiting...
2025-10-14 19:46:14.039 [info] [resolveAuthority(ssh-remote,7)][9010ms] waiting...
2025-10-14 19:46:15.040 [info] [resolveAuthority(ssh-remote,7)][10011ms] waiting...
2025-10-14 19:46:16.041 [info] [resolveAuthority(ssh-remote,7)][11012ms] waiting...
2025-10-14 19:46:17.042 [info] [resolveAuthority(ssh-remote,7)][12013ms] waiting...
2025-10-14 19:46:18.043 [info] [resolveAuthority(ssh-remote,7)][13014ms] waiting...
2025-10-14 19:46:19.043 [info] [resolveAuthority(ssh-remote,7)][14014ms] waiting...
2025-10-14 19:46:20.044 [info] [resolveAuthority(ssh-remote,7)][15015ms] waiting...
2025-10-14 19:46:20.183 [error] [resolveAuthority(ssh-remote,7)][15154ms] returned an error The connection timed out
2025-10-14 19:46:30.235 [info] [resolveAuthority(ssh-remote,8)][0ms] activating remote resolvers ssh-remote+senc.icmc.usp.br
2025-10-14 19:46:30.235 [info] [resolveAuthority(ssh-remote,8)][0ms] activating resolver for ssh-remote+senc.icmc.usp.br...
2025-10-14 19:46:30.235 [info] [resolveAuthority(ssh-remote,8)][0ms] invoking final resolve()...
2025-10-14 19:46:31.236 [info] [resolveAuthority(ssh-remote,8)][1001ms] waiting...
2025-10-14 19:46:32.237 [info] [resolveAuthority(ssh-remote,8)][2002ms] waiting...
2025-10-14 19:46:33.238 [info] [resolveAuthority(ssh-remote,8)][3003ms] waiting...
2025-10-14 19:46:34.240 [info] [resolveAuthority(ssh-remote,8)][4005ms] waiting...
2025-10-14 19:46:35.241 [info] [resolveAuthority(ssh-remote,8)][5006ms] waiting...
2025-10-14 19:46:36.242 [info] [resolveAuthority(ssh-remote,8)][6007ms] waiting...
2025-10-14 19:46:37.242 [info] [resolveAuthority(ssh-remote,8)][7007ms] waiting...
2025-10-14 19:46:38.243 [info] [resolveAuthority(ssh-remote,8)][8008ms] waiting...
2025-10-14 19:46:39.244 [info] [resolveAuthority(ssh-remote,8)][9009ms] waiting...
2025-10-14 19:46:40.244 [info] [resolveAuthority(ssh-remote,8)][10009ms] waiting...
2025-10-14 19:46:41.245 [info] [resolveAuthority(ssh-remote,8)][11010ms] waiting...
2025-10-14 19:46:42.246 [info] [resolveAuthority(ssh-remote,8)][12011ms] waiting...
2025-10-14 19:46:43.246 [info] [resolveAuthority(ssh-remote,8)][13011ms] waiting...
2025-10-14 19:46:44.248 [info] [resolveAuthority(ssh-remote,8)][14013ms] waiting...
