[12:21:48.341] Log Level: 2
[12:21:48.347] SSH Resolver called for "ssh-remote+senc.icmc.usp.br", attempt 1
[12:21:48.347] "remote.SSH.useLocalServer": true
[12:21:48.347] "remote.SSH.useExecServer": false
[12:21:48.347] "remote.SSH.path": undefined
[12:21:48.348] "remote.SSH.configFile": undefined
[12:21:48.348] "remote.SSH.useFlock": true
[12:21:48.348] "remote.SSH.lockfilesInTmp": false
[12:21:48.348] "remote.SSH.localServerDownload": auto
[12:21:48.348] "remote.SSH.remoteServerListenOnSocket": false
[12:21:48.348] "remote.SSH.showLoginTerminal": false
[12:21:48.348] "remote.SSH.defaultExtensions": []
[12:21:48.348] "remote.SSH.loglevel": 2
[12:21:48.349] "remote.SSH.enableDynamicForwarding": true
[12:21:48.349] "remote.SSH.enableRemoteCommand": false
[12:21:48.349] "remote.SSH.serverPickPortsFromRange": {}
[12:21:48.349] "remote.SSH.serverInstallPath": {}
[12:21:48.354] VS Code version: 1.85.2
[12:21:48.354] Remote-SSH version: remote-ssh@0.107.1
[12:21:48.354] linux x64
[12:21:48.355] SSH Resolver called for host: senc.icmc.usp.br
[12:21:48.355] Setting up SSH remote "senc.icmc.usp.br"
[12:21:48.358] Acquiring local install lock: /tmp/vscode-remote-ssh-2f5e6878-install.lock
[12:21:48.359] Looking for existing server data file at /home/drdbrioso/.config/Code/User/globalStorage/ms-vscode-remote.remote-ssh/vscode-ssh-host-2f5e6878-8b3775030ed1a69b13e4f4c628c612102e30a681-0.107.1-tr/data.json
[12:21:48.359] Using commit id "8b3775030ed1a69b13e4f4c628c612102e30a681" and quality "stable" for server
[12:21:48.362] Install and start server if needed
[12:21:48.364] PATH: /usr/local/bin:/usr/bin:/usr/local/sbin:/var/lib/flatpak/exports/bin:/usr/bin/site_perl:/usr/bin/vendor_perl:/usr/bin/core_perl:/opt/nvim/
[12:21:48.364] Checking ssh with "ssh -V"
[12:21:48.373] > OpenSSH_10.0p2, OpenSSL 3.5.1 1 Jul 2025

[12:21:48.375] askpass server listening on /run/user/1000/vscode-ssh-askpass-97600ef06e0660f82aec3e65579f50b39a0313ad.sock
[12:21:48.376] Spawning local server with {"serverId":1,"ipcHandlePath":"/run/user/1000/vscode-ssh-askpass-148c2c7e0f7bdfea0b09a3e924097e5ddd38c943.sock","sshCommand":"ssh","sshArgs":["-v","-T","-D","37659","-o","ConnectTimeout=15","senc.icmc.usp.br"],"serverDataFolderName":".vscode-server","dataFilePath":"/home/drdbrioso/.config/Code/User/globalStorage/ms-vscode-remote.remote-ssh/vscode-ssh-host-2f5e6878-8b3775030ed1a69b13e4f4c628c612102e30a681-0.107.1-tr/data.json"}
[12:21:48.376] Local server env: {"SHELL":"/usr/bin/zsh","DISPLAY":":0","ELECTRON_RUN_AS_NODE":"1","SSH_ASKPASS":"/home/drdbrioso/.vscode/extensions/ms-vscode-remote.remote-ssh-0.107.1/out/local-server/askpass.sh","VSCODE_SSH_ASKPASS_NODE":"/home/drdbrioso/Downloads/code-stable-x64-1705560028/VSCode-linux-x64/code","VSCODE_SSH_ASKPASS_EXTRA_ARGS":"--ms-enable-electron-run-as-node","VSCODE_SSH_ASKPASS_MAIN":"/home/drdbrioso/.vscode/extensions/ms-vscode-remote.remote-ssh-0.107.1/out/askpass-main.js","VSCODE_SSH_ASKPASS_HANDLE":"/run/user/1000/vscode-ssh-askpass-97600ef06e0660f82aec3e65579f50b39a0313ad.sock"}
[12:21:48.379] Spawned 29625
[12:21:48.482] > local-server-1> Running ssh connection command: "-v -T -D 37659 -o ConnectTimeout=15 senc.icmc.usp.br"
[12:21:48.487] > local-server-1> Spawned ssh, pid=29633
[12:22:03.509] stderr> ssh: connect to host senc.icmc.usp.br port 22: Connection timed out
[12:22:03.511] > local-server-1> ssh child died, shutting down
[12:22:03.522] Local server exit: 0
[12:22:03.525] Received install output: local-server-1> Running ssh connection command: "-v -T -D 37659 -o ConnectTimeout=15 senc.icmc.usp.br"
local-server-1> Spawned ssh, pid=29633
ssh: connect to host senc.icmc.usp.br port 22: Connection timed out
local-server-1> ssh child died, shutting down

[12:22:03.533] Resolver error: Error: The connection timed out
	at g.Offline (/home/drdbrioso/.vscode/extensions/ms-vscode-remote.remote-ssh-0.107.1/out/extension.js:2:642754)
	at /home/drdbrioso/.vscode/extensions/ms-vscode-remote.remote-ssh-0.107.1/out/extension.js:2:638823
	at t.handleInstallOutput (/home/drdbrioso/.vscode/extensions/ms-vscode-remote.remote-ssh-0.107.1/out/extension.js:2:639138)
	at e (/home/drdbrioso/.vscode/extensions/ms-vscode-remote.remote-ssh-0.107.1/out/extension.js:2:700300)
	at process.processTicksAndRejections (node:internal/process/task_queues:95:5)
	at async /home/drdbrioso/.vscode/extensions/ms-vscode-remote.remote-ssh-0.107.1/out/extension.js:2:722169
	at async t.withShowDetailsEvent (/home/drdbrioso/.vscode/extensions/ms-vscode-remote.remote-ssh-0.107.1/out/extension.js:2:725828)
	at async /home/drdbrioso/.vscode/extensions/ms-vscode-remote.remote-ssh-0.107.1/out/extension.js:2:697005
	at async C (/home/drdbrioso/.vscode/extensions/ms-vscode-remote.remote-ssh-0.107.1/out/extension.js:2:695056)
	at async t.resolveWithLocalServer (/home/drdbrioso/.vscode/extensions/ms-vscode-remote.remote-ssh-0.107.1/out/extension.js:2:696545)
	at async I (/home/drdbrioso/.vscode/extensions/ms-vscode-remote.remote-ssh-0.107.1/out/extension.js:2:719392)
	at async t.resolve (/home/drdbrioso/.vscode/extensions/ms-vscode-remote.remote-ssh-0.107.1/out/extension.js:2:723199)
	at async /home/drdbrioso/.vscode/extensions/ms-vscode-remote.remote-ssh-0.107.1/out/extension.js:2:907003
[12:22:03.546] ------




[12:22:03.817] Opening exec server for ssh-remote+senc.icmc.usp.br
[12:22:03.841] Initizing new exec server for ssh-remote+senc.icmc.usp.br
[12:22:03.855] Acquiring local install lock: /tmp/vscode-remote-ssh-2f5e6878-install.lock
[12:22:03.861] Looking for existing server data file at /home/drdbrioso/.config/Code/User/globalStorage/ms-vscode-remote.remote-ssh/vscode-ssh-host-2f5e6878-8b3775030ed1a69b13e4f4c628c612102e30a681-0.107.1-es/data.json
[12:22:03.861] Using commit id "8b3775030ed1a69b13e4f4c628c612102e30a681" and quality "stable" for server
[12:22:03.863] Install and start server if needed
[12:22:03.865] askpass server listening on /run/user/1000/vscode-ssh-askpass-0eec032808722f69bead196c1a823d4e9cc263cc.sock
[12:22:03.865] Spawning local server with {"serverId":2,"ipcHandlePath":"/run/user/1000/vscode-ssh-askpass-18b1a6c9e50c7d3bdfd045fac77d1be0ab43a4c4.sock","sshCommand":"ssh","sshArgs":["-v","-T","-D","43545","-o","ConnectTimeout=15","senc.icmc.usp.br"],"serverDataFolderName":".vscode-server","dataFilePath":"/home/drdbrioso/.config/Code/User/globalStorage/ms-vscode-remote.remote-ssh/vscode-ssh-host-2f5e6878-8b3775030ed1a69b13e4f4c628c612102e30a681-0.107.1-es/data.json"}
[12:22:03.865] Local server env: {"SHELL":"/usr/bin/zsh","DISPLAY":":0","ELECTRON_RUN_AS_NODE":"1","SSH_ASKPASS":"/home/drdbrioso/.vscode/extensions/ms-vscode-remote.remote-ssh-0.107.1/out/local-server/askpass.sh","VSCODE_SSH_ASKPASS_NODE":"/home/drdbrioso/Downloads/code-stable-x64-1705560028/VSCode-linux-x64/code","VSCODE_SSH_ASKPASS_EXTRA_ARGS":"--ms-enable-electron-run-as-node","VSCODE_SSH_ASKPASS_MAIN":"/home/drdbrioso/.vscode/extensions/ms-vscode-remote.remote-ssh-0.107.1/out/askpass-main.js","VSCODE_SSH_ASKPASS_HANDLE":"/run/user/1000/vscode-ssh-askpass-0eec032808722f69bead196c1a823d4e9cc263cc.sock"}
[12:22:03.869] Spawned 29649
[12:22:03.968] > local-server-2> Running ssh connection command: "-v -T -D 43545 -o ConnectTimeout=15 senc.icmc.usp.br"
[12:22:03.972] > local-server-2> Spawned ssh, pid=29657
[12:22:19.130] stderr> ssh: connect to host senc.icmc.usp.br port 22: Connection timed out
[12:22:19.132] > local-server-2> ssh child died, shutting down
[12:22:19.144] Local server exit: 0
[12:22:19.145] Received install output: local-server-2> Running ssh connection command: "-v -T -D 43545 -o ConnectTimeout=15 senc.icmc.usp.br"
local-server-2> Spawned ssh, pid=29657
ssh: connect to host senc.icmc.usp.br port 22: Connection timed out
local-server-2> ssh child died, shutting down

[12:22:19.150] Exec server for ssh-remote+senc.icmc.usp.br failed: Error: The connection timed out
[12:22:19.151] Error opening exec server for ssh-remote+senc.icmc.usp.br: Error: The connection timed out
