[17:24:25.334] Log Level: 2
[17:24:25.340] VS Code version: 1.85.2
[17:24:25.340] Remote-SSH version: remote-ssh@0.108.2023112915
[17:24:25.340] linux x64
[17:24:25.342] SSH Resolver called for "ssh-remote+senc.icmc.usp.br", attempt 1
[17:24:25.342] "remote.SSH.useLocalServer": true
[17:24:25.342] "remote.SSH.useExecServer": false
[17:24:25.342] "remote.SSH.path": undefined
[17:24:25.342] "remote.SSH.configFile": undefined
[17:24:25.342] "remote.SSH.useFlock": true
[17:24:25.342] "remote.SSH.lockfilesInTmp": false
[17:24:25.342] "remote.SSH.localServerDownload": auto
[17:24:25.343] "remote.SSH.remoteServerListenOnSocket": false
[17:24:25.343] "remote.SSH.showLoginTerminal": false
[17:24:25.343] "remote.SSH.defaultExtensions": []
[17:24:25.343] "remote.SSH.loglevel": 2
[17:24:25.343] "remote.SSH.enableDynamicForwarding": true
[17:24:25.343] "remote.SSH.enableRemoteCommand": false
[17:24:25.343] "remote.SSH.serverPickPortsFromRange": {}
[17:24:25.343] "remote.SSH.serverInstallPath": {}
[17:24:25.350] SSH Resolver called for host: senc.icmc.usp.br
[17:24:25.350] Setting up SSH remote "senc.icmc.usp.br"
[17:24:25.351] Acquiring local install lock: /tmp/vscode-remote-ssh-2f5e6878-install.lock
[17:24:25.352] Looking for existing server data file at /home/drdbrioso/.config/Code/User/globalStorage/ms-vscode-remote.remote-ssh/vscode-ssh-host-2f5e6878-8b3775030ed1a69b13e4f4c628c612102e30a681-0.108.2023112915-tr/data.json
[17:24:25.353] Using commit id "8b3775030ed1a69b13e4f4c628c612102e30a681" and quality "stable" for server
[17:24:25.354] Install and start server if needed
[17:24:25.356] PATH: /usr/local/bin:/usr/bin:/usr/local/sbin:/opt/android-sdk/platform-tools:/var/lib/flatpak/exports/bin:/usr/lib/jvm/default/bin:/usr/bin/site_perl:/usr/bin/vendor_perl:/usr/bin/core_perl:/home/drdbrioso/.local/bin:/opt/android-sdk/platform-tools:/home/drdbrioso/.local/bin:/opt/nvim/:/home/drdbrioso/.local/bin
[17:24:25.356] Checking ssh with "ssh -V"
[17:24:25.363] > OpenSSH_10.0p2, OpenSSL 3.5.3 16 Sep 2025

[17:24:25.370] askpass server listening on /run/user/1000/vscode-ssh-askpass-b5f53f3d85d43119b3d3db2790e643258b8dfb16.sock
[17:24:25.370] Spawning local server with {"serverId":1,"ipcHandlePath":"/run/user/1000/vscode-ssh-askpass-e9d96706652d34fae8d76a529ebb738d40e804d6.sock","sshCommand":"ssh","sshArgs":["-v","-T","-D","41181","-o","ConnectTimeout=15","senc.icmc.usp.br"],"serverDataFolderName":".vscode-server","dataFilePath":"/home/drdbrioso/.config/Code/User/globalStorage/ms-vscode-remote.remote-ssh/vscode-ssh-host-2f5e6878-8b3775030ed1a69b13e4f4c628c612102e30a681-0.108.2023112915-tr/data.json"}
[17:24:25.371] Local server env: {"SHELL":"/usr/bin/zsh","DISPLAY":":0","ELECTRON_RUN_AS_NODE":"1","SSH_ASKPASS":"/home/drdbrioso/.vscode/extensions/ms-vscode-remote.remote-ssh-0.108.2023112915/out/local-server/askpass.sh","VSCODE_SSH_ASKPASS_NODE":"/home/drdbrioso/Desktop/code-stable-x64-1705560028/VSCode-linux-x64/code","VSCODE_SSH_ASKPASS_EXTRA_ARGS":"--ms-enable-electron-run-as-node","VSCODE_SSH_ASKPASS_MAIN":"/home/drdbrioso/.vscode/extensions/ms-vscode-remote.remote-ssh-0.108.2023112915/out/askpass-main.js","VSCODE_SSH_ASKPASS_HANDLE":"/run/user/1000/vscode-ssh-askpass-b5f53f3d85d43119b3d3db2790e643258b8dfb16.sock"}
[17:24:25.375] Spawned 31542
[17:24:25.462] > local-server-1> Running ssh connection command: "-v -T -D 41181 -o ConnectTimeout=15 senc.icmc.usp.br"
[17:24:25.466] > local-server-1> Spawned ssh, pid=31550
[17:24:25.849] stderr> debug1: Server host key: ssh-ed25519 SHA256:pVqYJ9se5EhmIAvOwtJIlmPU+tHanHbPTfdzOa8qTZ4
[17:24:26.939] Got askpass request: {"request":"web-senc@senc.icmc.usp.br's password:"}
[17:24:26.940] Showing password prompt
[17:24:26.941] Listening for interwindow password on /run/user/1000/vscode-ssh-askpass-bbac2d2fa5d060be98698147430f4ed33078f48a.sock
[17:24:26.941] Writing password prompt to globalState
[17:24:33.814] Got password response
[17:24:33.814] Interactor gave response: ***********
[17:24:33.815] Cleaning up other-window auth server
[17:24:33.883] stderr> Authenticated to senc.icmc.usp.br ([143.107.183.96]:22) using "password".
[17:24:36.278] > Welcome to Ubuntu 18.04.6 LTS (GNU/Linux 4.15.0-213-generic x86_64)
> 
>  * Documentation:  https://help.ubuntu.com
>  * Management:     https://landscape.canonical.com
>  * Support:        https://ubuntu.com/advantage
> 
>   System information as of Mon Oct 13 20:24:34 UTC 2025
> 
>   System load:  0.0                Processes:             173
>   Usage of /:   42.4% of 29.36GB   Users logged in:       0
>   Memory usage: 42%                IP address for ens192: 143.107.183.96
>   Swap usage:   11%
> 
> 
>  * Introducing Expanded Security Maintenance for Applications.
>    Receive updates to over 25,000 software packages with your
>    Ubuntu Pro subscription. Free for personal use.
> 
>      https://ubuntu.com/pro
> 
> 32 updates can be applied immediately.
> To see these additional updates run: apt list --upgradable
> 
> New release '20.04.6 LTS' available.
> Run 'do-release-upgrade' to upgrade to it.
> 
[17:24:36.386] > ready: 6c51dd429b0b
[17:24:36.410] > Linux 4.15.0-213-generic #224-Ubuntu SMP Mon Jun 19 13:30:12 UTC 2023
[17:24:36.411] Platform: linux
[17:24:38.084] > /bin/bash
[17:24:38.085] Shell: bash
[17:24:38.085] Creating bash subshell inside "bash"
[17:24:38.116] > bash version:  4.4.20(1)-release
[17:24:38.502] > 6c51dd429b0b: running
> Acquiring lock on /home/web-senc/.vscode-server/bin/8b3775030ed1a69b13e4f4c628c612102e30a681/vscode-remote-lock.web-senc.8b3775030ed1a69b13e4f4c628c612102e30a681
> Found existing installation at /home/web-senc/.vscode-server/bin/8b3775030ed1a69b13e4f4c628c612102e30a681...
> Checking /home/web-senc/.vscode-server/.8b3775030ed1a69b13e4f4c628c612102e30a681.log and /home/web-senc/.vscode-server/.8b3775030ed1a69b13e4f4c628c612102e30a681.pid for a running server
> Looking for server with pid: 356
> Found running server...
>  
> *
> * Visual Studio Code Server
> *
> * By using the software, you agree to
> * the Visual Studio Code Server License Terms (https://aka.ms/vscode-server-license) and
> * the Microsoft Privacy Statement (https://privacy.microsoft.com/en-US/privacystatement).
> *
>  
> Checking server status on port 39241 with wget
> 6c51dd429b0b: start
> SSH_AUTH_SOCK====
> DISPLAY====
> webUiAccessToken====
> listeningOn==39241==
> osReleaseId==ubuntu==
> arch==x86_64==
> vscodeArch==x64==
> bitness==64==
> tmpDir==/run/user/1001==
> platform==linux==
> unpackResult====
> didLocalDownload==0==
> downloadTime====
> installTime====
> extInstallTime====
> serverStartTime====
> connectionToken==a11a1111-1a11-11aa-a111-a1aaa11a11a1==
> 6c51dd429b0b: end
[17:24:38.503] Received install output: 
SSH_AUTH_SOCK====
DISPLAY====
webUiAccessToken====
listeningOn==39241==
osReleaseId==ubuntu==
arch==x86_64==
vscodeArch==x64==
bitness==64==
tmpDir==/run/user/1001==
platform==linux==
unpackResult====
didLocalDownload==0==
downloadTime====
installTime====
extInstallTime====
serverStartTime====
connectionToken==a11a1111-1a11-11aa-a111-a1aaa11a11a1==

[17:24:38.505] Remote server is listening on port 39241
[17:24:38.505] Parsed server configuration: {"serverConfiguration":{"remoteListeningOn":{"port":39241},"osReleaseId":"ubuntu","arch":"x86_64","webUiAccessToken":"","sshAuthSock":"","display":"","tmpDir":"/run/user/1001","platform":"linux","connectionToken":"a11a1111-1a11-11aa-a111-a1aaa11a11a1"},"installUnpackCode":""}
[17:24:38.507] Persisting server connection details to /home/drdbrioso/.config/Code/User/globalStorage/ms-vscode-remote.remote-ssh/vscode-ssh-host-2f5e6878-8b3775030ed1a69b13e4f4c628c612102e30a681-0.108.2023112915-tr/data.json
[17:24:38.513] Starting forwarding server. local port 44859 -> socksPort 41181 -> remotePort 39241
[17:24:38.515] Forwarding server listening on port 44859
[17:24:38.515] Waiting for ssh tunnel to be ready
[17:24:38.517] [Forwarding server port 44859] Got connection 0
[17:24:38.520] Tunneled port 39241 to local port 44859
[17:24:38.520] Resolved "ssh-remote+senc.icmc.usp.br" to "port 44859"
[17:24:38.549] ------




[17:24:38.564] [Forwarding server port 44859] Got connection 1
[17:24:38.916] [Forwarding server port 44859] Got connection 2
[17:46:36.291] [Forwarding server port 44859] Got connection 3
[17:46:37.061] ------




[17:46:37.062] SSH Resolver called for "ssh-remote+senc.icmc.usp.br", attempt 2, (Reconnection)
[17:46:37.064] SSH Resolver called for host: senc.icmc.usp.br
[17:46:37.064] Setting up SSH remote "senc.icmc.usp.br"
[17:46:37.068] Acquiring local install lock: /tmp/vscode-remote-ssh-2f5e6878-install.lock
[17:46:37.071] Looking for existing server data file at /home/drdbrioso/.config/Code/User/globalStorage/ms-vscode-remote.remote-ssh/vscode-ssh-host-2f5e6878-8b3775030ed1a69b13e4f4c628c612102e30a681-0.108.2023112915-tr/data.json
[17:46:37.073] Found local server running: {"remoteListeningOn":{"port":39241},"osReleaseId":"ubuntu","arch":"x86_64","webUiAccessToken":"","sshAuthSock":"","display":"","tmpDir":"/run/user/1001","platform":"linux","connectionToken":"a11a1111-1a11-11aa-a111-a1aaa11a11a1","pid":31542,"ipcHandlePath":"/run/user/1000/vscode-ssh-askpass-e9d96706652d34fae8d76a529ebb738d40e804d6.sock","socksPort":41181,"startupTime":1760387065375}
[17:46:37.073] Running server is stale. Ignoring
[17:46:37.075] Using commit id "8b3775030ed1a69b13e4f4c628c612102e30a681" and quality "stable" for server
[17:46:37.083] Install and start server if needed
[17:46:37.092] askpass server listening on /run/user/1000/vscode-ssh-askpass-c78e5c7ecdb86bfad6e6a50371a23fe61ad9bb5a.sock
[17:46:37.093] Spawning local server with {"serverId":2,"ipcHandlePath":"/run/user/1000/vscode-ssh-askpass-667fe8253714ba84c2d829d50f2b050780c22b77.sock","sshCommand":"ssh","sshArgs":["-v","-T","-D","41181","-o","ConnectTimeout=15","senc.icmc.usp.br"],"serverDataFolderName":".vscode-server","dataFilePath":"/home/drdbrioso/.config/Code/User/globalStorage/ms-vscode-remote.remote-ssh/vscode-ssh-host-2f5e6878-8b3775030ed1a69b13e4f4c628c612102e30a681-0.108.2023112915-tr/data.json"}
[17:46:37.093] Local server env: {"SHELL":"/usr/bin/zsh","DISPLAY":":0","ELECTRON_RUN_AS_NODE":"1","SSH_ASKPASS":"/home/drdbrioso/.vscode/extensions/ms-vscode-remote.remote-ssh-0.108.2023112915/out/local-server/askpass.sh","VSCODE_SSH_ASKPASS_NODE":"/home/drdbrioso/Desktop/code-stable-x64-1705560028/VSCode-linux-x64/code","VSCODE_SSH_ASKPASS_EXTRA_ARGS":"--ms-enable-electron-run-as-node","VSCODE_SSH_ASKPASS_MAIN":"/home/drdbrioso/.vscode/extensions/ms-vscode-remote.remote-ssh-0.108.2023112915/out/askpass-main.js","VSCODE_SSH_ASKPASS_HANDLE":"/run/user/1000/vscode-ssh-askpass-c78e5c7ecdb86bfad6e6a50371a23fe61ad9bb5a.sock"}
[17:46:37.097] Spawned 32461
[17:46:37.205] > local-server-2> Running ssh connection command: "-v -T -D 41181 -o ConnectTimeout=15 senc.icmc.usp.br"
[17:46:37.208] > local-server-2> Spawned ssh, pid=32469
[17:46:41.578] > local-server-1> Timed out
[17:46:41.586] Local server exit: 0
[17:46:52.559] stderr> Connection timed out during banner exchange
[17:46:52.559] stderr> Connection to 143.107.183.96 port 22 timed out
[17:46:52.561] > local-server-2> ssh child died, shutting down
[17:46:52.567] Local server exit: 0
[17:46:52.568] Received install output: local-server-2> Running ssh connection command: "-v -T -D 41181 -o ConnectTimeout=15 senc.icmc.usp.br"
local-server-2> Spawned ssh, pid=32469
Connection timed out during banner exchange
Connection to 143.107.183.96 port 22 timed out
local-server-2> ssh child died, shutting down

[17:46:52.571] Resolver error: Error: The connection timed out
	at g.Offline (/home/drdbrioso/.vscode/extensions/ms-vscode-remote.remote-ssh-0.108.2023112915/out/extension.js:2:642754)
	at /home/drdbrioso/.vscode/extensions/ms-vscode-remote.remote-ssh-0.108.2023112915/out/extension.js:2:638823
	at t.handleInstallOutput (/home/drdbrioso/.vscode/extensions/ms-vscode-remote.remote-ssh-0.108.2023112915/out/extension.js:2:639138)
	at e (/home/drdbrioso/.vscode/extensions/ms-vscode-remote.remote-ssh-0.108.2023112915/out/extension.js:2:700300)
	at process.processTicksAndRejections (node:internal/process/task_queues:95:5)
	at async /home/drdbrioso/.vscode/extensions/ms-vscode-remote.remote-ssh-0.108.2023112915/out/extension.js:2:722169
	at async t.withShowDetailsEvent (/home/drdbrioso/.vscode/extensions/ms-vscode-remote.remote-ssh-0.108.2023112915/out/extension.js:2:725828)
	at async /home/drdbrioso/.vscode/extensions/ms-vscode-remote.remote-ssh-0.108.2023112915/out/extension.js:2:697005
	at async C (/home/drdbrioso/.vscode/extensions/ms-vscode-remote.remote-ssh-0.108.2023112915/out/extension.js:2:695056)
	at async t.resolveWithLocalServer (/home/drdbrioso/.vscode/extensions/ms-vscode-remote.remote-ssh-0.108.2023112915/out/extension.js:2:696545)
	at async I (/home/drdbrioso/.vscode/extensions/ms-vscode-remote.remote-ssh-0.108.2023112915/out/extension.js:2:719392)
	at async t.resolve (/home/drdbrioso/.vscode/extensions/ms-vscode-remote.remote-ssh-0.108.2023112915/out/extension.js:2:723199)
	at async /home/drdbrioso/.vscode/extensions/ms-vscode-remote.remote-ssh-0.108.2023112915/out/extension.js:2:907012
[17:46:52.579] ------




[17:46:57.596] ------




[17:46:57.597] SSH Resolver called for "ssh-remote+senc.icmc.usp.br", attempt 3, (Reconnection)
[17:46:57.599] SSH Resolver called for host: senc.icmc.usp.br
[17:46:57.599] Setting up SSH remote "senc.icmc.usp.br"
[17:46:57.602] Acquiring local install lock: /tmp/vscode-remote-ssh-2f5e6878-install.lock
[17:46:57.602] Looking for existing server data file at /home/drdbrioso/.config/Code/User/globalStorage/ms-vscode-remote.remote-ssh/vscode-ssh-host-2f5e6878-8b3775030ed1a69b13e4f4c628c612102e30a681-0.108.2023112915-tr/data.json
[17:46:57.603] Using commit id "8b3775030ed1a69b13e4f4c628c612102e30a681" and quality "stable" for server
[17:46:57.607] Install and start server if needed
[17:46:57.616] askpass server listening on /run/user/1000/vscode-ssh-askpass-6586d550cf8467823a8027cdfb5d9a18bde67a69.sock
[17:46:57.617] Spawning local server with {"serverId":3,"ipcHandlePath":"/run/user/1000/vscode-ssh-askpass-0edb1056021359201abf12d2598a2a4246dd0648.sock","sshCommand":"ssh","sshArgs":["-v","-T","-D","41181","-o","ConnectTimeout=15","senc.icmc.usp.br"],"serverDataFolderName":".vscode-server","dataFilePath":"/home/drdbrioso/.config/Code/User/globalStorage/ms-vscode-remote.remote-ssh/vscode-ssh-host-2f5e6878-8b3775030ed1a69b13e4f4c628c612102e30a681-0.108.2023112915-tr/data.json"}
[17:46:57.617] Local server env: {"SHELL":"/usr/bin/zsh","DISPLAY":":0","ELECTRON_RUN_AS_NODE":"1","SSH_ASKPASS":"/home/drdbrioso/.vscode/extensions/ms-vscode-remote.remote-ssh-0.108.2023112915/out/local-server/askpass.sh","VSCODE_SSH_ASKPASS_NODE":"/home/drdbrioso/Desktop/code-stable-x64-1705560028/VSCode-linux-x64/code","VSCODE_SSH_ASKPASS_EXTRA_ARGS":"--ms-enable-electron-run-as-node","VSCODE_SSH_ASKPASS_MAIN":"/home/drdbrioso/.vscode/extensions/ms-vscode-remote.remote-ssh-0.108.2023112915/out/askpass-main.js","VSCODE_SSH_ASKPASS_HANDLE":"/run/user/1000/vscode-ssh-askpass-6586d550cf8467823a8027cdfb5d9a18bde67a69.sock"}
[17:46:57.624] Spawned 32478
[17:46:57.718] > local-server-3> Running ssh connection command: "-v -T -D 41181 -o ConnectTimeout=15 senc.icmc.usp.br"
[17:46:57.721] > local-server-3> Spawned ssh, pid=32486
[17:47:13.045] stderr> Connection timed out during banner exchange
[17:47:13.046] stderr> Connection to 143.107.183.96 port 22 timed out
[17:47:13.048] > local-server-3> ssh child died, shutting down
[17:47:13.054] Local server exit: 0
[17:47:13.055] Received install output: local-server-3> Running ssh connection command: "-v -T -D 41181 -o ConnectTimeout=15 senc.icmc.usp.br"
local-server-3> Spawned ssh, pid=32486
Connection timed out during banner exchange
Connection to 143.107.183.96 port 22 timed out
local-server-3> ssh child died, shutting down

[17:47:13.058] Resolver error: Error: The connection timed out
	at g.Offline (/home/drdbrioso/.vscode/extensions/ms-vscode-remote.remote-ssh-0.108.2023112915/out/extension.js:2:642754)
	at /home/drdbrioso/.vscode/extensions/ms-vscode-remote.remote-ssh-0.108.2023112915/out/extension.js:2:638823
	at t.handleInstallOutput (/home/drdbrioso/.vscode/extensions/ms-vscode-remote.remote-ssh-0.108.2023112915/out/extension.js:2:639138)
	at e (/home/drdbrioso/.vscode/extensions/ms-vscode-remote.remote-ssh-0.108.2023112915/out/extension.js:2:700300)
	at process.processTicksAndRejections (node:internal/process/task_queues:95:5)
	at async /home/drdbrioso/.vscode/extensions/ms-vscode-remote.remote-ssh-0.108.2023112915/out/extension.js:2:722169
	at async t.withShowDetailsEvent (/home/drdbrioso/.vscode/extensions/ms-vscode-remote.remote-ssh-0.108.2023112915/out/extension.js:2:725828)
	at async /home/drdbrioso/.vscode/extensions/ms-vscode-remote.remote-ssh-0.108.2023112915/out/extension.js:2:697005
	at async C (/home/drdbrioso/.vscode/extensions/ms-vscode-remote.remote-ssh-0.108.2023112915/out/extension.js:2:695056)
	at async t.resolveWithLocalServer (/home/drdbrioso/.vscode/extensions/ms-vscode-remote.remote-ssh-0.108.2023112915/out/extension.js:2:696545)
	at async I (/home/drdbrioso/.vscode/extensions/ms-vscode-remote.remote-ssh-0.108.2023112915/out/extension.js:2:719392)
	at async t.resolve (/home/drdbrioso/.vscode/extensions/ms-vscode-remote.remote-ssh-0.108.2023112915/out/extension.js:2:723199)
	at async /home/drdbrioso/.vscode/extensions/ms-vscode-remote.remote-ssh-0.108.2023112915/out/extension.js:2:907012
[17:47:13.062] ------




[17:47:18.091] ------




[17:47:18.092] SSH Resolver called for "ssh-remote+senc.icmc.usp.br", attempt 4, (Reconnection)
[17:47:18.095] SSH Resolver called for host: senc.icmc.usp.br
[17:47:18.096] Setting up SSH remote "senc.icmc.usp.br"
[17:47:18.098] Acquiring local install lock: /tmp/vscode-remote-ssh-2f5e6878-install.lock
[17:47:18.100] Looking for existing server data file at /home/drdbrioso/.config/Code/User/globalStorage/ms-vscode-remote.remote-ssh/vscode-ssh-host-2f5e6878-8b3775030ed1a69b13e4f4c628c612102e30a681-0.108.2023112915-tr/data.json
[17:47:18.102] Using commit id "8b3775030ed1a69b13e4f4c628c612102e30a681" and quality "stable" for server
[17:47:18.118] Install and start server if needed
[17:47:18.132] askpass server listening on /run/user/1000/vscode-ssh-askpass-d24908ac07096ae82ee9a094440aabae429e0149.sock
[17:47:18.133] Spawning local server with {"serverId":4,"ipcHandlePath":"/run/user/1000/vscode-ssh-askpass-bc00c5fcca58d7fa0350fe3b880d51f172a4d2ca.sock","sshCommand":"ssh","sshArgs":["-v","-T","-D","41181","-o","ConnectTimeout=15","senc.icmc.usp.br"],"serverDataFolderName":".vscode-server","dataFilePath":"/home/drdbrioso/.config/Code/User/globalStorage/ms-vscode-remote.remote-ssh/vscode-ssh-host-2f5e6878-8b3775030ed1a69b13e4f4c628c612102e30a681-0.108.2023112915-tr/data.json"}
[17:47:18.133] Local server env: {"SHELL":"/usr/bin/zsh","DISPLAY":":0","ELECTRON_RUN_AS_NODE":"1","SSH_ASKPASS":"/home/drdbrioso/.vscode/extensions/ms-vscode-remote.remote-ssh-0.108.2023112915/out/local-server/askpass.sh","VSCODE_SSH_ASKPASS_NODE":"/home/drdbrioso/Desktop/code-stable-x64-1705560028/VSCode-linux-x64/code","VSCODE_SSH_ASKPASS_EXTRA_ARGS":"--ms-enable-electron-run-as-node","VSCODE_SSH_ASKPASS_MAIN":"/home/drdbrioso/.vscode/extensions/ms-vscode-remote.remote-ssh-0.108.2023112915/out/askpass-main.js","VSCODE_SSH_ASKPASS_HANDLE":"/run/user/1000/vscode-ssh-askpass-d24908ac07096ae82ee9a094440aabae429e0149.sock"}
[17:47:18.143] Spawned 32550
[17:47:18.250] > local-server-4> Running ssh connection command: "-v -T -D 41181 -o ConnectTimeout=15 senc.icmc.usp.br"
[17:47:18.254] > local-server-4> Spawned ssh, pid=32566
