[12:20:41.269] Log Level: 2
[12:20:41.279] SSH Resolver called for "ssh-remote+senc.icmc.usp.br", attempt 1
[12:20:41.279] "remote.SSH.useLocalServer": true
[12:20:41.279] "remote.SSH.useExecServer": false
[12:20:41.279] "remote.SSH.path": undefined
[12:20:41.279] "remote.SSH.configFile": undefined
[12:20:41.279] "remote.SSH.useFlock": true
[12:20:41.279] "remote.SSH.lockfilesInTmp": false
[12:20:41.279] "remote.SSH.localServerDownload": auto
[12:20:41.280] "remote.SSH.remoteServerListenOnSocket": false
[12:20:41.280] "remote.SSH.showLoginTerminal": false
[12:20:41.280] "remote.SSH.defaultExtensions": []
[12:20:41.280] "remote.SSH.loglevel": 2
[12:20:41.280] "remote.SSH.enableDynamicForwarding": true
[12:20:41.280] "remote.SSH.enableRemoteCommand": false
[12:20:41.280] "remote.SSH.serverPickPortsFromRange": {}
[12:20:41.280] "remote.SSH.serverInstallPath": {}
[12:20:41.285] VS Code version: 1.85.2
[12:20:41.285] Remote-SSH version: remote-ssh@0.107.1
[12:20:41.285] linux x64
[12:20:41.286] SSH Resolver called for host: senc.icmc.usp.br
[12:20:41.286] Setting up SSH remote "senc.icmc.usp.br"
[12:20:41.289] Acquiring local install lock: /tmp/vscode-remote-ssh-2f5e6878-install.lock
[12:20:41.290] Looking for existing server data file at /home/drdbrioso/.config/Code/User/globalStorage/ms-vscode-remote.remote-ssh/vscode-ssh-host-2f5e6878-8b3775030ed1a69b13e4f4c628c612102e30a681-0.107.1-tr/data.json
[12:20:41.291] Using commit id "8b3775030ed1a69b13e4f4c628c612102e30a681" and quality "stable" for server
[12:20:41.294] Install and start server if needed
[12:20:41.296] PATH: /usr/local/bin:/usr/bin:/usr/local/sbin:/var/lib/flatpak/exports/bin:/usr/bin/site_perl:/usr/bin/vendor_perl:/usr/bin/core_perl:/opt/nvim/
[12:20:41.296] Checking ssh with "ssh -V"
[12:20:41.302] > OpenSSH_10.0p2, OpenSSL 3.5.1 1 Jul 2025

[12:20:41.304] askpass server listening on /run/user/1000/vscode-ssh-askpass-1e9c8c67474db54e9e27ea9f00f995b4401d2d34.sock
[12:20:41.304] Spawning local server with {"serverId":1,"ipcHandlePath":"/run/user/1000/vscode-ssh-askpass-09478b7acf6d586376e6ff4aa004fdd3575e7166.sock","sshCommand":"ssh","sshArgs":["-v","-T","-D","36547","-o","ConnectTimeout=15","senc.icmc.usp.br"],"serverDataFolderName":".vscode-server","dataFilePath":"/home/drdbrioso/.config/Code/User/globalStorage/ms-vscode-remote.remote-ssh/vscode-ssh-host-2f5e6878-8b3775030ed1a69b13e4f4c628c612102e30a681-0.107.1-tr/data.json"}
[12:20:41.304] Local server env: {"SHELL":"/usr/bin/zsh","DISPLAY":":0","ELECTRON_RUN_AS_NODE":"1","SSH_ASKPASS":"/home/drdbrioso/.vscode/extensions/ms-vscode-remote.remote-ssh-0.107.1/out/local-server/askpass.sh","VSCODE_SSH_ASKPASS_NODE":"/home/drdbrioso/Downloads/code-stable-x64-1705560028/VSCode-linux-x64/code","VSCODE_SSH_ASKPASS_EXTRA_ARGS":"--ms-enable-electron-run-as-node","VSCODE_SSH_ASKPASS_MAIN":"/home/drdbrioso/.vscode/extensions/ms-vscode-remote.remote-ssh-0.107.1/out/askpass-main.js","VSCODE_SSH_ASKPASS_HANDLE":"/run/user/1000/vscode-ssh-askpass-1e9c8c67474db54e9e27ea9f00f995b4401d2d34.sock"}
[12:20:41.308] Spawned 28691
[12:20:41.413] > local-server-1> Running ssh connection command: "-v -T -D 36547 -o ConnectTimeout=15 senc.icmc.usp.br"
[12:20:41.418] > local-server-1> Spawned ssh, pid=28699
[12:20:56.513] stderr> ssh: connect to host senc.icmc.usp.br port 22: Connection timed out
[12:20:56.516] > local-server-1> ssh child died, shutting down
[12:20:56.528] Local server exit: 0
[12:20:56.529] Received install output: local-server-1> Running ssh connection command: "-v -T -D 36547 -o ConnectTimeout=15 senc.icmc.usp.br"
local-server-1> Spawned ssh, pid=28699
ssh: connect to host senc.icmc.usp.br port 22: Connection timed out
local-server-1> ssh child died, shutting down

[12:20:56.538] Resolver error: Error: The connection timed out
	at g.Offline (/home/drdbrioso/.vscode/extensions/ms-vscode-remote.remote-ssh-0.107.1/out/extension.js:2:642754)
	at /home/drdbrioso/.vscode/extensions/ms-vscode-remote.remote-ssh-0.107.1/out/extension.js:2:638823
	at t.handleInstallOutput (/home/drdbrioso/.vscode/extensions/ms-vscode-remote.remote-ssh-0.107.1/out/extension.js:2:639138)
	at e (/home/drdbrioso/.vscode/extensions/ms-vscode-remote.remote-ssh-0.107.1/out/extension.js:2:700300)
	at process.processTicksAndRejections (node:internal/process/task_queues:95:5)
	at async /home/drdbrioso/.vscode/extensions/ms-vscode-remote.remote-ssh-0.107.1/out/extension.js:2:722169
	at async t.withShowDetailsEvent (/home/drdbrioso/.vscode/extensions/ms-vscode-remote.remote-ssh-0.107.1/out/extension.js:2:725828)
	at async /home/drdbrioso/.vscode/extensions/ms-vscode-remote.remote-ssh-0.107.1/out/extension.js:2:697005
	at async C (/home/drdbrioso/.vscode/extensions/ms-vscode-remote.remote-ssh-0.107.1/out/extension.js:2:695056)
	at async t.resolveWithLocalServer (/home/drdbrioso/.vscode/extensions/ms-vscode-remote.remote-ssh-0.107.1/out/extension.js:2:696545)
	at async I (/home/drdbrioso/.vscode/extensions/ms-vscode-remote.remote-ssh-0.107.1/out/extension.js:2:719392)
	at async t.resolve (/home/drdbrioso/.vscode/extensions/ms-vscode-remote.remote-ssh-0.107.1/out/extension.js:2:723199)
	at async /home/drdbrioso/.vscode/extensions/ms-vscode-remote.remote-ssh-0.107.1/out/extension.js:2:907003
[12:20:56.554] ------




[12:20:56.818] Opening exec server for ssh-remote+senc.icmc.usp.br
[12:20:56.866] Initizing new exec server for ssh-remote+senc.icmc.usp.br
[12:20:56.888] Acquiring local install lock: /tmp/vscode-remote-ssh-2f5e6878-install.lock
[12:20:56.890] Looking for existing server data file at /home/drdbrioso/.config/Code/User/globalStorage/ms-vscode-remote.remote-ssh/vscode-ssh-host-2f5e6878-8b3775030ed1a69b13e4f4c628c612102e30a681-0.107.1-es/data.json
[12:20:56.892] Using commit id "8b3775030ed1a69b13e4f4c628c612102e30a681" and quality "stable" for server
[12:20:56.895] Install and start server if needed
[12:20:56.899] askpass server listening on /run/user/1000/vscode-ssh-askpass-def0c59ab6f2741bad2085e7caea810961a086fe.sock
[12:20:56.899] Spawning local server with {"serverId":2,"ipcHandlePath":"/run/user/1000/vscode-ssh-askpass-522cbaff7d010e2fb76ebe60be917f3f699ca1b6.sock","sshCommand":"ssh","sshArgs":["-v","-T","-D","35121","-o","ConnectTimeout=15","senc.icmc.usp.br"],"serverDataFolderName":".vscode-server","dataFilePath":"/home/drdbrioso/.config/Code/User/globalStorage/ms-vscode-remote.remote-ssh/vscode-ssh-host-2f5e6878-8b3775030ed1a69b13e4f4c628c612102e30a681-0.107.1-es/data.json"}
[12:20:56.900] Local server env: {"SHELL":"/usr/bin/zsh","DISPLAY":":0","ELECTRON_RUN_AS_NODE":"1","SSH_ASKPASS":"/home/drdbrioso/.vscode/extensions/ms-vscode-remote.remote-ssh-0.107.1/out/local-server/askpass.sh","VSCODE_SSH_ASKPASS_NODE":"/home/drdbrioso/Downloads/code-stable-x64-1705560028/VSCode-linux-x64/code","VSCODE_SSH_ASKPASS_EXTRA_ARGS":"--ms-enable-electron-run-as-node","VSCODE_SSH_ASKPASS_MAIN":"/home/drdbrioso/.vscode/extensions/ms-vscode-remote.remote-ssh-0.107.1/out/askpass-main.js","VSCODE_SSH_ASKPASS_HANDLE":"/run/user/1000/vscode-ssh-askpass-def0c59ab6f2741bad2085e7caea810961a086fe.sock"}
[12:20:56.905] Spawned 28756
[12:20:57.011] > local-server-2> Running ssh connection command: "-v -T -D 35121 -o ConnectTimeout=15 senc.icmc.usp.br"
[12:20:57.014] > local-server-2> Spawned ssh, pid=28764
[12:21:12.040] stderr> ssh: connect to host senc.icmc.usp.br port 22: Connection timed out
[12:21:12.043] > local-server-2> ssh child died, shutting down
[12:21:12.052] Local server exit: 0
[12:21:12.053] Received install output: local-server-2> Running ssh connection command: "-v -T -D 35121 -o ConnectTimeout=15 senc.icmc.usp.br"
local-server-2> Spawned ssh, pid=28764
ssh: connect to host senc.icmc.usp.br port 22: Connection timed out
local-server-2> ssh child died, shutting down

[12:21:12.055] Exec server for ssh-remote+senc.icmc.usp.br failed: Error: The connection timed out
[12:21:12.056] Error opening exec server for ssh-remote+senc.icmc.usp.br: Error: The connection timed out
