[15:59:29.994] Log Level: 2
[15:59:30.008] SSH Resolver called for "ssh-remote+senc.icmc.usp.br", attempt 1
[15:59:30.008] "remote.SSH.useLocalServer": true
[15:59:30.009] "remote.SSH.useExecServer": false
[15:59:30.009] "remote.SSH.path": undefined
[15:59:30.009] "remote.SSH.configFile": undefined
[15:59:30.009] "remote.SSH.useFlock": true
[15:59:30.009] "remote.SSH.lockfilesInTmp": false
[15:59:30.009] "remote.SSH.localServerDownload": auto
[15:59:30.009] "remote.SSH.remoteServerListenOnSocket": false
[15:59:30.010] "remote.SSH.showLoginTerminal": false
[15:59:30.010] "remote.SSH.defaultExtensions": []
[15:59:30.010] "remote.SSH.loglevel": 2
[15:59:30.010] "remote.SSH.enableDynamicForwarding": true
[15:59:30.010] "remote.SSH.enableRemoteCommand": false
[15:59:30.010] "remote.SSH.serverPickPortsFromRange": {}
[15:59:30.010] "remote.SSH.serverInstallPath": {}
[15:59:30.012] VS Code version: 1.85.2
[15:59:30.013] Remote-SSH version: remote-ssh@0.108.2023112915
[15:59:30.013] linux x64
[15:59:30.015] SSH Resolver called for host: senc.icmc.usp.br
[15:59:30.015] Setting up SSH remote "senc.icmc.usp.br"
[15:59:30.018] Acquiring local install lock: /tmp/vscode-remote-ssh-2f5e6878-install.lock
[15:59:30.022] Looking for existing server data file at /home/drdbrioso/.config/Code/User/globalStorage/ms-vscode-remote.remote-ssh/vscode-ssh-host-2f5e6878-8b3775030ed1a69b13e4f4c628c612102e30a681-0.108.2023112915-tr/data.json
[15:59:30.022] Using commit id "8b3775030ed1a69b13e4f4c628c612102e30a681" and quality "stable" for server
[15:59:30.024] Install and start server if needed
[15:59:30.026] PATH: /usr/local/bin:/usr/bin:/usr/local/sbin:/opt/android-sdk/platform-tools:/var/lib/flatpak/exports/bin:/usr/lib/jvm/default/bin:/usr/bin/site_perl:/usr/bin/vendor_perl:/usr/bin/core_perl:/home/drdbrioso/.local/bin:/opt/android-sdk/platform-tools:/home/drdbrioso/.local/bin:/opt/nvim/:/home/drdbrioso/.local/bin
[15:59:30.026] Checking ssh with "ssh -V"
[15:59:30.035] > OpenSSH_10.0p2, OpenSSL 3.5.3 16 Sep 2025

[15:59:30.038] askpass server listening on /run/user/1000/vscode-ssh-askpass-a39b25f50ee5b96cdcc3d2b7fb4f34ca7cd6d67a.sock
[15:59:30.038] Spawning local server with {"serverId":1,"ipcHandlePath":"/run/user/1000/vscode-ssh-askpass-64b6002da64c9fa3bceda02be4f7a9631cc7a5ae.sock","sshCommand":"ssh","sshArgs":["-v","-T","-D","37955","-o","ConnectTimeout=15","senc.icmc.usp.br"],"serverDataFolderName":".vscode-server","dataFilePath":"/home/drdbrioso/.config/Code/User/globalStorage/ms-vscode-remote.remote-ssh/vscode-ssh-host-2f5e6878-8b3775030ed1a69b13e4f4c628c612102e30a681-0.108.2023112915-tr/data.json"}
[15:59:30.038] Local server env: {"SHELL":"/usr/bin/zsh","DISPLAY":":0","ELECTRON_RUN_AS_NODE":"1","SSH_ASKPASS":"/home/drdbrioso/.vscode/extensions/ms-vscode-remote.remote-ssh-0.108.2023112915/out/local-server/askpass.sh","VSCODE_SSH_ASKPASS_NODE":"/home/drdbrioso/Desktop/code-stable-x64-1705560028/VSCode-linux-x64/code","VSCODE_SSH_ASKPASS_EXTRA_ARGS":"--ms-enable-electron-run-as-node","VSCODE_SSH_ASKPASS_MAIN":"/home/drdbrioso/.vscode/extensions/ms-vscode-remote.remote-ssh-0.108.2023112915/out/askpass-main.js","VSCODE_SSH_ASKPASS_HANDLE":"/run/user/1000/vscode-ssh-askpass-a39b25f50ee5b96cdcc3d2b7fb4f34ca7cd6d67a.sock"}
[15:59:30.042] Spawned 21490
[15:59:30.129] > local-server-1> Running ssh connection command: "-v -T -D 37955 -o ConnectTimeout=15 senc.icmc.usp.br"
[15:59:30.131] > local-server-1> Spawned ssh, pid=21498
[15:59:47.044] Terminating local server
[15:59:47.053] Resolver error: Error: Connecting with SSH timed out
	at g.Timeout (/home/drdbrioso/.vscode/extensions/ms-vscode-remote.remote-ssh-0.108.2023112915/out/extension.js:2:642829)
	at Timeout._onTimeout (/home/drdbrioso/.vscode/extensions/ms-vscode-remote.remote-ssh-0.108.2023112915/out/extension.js:2:707323)
	at listOnTimeout (node:internal/timers:569:17)
	at process.processTimers (node:internal/timers:512:7)
[15:59:47.058] Local server exit: 15
[15:59:47.071] ------




