2025-10-13 15:56:55.494 [info] update#setState idle
2025-10-13 15:57:11.318 [info] Extension host with pid 20423 exited with code: 0, signal: unknown.
2025-10-13 15:57:25.498 [info] update#setState checking for updates
2025-10-13 15:57:25.509 [info] update#setState available for download
2025-10-13 15:57:36.351 [info] Extension host with pid 20581 exited with code: 0, signal: unknown.
2025-10-13 15:57:37.351 [error] Extension host with pid 20581 still exists, forcefully killing it...
2025-10-13 15:58:14.282 [info] Extension host with pid 20665 exited with code: 0, signal: unknown.
2025-10-13 15:58:14.286 [error] [UtilityProcessWorker]: terminated unexpectedly with code 15, signal: unknown
2025-10-13 15:58:14.286 [error] [UtilityProcess id: 3, type: fileWatcher, pid: 20664]: crashed with code 15 and reason 'killed'
2025-10-13 15:58:59.784 [info] Extension host with pid 21209 exited with code: 0, signal: unknown.
2025-10-13 15:59:29.418 [info] Extension host with pid 21385 exited with code: 0, signal: unknown.
2025-10-13 15:59:29.421 [error] [UtilityProcessWorker]: terminated unexpectedly with code 15, signal: unknown
2025-10-13 15:59:29.421 [error] [UtilityProcess id: 3, type: fileWatcher, pid: 21413]: crashed with code 15 and reason 'killed'
2025-10-13 16:00:00.775 [info] Extension host with pid 21471 exited with code: 0, signal: unknown.
2025-10-13 16:00:00.778 [error] [UtilityProcess id: 3, type: fileWatcher, pid: 21501]: crashed with code 15 and reason 'killed'
2025-10-13 16:45:05.441 [info] Extension host with pid 21613 exited with code: 0, signal: unknown.
2025-10-13 16:45:05.445 [error] [UtilityProcessWorker]: terminated unexpectedly with code 15, signal: unknown
2025-10-13 16:45:05.445 [error] [UtilityProcess id: 3, type: fileWatcher, pid: 21653]: crashed with code 15 and reason 'killed'
2025-10-13 16:45:23.886 [info] Extension host with pid 27112 exited with code: 0, signal: unknown.
2025-10-13 16:45:23.891 [error] [UtilityProcessWorker]: terminated unexpectedly with code 15, signal: unknown
2025-10-13 16:45:23.892 [error] [UtilityProcess id: 3, type: fileWatcher, pid: 27142]: crashed with code 15 and reason 'killed'
2025-10-13 16:45:24.887 [error] Extension host with pid 27112 still exists, forcefully killing it...
2025-10-13 16:45:43.430 [info] Extension host with pid 27181 exited with code: 0, signal: unknown.
2025-10-13 17:23:09.951 [info] Extension host with pid 27306 exited with code: 0, signal: unknown.
2025-10-13 17:23:10.954 [error] Extension host with pid 27306 still exists, forcefully killing it...
2025-10-13 17:23:29.287 [info] Extension host with pid 31369 exited with code: 0, signal: unknown.
2025-10-13 17:24:24.732 [info] Extension host with pid 31418 exited with code: 0, signal: unknown.
2025-10-13 17:24:24.739 [error] [UtilityProcessWorker]: terminated unexpectedly with code 15, signal: unknown
2025-10-13 17:24:24.740 [error] [UtilityProcess id: 3, type: fileWatcher, pid: 31449]: crashed with code 15 and reason 'killed'
2025-10-13 17:47:31.660 [info] Extension host with pid 31522 exited with code: 0, signal: unknown.
2025-10-13 17:48:05.980 [info] Extension host with pid 32578 exited with code: 0, signal: unknown.
2025-10-13 17:48:47.260 [info] Extension host with pid 32643 exited with code: 0, signal: unknown.
2025-10-13 17:48:47.272 [error] [UtilityProcessWorker]: terminated unexpectedly with code 15, signal: unknown
2025-10-13 17:48:47.273 [error] [UtilityProcess id: 3, type: fileWatcher, pid: 32671]: crashed with code 15 and reason 'killed'
2025-10-13 17:48:48.260 [error] Extension host with pid 32643 still exists, forcefully killing it...
2025-10-13 17:49:16.363 [info] Extension host with pid 32721 exited with code: 0, signal: unknown.
2025-10-13 17:49:16.367 [error] [UtilityProcessWorker]: terminated unexpectedly with code 15, signal: unknown
2025-10-13 17:49:16.368 [error] [UtilityProcess id: 3, type: fileWatcher, pid: 32748]: crashed with code 15 and reason 'killed'
2025-10-13 18:04:13.011 [info] Extension host with pid 32828 exited with code: 0, signal: unknown.
2025-10-13 18:04:13.773 [info] Extension host with pid 20457 exited with code: 0, signal: unknown.
