2025-10-17 16:37:57.234 [warning] Via 'product.json#extensionEnabledApiProposals' extension 'ms-python.python' wants API proposal 'registerIssueDataProvider' but that proposal DOES NOT EXIST. Likely, the proposal has been finalized (check 'vscode.d.ts') or was abandoned.
2025-10-17 16:37:57.432 [info] Invoking resolveAuthority(ssh-remote)...
2025-10-17 16:37:57.432 [info] [LocalProcess0][resolveAuthority(ssh-remote,1)][0ms] obtaining proxy...
2025-10-17 16:37:57.461 [info] Started local extension host with pid 24790.
2025-10-17 16:37:57.682 [info] [LocalProcess0][resolveAuthority(ssh-remote,1)][250ms] invoking...
2025-10-17 16:37:58.684 [info] [LocalProcess0][resolveAuthority(ssh-remote,1)][1250ms] waiting...
2025-10-17 16:37:59.684 [info] [LocalProcess0][resolveAuthority(ssh-remote,1)][2250ms] waiting...
2025-10-17 16:38:00.520 [error] [/home/drdbrioso/.vscode/extensions/ms-toolsai.vscode-jupyter-cell-tags-0.1.9]: Extension is not compatible with Code 1.85.2. Extension requires: ^1.88.0.
2025-10-17 16:38:00.522 [error] [/home/drdbrioso/.vscode/extensions/ms-toolsai.vscode-jupyter-slideshow-0.1.6]: Extension is not compatible with Code 1.85.2. Extension requires: ^1.88.0.
2025-10-17 16:38:00.522 [error] [/home/drdbrioso/.vscode/extensions/ms-toolsai.jupyter-renderers-1.3.0]: Extension is not compatible with Code 1.85.2. Extension requires: ^1.95.0.
2025-10-17 16:38:00.574 [error] [/home/drdbrioso/.vscode/extensions/ms-vscode.remote-server-1.5.3]: Extension is not compatible with Code 1.85.2. Extension requires: ^1.87.0.
2025-10-17 16:38:00.577 [error] [/home/drdbrioso/.vscode/extensions/ms-vscode.remote-explorer-0.5.0]: Extension is not compatible with Code 1.85.2. Extension requires: ^1.87.0.
2025-10-17 16:38:00.577 [error] [/home/drdbrioso/.vscode/extensions/ms-vscode-remote.remote-containers-0.427.0]: Extension is not compatible with Code 1.85.2. Extension requires: ^1.99.0.
2025-10-17 16:38:00.577 [error] [/home/drdbrioso/.vscode/extensions/ms-python.vscode-python-envs-1.8.0-linux-x64]: Extension is not compatible with Code 1.85.2. Extension requires: ^1.104.0-20250815.
2025-10-17 16:38:00.577 [error] [/home/drdbrioso/.vscode/extensions/ms-vscode-remote.remote-wsl-0.104.3]: Extension is not compatible with Code 1.85.2. Extension requires: ^1.104.0.
2025-10-17 16:38:00.578 [error] [/home/drdbrioso/.vscode/extensions/ms-python.debugpy-2025.10.0-linux-x64]: Extension is not compatible with Code 1.85.2. Extension requires: ^1.92.0.
2025-10-17 16:38:00.578 [error] [/home/drdbrioso/.vscode/extensions/ms-python.python-2025.14.0-linux-x64]: Extension is not compatible with Code 1.85.2. Extension requires: ^1.95.0.
2025-10-17 16:38:00.578 [error] [/home/drdbrioso/.vscode/extensions/ms-python.vscode-pylance-2025.8.3]: Extension is not compatible with Code 1.85.2. Extension requires: ^1.101.0.
2025-10-17 16:38:00.700 [info] [LocalProcess0][resolveAuthority(ssh-remote,1)][3267ms] waiting...
2025-10-17 16:38:01.683 [info] [LocalProcess0][resolveAuthority(ssh-remote,1)][4250ms] waiting...
2025-10-17 16:38:02.684 [info] [LocalProcess0][resolveAuthority(ssh-remote,1)][5250ms] waiting...
2025-10-17 16:38:03.684 [info] [LocalProcess0][resolveAuthority(ssh-remote,1)][6250ms] waiting...
2025-10-17 16:38:04.684 [info] [LocalProcess0][resolveAuthority(ssh-remote,1)][7250ms] waiting...
2025-10-17 16:38:05.684 [info] [LocalProcess0][resolveAuthority(ssh-remote,1)][8250ms] waiting...
2025-10-17 16:38:06.684 [info] [LocalProcess0][resolveAuthority(ssh-remote,1)][9250ms] waiting...
2025-10-17 16:38:07.684 [info] [LocalProcess0][resolveAuthority(ssh-remote,1)][10250ms] waiting...
2025-10-17 16:38:08.684 [info] [LocalProcess0][resolveAuthority(ssh-remote,1)][11250ms] waiting...
2025-10-17 16:38:09.684 [info] [LocalProcess0][resolveAuthority(ssh-remote,1)][12250ms] waiting...
2025-10-17 16:38:10.684 [info] [LocalProcess0][resolveAuthority(ssh-remote,1)][13250ms] waiting...
2025-10-17 16:38:11.684 [info] [LocalProcess0][resolveAuthority(ssh-remote,1)][14250ms] waiting...
2025-10-17 16:38:12.684 [info] [LocalProcess0][resolveAuthority(ssh-remote,1)][15250ms] waiting...
2025-10-17 16:38:13.684 [info] [LocalProcess0][resolveAuthority(ssh-remote,1)][16250ms] waiting...
2025-10-17 16:38:14.684 [info] [LocalProcess0][resolveAuthority(ssh-remote,1)][17250ms] waiting...
2025-10-17 16:38:15.684 [info] [LocalProcess0][resolveAuthority(ssh-remote,1)][18250ms] waiting...
2025-10-17 16:38:16.684 [info] [LocalProcess0][resolveAuthority(ssh-remote,1)][19250ms] waiting...
2025-10-17 16:38:17.684 [info] [LocalProcess0][resolveAuthority(ssh-remote,1)][20250ms] waiting...
2025-10-17 16:38:18.684 [info] [LocalProcess0][resolveAuthority(ssh-remote,1)][21250ms] waiting...
2025-10-17 16:38:19.684 [info] [LocalProcess0][resolveAuthority(ssh-remote,1)][22250ms] waiting...
2025-10-17 16:38:20.683 [info] [LocalProcess0][resolveAuthority(ssh-remote,1)][23250ms] waiting...
2025-10-17 16:38:21.705 [info] [LocalProcess0][resolveAuthority(ssh-remote,1)][24250ms] waiting...
2025-10-17 16:38:22.684 [info] [LocalProcess0][resolveAuthority(ssh-remote,1)][25250ms] waiting...
2025-10-17 16:38:23.684 [info] [LocalProcess0][resolveAuthority(ssh-remote,1)][26250ms] waiting...
2025-10-17 16:38:24.683 [info] [LocalProcess0][resolveAuthority(ssh-remote,1)][27250ms] waiting...
2025-10-17 16:38:25.684 [info] [LocalProcess0][resolveAuthority(ssh-remote,1)][28250ms] waiting...
2025-10-17 16:38:26.684 [info] [LocalProcess0][resolveAuthority(ssh-remote,1)][29250ms] waiting...
2025-10-17 16:38:27.684 [info] [LocalProcess0][resolveAuthority(ssh-remote,1)][30251ms] waiting...
2025-10-17 16:38:28.684 [info] [LocalProcess0][resolveAuthority(ssh-remote,1)][31250ms] waiting...
2025-10-17 16:38:29.684 [info] [LocalProcess0][resolveAuthority(ssh-remote,1)][32250ms] waiting...
2025-10-17 16:38:30.684 [info] [LocalProcess0][resolveAuthority(ssh-remote,1)][33250ms] waiting...
2025-10-17 16:38:31.684 [info] [LocalProcess0][resolveAuthority(ssh-remote,1)][34250ms] waiting...
2025-10-17 16:38:32.684 [info] [LocalProcess0][resolveAuthority(ssh-remote,1)][35250ms] waiting...
2025-10-17 16:38:33.684 [info] [LocalProcess0][resolveAuthority(ssh-remote,1)][36250ms] waiting...
2025-10-17 16:38:34.684 [info] [LocalProcess0][resolveAuthority(ssh-remote,1)][37250ms] waiting...
2025-10-17 16:38:35.684 [info] [LocalProcess0][resolveAuthority(ssh-remote,1)][38250ms] waiting...
2025-10-17 16:38:36.684 [info] [LocalProcess0][resolveAuthority(ssh-remote,1)][39250ms] waiting...
2025-10-17 16:38:37.685 [info] [LocalProcess0][resolveAuthority(ssh-remote,1)][40252ms] waiting...
2025-10-17 16:38:38.684 [info] [LocalProcess0][resolveAuthority(ssh-remote,1)][41250ms] waiting...
2025-10-17 16:38:39.684 [info] [LocalProcess0][resolveAuthority(ssh-remote,1)][42250ms] waiting...
2025-10-17 16:38:40.684 [info] [LocalProcess0][resolveAuthority(ssh-remote,1)][43250ms] waiting...
2025-10-17 16:38:41.683 [info] [LocalProcess0][resolveAuthority(ssh-remote,1)][44250ms] waiting...
2025-10-17 16:38:42.684 [info] [LocalProcess0][resolveAuthority(ssh-remote,1)][45250ms] waiting...
2025-10-17 16:38:43.684 [info] [LocalProcess0][resolveAuthority(ssh-remote,1)][46250ms] waiting...
2025-10-17 16:38:44.683 [info] [LocalProcess0][resolveAuthority(ssh-remote,1)][47250ms] waiting...
2025-10-17 16:38:45.684 [info] [LocalProcess0][resolveAuthority(ssh-remote,1)][48250ms] waiting...
2025-10-17 16:38:46.685 [info] [LocalProcess0][resolveAuthority(ssh-remote,1)][49250ms] waiting...
2025-10-17 16:38:47.684 [info] [LocalProcess0][resolveAuthority(ssh-remote,1)][50250ms] waiting...
2025-10-17 16:38:48.684 [info] [LocalProcess0][resolveAuthority(ssh-remote,1)][51251ms] waiting...
2025-10-17 16:38:49.684 [info] [LocalProcess0][resolveAuthority(ssh-remote,1)][52250ms] waiting...
2025-10-17 16:38:50.684 [info] [LocalProcess0][resolveAuthority(ssh-remote,1)][53250ms] waiting...
2025-10-17 16:38:51.684 [info] [LocalProcess0][resolveAuthority(ssh-remote,1)][54250ms] waiting...
2025-10-17 16:38:52.684 [info] [LocalProcess0][resolveAuthority(ssh-remote,1)][55250ms] waiting...
2025-10-17 16:38:53.683 [info] [LocalProcess0][resolveAuthority(ssh-remote,1)][56250ms] waiting...
2025-10-17 16:38:54.683 [info] [LocalProcess0][resolveAuthority(ssh-remote,1)][57250ms] waiting...
2025-10-17 16:38:55.683 [info] [LocalProcess0][resolveAuthority(ssh-remote,1)][58250ms] waiting...
2025-10-17 16:38:56.683 [info] [LocalProcess0][resolveAuthority(ssh-remote,1)][59250ms] waiting...
2025-10-17 16:38:57.684 [info] [LocalProcess0][resolveAuthority(ssh-remote,1)][60250ms] waiting...
2025-10-17 16:38:58.684 [info] [LocalProcess0][resolveAuthority(ssh-remote,1)][61251ms] waiting...
2025-10-17 16:38:59.683 [info] [LocalProcess0][resolveAuthority(ssh-remote,1)][62250ms] waiting...
2025-10-17 16:39:00.683 [info] [LocalProcess0][resolveAuthority(ssh-remote,1)][63250ms] waiting...
2025-10-17 16:39:01.684 [info] [LocalProcess0][resolveAuthority(ssh-remote,1)][64250ms] waiting...
2025-10-17 16:39:02.683 [info] [LocalProcess0][resolveAuthority(ssh-remote,1)][65250ms] waiting...
2025-10-17 16:39:03.683 [info] [LocalProcess0][resolveAuthority(ssh-remote,1)][66250ms] waiting...
2025-10-17 16:39:04.684 [info] [LocalProcess0][resolveAuthority(ssh-remote,1)][67250ms] waiting...
2025-10-17 16:39:05.682 [info] [LocalProcess0][resolveAuthority(ssh-remote,1)][68250ms] waiting...
2025-10-17 16:39:06.688 [info] [LocalProcess0][resolveAuthority(ssh-remote,1)][69250ms] waiting...
2025-10-17 16:39:07.684 [info] [LocalProcess0][resolveAuthority(ssh-remote,1)][70250ms] waiting...
2025-10-17 16:39:08.684 [info] [LocalProcess0][resolveAuthority(ssh-remote,1)][71250ms] waiting...
2025-10-17 16:39:09.683 [info] [LocalProcess0][resolveAuthority(ssh-remote,1)][72250ms] waiting...
2025-10-17 16:39:10.683 [info] [LocalProcess0][resolveAuthority(ssh-remote,1)][73250ms] waiting...
2025-10-17 16:39:11.683 [info] [LocalProcess0][resolveAuthority(ssh-remote,1)][74250ms] waiting...
2025-10-17 16:39:12.683 [info] [LocalProcess0][resolveAuthority(ssh-remote,1)][75250ms] waiting...
2025-10-17 16:39:13.684 [info] [LocalProcess0][resolveAuthority(ssh-remote,1)][76250ms] waiting...
2025-10-17 16:39:14.684 [info] [LocalProcess0][resolveAuthority(ssh-remote,1)][77250ms] waiting...
2025-10-17 16:39:15.684 [info] [LocalProcess0][resolveAuthority(ssh-remote,1)][78250ms] waiting...
2025-10-17 16:39:16.684 [info] [LocalProcess0][resolveAuthority(ssh-remote,1)][79251ms] waiting...
2025-10-17 16:39:17.684 [info] [LocalProcess0][resolveAuthority(ssh-remote,1)][80250ms] waiting...
2025-10-17 16:39:18.684 [info] [LocalProcess0][resolveAuthority(ssh-remote,1)][81250ms] waiting...
2025-10-17 16:39:19.683 [info] [LocalProcess0][resolveAuthority(ssh-remote,1)][82250ms] waiting...
2025-10-17 16:39:20.684 [info] [LocalProcess0][resolveAuthority(ssh-remote,1)][83250ms] waiting...
2025-10-17 16:39:21.684 [info] [LocalProcess0][resolveAuthority(ssh-remote,1)][84250ms] waiting...
2025-10-17 16:39:22.683 [info] [LocalProcess0][resolveAuthority(ssh-remote,1)][85250ms] waiting...
2025-10-17 16:39:23.683 [info] [LocalProcess0][resolveAuthority(ssh-remote,1)][86250ms] waiting...
2025-10-17 16:39:24.683 [info] [LocalProcess0][resolveAuthority(ssh-remote,1)][87250ms] waiting...
2025-10-17 16:39:25.684 [info] [LocalProcess0][resolveAuthority(ssh-remote,1)][88250ms] waiting...
2025-10-17 16:39:26.684 [info] [LocalProcess0][resolveAuthority(ssh-remote,1)][89250ms] waiting...
2025-10-17 16:39:27.683 [info] [LocalProcess0][resolveAuthority(ssh-remote,1)][90250ms] waiting...
2025-10-17 16:39:28.684 [info] [LocalProcess0][resolveAuthority(ssh-remote,1)][91250ms] waiting...
2025-10-17 16:39:29.684 [info] [LocalProcess0][resolveAuthority(ssh-remote,1)][92250ms] waiting...
2025-10-17 16:39:30.684 [info] [LocalProcess0][resolveAuthority(ssh-remote,1)][93250ms] waiting...
2025-10-17 16:39:31.683 [info] [LocalProcess0][resolveAuthority(ssh-remote,1)][94250ms] waiting...
2025-10-17 16:39:32.684 [info] [LocalProcess0][resolveAuthority(ssh-remote,1)][95250ms] waiting...
2025-10-17 16:39:33.683 [info] [LocalProcess0][resolveAuthority(ssh-remote,1)][96250ms] waiting...
2025-10-17 16:39:34.683 [info] [LocalProcess0][resolveAuthority(ssh-remote,1)][97250ms] waiting...
2025-10-17 16:39:35.683 [info] [LocalProcess0][resolveAuthority(ssh-remote,1)][98250ms] waiting...
2025-10-17 16:39:36.684 [info] [LocalProcess0][resolveAuthority(ssh-remote,1)][99250ms] waiting...
2025-10-17 16:39:37.683 [info] [LocalProcess0][resolveAuthority(ssh-remote,1)][100250ms] waiting...
2025-10-17 16:39:38.683 [info] [LocalProcess0][resolveAuthority(ssh-remote,1)][101250ms] waiting...
2025-10-17 16:39:39.683 [info] [LocalProcess0][resolveAuthority(ssh-remote,1)][102250ms] waiting...
2025-10-17 16:39:40.683 [info] [LocalProcess0][resolveAuthority(ssh-remote,1)][103250ms] waiting...
2025-10-17 16:39:41.683 [info] [LocalProcess0][resolveAuthority(ssh-remote,1)][104250ms] waiting...
2025-10-17 16:39:42.684 [info] [LocalProcess0][resolveAuthority(ssh-remote,1)][105250ms] waiting...
2025-10-17 16:39:43.126 [error] [LocalProcess0][resolveAuthority(ssh-remote,1)][105692ms] returned an error {"code":"NotAvailable","message":"The VS Code Server failed to start","detail":true}
2025-10-17 16:39:43.126 [error] resolveAuthority(ssh-remote) returned an error after 105693 ms The VS Code Server failed to start
2025-10-17 16:39:43.127 [error] Error received from starting extension host (kind: Remote)
2025-10-17 16:39:43.127 [error] CodeExpectedError: The VS Code Server failed to start
    at ee.rb (vscode-file://vscode-app/home/drdbrioso/Desktop/code-stable-x64-1705560028/VSCode-linux-x64/resources/app/out/vs/workbench/workbench.desktop.main.js:2718:21055)
    at async ee.qb (vscode-file://vscode-app/home/drdbrioso/Desktop/code-stable-x64-1705560028/VSCode-linux-x64/resources/app/out/vs/workbench/workbench.desktop.main.js:2718:20332)
    at async ee.Ob (vscode-file://vscode-app/home/drdbrioso/Desktop/code-stable-x64-1705560028/VSCode-linux-x64/resources/app/out/vs/workbench/workbench.desktop.main.js:2719:11484)
    at async ee.jb (vscode-file://vscode-app/home/drdbrioso/Desktop/code-stable-x64-1705560028/VSCode-linux-x64/resources/app/out/vs/workbench/workbench.desktop.main.js:2718:17969)
2025-10-17 16:39:43.128 [error] [remote-connection][attempt 1] An error occurred in initial connection! Will retry... Error:
2025-10-17 16:39:43.129 [error] CodeExpectedError: The VS Code Server failed to start
    at ee.rb (vscode-file://vscode-app/home/drdbrioso/Desktop/code-stable-x64-1705560028/VSCode-linux-x64/resources/app/out/vs/workbench/workbench.desktop.main.js:2718:21055)
    at async ee.qb (vscode-file://vscode-app/home/drdbrioso/Desktop/code-stable-x64-1705560028/VSCode-linux-x64/resources/app/out/vs/workbench/workbench.desktop.main.js:2718:20332)
    at async ee.Ob (vscode-file://vscode-app/home/drdbrioso/Desktop/code-stable-x64-1705560028/VSCode-linux-x64/resources/app/out/vs/workbench/workbench.desktop.main.js:2719:11484)
    at async ee.jb (vscode-file://vscode-app/home/drdbrioso/Desktop/code-stable-x64-1705560028/VSCode-linux-x64/resources/app/out/vs/workbench/workbench.desktop.main.js:2718:17969)
2025-10-17 16:39:43.131 [error] [remote-connection][attempt 2] An error occurred in initial connection! Will retry... Error:
2025-10-17 16:39:43.132 [error] CodeExpectedError: The VS Code Server failed to start
    at ee.rb (vscode-file://vscode-app/home/drdbrioso/Desktop/code-stable-x64-1705560028/VSCode-linux-x64/resources/app/out/vs/workbench/workbench.desktop.main.js:2718:21055)
    at async ee.qb (vscode-file://vscode-app/home/drdbrioso/Desktop/code-stable-x64-1705560028/VSCode-linux-x64/resources/app/out/vs/workbench/workbench.desktop.main.js:2718:20332)
    at async ee.Ob (vscode-file://vscode-app/home/drdbrioso/Desktop/code-stable-x64-1705560028/VSCode-linux-x64/resources/app/out/vs/workbench/workbench.desktop.main.js:2719:11484)
    at async ee.jb (vscode-file://vscode-app/home/drdbrioso/Desktop/code-stable-x64-1705560028/VSCode-linux-x64/resources/app/out/vs/workbench/workbench.desktop.main.js:2718:17969)
2025-10-17 16:39:43.170 [error] [remote-connection][attempt 3] An error occurred in initial connection! Will retry... Error:
2025-10-17 16:39:43.171 [error] CodeExpectedError: The VS Code Server failed to start
    at ee.rb (vscode-file://vscode-app/home/drdbrioso/Desktop/code-stable-x64-1705560028/VSCode-linux-x64/resources/app/out/vs/workbench/workbench.desktop.main.js:2718:21055)
    at async ee.qb (vscode-file://vscode-app/home/drdbrioso/Desktop/code-stable-x64-1705560028/VSCode-linux-x64/resources/app/out/vs/workbench/workbench.desktop.main.js:2718:20332)
    at async ee.Ob (vscode-file://vscode-app/home/drdbrioso/Desktop/code-stable-x64-1705560028/VSCode-linux-x64/resources/app/out/vs/workbench/workbench.desktop.main.js:2719:11484)
    at async ee.jb (vscode-file://vscode-app/home/drdbrioso/Desktop/code-stable-x64-1705560028/VSCode-linux-x64/resources/app/out/vs/workbench/workbench.desktop.main.js:2718:17969)
2025-10-17 16:39:43.203 [error] [remote-connection][attempt 4] An error occurred in initial connection! Will retry... Error:
2025-10-17 16:39:43.203 [error] CodeExpectedError: The VS Code Server failed to start
    at ee.rb (vscode-file://vscode-app/home/drdbrioso/Desktop/code-stable-x64-1705560028/VSCode-linux-x64/resources/app/out/vs/workbench/workbench.desktop.main.js:2718:21055)
    at async ee.qb (vscode-file://vscode-app/home/drdbrioso/Desktop/code-stable-x64-1705560028/VSCode-linux-x64/resources/app/out/vs/workbench/workbench.desktop.main.js:2718:20332)
    at async ee.Ob (vscode-file://vscode-app/home/drdbrioso/Desktop/code-stable-x64-1705560028/VSCode-linux-x64/resources/app/out/vs/workbench/workbench.desktop.main.js:2719:11484)
    at async ee.jb (vscode-file://vscode-app/home/drdbrioso/Desktop/code-stable-x64-1705560028/VSCode-linux-x64/resources/app/out/vs/workbench/workbench.desktop.main.js:2718:17969)
2025-10-17 16:39:43.204 [error] [remote-connection][attempt 5]  An error occurred in initial connection! It will be treated as a permanent error. Error:
2025-10-17 16:39:43.205 [error] CodeExpectedError: The VS Code Server failed to start
    at ee.rb (vscode-file://vscode-app/home/drdbrioso/Desktop/code-stable-x64-1705560028/VSCode-linux-x64/resources/app/out/vs/workbench/workbench.desktop.main.js:2718:21055)
    at async ee.qb (vscode-file://vscode-app/home/drdbrioso/Desktop/code-stable-x64-1705560028/VSCode-linux-x64/resources/app/out/vs/workbench/workbench.desktop.main.js:2718:20332)
    at async ee.Ob (vscode-file://vscode-app/home/drdbrioso/Desktop/code-stable-x64-1705560028/VSCode-linux-x64/resources/app/out/vs/workbench/workbench.desktop.main.js:2719:11484)
    at async ee.jb (vscode-file://vscode-app/home/drdbrioso/Desktop/code-stable-x64-1705560028/VSCode-linux-x64/resources/app/out/vs/workbench/workbench.desktop.main.js:2718:17969)
2025-10-17 16:39:43.205 [error] CodeExpectedError: The VS Code Server failed to start
    at ee.rb (vscode-file://vscode-app/home/drdbrioso/Desktop/code-stable-x64-1705560028/VSCode-linux-x64/resources/app/out/vs/workbench/workbench.desktop.main.js:2718:21055)
    at async ee.qb (vscode-file://vscode-app/home/drdbrioso/Desktop/code-stable-x64-1705560028/VSCode-linux-x64/resources/app/out/vs/workbench/workbench.desktop.main.js:2718:20332)
    at async ee.Ob (vscode-file://vscode-app/home/drdbrioso/Desktop/code-stable-x64-1705560028/VSCode-linux-x64/resources/app/out/vs/workbench/workbench.desktop.main.js:2719:11484)
    at async ee.jb (vscode-file://vscode-app/home/drdbrioso/Desktop/code-stable-x64-1705560028/VSCode-linux-x64/resources/app/out/vs/workbench/workbench.desktop.main.js:2718:17969)
2025-10-17 16:39:43.206 [error] Cannot register remote filesystem provider. Error while fetching remote environment. The VS Code Server failed to start
2025-10-17 16:39:43.206 [error] CodeExpectedError: The VS Code Server failed to start
    at ee.rb (vscode-file://vscode-app/home/drdbrioso/Desktop/code-stable-x64-1705560028/VSCode-linux-x64/resources/app/out/vs/workbench/workbench.desktop.main.js:2718:21055)
    at async ee.qb (vscode-file://vscode-app/home/drdbrioso/Desktop/code-stable-x64-1705560028/VSCode-linux-x64/resources/app/out/vs/workbench/workbench.desktop.main.js:2718:20332)
    at async ee.Ob (vscode-file://vscode-app/home/drdbrioso/Desktop/code-stable-x64-1705560028/VSCode-linux-x64/resources/app/out/vs/workbench/workbench.desktop.main.js:2719:11484)
    at async ee.jb (vscode-file://vscode-app/home/drdbrioso/Desktop/code-stable-x64-1705560028/VSCode-linux-x64/resources/app/out/vs/workbench/workbench.desktop.main.js:2718:17969)
2025-10-17 16:39:43.206 [error] CodeExpectedError: The VS Code Server failed to start
    at ee.rb (vscode-file://vscode-app/home/drdbrioso/Desktop/code-stable-x64-1705560028/VSCode-linux-x64/resources/app/out/vs/workbench/workbench.desktop.main.js:2718:21055)
    at async ee.qb (vscode-file://vscode-app/home/drdbrioso/Desktop/code-stable-x64-1705560028/VSCode-linux-x64/resources/app/out/vs/workbench/workbench.desktop.main.js:2718:20332)
    at async ee.Ob (vscode-file://vscode-app/home/drdbrioso/Desktop/code-stable-x64-1705560028/VSCode-linux-x64/resources/app/out/vs/workbench/workbench.desktop.main.js:2719:11484)
    at async ee.jb (vscode-file://vscode-app/home/drdbrioso/Desktop/code-stable-x64-1705560028/VSCode-linux-x64/resources/app/out/vs/workbench/workbench.desktop.main.js:2718:17969)
2025-10-17 16:39:43.206 [error] CodeExpectedError: The VS Code Server failed to start
    at ee.rb (vscode-file://vscode-app/home/drdbrioso/Desktop/code-stable-x64-1705560028/VSCode-linux-x64/resources/app/out/vs/workbench/workbench.desktop.main.js:2718:21055)
    at async ee.qb (vscode-file://vscode-app/home/drdbrioso/Desktop/code-stable-x64-1705560028/VSCode-linux-x64/resources/app/out/vs/workbench/workbench.desktop.main.js:2718:20332)
    at async ee.Ob (vscode-file://vscode-app/home/drdbrioso/Desktop/code-stable-x64-1705560028/VSCode-linux-x64/resources/app/out/vs/workbench/workbench.desktop.main.js:2719:11484)
    at async ee.jb (vscode-file://vscode-app/home/drdbrioso/Desktop/code-stable-x64-1705560028/VSCode-linux-x64/resources/app/out/vs/workbench/workbench.desktop.main.js:2718:17969)
2025-10-17 16:39:43.207 [error] CodeExpectedError: The VS Code Server failed to start
    at ee.rb (vscode-file://vscode-app/home/drdbrioso/Desktop/code-stable-x64-1705560028/VSCode-linux-x64/resources/app/out/vs/workbench/workbench.desktop.main.js:2718:21055)
    at async ee.qb (vscode-file://vscode-app/home/drdbrioso/Desktop/code-stable-x64-1705560028/VSCode-linux-x64/resources/app/out/vs/workbench/workbench.desktop.main.js:2718:20332)
    at async ee.Ob (vscode-file://vscode-app/home/drdbrioso/Desktop/code-stable-x64-1705560028/VSCode-linux-x64/resources/app/out/vs/workbench/workbench.desktop.main.js:2719:11484)
    at async ee.jb (vscode-file://vscode-app/home/drdbrioso/Desktop/code-stable-x64-1705560028/VSCode-linux-x64/resources/app/out/vs/workbench/workbench.desktop.main.js:2718:17969)
2025-10-17 16:39:43.207 [error] CodeExpectedError: The VS Code Server failed to start
    at ee.rb (vscode-file://vscode-app/home/drdbrioso/Desktop/code-stable-x64-1705560028/VSCode-linux-x64/resources/app/out/vs/workbench/workbench.desktop.main.js:2718:21055)
    at async ee.qb (vscode-file://vscode-app/home/drdbrioso/Desktop/code-stable-x64-1705560028/VSCode-linux-x64/resources/app/out/vs/workbench/workbench.desktop.main.js:2718:20332)
    at async ee.Ob (vscode-file://vscode-app/home/drdbrioso/Desktop/code-stable-x64-1705560028/VSCode-linux-x64/resources/app/out/vs/workbench/workbench.desktop.main.js:2719:11484)
    at async ee.jb (vscode-file://vscode-app/home/drdbrioso/Desktop/code-stable-x64-1705560028/VSCode-linux-x64/resources/app/out/vs/workbench/workbench.desktop.main.js:2718:17969)
2025-10-17 16:39:43.222 [error] The VS Code Server failed to start: CodeExpectedError: The VS Code Server failed to start
    at ee.rb (vscode-file://vscode-app/home/drdbrioso/Desktop/code-stable-x64-1705560028/VSCode-linux-x64/resources/app/out/vs/workbench/workbench.desktop.main.js:2718:21055)
    at async ee.qb (vscode-file://vscode-app/home/drdbrioso/Desktop/code-stable-x64-1705560028/VSCode-linux-x64/resources/app/out/vs/workbench/workbench.desktop.main.js:2718:20332)
    at async ee.Ob (vscode-file://vscode-app/home/drdbrioso/Desktop/code-stable-x64-1705560028/VSCode-linux-x64/resources/app/out/vs/workbench/workbench.desktop.main.js:2719:11484)
    at async ee.jb (vscode-file://vscode-app/home/drdbrioso/Desktop/code-stable-x64-1705560028/VSCode-linux-x64/resources/app/out/vs/workbench/workbench.desktop.main.js:2718:17969)
2025-10-17 16:39:43.368 [error] CodeExpectedError: The VS Code Server failed to start
    at ee.rb (vscode-file://vscode-app/home/drdbrioso/Desktop/code-stable-x64-1705560028/VSCode-linux-x64/resources/app/out/vs/workbench/workbench.desktop.main.js:2718:21055)
    at async ee.qb (vscode-file://vscode-app/home/drdbrioso/Desktop/code-stable-x64-1705560028/VSCode-linux-x64/resources/app/out/vs/workbench/workbench.desktop.main.js:2718:20332)
    at async ee.Ob (vscode-file://vscode-app/home/drdbrioso/Desktop/code-stable-x64-1705560028/VSCode-linux-x64/resources/app/out/vs/workbench/workbench.desktop.main.js:2719:11484)
    at async ee.jb (vscode-file://vscode-app/home/drdbrioso/Desktop/code-stable-x64-1705560028/VSCode-linux-x64/resources/app/out/vs/workbench/workbench.desktop.main.js:2718:17969)
2025-10-17 16:39:50.603 [error] The VS Code Server failed to start: CodeExpectedError: The VS Code Server failed to start
    at ee.rb (vscode-file://vscode-app/home/drdbrioso/Desktop/code-stable-x64-1705560028/VSCode-linux-x64/resources/app/out/vs/workbench/workbench.desktop.main.js:2718:21055)
    at async ee.qb (vscode-file://vscode-app/home/drdbrioso/Desktop/code-stable-x64-1705560028/VSCode-linux-x64/resources/app/out/vs/workbench/workbench.desktop.main.js:2718:20332)
    at async ee.Ob (vscode-file://vscode-app/home/drdbrioso/Desktop/code-stable-x64-1705560028/VSCode-linux-x64/resources/app/out/vs/workbench/workbench.desktop.main.js:2719:11484)
    at async ee.jb (vscode-file://vscode-app/home/drdbrioso/Desktop/code-stable-x64-1705560028/VSCode-linux-x64/resources/app/out/vs/workbench/workbench.desktop.main.js:2718:17969)
