2025-09-02 15:31:03.959 [info] Extension host with pid 44147 started
2025-09-02 15:31:03.990 [info] [resolveAuthority(ssh-remote,1)][0ms] activating remote resolvers ssh-remote+senc.icmc.usp.br
2025-09-02 15:31:03.990 [info] [resolveAuthority(ssh-remote,1)][0ms] activating resolver for ssh-remote+senc.icmc.usp.br...
2025-09-02 15:31:04.000 [info] ExtensionService#_doActivateExtension ms-vscode-remote.remote-ssh, startup: false, activationEvent: 'onResolveRemoteAuthority:ssh-remote'
2025-09-02 15:31:04.048 [info] [resolveAuthority(ssh-remote,1)][58ms] invoking final resolve()...
2025-09-02 15:31:05.047 [info] [resolveAuthority(ssh-remote,1)][1057ms] waiting...
2025-09-02 15:31:06.048 [info] [resolveAuthority(ssh-remote,1)][2058ms] waiting...
2025-09-02 15:31:07.049 [info] [resolveAuthority(ssh-remote,1)][3059ms] waiting...
2025-09-02 15:31:08.049 [info] [resolveAuthority(ssh-remote,1)][4059ms] waiting...
2025-09-02 15:31:09.050 [info] [resolveAuthority(ssh-remote,1)][5059ms] waiting...
2025-09-02 15:31:10.050 [info] [resolveAuthority(ssh-remote,1)][6060ms] waiting...
2025-09-02 15:31:11.051 [info] [resolveAuthority(ssh-remote,1)][7061ms] waiting...
2025-09-02 15:31:12.051 [info] [resolveAuthority(ssh-remote,1)][8061ms] waiting...
2025-09-02 15:31:13.051 [info] [resolveAuthority(ssh-remote,1)][9061ms] waiting...
2025-09-02 15:31:14.053 [info] [resolveAuthority(ssh-remote,1)][10063ms] waiting...
2025-09-02 15:31:15.053 [info] [resolveAuthority(ssh-remote,1)][11063ms] waiting...
2025-09-02 15:31:16.053 [info] [resolveAuthority(ssh-remote,1)][12063ms] waiting...
2025-09-02 15:31:17.054 [info] [resolveAuthority(ssh-remote,1)][13064ms] waiting...
2025-09-02 15:31:18.055 [info] [resolveAuthority(ssh-remote,1)][14065ms] waiting...
2025-09-02 15:31:19.055 [info] [resolveAuthority(ssh-remote,1)][15065ms] waiting...
2025-09-02 15:31:20.056 [info] [resolveAuthority(ssh-remote,1)][16066ms] waiting...
2025-09-02 15:31:21.057 [info] [resolveAuthority(ssh-remote,1)][17067ms] waiting...
2025-09-02 15:31:22.058 [info] [resolveAuthority(ssh-remote,1)][18068ms] waiting...
2025-09-02 15:31:23.059 [info] [resolveAuthority(ssh-remote,1)][19069ms] waiting...
2025-09-02 15:31:24.059 [info] [resolveAuthority(ssh-remote,1)][20069ms] waiting...
2025-09-02 15:31:25.059 [info] [resolveAuthority(ssh-remote,1)][21069ms] waiting...
2025-09-02 15:31:26.059 [info] [resolveAuthority(ssh-remote,1)][22069ms] waiting...
2025-09-02 15:31:27.060 [info] [resolveAuthority(ssh-remote,1)][23070ms] waiting...
2025-09-02 15:31:28.060 [info] [resolveAuthority(ssh-remote,1)][24070ms] waiting...
2025-09-02 15:31:29.061 [info] [resolveAuthority(ssh-remote,1)][25071ms] waiting...
2025-09-02 15:31:30.062 [info] [resolveAuthority(ssh-remote,1)][26072ms] waiting...
2025-09-02 15:31:31.063 [info] [resolveAuthority(ssh-remote,1)][27073ms] waiting...
2025-09-02 15:31:32.064 [info] [resolveAuthority(ssh-remote,1)][28074ms] waiting...
2025-09-02 15:31:33.067 [info] [resolveAuthority(ssh-remote,1)][29077ms] waiting...
2025-09-02 15:31:34.068 [info] [resolveAuthority(ssh-remote,1)][30078ms] waiting...
2025-09-02 15:31:35.073 [info] [resolveAuthority(ssh-remote,1)][31083ms] waiting...
2025-09-02 15:31:36.074 [info] [resolveAuthority(ssh-remote,1)][32084ms] waiting...
2025-09-02 15:31:37.075 [info] [resolveAuthority(ssh-remote,1)][33085ms] waiting...
2025-09-02 15:31:38.076 [info] [resolveAuthority(ssh-remote,1)][34086ms] waiting...
2025-09-02 15:31:39.077 [info] [resolveAuthority(ssh-remote,1)][35087ms] waiting...
2025-09-02 15:31:40.078 [info] [resolveAuthority(ssh-remote,1)][36088ms] waiting...
2025-09-02 15:31:41.079 [info] [resolveAuthority(ssh-remote,1)][37089ms] waiting...
2025-09-02 15:31:42.079 [info] [resolveAuthority(ssh-remote,1)][38089ms] waiting...
2025-09-02 15:31:43.080 [info] [resolveAuthority(ssh-remote,1)][39090ms] waiting...
2025-09-02 15:31:44.080 [info] [resolveAuthority(ssh-remote,1)][40090ms] waiting...
2025-09-02 15:31:45.080 [info] [resolveAuthority(ssh-remote,1)][41090ms] waiting...
2025-09-02 15:31:46.081 [info] [resolveAuthority(ssh-remote,1)][42091ms] waiting...
2025-09-02 15:31:47.082 [info] [resolveAuthority(ssh-remote,1)][43092ms] waiting...
2025-09-02 15:31:48.082 [info] [resolveAuthority(ssh-remote,1)][44092ms] waiting...
2025-09-02 15:31:49.083 [info] [resolveAuthority(ssh-remote,1)][45093ms] waiting...
2025-09-02 15:31:50.083 [info] [resolveAuthority(ssh-remote,1)][46093ms] waiting...
2025-09-02 15:31:51.084 [info] [resolveAuthority(ssh-remote,1)][47094ms] waiting...
2025-09-02 15:31:52.085 [info] [resolveAuthority(ssh-remote,1)][48095ms] waiting...
2025-09-02 15:31:53.086 [info] [resolveAuthority(ssh-remote,1)][49096ms] waiting...
2025-09-02 15:31:54.087 [info] [resolveAuthority(ssh-remote,1)][50097ms] waiting...
2025-09-02 15:31:55.088 [info] [resolveAuthority(ssh-remote,1)][51098ms] waiting...
2025-09-02 15:31:56.089 [info] [resolveAuthority(ssh-remote,1)][52099ms] waiting...
2025-09-02 15:31:57.090 [info] [resolveAuthority(ssh-remote,1)][53100ms] waiting...
2025-09-02 15:31:58.091 [info] [resolveAuthority(ssh-remote,1)][54101ms] waiting...
2025-09-02 15:31:59.092 [info] [resolveAuthority(ssh-remote,1)][55102ms] waiting...
2025-09-02 15:32:00.093 [info] [resolveAuthority(ssh-remote,1)][56103ms] waiting...
2025-09-02 15:32:01.094 [info] [resolveAuthority(ssh-remote,1)][57104ms] waiting...
2025-09-02 15:32:02.094 [info] [resolveAuthority(ssh-remote,1)][58104ms] waiting...
2025-09-02 15:32:03.095 [info] [resolveAuthority(ssh-remote,1)][59105ms] waiting...
2025-09-02 15:32:04.096 [info] [resolveAuthority(ssh-remote,1)][60106ms] waiting...
2025-09-02 15:32:05.097 [info] [resolveAuthority(ssh-remote,1)][61107ms] waiting...
2025-09-02 15:32:06.098 [info] [resolveAuthority(ssh-remote,1)][62108ms] waiting...
2025-09-02 15:32:07.098 [info] [resolveAuthority(ssh-remote,1)][63108ms] waiting...
2025-09-02 15:32:08.099 [info] [resolveAuthority(ssh-remote,1)][64109ms] waiting...
2025-09-02 15:32:09.100 [info] [resolveAuthority(ssh-remote,1)][65110ms] waiting...
2025-09-02 15:32:10.100 [info] [resolveAuthority(ssh-remote,1)][66110ms] waiting...
2025-09-02 15:32:11.103 [info] [resolveAuthority(ssh-remote,1)][67113ms] waiting...
2025-09-02 15:32:12.103 [info] [resolveAuthority(ssh-remote,1)][68113ms] waiting...
2025-09-02 15:32:13.104 [info] [resolveAuthority(ssh-remote,1)][69114ms] waiting...
2025-09-02 15:32:14.105 [info] [resolveAuthority(ssh-remote,1)][70114ms] waiting...
2025-09-02 15:32:15.105 [info] [resolveAuthority(ssh-remote,1)][71115ms] waiting...
2025-09-02 15:32:16.106 [info] [resolveAuthority(ssh-remote,1)][72116ms] waiting...
2025-09-02 15:32:17.107 [info] [resolveAuthority(ssh-remote,1)][73117ms] waiting...
2025-09-02 15:32:18.107 [info] [resolveAuthority(ssh-remote,1)][74117ms] waiting...
2025-09-02 15:32:19.108 [info] [resolveAuthority(ssh-remote,1)][75118ms] waiting...
2025-09-02 15:32:20.108 [info] [resolveAuthority(ssh-remote,1)][76118ms] waiting...
2025-09-02 15:32:21.108 [info] [resolveAuthority(ssh-remote,1)][77118ms] waiting...
2025-09-02 15:32:22.108 [info] [resolveAuthority(ssh-remote,1)][78118ms] waiting...
2025-09-02 15:32:23.108 [info] [resolveAuthority(ssh-remote,1)][79118ms] waiting...
2025-09-02 15:32:24.109 [info] [resolveAuthority(ssh-remote,1)][80119ms] waiting...
2025-09-02 15:32:25.110 [info] [resolveAuthority(ssh-remote,1)][81120ms] waiting...
2025-09-02 15:32:26.230 [info] [resolveAuthority(ssh-remote,1)][82240ms] waiting...
2025-09-02 15:32:27.229 [info] [resolveAuthority(ssh-remote,1)][83239ms] waiting...
2025-09-02 15:32:28.230 [info] [resolveAuthority(ssh-remote,1)][84240ms] waiting...
2025-09-02 15:32:29.230 [info] [resolveAuthority(ssh-remote,1)][85239ms] waiting...
2025-09-02 15:32:30.230 [info] [resolveAuthority(ssh-remote,1)][86240ms] waiting...
2025-09-02 15:32:31.230 [info] [resolveAuthority(ssh-remote,1)][87240ms] waiting...
2025-09-02 15:32:32.232 [info] [resolveAuthority(ssh-remote,1)][88242ms] waiting...
2025-09-02 15:32:33.232 [info] [resolveAuthority(ssh-remote,1)][89242ms] waiting...
2025-09-02 15:32:34.231 [info] [resolveAuthority(ssh-remote,1)][90241ms] waiting...
2025-09-02 15:32:34.683 [info] [resolveAuthority(ssh-remote,1)][90693ms] setting tunnel factory...
2025-09-02 15:32:34.683 [info] [resolveAuthority(ssh-remote,1)][90693ms] returned 127.0.0.1:44311
2025-09-02 15:32:42.737 [info] Eager extensions activated
2025-09-02 15:32:42.803 [info] ExtensionService#_doActivateExtension ms-vscode-remote.remote-containers, startup: false, activationEvent: 'onStartupFinished'
2025-09-02 15:32:43.151 [info] ExtensionService#_doActivateExtension ms-vscode-remote.remote-wsl, startup: false, activationEvent: 'onStartupFinished'
2025-09-02 15:32:49.416 [error] Activating extension ms-vscode-remote.remote-containers failed due to an error:
2025-09-02 15:32:49.416 [error] Error: Permission denied (publickey,password).
	at g.Create (/home/drdbrioso/.vscode/extensions/ms-vscode-remote.remote-ssh-0.107.1/out/extension.js:2:642703)
	at /home/drdbrioso/.vscode/extensions/ms-vscode-remote.remote-ssh-0.107.1/out/extension.js:2:639355
	at t.handleInstallOutput (/home/drdbrioso/.vscode/extensions/ms-vscode-remote.remote-ssh-0.107.1/out/extension.js:2:639991)
	at e (/home/drdbrioso/.vscode/extensions/ms-vscode-remote.remote-ssh-0.107.1/out/extension.js:2:700300)
	at process.processTicksAndRejections (node:internal/process/task_queues:95:5)
	at async /home/drdbrioso/.vscode/extensions/ms-vscode-remote.remote-ssh-0.107.1/out/extension.js:2:722169
	at async t.withShowDetailsEvent (/home/drdbrioso/.vscode/extensions/ms-vscode-remote.remote-ssh-0.107.1/out/extension.js:2:725828)
	at async /home/drdbrioso/.vscode/extensions/ms-vscode-remote.remote-ssh-0.107.1/out/extension.js:2:697005
	at async C (/home/drdbrioso/.vscode/extensions/ms-vscode-remote.remote-ssh-0.107.1/out/extension.js:2:695056)
	at async t.resolveWithLocalServer (/home/drdbrioso/.vscode/extensions/ms-vscode-remote.remote-ssh-0.107.1/out/extension.js:2:696545)
	at async I (/home/drdbrioso/.vscode/extensions/ms-vscode-remote.remote-ssh-0.107.1/out/extension.js:2:719392)
	at async /home/drdbrioso/.vscode/extensions/ms-vscode-remote.remote-ssh-0.107.1/out/extension.js:2:725020
	at async /home/drdbrioso/.vscode/extensions/ms-vscode-remote.remote-ssh-0.107.1/out/extension.js:2:619775
2025-09-02 15:32:50.423 [error] Error: Permission denied (publickey,password).
	at g.Create (/home/drdbrioso/.vscode/extensions/ms-vscode-remote.remote-ssh-0.107.1/out/extension.js:2:642703)
	at /home/drdbrioso/.vscode/extensions/ms-vscode-remote.remote-ssh-0.107.1/out/extension.js:2:639355
	at t.handleInstallOutput (/home/drdbrioso/.vscode/extensions/ms-vscode-remote.remote-ssh-0.107.1/out/extension.js:2:639991)
	at e (/home/drdbrioso/.vscode/extensions/ms-vscode-remote.remote-ssh-0.107.1/out/extension.js:2:700300)
	at process.processTicksAndRejections (node:internal/process/task_queues:95:5)
	at async /home/drdbrioso/.vscode/extensions/ms-vscode-remote.remote-ssh-0.107.1/out/extension.js:2:722169
	at async t.withShowDetailsEvent (/home/drdbrioso/.vscode/extensions/ms-vscode-remote.remote-ssh-0.107.1/out/extension.js:2:725828)
	at async /home/drdbrioso/.vscode/extensions/ms-vscode-remote.remote-ssh-0.107.1/out/extension.js:2:697005
	at async C (/home/drdbrioso/.vscode/extensions/ms-vscode-remote.remote-ssh-0.107.1/out/extension.js:2:695056)
	at async t.resolveWithLocalServer (/home/drdbrioso/.vscode/extensions/ms-vscode-remote.remote-ssh-0.107.1/out/extension.js:2:696545)
	at async I (/home/drdbrioso/.vscode/extensions/ms-vscode-remote.remote-ssh-0.107.1/out/extension.js:2:719392)
	at async /home/drdbrioso/.vscode/extensions/ms-vscode-remote.remote-ssh-0.107.1/out/extension.js:2:725020
	at async /home/drdbrioso/.vscode/extensions/ms-vscode-remote.remote-ssh-0.107.1/out/extension.js:2:619775
2025-09-02 15:32:50.424 [error] Error: Permission denied (publickey,password).
	at g.Create (/home/drdbrioso/.vscode/extensions/ms-vscode-remote.remote-ssh-0.107.1/out/extension.js:2:642703)
	at /home/drdbrioso/.vscode/extensions/ms-vscode-remote.remote-ssh-0.107.1/out/extension.js:2:639355
	at t.handleInstallOutput (/home/drdbrioso/.vscode/extensions/ms-vscode-remote.remote-ssh-0.107.1/out/extension.js:2:639991)
	at e (/home/drdbrioso/.vscode/extensions/ms-vscode-remote.remote-ssh-0.107.1/out/extension.js:2:700300)
	at process.processTicksAndRejections (node:internal/process/task_queues:95:5)
	at async /home/drdbrioso/.vscode/extensions/ms-vscode-remote.remote-ssh-0.107.1/out/extension.js:2:722169
	at async t.withShowDetailsEvent (/home/drdbrioso/.vscode/extensions/ms-vscode-remote.remote-ssh-0.107.1/out/extension.js:2:725828)
	at async /home/drdbrioso/.vscode/extensions/ms-vscode-remote.remote-ssh-0.107.1/out/extension.js:2:697005
	at async C (/home/drdbrioso/.vscode/extensions/ms-vscode-remote.remote-ssh-0.107.1/out/extension.js:2:695056)
	at async t.resolveWithLocalServer (/home/drdbrioso/.vscode/extensions/ms-vscode-remote.remote-ssh-0.107.1/out/extension.js:2:696545)
	at async I (/home/drdbrioso/.vscode/extensions/ms-vscode-remote.remote-ssh-0.107.1/out/extension.js:2:719392)
	at async /home/drdbrioso/.vscode/extensions/ms-vscode-remote.remote-ssh-0.107.1/out/extension.js:2:725020
	at async /home/drdbrioso/.vscode/extensions/ms-vscode-remote.remote-ssh-0.107.1/out/extension.js:2:619775
2025-09-02 15:33:04.364 [info] Extension host terminating: renderer closed the MessagePort
2025-09-02 15:33:04.372 [error] Canceled: Canceled
	at new g (/home/drdbrioso/Downloads/code-stable-x64-1705560028 (2)/VSCode-linux-x64/resources/app/out/vs/workbench/api/node/extensionHostProcess.js:141:110274)
	at l.U (/home/drdbrioso/Downloads/code-stable-x64-1705560028 (2)/VSCode-linux-x64/resources/app/out/vs/workbench/api/node/extensionHostProcess.js:150:10866)
	at P.<computed>.j.charCodeAt.P.<computed> (/home/drdbrioso/Downloads/code-stable-x64-1705560028 (2)/VSCode-linux-x64/resources/app/out/vs/workbench/api/node/extensionHostProcess.js:150:8317)
	at d.g (/home/drdbrioso/Downloads/code-stable-x64-1705560028 (2)/VSCode-linux-x64/resources/app/out/vs/workbench/api/node/extensionHostProcess.js:141:139555)
	at d.executeCommand (/home/drdbrioso/Downloads/code-stable-x64-1705560028 (2)/VSCode-linux-x64/resources/app/out/vs/workbench/api/node/extensionHostProcess.js:141:138993)
	at p.registerCommand.description (/home/drdbrioso/Downloads/code-stable-x64-1705560028 (2)/VSCode-linux-x64/resources/app/out/vs/workbench/api/node/extensionHostProcess.js:141:138317)
	at d.h (/home/drdbrioso/Downloads/code-stable-x64-1705560028 (2)/VSCode-linux-x64/resources/app/out/vs/workbench/api/node/extensionHostProcess.js:141:140094)
	at d.g (/home/drdbrioso/Downloads/code-stable-x64-1705560028 (2)/VSCode-linux-x64/resources/app/out/vs/workbench/api/node/extensionHostProcess.js:141:139086)
	at d.executeCommand (/home/drdbrioso/Downloads/code-stable-x64-1705560028 (2)/VSCode-linux-x64/resources/app/out/vs/workbench/api/node/extensionHostProcess.js:141:138993)
	at Object.executeCommand (/home/drdbrioso/Downloads/code-stable-x64-1705560028 (2)/VSCode-linux-x64/resources/app/out/vs/workbench/api/node/extensionHostProcess.js:158:21333)
	at t.shutdown (/home/drdbrioso/.vscode/extensions/ms-vscode-remote.remote-ssh-0.107.1/out/extension.js:2:725329)
	at e.deactivate (/home/drdbrioso/.vscode/extensions/ms-vscode-remote.remote-ssh-0.107.1/out/extension.js:2:910160)
	at f.cb (/home/drdbrioso/Downloads/code-stable-x64-1705560028 (2)/VSCode-linux-x64/resources/app/out/vs/workbench/api/node/extensionHostProcess.js:154:9678)
	at /home/drdbrioso/Downloads/code-stable-x64-1705560028 (2)/VSCode-linux-x64/resources/app/out/vs/workbench/api/node/extensionHostProcess.js:154:7808
	at Array.map (<anonymous>)
	at f.Y (/home/drdbrioso/Downloads/code-stable-x64-1705560028 (2)/VSCode-linux-x64/resources/app/out/vs/workbench/api/node/extensionHostProcess.js:154:7795)
	at f.terminate (/home/drdbrioso/Downloads/code-stable-x64-1705560028 (2)/VSCode-linux-x64/resources/app/out/vs/workbench/api/node/extensionHostProcess.js:154:8068)
	at s.terminate (/home/drdbrioso/Downloads/code-stable-x64-1705560028 (2)/VSCode-linux-x64/resources/app/out/vs/workbench/api/node/extensionHostProcess.js:158:1513)
	at a (/home/drdbrioso/Downloads/code-stable-x64-1705560028 (2)/VSCode-linux-x64/resources/app/out/vs/workbench/api/node/extensionHostProcess.js:171:9802)
	at MessagePortMain.<anonymous> (/home/drdbrioso/Downloads/code-stable-x64-1705560028 (2)/VSCode-linux-x64/resources/app/out/vs/workbench/api/node/extensionHostProcess.js:171:6227)
	at MessagePortMain.emit (node:events:513:28)
	at MessagePortMain._internalPort.emit (node:electron/js2c/utility_init:2:367) setContext undefined
2025-09-02 15:33:04.373 [info] Extension host with pid 44147 exiting with code 0
2025-09-02 15:33:14.159 [info] Extension host with pid 44433 started
2025-09-02 15:33:14.159 [info] Skipping acquiring lock for /home/drdbrioso/.config/Code/User/workspaceStorage/67ef078c24af5dd44cd99d03f833dfe3.
2025-09-02 15:33:14.159 [info] $getCanonicalURI invoked for authority (ssh-remote)
2025-09-02 15:33:14.161 [info] ExtensionService#_doActivateExtension ms-vscode-remote.remote-ssh, startup: false, activationEvent: 'onResolveRemoteAuthority:ssh-remote'
2025-09-02 15:33:14.740 [info] [resolveAuthority(ssh-remote,1)][0ms] activating remote resolvers ssh-remote+senc.icmc.usp.br
2025-09-02 15:33:14.741 [info] [resolveAuthority(ssh-remote,1)][1ms] activating resolver for ssh-remote+senc.icmc.usp.br...
2025-09-02 15:33:14.741 [info] [resolveAuthority(ssh-remote,1)][1ms] invoking final resolve()...
2025-09-02 15:33:15.741 [info] [resolveAuthority(ssh-remote,1)][1001ms] waiting...
2025-09-02 15:33:16.740 [info] [resolveAuthority(ssh-remote,1)][2000ms] waiting...
2025-09-02 15:33:17.741 [info] [resolveAuthority(ssh-remote,1)][3001ms] waiting...
2025-09-02 15:33:18.742 [info] [resolveAuthority(ssh-remote,1)][4002ms] waiting...
2025-09-02 15:33:19.742 [info] [resolveAuthority(ssh-remote,1)][5002ms] waiting...
2025-09-02 15:33:20.743 [info] [resolveAuthority(ssh-remote,1)][6003ms] waiting...
2025-09-02 15:33:21.744 [info] [resolveAuthority(ssh-remote,1)][7004ms] waiting...
2025-09-02 15:33:22.745 [info] [resolveAuthority(ssh-remote,1)][8005ms] waiting...
2025-09-02 15:33:23.746 [info] [resolveAuthority(ssh-remote,1)][9006ms] waiting...
2025-09-02 15:33:24.747 [info] [resolveAuthority(ssh-remote,1)][10007ms] waiting...
2025-09-02 15:33:25.747 [info] [resolveAuthority(ssh-remote,1)][11007ms] waiting...
2025-09-02 15:33:25.790 [info] [resolveAuthority(ssh-remote,1)][11050ms] setting tunnel factory...
2025-09-02 15:33:25.790 [info] [resolveAuthority(ssh-remote,1)][11050ms] returned 127.0.0.1:46711
2025-09-02 15:33:28.120 [info] ExtensionService#_doActivateExtension ms-vscode.remote-explorer, startup: false, activationEvent: 'onCommand:remote-internal.setActiveFolders'
2025-09-02 15:33:28.249 [info] ExtensionService#_doActivateExtension ms-vscode.remote-server, startup: false, activationEvent: 'onCommand:remote-tunnels.internal.isAuthenticated'
2025-09-02 15:33:30.493 [info] ExtensionService#_doActivateExtension vscode.github-authentication, startup: false, activationEvent: 'onAuthenticationRequest:github'
2025-09-02 15:33:32.852 [info] Eager extensions activated
2025-09-02 15:33:32.871 [info] ExtensionService#_doActivateExtension ms-vscode-remote.remote-containers, startup: false, activationEvent: 'onStartupFinished'
2025-09-02 15:33:32.919 [info] ExtensionService#_doActivateExtension ms-vscode-remote.remote-wsl, startup: false, activationEvent: 'onStartupFinished'
2025-09-02 15:33:36.900 [error] Activating extension ms-vscode-remote.remote-containers failed due to an error:
2025-09-02 15:33:36.901 [error] Error: Permission denied (publickey,password).
	at g.Create (/home/drdbrioso/.vscode/extensions/ms-vscode-remote.remote-ssh-0.107.1/out/extension.js:2:642703)
	at /home/drdbrioso/.vscode/extensions/ms-vscode-remote.remote-ssh-0.107.1/out/extension.js:2:639355
	at t.handleInstallOutput (/home/drdbrioso/.vscode/extensions/ms-vscode-remote.remote-ssh-0.107.1/out/extension.js:2:639991)
	at e (/home/drdbrioso/.vscode/extensions/ms-vscode-remote.remote-ssh-0.107.1/out/extension.js:2:700300)
	at process.processTicksAndRejections (node:internal/process/task_queues:95:5)
	at async /home/drdbrioso/.vscode/extensions/ms-vscode-remote.remote-ssh-0.107.1/out/extension.js:2:722169
	at async t.withShowDetailsEvent (/home/drdbrioso/.vscode/extensions/ms-vscode-remote.remote-ssh-0.107.1/out/extension.js:2:725828)
	at async /home/drdbrioso/.vscode/extensions/ms-vscode-remote.remote-ssh-0.107.1/out/extension.js:2:697005
	at async C (/home/drdbrioso/.vscode/extensions/ms-vscode-remote.remote-ssh-0.107.1/out/extension.js:2:695056)
	at async t.resolveWithLocalServer (/home/drdbrioso/.vscode/extensions/ms-vscode-remote.remote-ssh-0.107.1/out/extension.js:2:696545)
	at async I (/home/drdbrioso/.vscode/extensions/ms-vscode-remote.remote-ssh-0.107.1/out/extension.js:2:719392)
	at async /home/drdbrioso/.vscode/extensions/ms-vscode-remote.remote-ssh-0.107.1/out/extension.js:2:725020
	at async /home/drdbrioso/.vscode/extensions/ms-vscode-remote.remote-ssh-0.107.1/out/extension.js:2:619775
2025-09-02 15:33:37.903 [error] Error: Permission denied (publickey,password).
	at g.Create (/home/drdbrioso/.vscode/extensions/ms-vscode-remote.remote-ssh-0.107.1/out/extension.js:2:642703)
	at /home/drdbrioso/.vscode/extensions/ms-vscode-remote.remote-ssh-0.107.1/out/extension.js:2:639355
	at t.handleInstallOutput (/home/drdbrioso/.vscode/extensions/ms-vscode-remote.remote-ssh-0.107.1/out/extension.js:2:639991)
	at e (/home/drdbrioso/.vscode/extensions/ms-vscode-remote.remote-ssh-0.107.1/out/extension.js:2:700300)
	at process.processTicksAndRejections (node:internal/process/task_queues:95:5)
	at async /home/drdbrioso/.vscode/extensions/ms-vscode-remote.remote-ssh-0.107.1/out/extension.js:2:722169
	at async t.withShowDetailsEvent (/home/drdbrioso/.vscode/extensions/ms-vscode-remote.remote-ssh-0.107.1/out/extension.js:2:725828)
	at async /home/drdbrioso/.vscode/extensions/ms-vscode-remote.remote-ssh-0.107.1/out/extension.js:2:697005
	at async C (/home/drdbrioso/.vscode/extensions/ms-vscode-remote.remote-ssh-0.107.1/out/extension.js:2:695056)
	at async t.resolveWithLocalServer (/home/drdbrioso/.vscode/extensions/ms-vscode-remote.remote-ssh-0.107.1/out/extension.js:2:696545)
	at async I (/home/drdbrioso/.vscode/extensions/ms-vscode-remote.remote-ssh-0.107.1/out/extension.js:2:719392)
	at async /home/drdbrioso/.vscode/extensions/ms-vscode-remote.remote-ssh-0.107.1/out/extension.js:2:725020
	at async /home/drdbrioso/.vscode/extensions/ms-vscode-remote.remote-ssh-0.107.1/out/extension.js:2:619775
2025-09-02 15:33:37.905 [error] Error: Permission denied (publickey,password).
	at g.Create (/home/drdbrioso/.vscode/extensions/ms-vscode-remote.remote-ssh-0.107.1/out/extension.js:2:642703)
	at /home/drdbrioso/.vscode/extensions/ms-vscode-remote.remote-ssh-0.107.1/out/extension.js:2:639355
	at t.handleInstallOutput (/home/drdbrioso/.vscode/extensions/ms-vscode-remote.remote-ssh-0.107.1/out/extension.js:2:639991)
	at e (/home/drdbrioso/.vscode/extensions/ms-vscode-remote.remote-ssh-0.107.1/out/extension.js:2:700300)
	at process.processTicksAndRejections (node:internal/process/task_queues:95:5)
	at async /home/drdbrioso/.vscode/extensions/ms-vscode-remote.remote-ssh-0.107.1/out/extension.js:2:722169
	at async t.withShowDetailsEvent (/home/drdbrioso/.vscode/extensions/ms-vscode-remote.remote-ssh-0.107.1/out/extension.js:2:725828)
	at async /home/drdbrioso/.vscode/extensions/ms-vscode-remote.remote-ssh-0.107.1/out/extension.js:2:697005
	at async C (/home/drdbrioso/.vscode/extensions/ms-vscode-remote.remote-ssh-0.107.1/out/extension.js:2:695056)
	at async t.resolveWithLocalServer (/home/drdbrioso/.vscode/extensions/ms-vscode-remote.remote-ssh-0.107.1/out/extension.js:2:696545)
	at async I (/home/drdbrioso/.vscode/extensions/ms-vscode-remote.remote-ssh-0.107.1/out/extension.js:2:719392)
	at async /home/drdbrioso/.vscode/extensions/ms-vscode-remote.remote-ssh-0.107.1/out/extension.js:2:725020
	at async /home/drdbrioso/.vscode/extensions/ms-vscode-remote.remote-ssh-0.107.1/out/extension.js:2:619775
2025-09-02 15:40:59.521 [info] Extension host terminating: renderer closed the MessagePort
2025-09-02 15:40:59.549 [error] Canceled: Canceled
	at new g (/home/drdbrioso/Downloads/code-stable-x64-1705560028 (2)/VSCode-linux-x64/resources/app/out/vs/workbench/api/node/extensionHostProcess.js:141:110274)
	at l.U (/home/drdbrioso/Downloads/code-stable-x64-1705560028 (2)/VSCode-linux-x64/resources/app/out/vs/workbench/api/node/extensionHostProcess.js:150:10866)
	at P.<computed>.j.charCodeAt.P.<computed> (/home/drdbrioso/Downloads/code-stable-x64-1705560028 (2)/VSCode-linux-x64/resources/app/out/vs/workbench/api/node/extensionHostProcess.js:150:8317)
	at d.g (/home/drdbrioso/Downloads/code-stable-x64-1705560028 (2)/VSCode-linux-x64/resources/app/out/vs/workbench/api/node/extensionHostProcess.js:141:139555)
	at d.executeCommand (/home/drdbrioso/Downloads/code-stable-x64-1705560028 (2)/VSCode-linux-x64/resources/app/out/vs/workbench/api/node/extensionHostProcess.js:141:138993)
	at p.registerCommand.description (/home/drdbrioso/Downloads/code-stable-x64-1705560028 (2)/VSCode-linux-x64/resources/app/out/vs/workbench/api/node/extensionHostProcess.js:141:138317)
	at d.h (/home/drdbrioso/Downloads/code-stable-x64-1705560028 (2)/VSCode-linux-x64/resources/app/out/vs/workbench/api/node/extensionHostProcess.js:141:140094)
	at d.g (/home/drdbrioso/Downloads/code-stable-x64-1705560028 (2)/VSCode-linux-x64/resources/app/out/vs/workbench/api/node/extensionHostProcess.js:141:139086)
	at d.executeCommand (/home/drdbrioso/Downloads/code-stable-x64-1705560028 (2)/VSCode-linux-x64/resources/app/out/vs/workbench/api/node/extensionHostProcess.js:141:138993)
	at Object.executeCommand (/home/drdbrioso/Downloads/code-stable-x64-1705560028 (2)/VSCode-linux-x64/resources/app/out/vs/workbench/api/node/extensionHostProcess.js:158:21333)
	at t.shutdown (/home/drdbrioso/.vscode/extensions/ms-vscode-remote.remote-ssh-0.107.1/out/extension.js:2:725329)
	at e.deactivate (/home/drdbrioso/.vscode/extensions/ms-vscode-remote.remote-ssh-0.107.1/out/extension.js:2:910160)
	at f.cb (/home/drdbrioso/Downloads/code-stable-x64-1705560028 (2)/VSCode-linux-x64/resources/app/out/vs/workbench/api/node/extensionHostProcess.js:154:9678)
	at /home/drdbrioso/Downloads/code-stable-x64-1705560028 (2)/VSCode-linux-x64/resources/app/out/vs/workbench/api/node/extensionHostProcess.js:154:7808
	at Array.map (<anonymous>)
	at f.Y (/home/drdbrioso/Downloads/code-stable-x64-1705560028 (2)/VSCode-linux-x64/resources/app/out/vs/workbench/api/node/extensionHostProcess.js:154:7795)
	at f.terminate (/home/drdbrioso/Downloads/code-stable-x64-1705560028 (2)/VSCode-linux-x64/resources/app/out/vs/workbench/api/node/extensionHostProcess.js:154:8068)
	at s.terminate (/home/drdbrioso/Downloads/code-stable-x64-1705560028 (2)/VSCode-linux-x64/resources/app/out/vs/workbench/api/node/extensionHostProcess.js:158:1513)
	at a (/home/drdbrioso/Downloads/code-stable-x64-1705560028 (2)/VSCode-linux-x64/resources/app/out/vs/workbench/api/node/extensionHostProcess.js:171:9802)
	at MessagePortMain.<anonymous> (/home/drdbrioso/Downloads/code-stable-x64-1705560028 (2)/VSCode-linux-x64/resources/app/out/vs/workbench/api/node/extensionHostProcess.js:171:6227)
	at MessagePortMain.emit (node:events:513:28)
	at MessagePortMain._internalPort.emit (node:electron/js2c/utility_init:2:367) setContext undefined
2025-09-02 15:40:59.686 [info] Extension host with pid 44433 exiting with code 0
