[17:48:47.833] Log Level: 2
[17:48:47.839] VS Code version: 1.85.2
[17:48:47.839] Remote-SSH version: remote-ssh@0.108.2023112915
[17:48:47.839] linux x64
[17:48:47.840] SSH Resolver called for "ssh-remote+senc.icmc.usp.br", attempt 1
[17:48:47.840] "remote.SSH.useLocalServer": true
[17:48:47.841] "remote.SSH.useExecServer": false
[17:48:47.841] "remote.SSH.path": undefined
[17:48:47.841] "remote.SSH.configFile": undefined
[17:48:47.841] "remote.SSH.useFlock": true
[17:48:47.841] "remote.SSH.lockfilesInTmp": false
[17:48:47.841] "remote.SSH.localServerDownload": auto
[17:48:47.841] "remote.SSH.remoteServerListenOnSocket": false
[17:48:47.841] "remote.SSH.showLoginTerminal": false
[17:48:47.841] "remote.SSH.defaultExtensions": []
[17:48:47.841] "remote.SSH.loglevel": 2
[17:48:47.841] "remote.SSH.enableDynamicForwarding": true
[17:48:47.841] "remote.SSH.enableRemoteCommand": false
[17:48:47.841] "remote.SSH.serverPickPortsFromRange": {}
[17:48:47.841] "remote.SSH.serverInstallPath": {}
[17:48:47.848] SSH Resolver called for host: senc.icmc.usp.br
[17:48:47.848] Setting up SSH remote "senc.icmc.usp.br"
[17:48:47.850] Acquiring local install lock: /tmp/vscode-remote-ssh-2f5e6878-install.lock
[17:48:47.851] Looking for existing server data file at /home/drdbrioso/.config/Code/User/globalStorage/ms-vscode-remote.remote-ssh/vscode-ssh-host-2f5e6878-8b3775030ed1a69b13e4f4c628c612102e30a681-0.108.2023112915-tr/data.json
[17:48:47.851] Using commit id "8b3775030ed1a69b13e4f4c628c612102e30a681" and quality "stable" for server
[17:48:47.852] Install and start server if needed
[17:48:47.854] PATH: /usr/local/bin:/usr/bin:/usr/local/sbin:/opt/android-sdk/platform-tools:/var/lib/flatpak/exports/bin:/usr/lib/jvm/default/bin:/usr/bin/site_perl:/usr/bin/vendor_perl:/usr/bin/core_perl:/home/drdbrioso/.local/bin:/opt/android-sdk/platform-tools:/home/drdbrioso/.local/bin:/opt/nvim/:/home/drdbrioso/.local/bin
[17:48:47.854] Checking ssh with "ssh -V"
[17:48:47.862] > OpenSSH_10.0p2, OpenSSL 3.5.3 16 Sep 2025

[17:48:47.865] askpass server listening on /run/user/1000/vscode-ssh-askpass-605b18b7ca74cd58edef7e2fab8c96fec0e23770.sock
[17:48:47.865] Spawning local server with {"serverId":1,"ipcHandlePath":"/run/user/1000/vscode-ssh-askpass-22bf97458cdde717d3b29d0f1508d787081a95bc.sock","sshCommand":"ssh","sshArgs":["-v","-T","-D","35563","-o","ConnectTimeout=15","senc.icmc.usp.br"],"serverDataFolderName":".vscode-server","dataFilePath":"/home/drdbrioso/.config/Code/User/globalStorage/ms-vscode-remote.remote-ssh/vscode-ssh-host-2f5e6878-8b3775030ed1a69b13e4f4c628c612102e30a681-0.108.2023112915-tr/data.json"}
[17:48:47.865] Local server env: {"SHELL":"/usr/bin/zsh","DISPLAY":":0","ELECTRON_RUN_AS_NODE":"1","SSH_ASKPASS":"/home/drdbrioso/.vscode/extensions/ms-vscode-remote.remote-ssh-0.108.2023112915/out/local-server/askpass.sh","VSCODE_SSH_ASKPASS_NODE":"/home/drdbrioso/Desktop/code-stable-x64-1705560028/VSCode-linux-x64/code","VSCODE_SSH_ASKPASS_EXTRA_ARGS":"--ms-enable-electron-run-as-node","VSCODE_SSH_ASKPASS_MAIN":"/home/drdbrioso/.vscode/extensions/ms-vscode-remote.remote-ssh-0.108.2023112915/out/askpass-main.js","VSCODE_SSH_ASKPASS_HANDLE":"/run/user/1000/vscode-ssh-askpass-605b18b7ca74cd58edef7e2fab8c96fec0e23770.sock"}
[17:48:47.869] Spawned 32739
[17:48:47.956] > local-server-1> Running ssh connection command: "-v -T -D 35563 -o ConnectTimeout=15 senc.icmc.usp.br"
[17:48:47.959] > local-server-1> Spawned ssh, pid=32747
[17:49:04.870] Terminating local server
[17:49:04.876] Resolver error: Error: Connecting with SSH timed out
	at g.Timeout (/home/drdbrioso/.vscode/extensions/ms-vscode-remote.remote-ssh-0.108.2023112915/out/extension.js:2:642829)
	at Timeout._onTimeout (/home/drdbrioso/.vscode/extensions/ms-vscode-remote.remote-ssh-0.108.2023112915/out/extension.js:2:707323)
	at listOnTimeout (node:internal/timers:569:17)
	at process.processTimers (node:internal/timers:512:7)
[17:49:04.879] Local server exit: 15
[17:49:04.887] ------




