[19:14:40.385] Log Level: 2
[19:14:40.411] VS Code version: 1.104.3
[19:14:40.411] Remote-SSH version: remote-ssh@0.107.1
[19:14:40.411] linux x64
[19:14:40.413] SSH Resolver called for "ssh-remote+senc.icmc.usp.br", attempt 1
[19:14:40.413] "remote.SSH.useLocalServer": true
[19:14:40.414] "remote.SSH.useExecServer": false
[19:14:40.414] "remote.SSH.path": undefined
[19:14:40.414] "remote.SSH.configFile": undefined
[19:14:40.414] "remote.SSH.useFlock": true
[19:14:40.414] "remote.SSH.lockfilesInTmp": false
[19:14:40.414] "remote.SSH.localServerDownload": auto
[19:14:40.414] "remote.SSH.remoteServerListenOnSocket": false
[19:14:40.414] "remote.SSH.showLoginTerminal": false
[19:14:40.414] "remote.SSH.defaultExtensions": []
[19:14:40.414] "remote.SSH.loglevel": 2
[19:14:40.414] "remote.SSH.enableDynamicForwarding": true
[19:14:40.414] "remote.SSH.enableRemoteCommand": false
[19:14:40.414] "remote.SSH.serverPickPortsFromRange": {}
[19:14:40.414] "remote.SSH.serverInstallPath": {}
[19:14:40.432] SSH Resolver called for host: senc.icmc.usp.br
[19:14:40.432] Setting up SSH remote "senc.icmc.usp.br"
[19:14:40.436] Acquiring local install lock: /tmp/vscode-remote-ssh-2f5e6878-install.lock
[19:14:40.436] Looking for existing server data file at /home/drdbrioso/.config/Code/User/globalStorage/ms-vscode-remote.remote-ssh/vscode-ssh-host-2f5e6878-385651c938df8a906869babee516bffd0ddb9829-0.107.1-tr/data.json
[19:14:40.438] Using commit id "385651c938df8a906869babee516bffd0ddb9829" and quality "stable" for server
[19:14:40.441] Install and start server if needed
[19:14:40.443] PATH: /usr/local/bin:/usr/bin:/usr/local/sbin:/opt/android-sdk/platform-tools:/var/lib/flatpak/exports/bin:/usr/lib/jvm/default/bin:/usr/bin/site_perl:/usr/bin/vendor_perl:/usr/bin/core_perl:/home/drdbrioso/.local/bin:/opt/android-sdk/platform-tools:/home/drdbrioso/.local/bin:/opt/nvim/:/home/drdbrioso/.local/bin
[19:14:40.443] Checking ssh with "ssh -V"
[19:14:40.453] > OpenSSH_10.0p2, OpenSSL 3.5.3 16 Sep 2025

[19:14:40.455] askpass server listening on /run/user/1000/vscode-ssh-askpass-0fcc0147408fa141a703e71bba3902a082e6155c.sock
[19:14:40.456] Spawning local server with {"serverId":1,"ipcHandlePath":"/run/user/1000/vscode-ssh-askpass-150ba8aaa745252e153cad96893ffa5e4dd7fa1c.sock","sshCommand":"ssh","sshArgs":["-v","-T","-D","39313","-o","ConnectTimeout=15","senc.icmc.usp.br"],"serverDataFolderName":".vscode-server","dataFilePath":"/home/drdbrioso/.config/Code/User/globalStorage/ms-vscode-remote.remote-ssh/vscode-ssh-host-2f5e6878-385651c938df8a906869babee516bffd0ddb9829-0.107.1-tr/data.json"}
[19:14:40.456] Local server env: {"SSH_AUTH_SOCK":"/run/user/1000/gcr/ssh","SHELL":"/usr/bin/zsh","DISPLAY":":0","ELECTRON_RUN_AS_NODE":"1","SSH_ASKPASS":"/home/drdbrioso/.vscode/extensions/ms-vscode-remote.remote-ssh-0.107.1/out/local-server/askpass.sh","VSCODE_SSH_ASKPASS_NODE":"/home/drdbrioso/Desktop/code-stable-x64-1759409365/VSCode-linux-x64/code","VSCODE_SSH_ASKPASS_EXTRA_ARGS":"--ms-enable-electron-run-as-node","VSCODE_SSH_ASKPASS_MAIN":"/home/drdbrioso/.vscode/extensions/ms-vscode-remote.remote-ssh-0.107.1/out/askpass-main.js","VSCODE_SSH_ASKPASS_HANDLE":"/run/user/1000/vscode-ssh-askpass-0fcc0147408fa141a703e71bba3902a082e6155c.sock"}
[19:14:40.458] Spawned 19934
[19:14:40.536] > local-server-1> Running ssh connection command: "-v -T -D 39313 -o ConnectTimeout=15 senc.icmc.usp.br"
[19:14:40.539] > local-server-1> Spawned ssh, pid=19942
[19:14:43.481] stderr> debug1: Server host key: ssh-ed25519 SHA256:pVqYJ9se5EhmIAvOwtJIlmPU+tHanHbPTfdzOa8qTZ4
[19:14:43.844] Got askpass request: {"request":"--ms-enable-electron-run-as-node web-senc@senc.icmc.usp.br's password:"}
[19:14:43.845] Showing password prompt
[19:14:43.847] Listening for interwindow password on /run/user/1000/vscode-ssh-askpass-0757cf34781245385f660317361a8061cd0feca4.sock
[19:14:43.847] Writing password prompt to globalState
[19:14:59.936] Got password response
[19:14:59.937] Interactor gave response: ***********
[19:14:59.937] Cleaning up other-window auth server
[19:15:00.086] stderr> Authenticated to senc.icmc.usp.br ([143.107.183.96]:22) using "password".
[19:15:16.941] Terminating local server
[19:15:16.943] Resolver error: Error: Connecting with SSH timed out
    at g.Timeout (/home/drdbrioso/.vscode/extensions/ms-vscode-remote.remote-ssh-0.107.1/out/extension.js:2:642829)
    at Timeout._onTimeout (/home/drdbrioso/.vscode/extensions/ms-vscode-remote.remote-ssh-0.107.1/out/extension.js:2:707323)
    at listOnTimeout (node:internal/timers:588:17)
    at process.processTimers (node:internal/timers:523:7)
[19:15:16.951] ------




[19:15:16.952] Local server exit: 15
[19:15:17.435] Opening exec server for ssh-remote+senc.icmc.usp.br
[19:15:17.442] Initizing new exec server for ssh-remote+senc.icmc.usp.br
[19:15:17.445] Acquiring local install lock: /tmp/vscode-remote-ssh-2f5e6878-install.lock
[19:15:17.445] Looking for existing server data file at /home/drdbrioso/.config/Code/User/globalStorage/ms-vscode-remote.remote-ssh/vscode-ssh-host-2f5e6878-385651c938df8a906869babee516bffd0ddb9829-0.107.1-es/data.json
[19:15:17.446] Using commit id "385651c938df8a906869babee516bffd0ddb9829" and quality "stable" for server
[19:15:17.448] Install and start server if needed
[19:15:17.451] askpass server listening on /run/user/1000/vscode-ssh-askpass-24a5646990fa2fd1c59f08c1e25ff612a86c3c1a.sock
[19:15:17.452] Spawning local server with {"serverId":2,"ipcHandlePath":"/run/user/1000/vscode-ssh-askpass-0327f101caadcc019619567312886786077db1ee.sock","sshCommand":"ssh","sshArgs":["-v","-T","-D","43397","-o","ConnectTimeout=15","senc.icmc.usp.br"],"serverDataFolderName":".vscode-server","dataFilePath":"/home/drdbrioso/.config/Code/User/globalStorage/ms-vscode-remote.remote-ssh/vscode-ssh-host-2f5e6878-385651c938df8a906869babee516bffd0ddb9829-0.107.1-es/data.json"}
[19:15:17.452] Local server env: {"SSH_AUTH_SOCK":"/run/user/1000/gcr/ssh","SHELL":"/usr/bin/zsh","DISPLAY":":0","ELECTRON_RUN_AS_NODE":"1","SSH_ASKPASS":"/home/drdbrioso/.vscode/extensions/ms-vscode-remote.remote-ssh-0.107.1/out/local-server/askpass.sh","VSCODE_SSH_ASKPASS_NODE":"/home/drdbrioso/Desktop/code-stable-x64-1759409365/VSCode-linux-x64/code","VSCODE_SSH_ASKPASS_EXTRA_ARGS":"--ms-enable-electron-run-as-node","VSCODE_SSH_ASKPASS_MAIN":"/home/drdbrioso/.vscode/extensions/ms-vscode-remote.remote-ssh-0.107.1/out/askpass-main.js","VSCODE_SSH_ASKPASS_HANDLE":"/run/user/1000/vscode-ssh-askpass-24a5646990fa2fd1c59f08c1e25ff612a86c3c1a.sock"}
[19:15:17.455] Spawned 20082
[19:15:17.564] > local-server-2> Running ssh connection command: "-v -T -D 43397 -o ConnectTimeout=15 senc.icmc.usp.br"
> local-server-2> Spawned ssh, pid=20098
[19:15:24.933] stderr> debug1: Server host key: ssh-ed25519 SHA256:pVqYJ9se5EhmIAvOwtJIlmPU+tHanHbPTfdzOa8qTZ4
[19:15:25.730] Got askpass request: {"request":"--ms-enable-electron-run-as-node web-senc@senc.icmc.usp.br's password:"}
[19:15:25.730] Showing password prompt
[19:15:25.731] Listening for interwindow password on /run/user/1000/vscode-ssh-askpass-754b0421b1d4d24a997724d1546717d96e4a9aa7.sock
[19:15:25.731] Writing password prompt to globalState
