[12:20:12.001] Log Level: 2
[12:20:12.008] SSH Resolver called for "ssh-remote+senc.icmc.usp.br", attempt 1
[12:20:12.009] "remote.SSH.useLocalServer": true
[12:20:12.009] "remote.SSH.useExecServer": false
[12:20:12.009] "remote.SSH.path": undefined
[12:20:12.009] "remote.SSH.configFile": undefined
[12:20:12.009] "remote.SSH.useFlock": true
[12:20:12.009] "remote.SSH.lockfilesInTmp": false
[12:20:12.010] "remote.SSH.localServerDownload": auto
[12:20:12.010] "remote.SSH.remoteServerListenOnSocket": false
[12:20:12.010] "remote.SSH.showLoginTerminal": false
[12:20:12.010] "remote.SSH.defaultExtensions": []
[12:20:12.010] "remote.SSH.loglevel": 2
[12:20:12.010] "remote.SSH.enableDynamicForwarding": true
[12:20:12.011] "remote.SSH.enableRemoteCommand": false
[12:20:12.011] "remote.SSH.serverPickPortsFromRange": {}
[12:20:12.011] "remote.SSH.serverInstallPath": {}
[12:20:12.018] VS Code version: 1.85.2
[12:20:12.018] Remote-SSH version: remote-ssh@0.107.1
[12:20:12.018] linux x64
[12:20:12.021] SSH Resolver called for host: senc.icmc.usp.br
[12:20:12.021] Setting up SSH remote "senc.icmc.usp.br"
[12:20:12.026] Acquiring local install lock: /tmp/vscode-remote-ssh-2f5e6878-install.lock
[12:20:12.031] Looking for existing server data file at /home/drdbrioso/.config/Code/User/globalStorage/ms-vscode-remote.remote-ssh/vscode-ssh-host-2f5e6878-8b3775030ed1a69b13e4f4c628c612102e30a681-0.107.1-tr/data.json
[12:20:12.031] Using commit id "8b3775030ed1a69b13e4f4c628c612102e30a681" and quality "stable" for server
[12:20:12.037] Install and start server if needed
[12:20:12.041] PATH: /usr/local/bin:/usr/bin:/usr/local/sbin:/var/lib/flatpak/exports/bin:/usr/bin/site_perl:/usr/bin/vendor_perl:/usr/bin/core_perl:/opt/nvim/
[12:20:12.042] Checking ssh with "ssh -V"
[12:20:12.056] > OpenSSH_10.0p2, OpenSSL 3.5.1 1 Jul 2025

[12:20:12.061] askpass server listening on /run/user/1000/vscode-ssh-askpass-76a3e28dd989d184b9ad3ae2b30a80cf1ecf09b2.sock
[12:20:12.061] Spawning local server with {"serverId":1,"ipcHandlePath":"/run/user/1000/vscode-ssh-askpass-23117ecc5703bde20a9bba5820fff8a306007b9c.sock","sshCommand":"ssh","sshArgs":["-v","-T","-D","44659","-o","ConnectTimeout=15","senc.icmc.usp.br"],"serverDataFolderName":".vscode-server","dataFilePath":"/home/drdbrioso/.config/Code/User/globalStorage/ms-vscode-remote.remote-ssh/vscode-ssh-host-2f5e6878-8b3775030ed1a69b13e4f4c628c612102e30a681-0.107.1-tr/data.json"}
[12:20:12.062] Local server env: {"SHELL":"/usr/bin/zsh","DISPLAY":":0","ELECTRON_RUN_AS_NODE":"1","SSH_ASKPASS":"/home/drdbrioso/.vscode/extensions/ms-vscode-remote.remote-ssh-0.107.1/out/local-server/askpass.sh","VSCODE_SSH_ASKPASS_NODE":"/home/drdbrioso/Downloads/code-stable-x64-1705560028/VSCode-linux-x64/code","VSCODE_SSH_ASKPASS_EXTRA_ARGS":"--ms-enable-electron-run-as-node","VSCODE_SSH_ASKPASS_MAIN":"/home/drdbrioso/.vscode/extensions/ms-vscode-remote.remote-ssh-0.107.1/out/askpass-main.js","VSCODE_SSH_ASKPASS_HANDLE":"/run/user/1000/vscode-ssh-askpass-76a3e28dd989d184b9ad3ae2b30a80cf1ecf09b2.sock"}
[12:20:12.065] Spawned 28598
[12:20:12.180] > local-server-1> Running ssh connection command: "-v -T -D 44659 -o ConnectTimeout=15 senc.icmc.usp.br"
[12:20:12.182] > local-server-1> Spawned ssh, pid=28606
[12:20:27.224] stderr> ssh: connect to host senc.icmc.usp.br port 22: Connection timed out
[12:20:27.229] > local-server-1> ssh child died, shutting down
[12:20:27.240] Local server exit: 0
[12:20:27.241] Received install output: local-server-1> Running ssh connection command: "-v -T -D 44659 -o ConnectTimeout=15 senc.icmc.usp.br"
local-server-1> Spawned ssh, pid=28606
ssh: connect to host senc.icmc.usp.br port 22: Connection timed out
local-server-1> ssh child died, shutting down

[12:20:27.248] Resolver error: Error: The connection timed out
	at g.Offline (/home/drdbrioso/.vscode/extensions/ms-vscode-remote.remote-ssh-0.107.1/out/extension.js:2:642754)
	at /home/drdbrioso/.vscode/extensions/ms-vscode-remote.remote-ssh-0.107.1/out/extension.js:2:638823
	at t.handleInstallOutput (/home/drdbrioso/.vscode/extensions/ms-vscode-remote.remote-ssh-0.107.1/out/extension.js:2:639138)
	at e (/home/drdbrioso/.vscode/extensions/ms-vscode-remote.remote-ssh-0.107.1/out/extension.js:2:700300)
	at process.processTicksAndRejections (node:internal/process/task_queues:95:5)
	at async /home/drdbrioso/.vscode/extensions/ms-vscode-remote.remote-ssh-0.107.1/out/extension.js:2:722169
	at async t.withShowDetailsEvent (/home/drdbrioso/.vscode/extensions/ms-vscode-remote.remote-ssh-0.107.1/out/extension.js:2:725828)
	at async /home/drdbrioso/.vscode/extensions/ms-vscode-remote.remote-ssh-0.107.1/out/extension.js:2:697005
	at async C (/home/drdbrioso/.vscode/extensions/ms-vscode-remote.remote-ssh-0.107.1/out/extension.js:2:695056)
	at async t.resolveWithLocalServer (/home/drdbrioso/.vscode/extensions/ms-vscode-remote.remote-ssh-0.107.1/out/extension.js:2:696545)
	at async I (/home/drdbrioso/.vscode/extensions/ms-vscode-remote.remote-ssh-0.107.1/out/extension.js:2:719392)
	at async t.resolve (/home/drdbrioso/.vscode/extensions/ms-vscode-remote.remote-ssh-0.107.1/out/extension.js:2:723199)
	at async /home/drdbrioso/.vscode/extensions/ms-vscode-remote.remote-ssh-0.107.1/out/extension.js:2:907003
[12:20:27.264] ------




[12:20:27.547] Opening exec server for ssh-remote+senc.icmc.usp.br
[12:20:27.555] Initizing new exec server for ssh-remote+senc.icmc.usp.br
[12:20:27.568] Acquiring local install lock: /tmp/vscode-remote-ssh-2f5e6878-install.lock
[12:20:27.578] Looking for existing server data file at /home/drdbrioso/.config/Code/User/globalStorage/ms-vscode-remote.remote-ssh/vscode-ssh-host-2f5e6878-8b3775030ed1a69b13e4f4c628c612102e30a681-0.107.1-es/data.json
[12:20:27.580] Using commit id "8b3775030ed1a69b13e4f4c628c612102e30a681" and quality "stable" for server
[12:20:27.585] Install and start server if needed
[12:20:27.592] askpass server listening on /run/user/1000/vscode-ssh-askpass-c444cd8def3b02a8653437bd5c3056de5ccef498.sock
[12:20:27.592] Spawning local server with {"serverId":2,"ipcHandlePath":"/run/user/1000/vscode-ssh-askpass-ed3f86028568f6cc626a7024157a7db47f803f88.sock","sshCommand":"ssh","sshArgs":["-v","-T","-D","35437","-o","ConnectTimeout=15","senc.icmc.usp.br"],"serverDataFolderName":".vscode-server","dataFilePath":"/home/drdbrioso/.config/Code/User/globalStorage/ms-vscode-remote.remote-ssh/vscode-ssh-host-2f5e6878-8b3775030ed1a69b13e4f4c628c612102e30a681-0.107.1-es/data.json"}
[12:20:27.592] Local server env: {"SHELL":"/usr/bin/zsh","DISPLAY":":0","ELECTRON_RUN_AS_NODE":"1","SSH_ASKPASS":"/home/drdbrioso/.vscode/extensions/ms-vscode-remote.remote-ssh-0.107.1/out/local-server/askpass.sh","VSCODE_SSH_ASKPASS_NODE":"/home/drdbrioso/Downloads/code-stable-x64-1705560028/VSCode-linux-x64/code","VSCODE_SSH_ASKPASS_EXTRA_ARGS":"--ms-enable-electron-run-as-node","VSCODE_SSH_ASKPASS_MAIN":"/home/drdbrioso/.vscode/extensions/ms-vscode-remote.remote-ssh-0.107.1/out/askpass-main.js","VSCODE_SSH_ASKPASS_HANDLE":"/run/user/1000/vscode-ssh-askpass-c444cd8def3b02a8653437bd5c3056de5ccef498.sock"}
[12:20:27.597] Spawned 28644
[12:20:27.703] > local-server-2> Running ssh connection command: "-v -T -D 35437 -o ConnectTimeout=15 senc.icmc.usp.br"
[12:20:27.706] > local-server-2> Spawned ssh, pid=28652
