2025-07-21 12:17:52.304 [info] Getting Manifest... reditorsupport.r
2025-07-21 12:17:52.312 [info] Installing extension: reditorsupport.r
2025-07-21 12:17:53.056 [error] Error while preparing to install dependencies and extension packs of the extension: reditorsupport.r
2025-07-21 12:17:53.057 [error] Failed to install extension. reditorsupport.r
2025-07-21 12:17:53.057 [error] Incompatible: Can't install 'reditorsupport.r-syntax' extension because it is not compatible with the current version of Visual Studio Code (version 1.85.2).
    at Y.O (/home/drdbrioso/Downloads/code-stable-x64-1705560028/VSCode-linux-x64/resources/app/out/vs/code/node/sharedProcess/sharedProcessMain.js:100:72651)
    at async F (/home/drdbrioso/Downloads/code-stable-x64-1705560028/VSCode-linux-x64/resources/app/out/vs/code/node/sharedProcess/sharedProcessMain.js:100:71207)
    at async Y.N (/home/drdbrioso/Downloads/code-stable-x64-1705560028/VSCode-linux-x64/resources/app/out/vs/code/node/sharedProcess/sharedProcessMain.js:100:71462)
    at async Y.J (/home/drdbrioso/Downloads/code-stable-x64-1705560028/VSCode-linux-x64/resources/app/out/vs/code/node/sharedProcess/sharedProcessMain.js:100:66118)
    at async /home/drdbrioso/Downloads/code-stable-x64-1705560028/VSCode-linux-x64/resources/app/out/vs/code/node/sharedProcess/sharedProcessMain.js:100:64829
    at async Promise.allSettled (index 0)
    at async Y.I (/home/drdbrioso/Downloads/code-stable-x64-1705560028/VSCode-linux-x64/resources/app/out/vs/code/node/sharedProcess/sharedProcessMain.js:100:64776)
    at async Y.installGalleryExtensions (/home/drdbrioso/Downloads/code-stable-x64-1705560028/VSCode-linux-x64/resources/app/out/vs/code/node/sharedProcess/sharedProcessMain.js:100:63225)
    at async Y.installFromGallery (/home/drdbrioso/Downloads/code-stable-x64-1705560028/VSCode-linux-x64/resources/app/out/vs/code/node/sharedProcess/sharedProcessMain.js:100:62546)
2025-07-21 12:18:12.334 [info] Getting Manifest... ms-vscode-remote.remote-ssh-edit
2025-07-21 12:18:12.352 [info] Installing extension: ms-vscode-remote.remote-ssh-edit
2025-07-21 12:18:14.396 [info] Extension signature is verified: ms-vscode-remote.remote-ssh-edit
2025-07-21 12:18:14.433 [info] Extracted extension to file:///home/drdbrioso/.vscode/extensions/ms-vscode-remote.remote-ssh-edit-0.87.0: ms-vscode-remote.remote-ssh-edit
2025-07-21 12:18:14.452 [info] Renamed to /home/drdbrioso/.vscode/extensions/ms-vscode-remote.remote-ssh-edit-0.87.0
2025-07-21 12:18:14.458 [info] Extracting extension completed. ms-vscode-remote.remote-ssh-edit
2025-07-21 12:18:14.494 [info] Extension installed successfully: ms-vscode-remote.remote-ssh-edit
2025-07-21 12:18:14.553 [error] [uncaught exception in sharedProcess]: Error: ENOENT: no such file or directory, stat '/home/drdbrioso/.vscode/extensions/extensions.json.vsctmp': EntryNotFound (FileSystemError): Error: ENOENT: no such file or directory, stat '/home/drdbrioso/.vscode/extensions/extensions.json.vsctmp'
    at r.create (/home/drdbrioso/Downloads/code-stable-x64-1705560028/VSCode-linux-x64/resources/app/out/vs/code/node/sharedProcess/sharedProcessMain.js:51:30056)
    at a (/home/drdbrioso/Downloads/code-stable-x64-1705560028/VSCode-linux-x64/resources/app/out/vs/code/node/sharedProcess/sharedProcessMain.js:51:30170)
    at s.fb (/home/drdbrioso/Downloads/code-stable-x64-1705560028/VSCode-linux-x64/resources/app/out/vs/code/node/sharedProcess/sharedProcessMain.js:56:36175)
    at s.stat (/home/drdbrioso/Downloads/code-stable-x64-1705560028/VSCode-linux-x64/resources/app/out/vs/code/node/sharedProcess/sharedProcessMain.js:56:28621)
    at async E.stat (/home/drdbrioso/Downloads/code-stable-x64-1705560028/VSCode-linux-x64/resources/app/out/vs/code/node/sharedProcess/sharedProcessMain.js:56:15732)
    at async Y.tb (/home/drdbrioso/Downloads/code-stable-x64-1705560028/VSCode-linux-x64/resources/app/out/vs/code/node/sharedProcess/sharedProcessMain.js:100:111319)
2025-07-21 12:18:29.689 [info] Getting Manifest... ms-vscode-remote.vscode-remote-extensionpack
2025-07-21 12:18:29.704 [info] Installing extension: ms-vscode-remote.vscode-remote-extensionpack
2025-07-21 12:18:33.186 [info] Getting Manifest... ms-vscode-remote.remote-wsl
2025-07-21 12:18:33.550 [info] Getting Manifest... ms-vscode-remote.remote-containers
2025-07-21 12:18:34.185 [info] Getting Manifest... ms-vscode-remote.remote-ssh
2025-07-21 12:18:34.850 [info] Getting Manifest... ms-vscode-remote.remote-ssh-edit
2025-07-21 12:18:35.114 [info] Getting Manifest... ms-vscode.remote-explorer
2025-07-21 12:18:35.236 [info] Getting Manifest... ms-vscode-remote.remote-ssh
2025-07-21 12:18:35.246 [info] Installing extension: ms-vscode-remote.remote-ssh
2025-07-21 12:18:35.556 [info] Getting Manifest... ms-vscode.remote-server
2025-07-21 12:18:35.827 [info] Getting Manifest... ms-vscode-remote.remote-ssh-edit
2025-07-21 12:18:36.106 [info] Getting Manifest... ms-vscode.remote-explorer
2025-07-21 12:18:36.175 [info] Installing extension: ms-vscode.remote-explorer ms-vscode-remote.remote-ssh
2025-07-21 12:18:36.443 [info] Installing extension: ms-vscode-remote.remote-wsl ms-vscode-remote.vscode-remote-extensionpack
2025-07-21 12:18:36.444 [info] Installing extension: ms-vscode-remote.remote-containers ms-vscode-remote.vscode-remote-extensionpack
2025-07-21 12:18:36.444 [info] Waiting for already requested installing extension ms-vscode-remote.remote-ssh ms-vscode-remote.vscode-remote-extensionpack
2025-07-21 12:18:36.444 [info] Waiting for already requested installing extension ms-vscode.remote-explorer ms-vscode-remote.vscode-remote-extensionpack
2025-07-21 12:18:36.444 [info] Installing extension: ms-vscode.remote-server ms-vscode-remote.vscode-remote-extensionpack
2025-07-21 12:18:37.822 [info] Extension signature is verified: ms-vscode.remote-explorer
2025-07-21 12:18:37.853 [info] Extracted extension to file:///home/drdbrioso/.vscode/extensions/ms-vscode.remote-explorer-0.4.1: ms-vscode.remote-explorer
2025-07-21 12:18:37.869 [info] Renamed to /home/drdbrioso/.vscode/extensions/ms-vscode.remote-explorer-0.4.1
2025-07-21 12:18:37.875 [info] Extracting extension completed. ms-vscode.remote-explorer
2025-07-21 12:18:37.978 [error] [uncaught exception in sharedProcess]: Error: ENOENT: no such file or directory, stat '/home/drdbrioso/.vscode/extensions/extensions.json.vsctmp': EntryNotFound (FileSystemError): Error: ENOENT: no such file or directory, stat '/home/drdbrioso/.vscode/extensions/extensions.json.vsctmp'
    at r.create (/home/drdbrioso/Downloads/code-stable-x64-1705560028/VSCode-linux-x64/resources/app/out/vs/code/node/sharedProcess/sharedProcessMain.js:51:30056)
    at a (/home/drdbrioso/Downloads/code-stable-x64-1705560028/VSCode-linux-x64/resources/app/out/vs/code/node/sharedProcess/sharedProcessMain.js:51:30170)
    at s.fb (/home/drdbrioso/Downloads/code-stable-x64-1705560028/VSCode-linux-x64/resources/app/out/vs/code/node/sharedProcess/sharedProcessMain.js:56:36175)
    at s.stat (/home/drdbrioso/Downloads/code-stable-x64-1705560028/VSCode-linux-x64/resources/app/out/vs/code/node/sharedProcess/sharedProcessMain.js:56:28621)
    at async E.stat (/home/drdbrioso/Downloads/code-stable-x64-1705560028/VSCode-linux-x64/resources/app/out/vs/code/node/sharedProcess/sharedProcessMain.js:56:15732)
    at async Y.tb (/home/drdbrioso/Downloads/code-stable-x64-1705560028/VSCode-linux-x64/resources/app/out/vs/code/node/sharedProcess/sharedProcessMain.js:100:111319)
2025-07-21 12:18:38.411 [info] Extension signature is verified: ms-vscode-remote.remote-wsl
2025-07-21 12:18:38.492 [info] Extracted extension to file:///home/drdbrioso/.vscode/extensions/ms-vscode-remote.remote-wsl-0.81.9: ms-vscode-remote.remote-wsl
2025-07-21 12:18:38.497 [info] Renamed to /home/drdbrioso/.vscode/extensions/ms-vscode-remote.remote-wsl-0.81.9
2025-07-21 12:18:38.499 [info] Extracting extension completed. ms-vscode-remote.remote-wsl
2025-07-21 12:18:38.583 [error] [uncaught exception in sharedProcess]: Error: ENOENT: no such file or directory, stat '/home/drdbrioso/.vscode/extensions/extensions.json.vsctmp': EntryNotFound (FileSystemError): Error: ENOENT: no such file or directory, stat '/home/drdbrioso/.vscode/extensions/extensions.json.vsctmp'
    at r.create (/home/drdbrioso/Downloads/code-stable-x64-1705560028/VSCode-linux-x64/resources/app/out/vs/code/node/sharedProcess/sharedProcessMain.js:51:30056)
    at a (/home/drdbrioso/Downloads/code-stable-x64-1705560028/VSCode-linux-x64/resources/app/out/vs/code/node/sharedProcess/sharedProcessMain.js:51:30170)
    at s.fb (/home/drdbrioso/Downloads/code-stable-x64-1705560028/VSCode-linux-x64/resources/app/out/vs/code/node/sharedProcess/sharedProcessMain.js:56:36175)
    at s.stat (/home/drdbrioso/Downloads/code-stable-x64-1705560028/VSCode-linux-x64/resources/app/out/vs/code/node/sharedProcess/sharedProcessMain.js:56:28621)
    at async E.stat (/home/drdbrioso/Downloads/code-stable-x64-1705560028/VSCode-linux-x64/resources/app/out/vs/code/node/sharedProcess/sharedProcessMain.js:56:15732)
    at async Y.tb (/home/drdbrioso/Downloads/code-stable-x64-1705560028/VSCode-linux-x64/resources/app/out/vs/code/node/sharedProcess/sharedProcessMain.js:100:111319)
2025-07-21 12:18:38.621 [info] Extension signature is verified: ms-vscode.remote-server
2025-07-21 12:18:38.728 [info] Extracted extension to file:///home/drdbrioso/.vscode/extensions/ms-vscode.remote-server-1.5.0: ms-vscode.remote-server
2025-07-21 12:18:38.740 [info] Renamed to /home/drdbrioso/.vscode/extensions/ms-vscode.remote-server-1.5.0
2025-07-21 12:18:38.746 [info] Extracting extension completed. ms-vscode.remote-server
2025-07-21 12:18:38.800 [error] [uncaught exception in sharedProcess]: Error: ENOENT: no such file or directory, stat '/home/drdbrioso/.vscode/extensions/extensions.json.vsctmp': EntryNotFound (FileSystemError): Error: ENOENT: no such file or directory, stat '/home/drdbrioso/.vscode/extensions/extensions.json.vsctmp'
    at r.create (/home/drdbrioso/Downloads/code-stable-x64-1705560028/VSCode-linux-x64/resources/app/out/vs/code/node/sharedProcess/sharedProcessMain.js:51:30056)
    at a (/home/drdbrioso/Downloads/code-stable-x64-1705560028/VSCode-linux-x64/resources/app/out/vs/code/node/sharedProcess/sharedProcessMain.js:51:30170)
    at s.fb (/home/drdbrioso/Downloads/code-stable-x64-1705560028/VSCode-linux-x64/resources/app/out/vs/code/node/sharedProcess/sharedProcessMain.js:56:36175)
    at s.stat (/home/drdbrioso/Downloads/code-stable-x64-1705560028/VSCode-linux-x64/resources/app/out/vs/code/node/sharedProcess/sharedProcessMain.js:56:28621)
    at async E.stat (/home/drdbrioso/Downloads/code-stable-x64-1705560028/VSCode-linux-x64/resources/app/out/vs/code/node/sharedProcess/sharedProcessMain.js:56:15732)
    at async Y.tb (/home/drdbrioso/Downloads/code-stable-x64-1705560028/VSCode-linux-x64/resources/app/out/vs/code/node/sharedProcess/sharedProcessMain.js:100:111319)
2025-07-21 12:18:38.849 [info] Extension signature is verified: ms-vscode-remote.remote-containers
2025-07-21 12:18:39.045 [info] Extracted extension to file:///home/drdbrioso/.vscode/extensions/ms-vscode-remote.remote-containers-0.327.0: ms-vscode-remote.remote-containers
2025-07-21 12:18:39.049 [info] Renamed to /home/drdbrioso/.vscode/extensions/ms-vscode-remote.remote-containers-0.327.0
2025-07-21 12:18:39.052 [info] Extracting extension completed. ms-vscode-remote.remote-containers
2025-07-21 12:18:39.132 [error] [uncaught exception in sharedProcess]: Error: ENOENT: no such file or directory, stat '/home/drdbrioso/.vscode/extensions/extensions.json.vsctmp': EntryNotFound (FileSystemError): Error: ENOENT: no such file or directory, stat '/home/drdbrioso/.vscode/extensions/extensions.json.vsctmp'
    at r.create (/home/drdbrioso/Downloads/code-stable-x64-1705560028/VSCode-linux-x64/resources/app/out/vs/code/node/sharedProcess/sharedProcessMain.js:51:30056)
    at a (/home/drdbrioso/Downloads/code-stable-x64-1705560028/VSCode-linux-x64/resources/app/out/vs/code/node/sharedProcess/sharedProcessMain.js:51:30170)
    at s.fb (/home/drdbrioso/Downloads/code-stable-x64-1705560028/VSCode-linux-x64/resources/app/out/vs/code/node/sharedProcess/sharedProcessMain.js:56:36175)
    at s.stat (/home/drdbrioso/Downloads/code-stable-x64-1705560028/VSCode-linux-x64/resources/app/out/vs/code/node/sharedProcess/sharedProcessMain.js:56:28621)
    at async E.stat (/home/drdbrioso/Downloads/code-stable-x64-1705560028/VSCode-linux-x64/resources/app/out/vs/code/node/sharedProcess/sharedProcessMain.js:56:15732)
    at async Y.tb (/home/drdbrioso/Downloads/code-stable-x64-1705560028/VSCode-linux-x64/resources/app/out/vs/code/node/sharedProcess/sharedProcessMain.js:100:111319)
2025-07-21 12:18:40.260 [info] Extension signature is verified: ms-vscode-remote.remote-ssh
2025-07-21 12:18:40.312 [info] Extracted extension to file:///home/drdbrioso/.vscode/extensions/ms-vscode-remote.remote-ssh-0.107.1: ms-vscode-remote.remote-ssh
2025-07-21 12:18:40.315 [info] Renamed to /home/drdbrioso/.vscode/extensions/ms-vscode-remote.remote-ssh-0.107.1
2025-07-21 12:18:40.317 [info] Extracting extension completed. ms-vscode-remote.remote-ssh
2025-07-21 12:18:40.326 [info] Extension installed successfully: ms-vscode.remote-explorer
2025-07-21 12:18:40.326 [info] Extension installed successfully: ms-vscode-remote.remote-ssh
2025-07-21 12:18:40.327 [info] Finished waiting for already requested installing extension ms-vscode-remote.remote-ssh ms-vscode-remote.vscode-remote-extensionpack
2025-07-21 12:18:40.327 [info] Finished waiting for already requested installing extension ms-vscode.remote-explorer ms-vscode-remote.vscode-remote-extensionpack
2025-07-21 12:18:40.397 [error] [uncaught exception in sharedProcess]: Error: ENOENT: no such file or directory, stat '/home/drdbrioso/.vscode/extensions/extensions.json.vsctmp': EntryNotFound (FileSystemError): Error: ENOENT: no such file or directory, stat '/home/drdbrioso/.vscode/extensions/extensions.json.vsctmp'
    at r.create (/home/drdbrioso/Downloads/code-stable-x64-1705560028/VSCode-linux-x64/resources/app/out/vs/code/node/sharedProcess/sharedProcessMain.js:51:30056)
    at a (/home/drdbrioso/Downloads/code-stable-x64-1705560028/VSCode-linux-x64/resources/app/out/vs/code/node/sharedProcess/sharedProcessMain.js:51:30170)
    at s.fb (/home/drdbrioso/Downloads/code-stable-x64-1705560028/VSCode-linux-x64/resources/app/out/vs/code/node/sharedProcess/sharedProcessMain.js:56:36175)
    at s.stat (/home/drdbrioso/Downloads/code-stable-x64-1705560028/VSCode-linux-x64/resources/app/out/vs/code/node/sharedProcess/sharedProcessMain.js:56:28621)
    at async E.stat (/home/drdbrioso/Downloads/code-stable-x64-1705560028/VSCode-linux-x64/resources/app/out/vs/code/node/sharedProcess/sharedProcessMain.js:56:15732)
    at async Y.tb (/home/drdbrioso/Downloads/code-stable-x64-1705560028/VSCode-linux-x64/resources/app/out/vs/code/node/sharedProcess/sharedProcessMain.js:100:111319)
2025-07-21 12:18:40.478 [info] Extension signature is verified: ms-vscode-remote.vscode-remote-extensionpack
2025-07-21 12:18:40.508 [info] Extracted extension to file:///home/drdbrioso/.vscode/extensions/ms-vscode-remote.vscode-remote-extensionpack-0.26.0: ms-vscode-remote.vscode-remote-extensionpack
2025-07-21 12:18:40.514 [info] Renamed to /home/drdbrioso/.vscode/extensions/ms-vscode-remote.vscode-remote-extensionpack-0.26.0
2025-07-21 12:18:40.520 [info] Extracting extension completed. ms-vscode-remote.vscode-remote-extensionpack
2025-07-21 12:18:40.539 [info] Extension installed successfully: ms-vscode-remote.remote-wsl
2025-07-21 12:18:40.540 [info] Extension installed successfully: ms-vscode.remote-server
2025-07-21 12:18:40.540 [info] Extension installed successfully: ms-vscode-remote.remote-containers
2025-07-21 12:18:40.540 [info] Extension installed successfully: ms-vscode-remote.vscode-remote-extensionpack
2025-07-21 12:18:40.605 [error] [uncaught exception in sharedProcess]: Error: ENOENT: no such file or directory, stat '/home/drdbrioso/.vscode/extensions/extensions.json.vsctmp': EntryNotFound (FileSystemError): Error: ENOENT: no such file or directory, stat '/home/drdbrioso/.vscode/extensions/extensions.json.vsctmp'
    at r.create (/home/drdbrioso/Downloads/code-stable-x64-1705560028/VSCode-linux-x64/resources/app/out/vs/code/node/sharedProcess/sharedProcessMain.js:51:30056)
    at a (/home/drdbrioso/Downloads/code-stable-x64-1705560028/VSCode-linux-x64/resources/app/out/vs/code/node/sharedProcess/sharedProcessMain.js:51:30170)
    at s.fb (/home/drdbrioso/Downloads/code-stable-x64-1705560028/VSCode-linux-x64/resources/app/out/vs/code/node/sharedProcess/sharedProcessMain.js:56:36175)
    at s.stat (/home/drdbrioso/Downloads/code-stable-x64-1705560028/VSCode-linux-x64/resources/app/out/vs/code/node/sharedProcess/sharedProcessMain.js:56:28621)
    at async E.stat (/home/drdbrioso/Downloads/code-stable-x64-1705560028/VSCode-linux-x64/resources/app/out/vs/code/node/sharedProcess/sharedProcessMain.js:56:15732)
    at async Y.tb (/home/drdbrioso/Downloads/code-stable-x64-1705560028/VSCode-linux-x64/resources/app/out/vs/code/node/sharedProcess/sharedProcessMain.js:100:111319)
