2025-10-07 19:15:17.638 [info] Reading sessions from keychain...
2025-10-07 19:15:17.638 [info] Getting sessions for all scopes...
2025-10-07 19:15:17.638 [info] Got 0 sessions for ...
2025-10-07 19:15:17.638 [info] Getting sessions for all scopes...
2025-10-07 19:15:17.638 [info] Got 0 sessions for ...
2025-10-07 19:15:17.638 [info] Getting sessions for all scopes...
2025-10-07 19:15:17.638 [info] Got 0 sessions for ...
2025-10-07 19:15:17.638 [info] Getting sessions for all scopes...
2025-10-07 19:15:17.638 [info] Got 0 sessions for ...
2025-10-07 19:15:17.638 [info] Getting sessions for all scopes...
2025-10-07 19:15:17.638 [info] Got 0 sessions for ...
2025-10-07 19:15:17.638 [info] Getting sessions for all scopes...
2025-10-07 19:15:17.638 [info] Got 0 sessions for ...
2025-10-07 19:15:17.638 [info] Getting sessions for all scopes...
2025-10-07 19:15:17.638 [info] Got 0 sessions for ...
2025-10-07 19:15:17.638 [info] Getting sessions for all scopes...
2025-10-07 19:15:17.638 [info] Got 0 sessions for ...
2025-10-07 19:15:17.638 [info] Getting sessions for all scopes...
2025-10-07 19:15:17.638 [info] Got 0 sessions for ...
2025-10-07 19:15:17.638 [info] Getting sessions for all scopes...
2025-10-07 19:15:17.638 [info] Got 0 sessions for ...
2025-10-07 19:15:17.638 [info] Getting sessions for all scopes...
2025-10-07 19:15:17.638 [info] Got 0 sessions for ...
2025-10-07 19:15:17.638 [info] Getting sessions for all scopes...
2025-10-07 19:15:17.638 [info] Got 0 sessions for ...
2025-10-07 19:15:17.638 [info] Getting sessions for all scopes...
2025-10-07 19:15:17.638 [info] Got 0 sessions for ...
2025-10-07 19:15:17.638 [info] Getting sessions for all scopes...
2025-10-07 19:15:17.638 [info] Got 0 sessions for ...
2025-10-07 19:15:17.638 [info] Getting sessions for all scopes...
2025-10-07 19:15:17.638 [info] Got 0 sessions for ...
2025-10-07 19:15:17.638 [info] Getting sessions for all scopes...
2025-10-07 19:15:17.638 [info] Got 0 sessions for ...
2025-10-07 19:15:17.638 [info] Getting sessions for all scopes...
2025-10-07 19:15:17.638 [info] Got 0 sessions for ...
2025-10-07 19:15:17.666 [info] Getting sessions for read:org,user:email...
2025-10-07 19:15:17.666 [info] Got 0 sessions for read:org,user:email...
2025-10-07 19:15:41.786 [info] Reading sessions from keychain...
2025-10-07 19:15:41.786 [info] Getting sessions for all scopes...
2025-10-07 19:15:41.793 [info] Got 0 sessions for ...
2025-10-07 19:15:41.793 [info] Getting sessions for all scopes...
2025-10-07 19:15:41.793 [info] Got 0 sessions for ...
2025-10-07 19:15:41.793 [info] Getting sessions for all scopes...
2025-10-07 19:15:41.793 [info] Got 0 sessions for ...
2025-10-07 19:15:41.793 [info] Getting sessions for all scopes...
2025-10-07 19:15:41.793 [info] Got 0 sessions for ...
2025-10-07 19:15:41.793 [info] Getting sessions for all scopes...
2025-10-07 19:15:41.793 [info] Got 0 sessions for ...
2025-10-07 19:15:41.793 [info] Getting sessions for all scopes...
2025-10-07 19:15:41.793 [info] Got 0 sessions for ...
2025-10-07 19:15:41.793 [info] Getting sessions for all scopes...
2025-10-07 19:15:41.793 [info] Got 0 sessions for ...
2025-10-07 19:15:41.794 [info] Getting sessions for all scopes...
2025-10-07 19:15:41.794 [info] Got 0 sessions for ...
2025-10-07 19:15:41.794 [info] Getting sessions for all scopes...
2025-10-07 19:15:41.794 [info] Got 0 sessions for ...
2025-10-07 19:15:41.794 [info] Getting sessions for all scopes...
2025-10-07 19:15:41.794 [info] Got 0 sessions for ...
2025-10-07 19:15:41.794 [info] Getting sessions for all scopes...
2025-10-07 19:15:41.794 [info] Got 0 sessions for ...
2025-10-07 19:15:41.794 [info] Getting sessions for all scopes...
2025-10-07 19:15:41.794 [info] Got 0 sessions for ...
2025-10-07 19:15:41.794 [info] Getting sessions for all scopes...
2025-10-07 19:15:41.794 [info] Got 0 sessions for ...
2025-10-07 19:15:42.235 [info] Getting sessions for all scopes...
2025-10-07 19:15:42.235 [info] Got 0 sessions for ...
2025-10-07 19:15:43.651 [info] Getting sessions for all scopes...
2025-10-07 19:15:43.652 [info] Got 0 sessions for ...
2025-10-07 19:15:43.652 [info] Getting sessions for all scopes...
2025-10-07 19:15:43.652 [info] Got 0 sessions for ...
2025-10-07 19:15:43.658 [info] Getting sessions for all scopes...
2025-10-07 19:15:43.658 [info] Got 0 sessions for ...
