[15:56:56.370] Log Level: 2
[15:56:56.385] SSH Resolver called for "ssh-remote+senc.icmc.usp.br", attempt 1
[15:56:56.385] "remote.SSH.useLocalServer": true
[15:56:56.385] "remote.SSH.useExecServer": false
[15:56:56.386] "remote.SSH.path": undefined
[15:56:56.386] "remote.SSH.configFile": undefined
[15:56:56.386] "remote.SSH.useFlock": true
[15:56:56.386] "remote.SSH.lockfilesInTmp": false
[15:56:56.386] "remote.SSH.localServerDownload": auto
[15:56:56.386] "remote.SSH.remoteServerListenOnSocket": false
[15:56:56.386] "remote.SSH.showLoginTerminal": false
[15:56:56.386] "remote.SSH.defaultExtensions": []
[15:56:56.387] "remote.SSH.loglevel": 2
[15:56:56.387] "remote.SSH.enableDynamicForwarding": true
[15:56:56.387] "remote.SSH.enableRemoteCommand": false
[15:56:56.387] "remote.SSH.serverPickPortsFromRange": {}
[15:56:56.387] "remote.SSH.serverInstallPath": {}
[15:56:56.390] VS Code version: 1.85.2
[15:56:56.390] Remote-SSH version: remote-ssh@0.108.2023112915
[15:56:56.390] linux x64
[15:56:56.392] SSH Resolver called for host: senc.icmc.usp.br
[15:56:56.392] Setting up SSH remote "senc.icmc.usp.br"
[15:56:56.395] Acquiring local install lock: /tmp/vscode-remote-ssh-2f5e6878-install.lock
[15:56:56.396] Looking for existing server data file at /home/drdbrioso/.config/Code/User/globalStorage/ms-vscode-remote.remote-ssh/vscode-ssh-host-2f5e6878-8b3775030ed1a69b13e4f4c628c612102e30a681-0.108.2023112915-tr/data.json
[15:56:56.400] Using commit id "8b3775030ed1a69b13e4f4c628c612102e30a681" and quality "stable" for server
[15:56:56.408] Install and start server if needed
[15:56:56.415] PATH: /usr/local/bin:/usr/bin:/usr/local/sbin:/opt/android-sdk/platform-tools:/var/lib/flatpak/exports/bin:/usr/lib/jvm/default/bin:/usr/bin/site_perl:/usr/bin/vendor_perl:/usr/bin/core_perl:/home/drdbrioso/.local/bin:/opt/android-sdk/platform-tools:/home/drdbrioso/.local/bin:/opt/nvim/:/home/drdbrioso/.local/bin
[15:56:56.415] Checking ssh with "ssh -V"
[15:56:56.426] > OpenSSH_10.0p2, OpenSSL 3.5.3 16 Sep 2025

[15:56:56.431] askpass server listening on /run/user/1000/vscode-ssh-askpass-16b00c17438d582092901e9f279261f671cb4e83.sock
[15:56:56.431] Spawning local server with {"serverId":1,"ipcHandlePath":"/run/user/1000/vscode-ssh-askpass-4c8bdda6ca67ce479661ba8afddb1620a3e07498.sock","sshCommand":"ssh","sshArgs":["-v","-T","-D","35727","-o","ConnectTimeout=15","senc.icmc.usp.br"],"serverDataFolderName":".vscode-server","dataFilePath":"/home/drdbrioso/.config/Code/User/globalStorage/ms-vscode-remote.remote-ssh/vscode-ssh-host-2f5e6878-8b3775030ed1a69b13e4f4c628c612102e30a681-0.108.2023112915-tr/data.json"}
[15:56:56.431] Local server env: {"SHELL":"/usr/bin/zsh","DISPLAY":":0","ELECTRON_RUN_AS_NODE":"1","SSH_ASKPASS":"/home/drdbrioso/.vscode/extensions/ms-vscode-remote.remote-ssh-0.108.2023112915/out/local-server/askpass.sh","VSCODE_SSH_ASKPASS_NODE":"/home/drdbrioso/Desktop/code-stable-x64-1705560028/VSCode-linux-x64/code","VSCODE_SSH_ASKPASS_EXTRA_ARGS":"--ms-enable-electron-run-as-node","VSCODE_SSH_ASKPASS_MAIN":"/home/drdbrioso/.vscode/extensions/ms-vscode-remote.remote-ssh-0.108.2023112915/out/askpass-main.js","VSCODE_SSH_ASKPASS_HANDLE":"/run/user/1000/vscode-ssh-askpass-16b00c17438d582092901e9f279261f671cb4e83.sock"}
[15:56:56.434] Spawned 20494
[15:56:56.569] > local-server-1> Running ssh connection command: "-v -T -D 35727 -o ConnectTimeout=15 senc.icmc.usp.br"
[15:56:56.574] > local-server-1> Spawned ssh, pid=20503
