[19:17:35.763] Log Level: 2
[19:17:35.777] SSH Resolver called for "ssh-remote+senc.icmc.usp.br", attempt 1
[19:17:35.781] remote.SSH.useLocalServer = true
[19:17:35.781] remote.SSH.useExecServer = true
[19:17:35.781] remote.SSH.bindHost = {}
[19:17:35.781] remote.SSH.path = 
[19:17:35.781] remote.SSH.configFile = 
[19:17:35.782] remote.SSH.useFlock = true
[19:17:35.782] remote.SSH.lockfilesInTmp = false
[19:17:35.782] remote.SSH.localServerDownload = auto
[19:17:35.782] remote.SSH.remoteServerListenOnSocket = false
[19:17:35.782] remote.SSH.defaultExtensions = []
[19:17:35.782] remote.SSH.defaultExtensionsIfInstalledLocally = []
[19:17:35.782] remote.SSH.loglevel = 2
[19:17:35.782] remote.SSH.enableDynamicForwarding = true
[19:17:35.783] remote.SSH.enableRemoteCommand = false
[19:17:35.783] remote.SSH.serverPickPortsFromRange = {}
[19:17:35.783] remote.SSH.serverInstallPath = {}
[19:17:35.783] remote.SSH.permitPtyAllocation = false
[19:17:35.783] remote.SSH.preferredLocalPortRange = undefined
[19:17:35.783] remote.SSH.useCurlAndWgetConfigurationFiles = false
[19:17:35.783] remote.SSH.experimental.chat = true
[19:17:35.783] remote.SSH.experimental.enhancedSessionLogs = true
[19:17:35.783] remote.SSH.httpProxy = {"*":""}
[19:17:35.784] remote.SSH.httpsProxy = {"*":""}
[19:17:35.790] VS Code version: 1.104.3
[19:17:35.790] Remote-SSH version: remote-ssh@0.120.0
[19:17:35.791] linux x64
[19:17:35.792] SSH Resolver called for host: senc.icmc.usp.br
[19:17:35.792] Setting up SSH remote "senc.icmc.usp.br"
[19:17:35.797] Acquiring local install lock: /tmp/vscode-remote-ssh-2f5e6878-install.lock
[19:17:35.799] Looking for existing server data file at /home/drdbrioso/.config/Code/User/globalStorage/ms-vscode-remote.remote-ssh/vscode-ssh-host-2f5e6878-385651c938df8a906869babee516bffd0ddb9829-0.120.0-es/data.json
[19:17:35.799] No existing data file
[19:17:35.800] Using commit id "385651c938df8a906869babee516bffd0ddb9829" and quality "stable" for server
[19:17:35.800] Extensions to install: 
[19:17:35.804] Install and start server if needed
[19:17:35.807] PATH: /usr/local/bin:/usr/bin:/usr/local/sbin:/opt/android-sdk/platform-tools:/var/lib/flatpak/exports/bin:/usr/lib/jvm/default/bin:/usr/bin/site_perl:/usr/bin/vendor_perl:/usr/bin/core_perl:/home/drdbrioso/.local/bin:/opt/android-sdk/platform-tools:/home/drdbrioso/.local/bin:/opt/nvim/:/home/drdbrioso/.local/bin
[19:17:35.807] Checking ssh with "ssh -V"
[19:17:35.816] > OpenSSH_10.0p2, OpenSSL 3.5.3 16 Sep 2025

[19:17:35.818] askpass server listening on /run/user/1000/vscode-ssh-askpass-8a5e3cb9b04d30f7769500e2beca44454142a4a8.sock
[19:17:35.819] Spawning local server with {"serverId":1,"ipcHandlePath":"/run/user/1000/vscode-ssh-askpass-7e989ceaa6b9e9254cfbdb7155722eb96d085c04.sock","sshCommand":"ssh","sshArgs":["-v","-T","-D","42605","-o","ConnectTimeout=15","senc.icmc.usp.br"],"serverDataFolderName":".vscode-server","dataFilePath":"/home/drdbrioso/.config/Code/User/globalStorage/ms-vscode-remote.remote-ssh/vscode-ssh-host-2f5e6878-385651c938df8a906869babee516bffd0ddb9829-0.120.0-es/data.json"}
[19:17:35.819] Local server env: {"SSH_AUTH_SOCK":"/run/user/1000/gcr/ssh","SHELL":"/usr/bin/zsh","DISPLAY":":0","ELECTRON_RUN_AS_NODE":"1","SSH_ASKPASS":"/home/drdbrioso/.vscode/extensions/ms-vscode-remote.remote-ssh-0.120.0/out/local-server/askpass.sh","VSCODE_SSH_ASKPASS_NODE":"/home/drdbrioso/Desktop/code-stable-x64-1759409365/VSCode-linux-x64/code","VSCODE_SSH_ASKPASS_EXTRA_ARGS":"","VSCODE_SSH_ASKPASS_MAIN":"/home/drdbrioso/.vscode/extensions/ms-vscode-remote.remote-ssh-0.120.0/out/askpass-main.js","VSCODE_SSH_ASKPASS_HANDLE":"/run/user/1000/vscode-ssh-askpass-8a5e3cb9b04d30f7769500e2beca44454142a4a8.sock"}
[19:17:35.822] Spawned 20679
[19:17:35.822] Using connect timeout of 17 seconds
[19:17:35.900] > local-server-1> Running ssh connection command: ssh -v -T -D 42605 -o ConnectTimeout=15 senc.icmc.usp.br
[19:17:35.904] > local-server-1> Spawned ssh, pid=20687
