2025-10-07 19:16:49.264 [info] Extension host with pid 20549 started
2025-10-07 19:16:49.264 [info] [resolveAuthority(ssh-remote,1)][0ms] activating remote resolvers ssh-remote+senc.icmc.usp.br
2025-10-07 19:16:49.264 [info] [resolveAuthority(ssh-remote,1)][0ms] activating resolver for ssh-remote+senc.icmc.usp.br...
2025-10-07 19:16:49.271 [info] ExtensionService#_doActivateExtension ms-vscode-remote.remote-ssh, startup: false, activationEvent: 'onResolveRemoteAuthority:ssh-remote'
2025-10-07 19:16:49.315 [error] PendingMigrationError: navigator is now a global in nodejs, please see https://aka.ms/vscode-extensions/navigator for additional info on this error.
    at get (file:///home/drdbrioso/Desktop/code-stable-x64-1759409365/VSCode-linux-x64/resources/app/out/vs/workbench/api/node/extensionHostProcess.js:391:6611)
    at Object.<anonymous> (/home/drdbrioso/.vscode/extensions/ms-vscode-remote.remote-ssh-0.120.0/out/extension.js:2:486184)
    at 19534 (/home/drdbrioso/.vscode/extensions/ms-vscode-remote.remote-ssh-0.120.0/out/extension.js:2:504894)
    at r (/home/drdbrioso/.vscode/extensions/ms-vscode-remote.remote-ssh-0.120.0/out/extension.js:2:1108387)
    at 92839 (/home/drdbrioso/.vscode/extensions/ms-vscode-remote.remote-ssh-0.120.0/out/extension.js:2:466959)
    at r (/home/drdbrioso/.vscode/extensions/ms-vscode-remote.remote-ssh-0.120.0/out/extension.js:2:1108387)
    at 49424 (/home/drdbrioso/.vscode/extensions/ms-vscode-remote.remote-ssh-0.120.0/out/extension.js:2:465816)
    at r (/home/drdbrioso/.vscode/extensions/ms-vscode-remote.remote-ssh-0.120.0/out/extension.js:2:1108387)
    at 17130 (/home/drdbrioso/.vscode/extensions/ms-vscode-remote.remote-ssh-0.120.0/out/extension.js:2:596135)
    at r (/home/drdbrioso/.vscode/extensions/ms-vscode-remote.remote-ssh-0.120.0/out/extension.js:2:1108387)
    at 87631 (/home/drdbrioso/.vscode/extensions/ms-vscode-remote.remote-ssh-0.120.0/out/extension.js:2:576866)
    at r (/home/drdbrioso/.vscode/extensions/ms-vscode-remote.remote-ssh-0.120.0/out/extension.js:2:1108387)
    at 65861 (/home/drdbrioso/.vscode/extensions/ms-vscode-remote.remote-ssh-0.120.0/out/extension.js:2:600705)
    at r (/home/drdbrioso/.vscode/extensions/ms-vscode-remote.remote-ssh-0.120.0/out/extension.js:2:1108387)
    at 91577 (/home/drdbrioso/.vscode/extensions/ms-vscode-remote.remote-ssh-0.120.0/out/extension.js:2:856974)
    at r (/home/drdbrioso/.vscode/extensions/ms-vscode-remote.remote-ssh-0.120.0/out/extension.js:2:1108387)
    at 94111 (/home/drdbrioso/.vscode/extensions/ms-vscode-remote.remote-ssh-0.120.0/out/extension.js:2:819912)
    at r (/home/drdbrioso/.vscode/extensions/ms-vscode-remote.remote-ssh-0.120.0/out/extension.js:2:1108387)
    at 35187 (/home/drdbrioso/.vscode/extensions/ms-vscode-remote.remote-ssh-0.120.0/out/extension.js:2:690327)
    at r (/home/drdbrioso/.vscode/extensions/ms-vscode-remote.remote-ssh-0.120.0/out/extension.js:2:1108387)
    at 64417 (/home/drdbrioso/.vscode/extensions/ms-vscode-remote.remote-ssh-0.120.0/out/extension.js:2:846572)
    at r (/home/drdbrioso/.vscode/extensions/ms-vscode-remote.remote-ssh-0.120.0/out/extension.js:2:1108387)
    at 24847 (/home/drdbrioso/.vscode/extensions/ms-vscode-remote.remote-ssh-0.120.0/out/extension.js:2:828930)
    at r (/home/drdbrioso/.vscode/extensions/ms-vscode-remote.remote-ssh-0.120.0/out/extension.js:2:1108387)
    at 54788 (/home/drdbrioso/.vscode/extensions/ms-vscode-remote.remote-ssh-0.120.0/out/extension.js:2:788284)
    at r (/home/drdbrioso/.vscode/extensions/ms-vscode-remote.remote-ssh-0.120.0/out/extension.js:2:1108387)
    at 30729 (/home/drdbrioso/.vscode/extensions/ms-vscode-remote.remote-ssh-0.120.0/out/extension.js:2:682648)
    at r (/home/drdbrioso/.vscode/extensions/ms-vscode-remote.remote-ssh-0.120.0/out/extension.js:2:1108387)
    at 24430 (/home/drdbrioso/.vscode/extensions/ms-vscode-remote.remote-ssh-0.120.0/out/extension.js:2:837945)
    at r (/home/drdbrioso/.vscode/extensions/ms-vscode-remote.remote-ssh-0.120.0/out/extension.js:2:1108387)
    at 52584 (/home/drdbrioso/.vscode/extensions/ms-vscode-remote.remote-ssh-0.120.0/out/extension.js:2:811300)
    at r (/home/drdbrioso/.vscode/extensions/ms-vscode-remote.remote-ssh-0.120.0/out/extension.js:2:1108387)
    at 69480 (/home/drdbrioso/.vscode/extensions/ms-vscode-remote.remote-ssh-0.120.0/out/extension.js:2:800490)
    at r (/home/drdbrioso/.vscode/extensions/ms-vscode-remote.remote-ssh-0.120.0/out/extension.js:2:1108387)
    at 71535 (/home/drdbrioso/.vscode/extensions/ms-vscode-remote.remote-ssh-0.120.0/out/extension.js:2:680397)
    at r (/home/drdbrioso/.vscode/extensions/ms-vscode-remote.remote-ssh-0.120.0/out/extension.js:2:1108387)
    at /home/drdbrioso/.vscode/extensions/ms-vscode-remote.remote-ssh-0.120.0/out/extension.js:2:1109251
    at /home/drdbrioso/.vscode/extensions/ms-vscode-remote.remote-ssh-0.120.0/out/extension.js:2:1117584
    at Object.<anonymous> (/home/drdbrioso/.vscode/extensions/ms-vscode-remote.remote-ssh-0.120.0/out/extension.js:2:1117690)
    at Module._compile (node:internal/modules/cjs/loader:1696:14)
    at Module._extensions..js (node:internal/modules/cjs/loader:1829:10)
    at Module.load (node:internal/modules/cjs/loader:1430:32)
    at Module._load (node:internal/modules/cjs/loader:1253:12)
    at c._load (node:electron/js2c/node_init:2:17993)
    at e._load (file:///home/drdbrioso/Desktop/code-stable-x64-1759409365/VSCode-linux-x64/resources/app/out/vs/workbench/api/node/extensionHostProcess.js:391:5984)
    at t._load (file:///home/drdbrioso/Desktop/code-stable-x64-1759409365/VSCode-linux-x64/resources/app/out/vs/workbench/api/node/extensionHostProcess.js:209:22649)
    at r._load (file:///home/drdbrioso/Desktop/code-stable-x64-1759409365/VSCode-linux-x64/resources/app/out/vs/workbench/api/node/extensionHostProcess.js:201:25551)
    at TracingChannel.traceSync (node:diagnostics_channel:322:14)
    at wrapModuleLoad (node:internal/modules/cjs/loader:242:24)
    at Module.require (node:internal/modules/cjs/loader:1452:12)
    at require (node:internal/modules/helpers:135:16)
    at aJ.Cb (file:///home/drdbrioso/Desktop/code-stable-x64-1759409365/VSCode-linux-x64/resources/app/out/vs/workbench/api/node/extensionHostProcess.js:240:1253)
2025-10-07 19:16:49.403 [error] PendingMigrationError: navigator is now a global in nodejs, please see https://aka.ms/vscode-extensions/navigator for additional info on this error.
    at get (file:///home/drdbrioso/Desktop/code-stable-x64-1759409365/VSCode-linux-x64/resources/app/out/vs/workbench/api/node/extensionHostProcess.js:391:6611)
    at g (/home/drdbrioso/.vscode/extensions/ms-vscode-remote.remote-ssh-0.120.0/out/extension.js:2:283829)
    at /home/drdbrioso/.vscode/extensions/ms-vscode-remote.remote-ssh-0.120.0/out/extension.js:2:283674
    at r (/home/drdbrioso/.vscode/extensions/ms-vscode-remote.remote-ssh-0.120.0/out/extension.js:2:285048)
    at /home/drdbrioso/.vscode/extensions/ms-vscode-remote.remote-ssh-0.120.0/out/extension.js:2:285217
    at Object.get (/home/drdbrioso/.vscode/extensions/ms-vscode-remote.remote-ssh-0.120.0/out/extension.js:2:284567)
    at _ (/home/drdbrioso/.vscode/extensions/ms-vscode-remote.remote-ssh-0.120.0/out/extension.js:2:284134)
    at O (/home/drdbrioso/.vscode/extensions/ms-vscode-remote.remote-ssh-0.120.0/out/extension.js:2:229826)
    at /home/drdbrioso/.vscode/extensions/ms-vscode-remote.remote-ssh-0.120.0/out/extension.js:2:163430
    at Object.p [as use] (/home/drdbrioso/.vscode/extensions/ms-vscode-remote.remote-ssh-0.120.0/out/extension.js:2:205291)
    at /home/drdbrioso/.vscode/extensions/ms-vscode-remote.remote-ssh-0.120.0/out/extension.js:2:206959
    at s.<computed> [as watch] (/home/drdbrioso/.vscode/extensions/ms-vscode-remote.remote-ssh-0.120.0/out/extension.js:2:206970)
    at B (/home/drdbrioso/.vscode/extensions/ms-vscode-remote.remote-ssh-0.120.0/out/extension.js:2:207589)
    at e.<computed> [as initialize] (/home/drdbrioso/.vscode/extensions/ms-vscode-remote.remote-ssh-0.120.0/out/extension.js:2:162741)
    at e.n [as initialize] (/home/drdbrioso/.vscode/extensions/ms-vscode-remote.remote-ssh-0.120.0/out/extension.js:2:275397)
    at /home/drdbrioso/.vscode/extensions/ms-vscode-remote.remote-ssh-0.120.0/out/extension.js:2:170519
    at g (/home/drdbrioso/.vscode/extensions/ms-vscode-remote.remote-ssh-0.120.0/out/extension.js:2:239634)
    at e.<computed> [as initialize] (/home/drdbrioso/.vscode/extensions/ms-vscode-remote.remote-ssh-0.120.0/out/extension.js:2:169778)
    at t.n [as initialize] (/home/drdbrioso/.vscode/extensions/ms-vscode-remote.remote-ssh-0.120.0/out/extension.js:2:275397)
    at Array.<anonymous> (/home/drdbrioso/.vscode/extensions/ms-vscode-remote.remote-ssh-0.120.0/out/extension.js:2:244943)
    at o (/home/drdbrioso/.vscode/extensions/ms-vscode-remote.remote-ssh-0.120.0/out/extension.js:2:280977)
    at u (/home/drdbrioso/.vscode/extensions/ms-vscode-remote.remote-ssh-0.120.0/out/extension.js:2:244904)
    at ge (/home/drdbrioso/.vscode/extensions/ms-vscode-remote.remote-ssh-0.120.0/out/extension.js:2:213632)
    at e.<computed> (/home/drdbrioso/.vscode/extensions/ms-vscode-remote.remote-ssh-0.120.0/out/extension.js:2:216146)
    at Object.initialize (/home/drdbrioso/.vscode/extensions/ms-vscode-remote.remote-ssh-0.120.0/out/extension.js:2:276131)
    at /home/drdbrioso/.vscode/extensions/ms-vscode-remote.remote-ssh-0.120.0/out/extension.js:2:140366
    at g (/home/drdbrioso/.vscode/extensions/ms-vscode-remote.remote-ssh-0.120.0/out/extension.js:2:239634)
    at e.<computed> [as initialize] (/home/drdbrioso/.vscode/extensions/ms-vscode-remote.remote-ssh-0.120.0/out/extension.js:2:140291)
    at t.n [as initialize] (/home/drdbrioso/.vscode/extensions/ms-vscode-remote.remote-ssh-0.120.0/out/extension.js:2:275397)
    at /home/drdbrioso/.vscode/extensions/ms-vscode-remote.remote-ssh-0.120.0/out/extension.js:2:339701
    at async t.oneDataSystemClientFactory (/home/drdbrioso/.vscode/extensions/ms-vscode-remote.remote-ssh-0.120.0/out/extension.js:2:339100)
2025-10-07 19:16:49.404 [info] [resolveAuthority(ssh-remote,1)][147ms] invoking final resolve()...
2025-10-07 19:16:50.405 [info] [resolveAuthority(ssh-remote,1)][1148ms] waiting...
2025-10-07 19:16:51.405 [info] [resolveAuthority(ssh-remote,1)][2148ms] waiting...
2025-10-07 19:16:52.406 [info] [resolveAuthority(ssh-remote,1)][3149ms] waiting...
2025-10-07 19:16:53.407 [info] [resolveAuthority(ssh-remote,1)][4150ms] waiting...
2025-10-07 19:16:54.408 [info] [resolveAuthority(ssh-remote,1)][5151ms] waiting...
2025-10-07 19:16:55.409 [info] [resolveAuthority(ssh-remote,1)][6152ms] waiting...
2025-10-07 19:16:56.410 [info] [resolveAuthority(ssh-remote,1)][7153ms] waiting...
2025-10-07 19:16:57.410 [info] [resolveAuthority(ssh-remote,1)][8153ms] waiting...
2025-10-07 19:16:58.411 [info] [resolveAuthority(ssh-remote,1)][9154ms] waiting...
2025-10-07 19:16:59.411 [info] [resolveAuthority(ssh-remote,1)][10154ms] waiting...
2025-10-07 19:17:00.413 [info] [resolveAuthority(ssh-remote,1)][11155ms] waiting...
2025-10-07 19:17:01.413 [info] [resolveAuthority(ssh-remote,1)][12156ms] waiting...
2025-10-07 19:17:02.414 [info] [resolveAuthority(ssh-remote,1)][13157ms] waiting...
2025-10-07 19:17:03.415 [info] [resolveAuthority(ssh-remote,1)][14158ms] waiting...
2025-10-07 19:17:04.416 [info] [resolveAuthority(ssh-remote,1)][15159ms] waiting...
2025-10-07 19:17:05.419 [info] [resolveAuthority(ssh-remote,1)][16161ms] waiting...
2025-10-07 19:17:06.419 [info] [resolveAuthority(ssh-remote,1)][17162ms] waiting...
2025-10-07 19:17:07.419 [info] [resolveAuthority(ssh-remote,1)][18162ms] waiting...
2025-10-07 19:17:08.420 [info] [resolveAuthority(ssh-remote,1)][19163ms] waiting...
2025-10-07 19:17:09.422 [info] [resolveAuthority(ssh-remote,1)][20165ms] waiting...
2025-10-07 19:17:10.423 [info] [resolveAuthority(ssh-remote,1)][21166ms] waiting...
2025-10-07 19:17:11.424 [info] [resolveAuthority(ssh-remote,1)][22167ms] waiting...
2025-10-07 19:17:12.425 [info] [resolveAuthority(ssh-remote,1)][23168ms] waiting...
2025-10-07 19:17:13.203 [error] [resolveAuthority(ssh-remote,1)][23945ms] returned an error Connecting with SSH timed out
2025-10-07 19:17:13.342 [info] Eager extensions activated
2025-10-07 19:17:13.430 [info] ExtensionService#_doActivateExtension ms-vscode-remote.remote-containers, startup: false, activationEvent: 'onStartupFinished'
2025-10-07 19:17:13.558 [info] ExtensionService#_doActivateExtension ms-vscode-remote.remote-wsl, startup: false, activationEvent: 'onStartupFinished'
2025-10-07 19:17:13.642 [info] ExtensionService#_doActivateExtension vscode.github-authentication, startup: false, activationEvent: 'onAuthenticationRequest:github'
2025-10-07 19:17:34.726 [info] Extension host terminating: renderer closed the MessagePort
2025-10-07 19:17:34.740 [info] Extension host with pid 20549 exiting with code 0
2025-10-07 19:17:35.639 [info] Extension host with pid 20653 started
2025-10-07 19:17:35.639 [info] [resolveAuthority(ssh-remote,1)][0ms] activating remote resolvers ssh-remote+senc.icmc.usp.br
2025-10-07 19:17:35.639 [info] [resolveAuthority(ssh-remote,1)][0ms] activating resolver for ssh-remote+senc.icmc.usp.br...
2025-10-07 19:17:35.645 [info] ExtensionService#_doActivateExtension ms-vscode-remote.remote-ssh, startup: false, activationEvent: 'onResolveRemoteAuthority:ssh-remote'
2025-10-07 19:17:35.688 [error] PendingMigrationError: navigator is now a global in nodejs, please see https://aka.ms/vscode-extensions/navigator for additional info on this error.
    at get (file:///home/drdbrioso/Desktop/code-stable-x64-1759409365/VSCode-linux-x64/resources/app/out/vs/workbench/api/node/extensionHostProcess.js:391:6611)
    at Object.<anonymous> (/home/drdbrioso/.vscode/extensions/ms-vscode-remote.remote-ssh-0.120.0/out/extension.js:2:486184)
    at 19534 (/home/drdbrioso/.vscode/extensions/ms-vscode-remote.remote-ssh-0.120.0/out/extension.js:2:504894)
    at r (/home/drdbrioso/.vscode/extensions/ms-vscode-remote.remote-ssh-0.120.0/out/extension.js:2:1108387)
    at 92839 (/home/drdbrioso/.vscode/extensions/ms-vscode-remote.remote-ssh-0.120.0/out/extension.js:2:466959)
    at r (/home/drdbrioso/.vscode/extensions/ms-vscode-remote.remote-ssh-0.120.0/out/extension.js:2:1108387)
    at 49424 (/home/drdbrioso/.vscode/extensions/ms-vscode-remote.remote-ssh-0.120.0/out/extension.js:2:465816)
    at r (/home/drdbrioso/.vscode/extensions/ms-vscode-remote.remote-ssh-0.120.0/out/extension.js:2:1108387)
    at 17130 (/home/drdbrioso/.vscode/extensions/ms-vscode-remote.remote-ssh-0.120.0/out/extension.js:2:596135)
    at r (/home/drdbrioso/.vscode/extensions/ms-vscode-remote.remote-ssh-0.120.0/out/extension.js:2:1108387)
    at 87631 (/home/drdbrioso/.vscode/extensions/ms-vscode-remote.remote-ssh-0.120.0/out/extension.js:2:576866)
    at r (/home/drdbrioso/.vscode/extensions/ms-vscode-remote.remote-ssh-0.120.0/out/extension.js:2:1108387)
    at 65861 (/home/drdbrioso/.vscode/extensions/ms-vscode-remote.remote-ssh-0.120.0/out/extension.js:2:600705)
    at r (/home/drdbrioso/.vscode/extensions/ms-vscode-remote.remote-ssh-0.120.0/out/extension.js:2:1108387)
    at 91577 (/home/drdbrioso/.vscode/extensions/ms-vscode-remote.remote-ssh-0.120.0/out/extension.js:2:856974)
    at r (/home/drdbrioso/.vscode/extensions/ms-vscode-remote.remote-ssh-0.120.0/out/extension.js:2:1108387)
    at 94111 (/home/drdbrioso/.vscode/extensions/ms-vscode-remote.remote-ssh-0.120.0/out/extension.js:2:819912)
    at r (/home/drdbrioso/.vscode/extensions/ms-vscode-remote.remote-ssh-0.120.0/out/extension.js:2:1108387)
    at 35187 (/home/drdbrioso/.vscode/extensions/ms-vscode-remote.remote-ssh-0.120.0/out/extension.js:2:690327)
    at r (/home/drdbrioso/.vscode/extensions/ms-vscode-remote.remote-ssh-0.120.0/out/extension.js:2:1108387)
    at 64417 (/home/drdbrioso/.vscode/extensions/ms-vscode-remote.remote-ssh-0.120.0/out/extension.js:2:846572)
    at r (/home/drdbrioso/.vscode/extensions/ms-vscode-remote.remote-ssh-0.120.0/out/extension.js:2:1108387)
    at 24847 (/home/drdbrioso/.vscode/extensions/ms-vscode-remote.remote-ssh-0.120.0/out/extension.js:2:828930)
    at r (/home/drdbrioso/.vscode/extensions/ms-vscode-remote.remote-ssh-0.120.0/out/extension.js:2:1108387)
    at 54788 (/home/drdbrioso/.vscode/extensions/ms-vscode-remote.remote-ssh-0.120.0/out/extension.js:2:788284)
    at r (/home/drdbrioso/.vscode/extensions/ms-vscode-remote.remote-ssh-0.120.0/out/extension.js:2:1108387)
    at 30729 (/home/drdbrioso/.vscode/extensions/ms-vscode-remote.remote-ssh-0.120.0/out/extension.js:2:682648)
    at r (/home/drdbrioso/.vscode/extensions/ms-vscode-remote.remote-ssh-0.120.0/out/extension.js:2:1108387)
    at 24430 (/home/drdbrioso/.vscode/extensions/ms-vscode-remote.remote-ssh-0.120.0/out/extension.js:2:837945)
    at r (/home/drdbrioso/.vscode/extensions/ms-vscode-remote.remote-ssh-0.120.0/out/extension.js:2:1108387)
    at 52584 (/home/drdbrioso/.vscode/extensions/ms-vscode-remote.remote-ssh-0.120.0/out/extension.js:2:811300)
    at r (/home/drdbrioso/.vscode/extensions/ms-vscode-remote.remote-ssh-0.120.0/out/extension.js:2:1108387)
    at 69480 (/home/drdbrioso/.vscode/extensions/ms-vscode-remote.remote-ssh-0.120.0/out/extension.js:2:800490)
    at r (/home/drdbrioso/.vscode/extensions/ms-vscode-remote.remote-ssh-0.120.0/out/extension.js:2:1108387)
    at 71535 (/home/drdbrioso/.vscode/extensions/ms-vscode-remote.remote-ssh-0.120.0/out/extension.js:2:680397)
    at r (/home/drdbrioso/.vscode/extensions/ms-vscode-remote.remote-ssh-0.120.0/out/extension.js:2:1108387)
    at /home/drdbrioso/.vscode/extensions/ms-vscode-remote.remote-ssh-0.120.0/out/extension.js:2:1109251
    at /home/drdbrioso/.vscode/extensions/ms-vscode-remote.remote-ssh-0.120.0/out/extension.js:2:1117584
    at Object.<anonymous> (/home/drdbrioso/.vscode/extensions/ms-vscode-remote.remote-ssh-0.120.0/out/extension.js:2:1117690)
    at Module._compile (node:internal/modules/cjs/loader:1696:14)
    at Module._extensions..js (node:internal/modules/cjs/loader:1829:10)
    at Module.load (node:internal/modules/cjs/loader:1430:32)
    at Module._load (node:internal/modules/cjs/loader:1253:12)
    at c._load (node:electron/js2c/node_init:2:17993)
    at e._load (file:///home/drdbrioso/Desktop/code-stable-x64-1759409365/VSCode-linux-x64/resources/app/out/vs/workbench/api/node/extensionHostProcess.js:391:5984)
    at t._load (file:///home/drdbrioso/Desktop/code-stable-x64-1759409365/VSCode-linux-x64/resources/app/out/vs/workbench/api/node/extensionHostProcess.js:209:22649)
    at r._load (file:///home/drdbrioso/Desktop/code-stable-x64-1759409365/VSCode-linux-x64/resources/app/out/vs/workbench/api/node/extensionHostProcess.js:201:25551)
    at TracingChannel.traceSync (node:diagnostics_channel:322:14)
    at wrapModuleLoad (node:internal/modules/cjs/loader:242:24)
    at Module.require (node:internal/modules/cjs/loader:1452:12)
    at require (node:internal/modules/helpers:135:16)
    at aJ.Cb (file:///home/drdbrioso/Desktop/code-stable-x64-1759409365/VSCode-linux-x64/resources/app/out/vs/workbench/api/node/extensionHostProcess.js:240:1253)
2025-10-07 19:17:35.776 [error] PendingMigrationError: navigator is now a global in nodejs, please see https://aka.ms/vscode-extensions/navigator for additional info on this error.
    at get (file:///home/drdbrioso/Desktop/code-stable-x64-1759409365/VSCode-linux-x64/resources/app/out/vs/workbench/api/node/extensionHostProcess.js:391:6611)
    at g (/home/drdbrioso/.vscode/extensions/ms-vscode-remote.remote-ssh-0.120.0/out/extension.js:2:283829)
    at /home/drdbrioso/.vscode/extensions/ms-vscode-remote.remote-ssh-0.120.0/out/extension.js:2:283674
    at r (/home/drdbrioso/.vscode/extensions/ms-vscode-remote.remote-ssh-0.120.0/out/extension.js:2:285048)
    at /home/drdbrioso/.vscode/extensions/ms-vscode-remote.remote-ssh-0.120.0/out/extension.js:2:285217
    at Object.get (/home/drdbrioso/.vscode/extensions/ms-vscode-remote.remote-ssh-0.120.0/out/extension.js:2:284567)
    at _ (/home/drdbrioso/.vscode/extensions/ms-vscode-remote.remote-ssh-0.120.0/out/extension.js:2:284134)
    at O (/home/drdbrioso/.vscode/extensions/ms-vscode-remote.remote-ssh-0.120.0/out/extension.js:2:229826)
    at /home/drdbrioso/.vscode/extensions/ms-vscode-remote.remote-ssh-0.120.0/out/extension.js:2:163430
    at Object.p [as use] (/home/drdbrioso/.vscode/extensions/ms-vscode-remote.remote-ssh-0.120.0/out/extension.js:2:205291)
    at /home/drdbrioso/.vscode/extensions/ms-vscode-remote.remote-ssh-0.120.0/out/extension.js:2:206959
    at s.<computed> [as watch] (/home/drdbrioso/.vscode/extensions/ms-vscode-remote.remote-ssh-0.120.0/out/extension.js:2:206970)
    at B (/home/drdbrioso/.vscode/extensions/ms-vscode-remote.remote-ssh-0.120.0/out/extension.js:2:207589)
    at e.<computed> [as initialize] (/home/drdbrioso/.vscode/extensions/ms-vscode-remote.remote-ssh-0.120.0/out/extension.js:2:162741)
    at e.n [as initialize] (/home/drdbrioso/.vscode/extensions/ms-vscode-remote.remote-ssh-0.120.0/out/extension.js:2:275397)
    at /home/drdbrioso/.vscode/extensions/ms-vscode-remote.remote-ssh-0.120.0/out/extension.js:2:170519
    at g (/home/drdbrioso/.vscode/extensions/ms-vscode-remote.remote-ssh-0.120.0/out/extension.js:2:239634)
    at e.<computed> [as initialize] (/home/drdbrioso/.vscode/extensions/ms-vscode-remote.remote-ssh-0.120.0/out/extension.js:2:169778)
    at t.n [as initialize] (/home/drdbrioso/.vscode/extensions/ms-vscode-remote.remote-ssh-0.120.0/out/extension.js:2:275397)
    at Array.<anonymous> (/home/drdbrioso/.vscode/extensions/ms-vscode-remote.remote-ssh-0.120.0/out/extension.js:2:244943)
    at o (/home/drdbrioso/.vscode/extensions/ms-vscode-remote.remote-ssh-0.120.0/out/extension.js:2:280977)
    at u (/home/drdbrioso/.vscode/extensions/ms-vscode-remote.remote-ssh-0.120.0/out/extension.js:2:244904)
    at ge (/home/drdbrioso/.vscode/extensions/ms-vscode-remote.remote-ssh-0.120.0/out/extension.js:2:213632)
    at e.<computed> (/home/drdbrioso/.vscode/extensions/ms-vscode-remote.remote-ssh-0.120.0/out/extension.js:2:216146)
    at Object.initialize (/home/drdbrioso/.vscode/extensions/ms-vscode-remote.remote-ssh-0.120.0/out/extension.js:2:276131)
    at /home/drdbrioso/.vscode/extensions/ms-vscode-remote.remote-ssh-0.120.0/out/extension.js:2:140366
    at g (/home/drdbrioso/.vscode/extensions/ms-vscode-remote.remote-ssh-0.120.0/out/extension.js:2:239634)
    at e.<computed> [as initialize] (/home/drdbrioso/.vscode/extensions/ms-vscode-remote.remote-ssh-0.120.0/out/extension.js:2:140291)
    at t.n [as initialize] (/home/drdbrioso/.vscode/extensions/ms-vscode-remote.remote-ssh-0.120.0/out/extension.js:2:275397)
    at /home/drdbrioso/.vscode/extensions/ms-vscode-remote.remote-ssh-0.120.0/out/extension.js:2:339701
    at async t.oneDataSystemClientFactory (/home/drdbrioso/.vscode/extensions/ms-vscode-remote.remote-ssh-0.120.0/out/extension.js:2:339100)
2025-10-07 19:17:35.777 [info] [resolveAuthority(ssh-remote,1)][145ms] invoking final resolve()...
2025-10-07 19:17:36.777 [info] [resolveAuthority(ssh-remote,1)][1145ms] waiting...
2025-10-07 19:17:37.080 [info] Extension host terminating: renderer closed the MessagePort
2025-10-07 19:17:37.082 [info] Extension host with pid 20653 exiting with code 0
