2025-07-21 12:20:11.432 [warning] Via 'product.json#extensionEnabledApiProposals' extension 'ms-python.python' wants API proposal 'registerIssueDataProvider' but that proposal DOES NOT EXIST. Likely, the proposal has been finalized (check 'vscode.d.ts') or was abandoned.
2025-07-21 12:20:11.653 [info] Invoking resolveAuthority(ssh-remote)...
2025-07-21 12:20:11.654 [info] [LocalProcess0][resolveAuthority(ssh-remote,1)][0ms] obtaining proxy...
2025-07-21 12:20:11.696 [info] Started local extension host with pid 28574.
2025-07-21 12:20:11.978 [info] [LocalProcess0][resolveAuthority(ssh-remote,1)][324ms] invoking...
2025-07-21 12:20:12.978 [info] [LocalProcess0][resolveAuthority(ssh-remote,1)][1325ms] waiting...
2025-07-21 12:20:13.979 [info] [LocalProcess0][resolveAuthority(ssh-remote,1)][2325ms] waiting...
2025-07-21 12:20:14.979 [info] [LocalProcess0][resolveAuthority(ssh-remote,1)][3325ms] waiting...
2025-07-21 12:20:15.979 [info] [LocalProcess0][resolveAuthority(ssh-remote,1)][4325ms] waiting...
2025-07-21 12:20:16.979 [info] [LocalProcess0][resolveAuthority(ssh-remote,1)][5325ms] waiting...
2025-07-21 12:20:17.979 [info] [LocalProcess0][resolveAuthority(ssh-remote,1)][6325ms] waiting...
2025-07-21 12:20:18.979 [info] [LocalProcess0][resolveAuthority(ssh-remote,1)][7325ms] waiting...
2025-07-21 12:20:19.979 [info] [LocalProcess0][resolveAuthority(ssh-remote,1)][8325ms] waiting...
2025-07-21 12:20:20.979 [info] [LocalProcess0][resolveAuthority(ssh-remote,1)][9325ms] waiting...
2025-07-21 12:20:21.978 [info] [LocalProcess0][resolveAuthority(ssh-remote,1)][10325ms] waiting...
2025-07-21 12:20:22.978 [info] [LocalProcess0][resolveAuthority(ssh-remote,1)][11325ms] waiting...
2025-07-21 12:20:23.979 [info] [LocalProcess0][resolveAuthority(ssh-remote,1)][12325ms] waiting...
2025-07-21 12:20:24.979 [info] [LocalProcess0][resolveAuthority(ssh-remote,1)][13325ms] waiting...
2025-07-21 12:20:25.979 [info] [LocalProcess0][resolveAuthority(ssh-remote,1)][14325ms] waiting...
2025-07-21 12:20:26.979 [info] [LocalProcess0][resolveAuthority(ssh-remote,1)][15325ms] waiting...
2025-07-21 12:20:27.310 [error] [LocalProcess0][resolveAuthority(ssh-remote,1)][15657ms] returned an error {"code":"NotAvailable","message":"The connection timed out","detail":true}
2025-07-21 12:20:27.310 [error] resolveAuthority(ssh-remote) returned an error after 15657 ms The connection timed out
2025-07-21 12:20:27.311 [error] Error received from starting extension host (kind: Remote)
2025-07-21 12:20:27.311 [error] CodeExpectedError: The connection timed out
    at ee.rb (vscode-file://vscode-app/home/drdbrioso/Downloads/code-stable-x64-1705560028/VSCode-linux-x64/resources/app/out/vs/workbench/workbench.desktop.main.js:2718:21055)
    at async ee.qb (vscode-file://vscode-app/home/drdbrioso/Downloads/code-stable-x64-1705560028/VSCode-linux-x64/resources/app/out/vs/workbench/workbench.desktop.main.js:2718:20332)
    at async ee.Ob (vscode-file://vscode-app/home/drdbrioso/Downloads/code-stable-x64-1705560028/VSCode-linux-x64/resources/app/out/vs/workbench/workbench.desktop.main.js:2719:11484)
    at async ee.jb (vscode-file://vscode-app/home/drdbrioso/Downloads/code-stable-x64-1705560028/VSCode-linux-x64/resources/app/out/vs/workbench/workbench.desktop.main.js:2718:17969)
2025-07-21 12:20:27.311 [error] [remote-connection][attempt 1] An error occurred in initial connection! Will retry... Error:
2025-07-21 12:20:27.311 [error] CodeExpectedError: The connection timed out
    at ee.rb (vscode-file://vscode-app/home/drdbrioso/Downloads/code-stable-x64-1705560028/VSCode-linux-x64/resources/app/out/vs/workbench/workbench.desktop.main.js:2718:21055)
    at async ee.qb (vscode-file://vscode-app/home/drdbrioso/Downloads/code-stable-x64-1705560028/VSCode-linux-x64/resources/app/out/vs/workbench/workbench.desktop.main.js:2718:20332)
    at async ee.Ob (vscode-file://vscode-app/home/drdbrioso/Downloads/code-stable-x64-1705560028/VSCode-linux-x64/resources/app/out/vs/workbench/workbench.desktop.main.js:2719:11484)
    at async ee.jb (vscode-file://vscode-app/home/drdbrioso/Downloads/code-stable-x64-1705560028/VSCode-linux-x64/resources/app/out/vs/workbench/workbench.desktop.main.js:2718:17969)
2025-07-21 12:20:27.312 [error] [remote-connection][attempt 2] An error occurred in initial connection! Will retry... Error:
2025-07-21 12:20:27.313 [error] CodeExpectedError: The connection timed out
    at ee.rb (vscode-file://vscode-app/home/drdbrioso/Downloads/code-stable-x64-1705560028/VSCode-linux-x64/resources/app/out/vs/workbench/workbench.desktop.main.js:2718:21055)
    at async ee.qb (vscode-file://vscode-app/home/drdbrioso/Downloads/code-stable-x64-1705560028/VSCode-linux-x64/resources/app/out/vs/workbench/workbench.desktop.main.js:2718:20332)
    at async ee.Ob (vscode-file://vscode-app/home/drdbrioso/Downloads/code-stable-x64-1705560028/VSCode-linux-x64/resources/app/out/vs/workbench/workbench.desktop.main.js:2719:11484)
    at async ee.jb (vscode-file://vscode-app/home/drdbrioso/Downloads/code-stable-x64-1705560028/VSCode-linux-x64/resources/app/out/vs/workbench/workbench.desktop.main.js:2718:17969)
2025-07-21 12:20:27.353 [error] [remote-connection][attempt 3] An error occurred in initial connection! Will retry... Error:
2025-07-21 12:20:27.353 [error] CodeExpectedError: The connection timed out
    at ee.rb (vscode-file://vscode-app/home/drdbrioso/Downloads/code-stable-x64-1705560028/VSCode-linux-x64/resources/app/out/vs/workbench/workbench.desktop.main.js:2718:21055)
    at async ee.qb (vscode-file://vscode-app/home/drdbrioso/Downloads/code-stable-x64-1705560028/VSCode-linux-x64/resources/app/out/vs/workbench/workbench.desktop.main.js:2718:20332)
    at async ee.Ob (vscode-file://vscode-app/home/drdbrioso/Downloads/code-stable-x64-1705560028/VSCode-linux-x64/resources/app/out/vs/workbench/workbench.desktop.main.js:2719:11484)
    at async ee.jb (vscode-file://vscode-app/home/drdbrioso/Downloads/code-stable-x64-1705560028/VSCode-linux-x64/resources/app/out/vs/workbench/workbench.desktop.main.js:2718:17969)
2025-07-21 12:20:27.398 [error] [remote-connection][attempt 4] An error occurred in initial connection! Will retry... Error:
2025-07-21 12:20:27.398 [error] CodeExpectedError: The connection timed out
    at ee.rb (vscode-file://vscode-app/home/drdbrioso/Downloads/code-stable-x64-1705560028/VSCode-linux-x64/resources/app/out/vs/workbench/workbench.desktop.main.js:2718:21055)
    at async ee.qb (vscode-file://vscode-app/home/drdbrioso/Downloads/code-stable-x64-1705560028/VSCode-linux-x64/resources/app/out/vs/workbench/workbench.desktop.main.js:2718:20332)
    at async ee.Ob (vscode-file://vscode-app/home/drdbrioso/Downloads/code-stable-x64-1705560028/VSCode-linux-x64/resources/app/out/vs/workbench/workbench.desktop.main.js:2719:11484)
    at async ee.jb (vscode-file://vscode-app/home/drdbrioso/Downloads/code-stable-x64-1705560028/VSCode-linux-x64/resources/app/out/vs/workbench/workbench.desktop.main.js:2718:17969)
2025-07-21 12:20:27.399 [error] [remote-connection][attempt 5]  An error occurred in initial connection! It will be treated as a permanent error. Error:
2025-07-21 12:20:27.399 [error] CodeExpectedError: The connection timed out
    at ee.rb (vscode-file://vscode-app/home/drdbrioso/Downloads/code-stable-x64-1705560028/VSCode-linux-x64/resources/app/out/vs/workbench/workbench.desktop.main.js:2718:21055)
    at async ee.qb (vscode-file://vscode-app/home/drdbrioso/Downloads/code-stable-x64-1705560028/VSCode-linux-x64/resources/app/out/vs/workbench/workbench.desktop.main.js:2718:20332)
    at async ee.Ob (vscode-file://vscode-app/home/drdbrioso/Downloads/code-stable-x64-1705560028/VSCode-linux-x64/resources/app/out/vs/workbench/workbench.desktop.main.js:2719:11484)
    at async ee.jb (vscode-file://vscode-app/home/drdbrioso/Downloads/code-stable-x64-1705560028/VSCode-linux-x64/resources/app/out/vs/workbench/workbench.desktop.main.js:2718:17969)
2025-07-21 12:20:27.399 [error] CodeExpectedError: The connection timed out
    at ee.rb (vscode-file://vscode-app/home/drdbrioso/Downloads/code-stable-x64-1705560028/VSCode-linux-x64/resources/app/out/vs/workbench/workbench.desktop.main.js:2718:21055)
    at async ee.qb (vscode-file://vscode-app/home/drdbrioso/Downloads/code-stable-x64-1705560028/VSCode-linux-x64/resources/app/out/vs/workbench/workbench.desktop.main.js:2718:20332)
    at async ee.Ob (vscode-file://vscode-app/home/drdbrioso/Downloads/code-stable-x64-1705560028/VSCode-linux-x64/resources/app/out/vs/workbench/workbench.desktop.main.js:2719:11484)
    at async ee.jb (vscode-file://vscode-app/home/drdbrioso/Downloads/code-stable-x64-1705560028/VSCode-linux-x64/resources/app/out/vs/workbench/workbench.desktop.main.js:2718:17969)
2025-07-21 12:20:27.400 [error] Cannot register remote filesystem provider. Error while fetching remote environment. The connection timed out
2025-07-21 12:20:27.400 [error] CodeExpectedError: The connection timed out
    at ee.rb (vscode-file://vscode-app/home/drdbrioso/Downloads/code-stable-x64-1705560028/VSCode-linux-x64/resources/app/out/vs/workbench/workbench.desktop.main.js:2718:21055)
    at async ee.qb (vscode-file://vscode-app/home/drdbrioso/Downloads/code-stable-x64-1705560028/VSCode-linux-x64/resources/app/out/vs/workbench/workbench.desktop.main.js:2718:20332)
    at async ee.Ob (vscode-file://vscode-app/home/drdbrioso/Downloads/code-stable-x64-1705560028/VSCode-linux-x64/resources/app/out/vs/workbench/workbench.desktop.main.js:2719:11484)
    at async ee.jb (vscode-file://vscode-app/home/drdbrioso/Downloads/code-stable-x64-1705560028/VSCode-linux-x64/resources/app/out/vs/workbench/workbench.desktop.main.js:2718:17969)
2025-07-21 12:20:27.400 [error] CodeExpectedError: The connection timed out
    at ee.rb (vscode-file://vscode-app/home/drdbrioso/Downloads/code-stable-x64-1705560028/VSCode-linux-x64/resources/app/out/vs/workbench/workbench.desktop.main.js:2718:21055)
    at async ee.qb (vscode-file://vscode-app/home/drdbrioso/Downloads/code-stable-x64-1705560028/VSCode-linux-x64/resources/app/out/vs/workbench/workbench.desktop.main.js:2718:20332)
    at async ee.Ob (vscode-file://vscode-app/home/drdbrioso/Downloads/code-stable-x64-1705560028/VSCode-linux-x64/resources/app/out/vs/workbench/workbench.desktop.main.js:2719:11484)
    at async ee.jb (vscode-file://vscode-app/home/drdbrioso/Downloads/code-stable-x64-1705560028/VSCode-linux-x64/resources/app/out/vs/workbench/workbench.desktop.main.js:2718:17969)
2025-07-21 12:20:27.401 [error] CodeExpectedError: The connection timed out
    at ee.rb (vscode-file://vscode-app/home/drdbrioso/Downloads/code-stable-x64-1705560028/VSCode-linux-x64/resources/app/out/vs/workbench/workbench.desktop.main.js:2718:21055)
    at async ee.qb (vscode-file://vscode-app/home/drdbrioso/Downloads/code-stable-x64-1705560028/VSCode-linux-x64/resources/app/out/vs/workbench/workbench.desktop.main.js:2718:20332)
    at async ee.Ob (vscode-file://vscode-app/home/drdbrioso/Downloads/code-stable-x64-1705560028/VSCode-linux-x64/resources/app/out/vs/workbench/workbench.desktop.main.js:2719:11484)
    at async ee.jb (vscode-file://vscode-app/home/drdbrioso/Downloads/code-stable-x64-1705560028/VSCode-linux-x64/resources/app/out/vs/workbench/workbench.desktop.main.js:2718:17969)
2025-07-21 12:20:27.401 [error] CodeExpectedError: The connection timed out
    at ee.rb (vscode-file://vscode-app/home/drdbrioso/Downloads/code-stable-x64-1705560028/VSCode-linux-x64/resources/app/out/vs/workbench/workbench.desktop.main.js:2718:21055)
    at async ee.qb (vscode-file://vscode-app/home/drdbrioso/Downloads/code-stable-x64-1705560028/VSCode-linux-x64/resources/app/out/vs/workbench/workbench.desktop.main.js:2718:20332)
    at async ee.Ob (vscode-file://vscode-app/home/drdbrioso/Downloads/code-stable-x64-1705560028/VSCode-linux-x64/resources/app/out/vs/workbench/workbench.desktop.main.js:2719:11484)
    at async ee.jb (vscode-file://vscode-app/home/drdbrioso/Downloads/code-stable-x64-1705560028/VSCode-linux-x64/resources/app/out/vs/workbench/workbench.desktop.main.js:2718:17969)
2025-07-21 12:20:27.402 [error] CodeExpectedError: The connection timed out
    at ee.rb (vscode-file://vscode-app/home/drdbrioso/Downloads/code-stable-x64-1705560028/VSCode-linux-x64/resources/app/out/vs/workbench/workbench.desktop.main.js:2718:21055)
    at async ee.qb (vscode-file://vscode-app/home/drdbrioso/Downloads/code-stable-x64-1705560028/VSCode-linux-x64/resources/app/out/vs/workbench/workbench.desktop.main.js:2718:20332)
    at async ee.Ob (vscode-file://vscode-app/home/drdbrioso/Downloads/code-stable-x64-1705560028/VSCode-linux-x64/resources/app/out/vs/workbench/workbench.desktop.main.js:2719:11484)
    at async ee.jb (vscode-file://vscode-app/home/drdbrioso/Downloads/code-stable-x64-1705560028/VSCode-linux-x64/resources/app/out/vs/workbench/workbench.desktop.main.js:2718:17969)
2025-07-21 12:20:27.415 [error] The connection timed out: CodeExpectedError: The connection timed out
    at ee.rb (vscode-file://vscode-app/home/drdbrioso/Downloads/code-stable-x64-1705560028/VSCode-linux-x64/resources/app/out/vs/workbench/workbench.desktop.main.js:2718:21055)
    at async ee.qb (vscode-file://vscode-app/home/drdbrioso/Downloads/code-stable-x64-1705560028/VSCode-linux-x64/resources/app/out/vs/workbench/workbench.desktop.main.js:2718:20332)
    at async ee.Ob (vscode-file://vscode-app/home/drdbrioso/Downloads/code-stable-x64-1705560028/VSCode-linux-x64/resources/app/out/vs/workbench/workbench.desktop.main.js:2719:11484)
    at async ee.jb (vscode-file://vscode-app/home/drdbrioso/Downloads/code-stable-x64-1705560028/VSCode-linux-x64/resources/app/out/vs/workbench/workbench.desktop.main.js:2718:17969)
2025-07-21 12:20:27.622 [error] CodeExpectedError: The connection timed out
    at ee.rb (vscode-file://vscode-app/home/drdbrioso/Downloads/code-stable-x64-1705560028/VSCode-linux-x64/resources/app/out/vs/workbench/workbench.desktop.main.js:2718:21055)
    at async ee.qb (vscode-file://vscode-app/home/drdbrioso/Downloads/code-stable-x64-1705560028/VSCode-linux-x64/resources/app/out/vs/workbench/workbench.desktop.main.js:2718:20332)
    at async ee.Ob (vscode-file://vscode-app/home/drdbrioso/Downloads/code-stable-x64-1705560028/VSCode-linux-x64/resources/app/out/vs/workbench/workbench.desktop.main.js:2719:11484)
    at async ee.jb (vscode-file://vscode-app/home/drdbrioso/Downloads/code-stable-x64-1705560028/VSCode-linux-x64/resources/app/out/vs/workbench/workbench.desktop.main.js:2718:17969)
2025-07-21 12:20:40.876 [warning] Via 'product.json#extensionEnabledApiProposals' extension 'ms-python.python' wants API proposal 'registerIssueDataProvider' but that proposal DOES NOT EXIST. Likely, the proposal has been finalized (check 'vscode.d.ts') or was abandoned.
2025-07-21 12:20:40.983 [info] Invoking resolveAuthority(ssh-remote)...
2025-07-21 12:20:40.983 [info] [LocalProcess0][resolveAuthority(ssh-remote,1)][0ms] obtaining proxy...
2025-07-21 12:20:40.996 [info] Started local extension host with pid 28660.
2025-07-21 12:20:41.229 [info] [LocalProcess0][resolveAuthority(ssh-remote,1)][248ms] invoking...
2025-07-21 12:20:42.230 [info] [LocalProcess0][resolveAuthority(ssh-remote,1)][1248ms] waiting...
2025-07-21 12:20:43.230 [info] [LocalProcess0][resolveAuthority(ssh-remote,1)][2248ms] waiting...
2025-07-21 12:20:44.283 [info] [LocalProcess0][resolveAuthority(ssh-remote,1)][3302ms] waiting...
2025-07-21 12:20:45.230 [info] [LocalProcess0][resolveAuthority(ssh-remote,1)][4248ms] waiting...
2025-07-21 12:20:46.230 [info] [LocalProcess0][resolveAuthority(ssh-remote,1)][5248ms] waiting...
2025-07-21 12:20:47.230 [info] [LocalProcess0][resolveAuthority(ssh-remote,1)][6248ms] waiting...
2025-07-21 12:20:48.230 [info] [LocalProcess0][resolveAuthority(ssh-remote,1)][7248ms] waiting...
2025-07-21 12:20:49.230 [info] [LocalProcess0][resolveAuthority(ssh-remote,1)][8248ms] waiting...
2025-07-21 12:20:50.230 [info] [LocalProcess0][resolveAuthority(ssh-remote,1)][9248ms] waiting...
2025-07-21 12:20:51.230 [info] [LocalProcess0][resolveAuthority(ssh-remote,1)][10248ms] waiting...
2025-07-21 12:20:52.230 [info] [LocalProcess0][resolveAuthority(ssh-remote,1)][11248ms] waiting...
2025-07-21 12:20:53.230 [info] [LocalProcess0][resolveAuthority(ssh-remote,1)][12248ms] waiting...
2025-07-21 12:20:54.230 [info] [LocalProcess0][resolveAuthority(ssh-remote,1)][13248ms] waiting...
2025-07-21 12:20:55.230 [info] [LocalProcess0][resolveAuthority(ssh-remote,1)][14248ms] waiting...
2025-07-21 12:20:56.230 [info] [LocalProcess0][resolveAuthority(ssh-remote,1)][15248ms] waiting...
2025-07-21 12:20:56.565 [error] [LocalProcess0][resolveAuthority(ssh-remote,1)][15579ms] returned an error {"code":"NotAvailable","message":"The connection timed out","detail":true}
2025-07-21 12:20:56.566 [error] resolveAuthority(ssh-remote) returned an error after 15579 ms The connection timed out
2025-07-21 12:20:56.566 [error] Error received from starting extension host (kind: Remote)
2025-07-21 12:20:56.566 [error] CodeExpectedError: The connection timed out
    at ee.rb (vscode-file://vscode-app/home/drdbrioso/Downloads/code-stable-x64-1705560028/VSCode-linux-x64/resources/app/out/vs/workbench/workbench.desktop.main.js:2718:21055)
    at async ee.qb (vscode-file://vscode-app/home/drdbrioso/Downloads/code-stable-x64-1705560028/VSCode-linux-x64/resources/app/out/vs/workbench/workbench.desktop.main.js:2718:20332)
    at async ee.Ob (vscode-file://vscode-app/home/drdbrioso/Downloads/code-stable-x64-1705560028/VSCode-linux-x64/resources/app/out/vs/workbench/workbench.desktop.main.js:2719:11484)
    at async ee.jb (vscode-file://vscode-app/home/drdbrioso/Downloads/code-stable-x64-1705560028/VSCode-linux-x64/resources/app/out/vs/workbench/workbench.desktop.main.js:2718:17969)
2025-07-21 12:20:56.567 [error] [remote-connection][attempt 1] An error occurred in initial connection! Will retry... Error:
2025-07-21 12:20:56.567 [error] CodeExpectedError: The connection timed out
    at ee.rb (vscode-file://vscode-app/home/drdbrioso/Downloads/code-stable-x64-1705560028/VSCode-linux-x64/resources/app/out/vs/workbench/workbench.desktop.main.js:2718:21055)
    at async ee.qb (vscode-file://vscode-app/home/drdbrioso/Downloads/code-stable-x64-1705560028/VSCode-linux-x64/resources/app/out/vs/workbench/workbench.desktop.main.js:2718:20332)
    at async ee.Ob (vscode-file://vscode-app/home/drdbrioso/Downloads/code-stable-x64-1705560028/VSCode-linux-x64/resources/app/out/vs/workbench/workbench.desktop.main.js:2719:11484)
    at async ee.jb (vscode-file://vscode-app/home/drdbrioso/Downloads/code-stable-x64-1705560028/VSCode-linux-x64/resources/app/out/vs/workbench/workbench.desktop.main.js:2718:17969)
2025-07-21 12:20:56.567 [error] [remote-connection][attempt 2] An error occurred in initial connection! Will retry... Error:
2025-07-21 12:20:56.568 [error] CodeExpectedError: The connection timed out
    at ee.rb (vscode-file://vscode-app/home/drdbrioso/Downloads/code-stable-x64-1705560028/VSCode-linux-x64/resources/app/out/vs/workbench/workbench.desktop.main.js:2718:21055)
    at async ee.qb (vscode-file://vscode-app/home/drdbrioso/Downloads/code-stable-x64-1705560028/VSCode-linux-x64/resources/app/out/vs/workbench/workbench.desktop.main.js:2718:20332)
    at async ee.Ob (vscode-file://vscode-app/home/drdbrioso/Downloads/code-stable-x64-1705560028/VSCode-linux-x64/resources/app/out/vs/workbench/workbench.desktop.main.js:2719:11484)
    at async ee.jb (vscode-file://vscode-app/home/drdbrioso/Downloads/code-stable-x64-1705560028/VSCode-linux-x64/resources/app/out/vs/workbench/workbench.desktop.main.js:2718:17969)
2025-07-21 12:20:56.626 [error] [remote-connection][attempt 3] An error occurred in initial connection! Will retry... Error:
2025-07-21 12:20:56.626 [error] CodeExpectedError: The connection timed out
    at ee.rb (vscode-file://vscode-app/home/drdbrioso/Downloads/code-stable-x64-1705560028/VSCode-linux-x64/resources/app/out/vs/workbench/workbench.desktop.main.js:2718:21055)
    at async ee.qb (vscode-file://vscode-app/home/drdbrioso/Downloads/code-stable-x64-1705560028/VSCode-linux-x64/resources/app/out/vs/workbench/workbench.desktop.main.js:2718:20332)
    at async ee.Ob (vscode-file://vscode-app/home/drdbrioso/Downloads/code-stable-x64-1705560028/VSCode-linux-x64/resources/app/out/vs/workbench/workbench.desktop.main.js:2719:11484)
    at async ee.jb (vscode-file://vscode-app/home/drdbrioso/Downloads/code-stable-x64-1705560028/VSCode-linux-x64/resources/app/out/vs/workbench/workbench.desktop.main.js:2718:17969)
2025-07-21 12:20:56.667 [error] [remote-connection][attempt 4] An error occurred in initial connection! Will retry... Error:
2025-07-21 12:20:56.668 [error] CodeExpectedError: The connection timed out
    at ee.rb (vscode-file://vscode-app/home/drdbrioso/Downloads/code-stable-x64-1705560028/VSCode-linux-x64/resources/app/out/vs/workbench/workbench.desktop.main.js:2718:21055)
    at async ee.qb (vscode-file://vscode-app/home/drdbrioso/Downloads/code-stable-x64-1705560028/VSCode-linux-x64/resources/app/out/vs/workbench/workbench.desktop.main.js:2718:20332)
    at async ee.Ob (vscode-file://vscode-app/home/drdbrioso/Downloads/code-stable-x64-1705560028/VSCode-linux-x64/resources/app/out/vs/workbench/workbench.desktop.main.js:2719:11484)
    at async ee.jb (vscode-file://vscode-app/home/drdbrioso/Downloads/code-stable-x64-1705560028/VSCode-linux-x64/resources/app/out/vs/workbench/workbench.desktop.main.js:2718:17969)
2025-07-21 12:20:56.670 [error] [remote-connection][attempt 5]  An error occurred in initial connection! It will be treated as a permanent error. Error:
2025-07-21 12:20:56.671 [error] CodeExpectedError: The connection timed out
    at ee.rb (vscode-file://vscode-app/home/drdbrioso/Downloads/code-stable-x64-1705560028/VSCode-linux-x64/resources/app/out/vs/workbench/workbench.desktop.main.js:2718:21055)
    at async ee.qb (vscode-file://vscode-app/home/drdbrioso/Downloads/code-stable-x64-1705560028/VSCode-linux-x64/resources/app/out/vs/workbench/workbench.desktop.main.js:2718:20332)
    at async ee.Ob (vscode-file://vscode-app/home/drdbrioso/Downloads/code-stable-x64-1705560028/VSCode-linux-x64/resources/app/out/vs/workbench/workbench.desktop.main.js:2719:11484)
    at async ee.jb (vscode-file://vscode-app/home/drdbrioso/Downloads/code-stable-x64-1705560028/VSCode-linux-x64/resources/app/out/vs/workbench/workbench.desktop.main.js:2718:17969)
2025-07-21 12:20:56.673 [error] CodeExpectedError: The connection timed out
    at ee.rb (vscode-file://vscode-app/home/drdbrioso/Downloads/code-stable-x64-1705560028/VSCode-linux-x64/resources/app/out/vs/workbench/workbench.desktop.main.js:2718:21055)
    at async ee.qb (vscode-file://vscode-app/home/drdbrioso/Downloads/code-stable-x64-1705560028/VSCode-linux-x64/resources/app/out/vs/workbench/workbench.desktop.main.js:2718:20332)
    at async ee.Ob (vscode-file://vscode-app/home/drdbrioso/Downloads/code-stable-x64-1705560028/VSCode-linux-x64/resources/app/out/vs/workbench/workbench.desktop.main.js:2719:11484)
    at async ee.jb (vscode-file://vscode-app/home/drdbrioso/Downloads/code-stable-x64-1705560028/VSCode-linux-x64/resources/app/out/vs/workbench/workbench.desktop.main.js:2718:17969)
2025-07-21 12:20:56.674 [error] Cannot register remote filesystem provider. Error while fetching remote environment. The connection timed out
2025-07-21 12:20:56.674 [error] CodeExpectedError: The connection timed out
    at ee.rb (vscode-file://vscode-app/home/drdbrioso/Downloads/code-stable-x64-1705560028/VSCode-linux-x64/resources/app/out/vs/workbench/workbench.desktop.main.js:2718:21055)
    at async ee.qb (vscode-file://vscode-app/home/drdbrioso/Downloads/code-stable-x64-1705560028/VSCode-linux-x64/resources/app/out/vs/workbench/workbench.desktop.main.js:2718:20332)
    at async ee.Ob (vscode-file://vscode-app/home/drdbrioso/Downloads/code-stable-x64-1705560028/VSCode-linux-x64/resources/app/out/vs/workbench/workbench.desktop.main.js:2719:11484)
    at async ee.jb (vscode-file://vscode-app/home/drdbrioso/Downloads/code-stable-x64-1705560028/VSCode-linux-x64/resources/app/out/vs/workbench/workbench.desktop.main.js:2718:17969)
2025-07-21 12:20:56.675 [error] CodeExpectedError: The connection timed out
    at ee.rb (vscode-file://vscode-app/home/drdbrioso/Downloads/code-stable-x64-1705560028/VSCode-linux-x64/resources/app/out/vs/workbench/workbench.desktop.main.js:2718:21055)
    at async ee.qb (vscode-file://vscode-app/home/drdbrioso/Downloads/code-stable-x64-1705560028/VSCode-linux-x64/resources/app/out/vs/workbench/workbench.desktop.main.js:2718:20332)
    at async ee.Ob (vscode-file://vscode-app/home/drdbrioso/Downloads/code-stable-x64-1705560028/VSCode-linux-x64/resources/app/out/vs/workbench/workbench.desktop.main.js:2719:11484)
    at async ee.jb (vscode-file://vscode-app/home/drdbrioso/Downloads/code-stable-x64-1705560028/VSCode-linux-x64/resources/app/out/vs/workbench/workbench.desktop.main.js:2718:17969)
2025-07-21 12:20:56.675 [error] CodeExpectedError: The connection timed out
    at ee.rb (vscode-file://vscode-app/home/drdbrioso/Downloads/code-stable-x64-1705560028/VSCode-linux-x64/resources/app/out/vs/workbench/workbench.desktop.main.js:2718:21055)
    at async ee.qb (vscode-file://vscode-app/home/drdbrioso/Downloads/code-stable-x64-1705560028/VSCode-linux-x64/resources/app/out/vs/workbench/workbench.desktop.main.js:2718:20332)
    at async ee.Ob (vscode-file://vscode-app/home/drdbrioso/Downloads/code-stable-x64-1705560028/VSCode-linux-x64/resources/app/out/vs/workbench/workbench.desktop.main.js:2719:11484)
    at async ee.jb (vscode-file://vscode-app/home/drdbrioso/Downloads/code-stable-x64-1705560028/VSCode-linux-x64/resources/app/out/vs/workbench/workbench.desktop.main.js:2718:17969)
2025-07-21 12:20:56.676 [error] CodeExpectedError: The connection timed out
    at ee.rb (vscode-file://vscode-app/home/drdbrioso/Downloads/code-stable-x64-1705560028/VSCode-linux-x64/resources/app/out/vs/workbench/workbench.desktop.main.js:2718:21055)
    at async ee.qb (vscode-file://vscode-app/home/drdbrioso/Downloads/code-stable-x64-1705560028/VSCode-linux-x64/resources/app/out/vs/workbench/workbench.desktop.main.js:2718:20332)
    at async ee.Ob (vscode-file://vscode-app/home/drdbrioso/Downloads/code-stable-x64-1705560028/VSCode-linux-x64/resources/app/out/vs/workbench/workbench.desktop.main.js:2719:11484)
    at async ee.jb (vscode-file://vscode-app/home/drdbrioso/Downloads/code-stable-x64-1705560028/VSCode-linux-x64/resources/app/out/vs/workbench/workbench.desktop.main.js:2718:17969)
2025-07-21 12:20:56.677 [error] CodeExpectedError: The connection timed out
    at ee.rb (vscode-file://vscode-app/home/drdbrioso/Downloads/code-stable-x64-1705560028/VSCode-linux-x64/resources/app/out/vs/workbench/workbench.desktop.main.js:2718:21055)
    at async ee.qb (vscode-file://vscode-app/home/drdbrioso/Downloads/code-stable-x64-1705560028/VSCode-linux-x64/resources/app/out/vs/workbench/workbench.desktop.main.js:2718:20332)
    at async ee.Ob (vscode-file://vscode-app/home/drdbrioso/Downloads/code-stable-x64-1705560028/VSCode-linux-x64/resources/app/out/vs/workbench/workbench.desktop.main.js:2719:11484)
    at async ee.jb (vscode-file://vscode-app/home/drdbrioso/Downloads/code-stable-x64-1705560028/VSCode-linux-x64/resources/app/out/vs/workbench/workbench.desktop.main.js:2718:17969)
2025-07-21 12:20:56.693 [error] The connection timed out: CodeExpectedError: The connection timed out
    at ee.rb (vscode-file://vscode-app/home/drdbrioso/Downloads/code-stable-x64-1705560028/VSCode-linux-x64/resources/app/out/vs/workbench/workbench.desktop.main.js:2718:21055)
    at async ee.qb (vscode-file://vscode-app/home/drdbrioso/Downloads/code-stable-x64-1705560028/VSCode-linux-x64/resources/app/out/vs/workbench/workbench.desktop.main.js:2718:20332)
    at async ee.Ob (vscode-file://vscode-app/home/drdbrioso/Downloads/code-stable-x64-1705560028/VSCode-linux-x64/resources/app/out/vs/workbench/workbench.desktop.main.js:2719:11484)
    at async ee.jb (vscode-file://vscode-app/home/drdbrioso/Downloads/code-stable-x64-1705560028/VSCode-linux-x64/resources/app/out/vs/workbench/workbench.desktop.main.js:2718:17969)
2025-07-21 12:20:56.862 [error] CodeExpectedError: The connection timed out
    at ee.rb (vscode-file://vscode-app/home/drdbrioso/Downloads/code-stable-x64-1705560028/VSCode-linux-x64/resources/app/out/vs/workbench/workbench.desktop.main.js:2718:21055)
    at async ee.qb (vscode-file://vscode-app/home/drdbrioso/Downloads/code-stable-x64-1705560028/VSCode-linux-x64/resources/app/out/vs/workbench/workbench.desktop.main.js:2718:20332)
    at async ee.Ob (vscode-file://vscode-app/home/drdbrioso/Downloads/code-stable-x64-1705560028/VSCode-linux-x64/resources/app/out/vs/workbench/workbench.desktop.main.js:2719:11484)
    at async ee.jb (vscode-file://vscode-app/home/drdbrioso/Downloads/code-stable-x64-1705560028/VSCode-linux-x64/resources/app/out/vs/workbench/workbench.desktop.main.js:2718:17969)
2025-07-21 12:21:12.069 [error] [Extension Host] Error: The connection timed out
	at g.Offline (/home/drdbrioso/.vscode/extensions/ms-vscode-remote.remote-ssh-0.107.1/out/extension.js:2:642754)
	at /home/drdbrioso/.vscode/extensions/ms-vscode-remote.remote-ssh-0.107.1/out/extension.js:2:638823
	at t.handleInstallOutput (/home/drdbrioso/.vscode/extensions/ms-vscode-remote.remote-ssh-0.107.1/out/extension.js:2:639138)
	at e (/home/drdbrioso/.vscode/extensions/ms-vscode-remote.remote-ssh-0.107.1/out/extension.js:2:700300)
	at process.processTicksAndRejections (node:internal/process/task_queues:95:5)
	at async /home/drdbrioso/.vscode/extensions/ms-vscode-remote.remote-ssh-0.107.1/out/extension.js:2:722169
	at async t.withShowDetailsEvent (/home/drdbrioso/.vscode/extensions/ms-vscode-remote.remote-ssh-0.107.1/out/extension.js:2:725828)
	at async /home/drdbrioso/.vscode/extensions/ms-vscode-remote.remote-ssh-0.107.1/out/extension.js:2:697005
	at async C (/home/drdbrioso/.vscode/extensions/ms-vscode-remote.remote-ssh-0.107.1/out/extension.js:2:695056)
	at async t.resolveWithLocalServer (/home/drdbrioso/.vscode/extensions/ms-vscode-remote.remote-ssh-0.107.1/out/extension.js:2:696545)
	at async I (/home/drdbrioso/.vscode/extensions/ms-vscode-remote.remote-ssh-0.107.1/out/extension.js:2:719392)
	at async /home/drdbrioso/.vscode/extensions/ms-vscode-remote.remote-ssh-0.107.1/out/extension.js:2:725020
	at async /home/drdbrioso/.vscode/extensions/ms-vscode-remote.remote-ssh-0.107.1/out/extension.js:2:619775
2025-07-21 12:21:16.713 [error] The connection timed out: CodeExpectedError: The connection timed out
    at ee.rb (vscode-file://vscode-app/home/drdbrioso/Downloads/code-stable-x64-1705560028/VSCode-linux-x64/resources/app/out/vs/workbench/workbench.desktop.main.js:2718:21055)
    at async ee.qb (vscode-file://vscode-app/home/drdbrioso/Downloads/code-stable-x64-1705560028/VSCode-linux-x64/resources/app/out/vs/workbench/workbench.desktop.main.js:2718:20332)
    at async ee.Ob (vscode-file://vscode-app/home/drdbrioso/Downloads/code-stable-x64-1705560028/VSCode-linux-x64/resources/app/out/vs/workbench/workbench.desktop.main.js:2719:11484)
    at async ee.jb (vscode-file://vscode-app/home/drdbrioso/Downloads/code-stable-x64-1705560028/VSCode-linux-x64/resources/app/out/vs/workbench/workbench.desktop.main.js:2718:17969)
2025-07-21 12:21:18.715 [error] The connection timed out: CodeExpectedError: The connection timed out
    at ee.rb (vscode-file://vscode-app/home/drdbrioso/Downloads/code-stable-x64-1705560028/VSCode-linux-x64/resources/app/out/vs/workbench/workbench.desktop.main.js:2718:21055)
    at async ee.qb (vscode-file://vscode-app/home/drdbrioso/Downloads/code-stable-x64-1705560028/VSCode-linux-x64/resources/app/out/vs/workbench/workbench.desktop.main.js:2718:20332)
    at async ee.Ob (vscode-file://vscode-app/home/drdbrioso/Downloads/code-stable-x64-1705560028/VSCode-linux-x64/resources/app/out/vs/workbench/workbench.desktop.main.js:2719:11484)
    at async ee.jb (vscode-file://vscode-app/home/drdbrioso/Downloads/code-stable-x64-1705560028/VSCode-linux-x64/resources/app/out/vs/workbench/workbench.desktop.main.js:2718:17969)
2025-07-21 12:21:29.036 [warning] Via 'product.json#extensionEnabledApiProposals' extension 'ms-python.python' wants API proposal 'registerIssueDataProvider' but that proposal DOES NOT EXIST. Likely, the proposal has been finalized (check 'vscode.d.ts') or was abandoned.
2025-07-21 12:21:29.220 [info] Invoking resolveAuthority(ssh-remote)...
2025-07-21 12:21:29.221 [info] [LocalProcess0][resolveAuthority(ssh-remote,1)][0ms] obtaining proxy...
2025-07-21 12:21:29.238 [info] Started local extension host with pid 29493.
2025-07-21 12:21:29.479 [info] [LocalProcess0][resolveAuthority(ssh-remote,1)][259ms] invoking...
2025-07-21 12:21:30.481 [info] [LocalProcess0][resolveAuthority(ssh-remote,1)][1259ms] waiting...
2025-07-21 12:21:31.480 [info] [LocalProcess0][resolveAuthority(ssh-remote,1)][2259ms] waiting...
2025-07-21 12:21:32.486 [info] [LocalProcess0][resolveAuthority(ssh-remote,1)][3266ms] waiting...
2025-07-21 12:21:33.480 [info] [LocalProcess0][resolveAuthority(ssh-remote,1)][4259ms] waiting...
2025-07-21 12:21:34.481 [info] [LocalProcess0][resolveAuthority(ssh-remote,1)][5259ms] waiting...
2025-07-21 12:21:35.481 [info] [LocalProcess0][resolveAuthority(ssh-remote,1)][6259ms] waiting...
2025-07-21 12:21:36.481 [info] [LocalProcess0][resolveAuthority(ssh-remote,1)][7259ms] waiting...
2025-07-21 12:21:37.481 [info] [LocalProcess0][resolveAuthority(ssh-remote,1)][8259ms] waiting...
2025-07-21 12:21:38.481 [info] [LocalProcess0][resolveAuthority(ssh-remote,1)][9259ms] waiting...
2025-07-21 12:21:39.481 [info] [LocalProcess0][resolveAuthority(ssh-remote,1)][10259ms] waiting...
2025-07-21 12:21:40.481 [info] [LocalProcess0][resolveAuthority(ssh-remote,1)][11259ms] waiting...
2025-07-21 12:21:41.481 [info] [LocalProcess0][resolveAuthority(ssh-remote,1)][12259ms] waiting...
2025-07-21 12:21:42.481 [info] [LocalProcess0][resolveAuthority(ssh-remote,1)][13259ms] waiting...
2025-07-21 12:21:43.481 [info] [LocalProcess0][resolveAuthority(ssh-remote,1)][14259ms] waiting...
2025-07-21 12:21:44.480 [info] [LocalProcess0][resolveAuthority(ssh-remote,1)][15259ms] waiting...
2025-07-21 12:21:44.864 [error] [LocalProcess0][resolveAuthority(ssh-remote,1)][15642ms] returned an error {"code":"NotAvailable","message":"The connection timed out","detail":true}
2025-07-21 12:21:44.864 [error] resolveAuthority(ssh-remote) returned an error after 15643 ms The connection timed out
2025-07-21 12:21:44.868 [error] Error received from starting extension host (kind: Remote)
2025-07-21 12:21:44.870 [error] CodeExpectedError: The connection timed out
    at ee.rb (vscode-file://vscode-app/home/drdbrioso/Downloads/code-stable-x64-1705560028/VSCode-linux-x64/resources/app/out/vs/workbench/workbench.desktop.main.js:2718:21055)
    at async ee.qb (vscode-file://vscode-app/home/drdbrioso/Downloads/code-stable-x64-1705560028/VSCode-linux-x64/resources/app/out/vs/workbench/workbench.desktop.main.js:2718:20332)
    at async ee.Ob (vscode-file://vscode-app/home/drdbrioso/Downloads/code-stable-x64-1705560028/VSCode-linux-x64/resources/app/out/vs/workbench/workbench.desktop.main.js:2719:11484)
    at async ee.jb (vscode-file://vscode-app/home/drdbrioso/Downloads/code-stable-x64-1705560028/VSCode-linux-x64/resources/app/out/vs/workbench/workbench.desktop.main.js:2718:17969)
2025-07-21 12:21:44.873 [error] [remote-connection][attempt 1] An error occurred in initial connection! Will retry... Error:
2025-07-21 12:21:44.873 [error] CodeExpectedError: The connection timed out
    at ee.rb (vscode-file://vscode-app/home/drdbrioso/Downloads/code-stable-x64-1705560028/VSCode-linux-x64/resources/app/out/vs/workbench/workbench.desktop.main.js:2718:21055)
    at async ee.qb (vscode-file://vscode-app/home/drdbrioso/Downloads/code-stable-x64-1705560028/VSCode-linux-x64/resources/app/out/vs/workbench/workbench.desktop.main.js:2718:20332)
    at async ee.Ob (vscode-file://vscode-app/home/drdbrioso/Downloads/code-stable-x64-1705560028/VSCode-linux-x64/resources/app/out/vs/workbench/workbench.desktop.main.js:2719:11484)
    at async ee.jb (vscode-file://vscode-app/home/drdbrioso/Downloads/code-stable-x64-1705560028/VSCode-linux-x64/resources/app/out/vs/workbench/workbench.desktop.main.js:2718:17969)
2025-07-21 12:21:44.874 [error] [remote-connection][attempt 2] An error occurred in initial connection! Will retry... Error:
2025-07-21 12:21:44.874 [error] CodeExpectedError: The connection timed out
    at ee.rb (vscode-file://vscode-app/home/drdbrioso/Downloads/code-stable-x64-1705560028/VSCode-linux-x64/resources/app/out/vs/workbench/workbench.desktop.main.js:2718:21055)
    at async ee.qb (vscode-file://vscode-app/home/drdbrioso/Downloads/code-stable-x64-1705560028/VSCode-linux-x64/resources/app/out/vs/workbench/workbench.desktop.main.js:2718:20332)
    at async ee.Ob (vscode-file://vscode-app/home/drdbrioso/Downloads/code-stable-x64-1705560028/VSCode-linux-x64/resources/app/out/vs/workbench/workbench.desktop.main.js:2719:11484)
    at async ee.jb (vscode-file://vscode-app/home/drdbrioso/Downloads/code-stable-x64-1705560028/VSCode-linux-x64/resources/app/out/vs/workbench/workbench.desktop.main.js:2718:17969)
2025-07-21 12:21:44.916 [error] [remote-connection][attempt 3] An error occurred in initial connection! Will retry... Error:
2025-07-21 12:21:44.917 [error] CodeExpectedError: The connection timed out
    at ee.rb (vscode-file://vscode-app/home/drdbrioso/Downloads/code-stable-x64-1705560028/VSCode-linux-x64/resources/app/out/vs/workbench/workbench.desktop.main.js:2718:21055)
    at async ee.qb (vscode-file://vscode-app/home/drdbrioso/Downloads/code-stable-x64-1705560028/VSCode-linux-x64/resources/app/out/vs/workbench/workbench.desktop.main.js:2718:20332)
    at async ee.Ob (vscode-file://vscode-app/home/drdbrioso/Downloads/code-stable-x64-1705560028/VSCode-linux-x64/resources/app/out/vs/workbench/workbench.desktop.main.js:2719:11484)
    at async ee.jb (vscode-file://vscode-app/home/drdbrioso/Downloads/code-stable-x64-1705560028/VSCode-linux-x64/resources/app/out/vs/workbench/workbench.desktop.main.js:2718:17969)
2025-07-21 12:21:44.971 [error] [remote-connection][attempt 4] An error occurred in initial connection! Will retry... Error:
2025-07-21 12:21:44.971 [error] CodeExpectedError: The connection timed out
    at ee.rb (vscode-file://vscode-app/home/drdbrioso/Downloads/code-stable-x64-1705560028/VSCode-linux-x64/resources/app/out/vs/workbench/workbench.desktop.main.js:2718:21055)
    at async ee.qb (vscode-file://vscode-app/home/drdbrioso/Downloads/code-stable-x64-1705560028/VSCode-linux-x64/resources/app/out/vs/workbench/workbench.desktop.main.js:2718:20332)
    at async ee.Ob (vscode-file://vscode-app/home/drdbrioso/Downloads/code-stable-x64-1705560028/VSCode-linux-x64/resources/app/out/vs/workbench/workbench.desktop.main.js:2719:11484)
    at async ee.jb (vscode-file://vscode-app/home/drdbrioso/Downloads/code-stable-x64-1705560028/VSCode-linux-x64/resources/app/out/vs/workbench/workbench.desktop.main.js:2718:17969)
2025-07-21 12:21:44.972 [error] [remote-connection][attempt 5]  An error occurred in initial connection! It will be treated as a permanent error. Error:
2025-07-21 12:21:44.972 [error] CodeExpectedError: The connection timed out
    at ee.rb (vscode-file://vscode-app/home/drdbrioso/Downloads/code-stable-x64-1705560028/VSCode-linux-x64/resources/app/out/vs/workbench/workbench.desktop.main.js:2718:21055)
    at async ee.qb (vscode-file://vscode-app/home/drdbrioso/Downloads/code-stable-x64-1705560028/VSCode-linux-x64/resources/app/out/vs/workbench/workbench.desktop.main.js:2718:20332)
    at async ee.Ob (vscode-file://vscode-app/home/drdbrioso/Downloads/code-stable-x64-1705560028/VSCode-linux-x64/resources/app/out/vs/workbench/workbench.desktop.main.js:2719:11484)
    at async ee.jb (vscode-file://vscode-app/home/drdbrioso/Downloads/code-stable-x64-1705560028/VSCode-linux-x64/resources/app/out/vs/workbench/workbench.desktop.main.js:2718:17969)
2025-07-21 12:21:44.973 [error] CodeExpectedError: The connection timed out
    at ee.rb (vscode-file://vscode-app/home/drdbrioso/Downloads/code-stable-x64-1705560028/VSCode-linux-x64/resources/app/out/vs/workbench/workbench.desktop.main.js:2718:21055)
    at async ee.qb (vscode-file://vscode-app/home/drdbrioso/Downloads/code-stable-x64-1705560028/VSCode-linux-x64/resources/app/out/vs/workbench/workbench.desktop.main.js:2718:20332)
    at async ee.Ob (vscode-file://vscode-app/home/drdbrioso/Downloads/code-stable-x64-1705560028/VSCode-linux-x64/resources/app/out/vs/workbench/workbench.desktop.main.js:2719:11484)
    at async ee.jb (vscode-file://vscode-app/home/drdbrioso/Downloads/code-stable-x64-1705560028/VSCode-linux-x64/resources/app/out/vs/workbench/workbench.desktop.main.js:2718:17969)
2025-07-21 12:21:44.973 [error] Cannot register remote filesystem provider. Error while fetching remote environment. The connection timed out
2025-07-21 12:21:44.973 [error] CodeExpectedError: The connection timed out
    at ee.rb (vscode-file://vscode-app/home/drdbrioso/Downloads/code-stable-x64-1705560028/VSCode-linux-x64/resources/app/out/vs/workbench/workbench.desktop.main.js:2718:21055)
    at async ee.qb (vscode-file://vscode-app/home/drdbrioso/Downloads/code-stable-x64-1705560028/VSCode-linux-x64/resources/app/out/vs/workbench/workbench.desktop.main.js:2718:20332)
    at async ee.Ob (vscode-file://vscode-app/home/drdbrioso/Downloads/code-stable-x64-1705560028/VSCode-linux-x64/resources/app/out/vs/workbench/workbench.desktop.main.js:2719:11484)
    at async ee.jb (vscode-file://vscode-app/home/drdbrioso/Downloads/code-stable-x64-1705560028/VSCode-linux-x64/resources/app/out/vs/workbench/workbench.desktop.main.js:2718:17969)
2025-07-21 12:21:44.974 [error] CodeExpectedError: The connection timed out
    at ee.rb (vscode-file://vscode-app/home/drdbrioso/Downloads/code-stable-x64-1705560028/VSCode-linux-x64/resources/app/out/vs/workbench/workbench.desktop.main.js:2718:21055)
    at async ee.qb (vscode-file://vscode-app/home/drdbrioso/Downloads/code-stable-x64-1705560028/VSCode-linux-x64/resources/app/out/vs/workbench/workbench.desktop.main.js:2718:20332)
    at async ee.Ob (vscode-file://vscode-app/home/drdbrioso/Downloads/code-stable-x64-1705560028/VSCode-linux-x64/resources/app/out/vs/workbench/workbench.desktop.main.js:2719:11484)
    at async ee.jb (vscode-file://vscode-app/home/drdbrioso/Downloads/code-stable-x64-1705560028/VSCode-linux-x64/resources/app/out/vs/workbench/workbench.desktop.main.js:2718:17969)
2025-07-21 12:21:44.974 [error] CodeExpectedError: The connection timed out
    at ee.rb (vscode-file://vscode-app/home/drdbrioso/Downloads/code-stable-x64-1705560028/VSCode-linux-x64/resources/app/out/vs/workbench/workbench.desktop.main.js:2718:21055)
    at async ee.qb (vscode-file://vscode-app/home/drdbrioso/Downloads/code-stable-x64-1705560028/VSCode-linux-x64/resources/app/out/vs/workbench/workbench.desktop.main.js:2718:20332)
    at async ee.Ob (vscode-file://vscode-app/home/drdbrioso/Downloads/code-stable-x64-1705560028/VSCode-linux-x64/resources/app/out/vs/workbench/workbench.desktop.main.js:2719:11484)
    at async ee.jb (vscode-file://vscode-app/home/drdbrioso/Downloads/code-stable-x64-1705560028/VSCode-linux-x64/resources/app/out/vs/workbench/workbench.desktop.main.js:2718:17969)
2025-07-21 12:21:44.974 [error] CodeExpectedError: The connection timed out
    at ee.rb (vscode-file://vscode-app/home/drdbrioso/Downloads/code-stable-x64-1705560028/VSCode-linux-x64/resources/app/out/vs/workbench/workbench.desktop.main.js:2718:21055)
    at async ee.qb (vscode-file://vscode-app/home/drdbrioso/Downloads/code-stable-x64-1705560028/VSCode-linux-x64/resources/app/out/vs/workbench/workbench.desktop.main.js:2718:20332)
    at async ee.Ob (vscode-file://vscode-app/home/drdbrioso/Downloads/code-stable-x64-1705560028/VSCode-linux-x64/resources/app/out/vs/workbench/workbench.desktop.main.js:2719:11484)
    at async ee.jb (vscode-file://vscode-app/home/drdbrioso/Downloads/code-stable-x64-1705560028/VSCode-linux-x64/resources/app/out/vs/workbench/workbench.desktop.main.js:2718:17969)
2025-07-21 12:21:44.974 [error] CodeExpectedError: The connection timed out
    at ee.rb (vscode-file://vscode-app/home/drdbrioso/Downloads/code-stable-x64-1705560028/VSCode-linux-x64/resources/app/out/vs/workbench/workbench.desktop.main.js:2718:21055)
    at async ee.qb (vscode-file://vscode-app/home/drdbrioso/Downloads/code-stable-x64-1705560028/VSCode-linux-x64/resources/app/out/vs/workbench/workbench.desktop.main.js:2718:20332)
    at async ee.Ob (vscode-file://vscode-app/home/drdbrioso/Downloads/code-stable-x64-1705560028/VSCode-linux-x64/resources/app/out/vs/workbench/workbench.desktop.main.js:2719:11484)
    at async ee.jb (vscode-file://vscode-app/home/drdbrioso/Downloads/code-stable-x64-1705560028/VSCode-linux-x64/resources/app/out/vs/workbench/workbench.desktop.main.js:2718:17969)
2025-07-21 12:21:44.995 [error] The connection timed out: CodeExpectedError: The connection timed out
    at ee.rb (vscode-file://vscode-app/home/drdbrioso/Downloads/code-stable-x64-1705560028/VSCode-linux-x64/resources/app/out/vs/workbench/workbench.desktop.main.js:2718:21055)
    at async ee.qb (vscode-file://vscode-app/home/drdbrioso/Downloads/code-stable-x64-1705560028/VSCode-linux-x64/resources/app/out/vs/workbench/workbench.desktop.main.js:2718:20332)
    at async ee.Ob (vscode-file://vscode-app/home/drdbrioso/Downloads/code-stable-x64-1705560028/VSCode-linux-x64/resources/app/out/vs/workbench/workbench.desktop.main.js:2719:11484)
    at async ee.jb (vscode-file://vscode-app/home/drdbrioso/Downloads/code-stable-x64-1705560028/VSCode-linux-x64/resources/app/out/vs/workbench/workbench.desktop.main.js:2718:17969)
2025-07-21 12:21:45.210 [error] CodeExpectedError: The connection timed out
    at ee.rb (vscode-file://vscode-app/home/drdbrioso/Downloads/code-stable-x64-1705560028/VSCode-linux-x64/resources/app/out/vs/workbench/workbench.desktop.main.js:2718:21055)
    at async ee.qb (vscode-file://vscode-app/home/drdbrioso/Downloads/code-stable-x64-1705560028/VSCode-linux-x64/resources/app/out/vs/workbench/workbench.desktop.main.js:2718:20332)
    at async ee.Ob (vscode-file://vscode-app/home/drdbrioso/Downloads/code-stable-x64-1705560028/VSCode-linux-x64/resources/app/out/vs/workbench/workbench.desktop.main.js:2719:11484)
    at async ee.jb (vscode-file://vscode-app/home/drdbrioso/Downloads/code-stable-x64-1705560028/VSCode-linux-x64/resources/app/out/vs/workbench/workbench.desktop.main.js:2718:17969)
2025-07-21 12:21:47.968 [warning] Via 'product.json#extensionEnabledApiProposals' extension 'ms-python.python' wants API proposal 'registerIssueDataProvider' but that proposal DOES NOT EXIST. Likely, the proposal has been finalized (check 'vscode.d.ts') or was abandoned.
2025-07-21 12:21:48.077 [info] Invoking resolveAuthority(ssh-remote)...
2025-07-21 12:21:48.077 [info] [LocalProcess0][resolveAuthority(ssh-remote,1)][0ms] obtaining proxy...
2025-07-21 12:21:48.098 [info] Started local extension host with pid 29594.
2025-07-21 12:21:48.323 [info] [LocalProcess0][resolveAuthority(ssh-remote,1)][245ms] invoking...
2025-07-21 12:21:49.324 [info] [LocalProcess0][resolveAuthority(ssh-remote,1)][1246ms] waiting...
2025-07-21 12:21:50.324 [info] [LocalProcess0][resolveAuthority(ssh-remote,1)][2246ms] waiting...
2025-07-21 12:21:51.323 [info] [LocalProcess0][resolveAuthority(ssh-remote,1)][3246ms] waiting...
2025-07-21 12:21:52.324 [info] [LocalProcess0][resolveAuthority(ssh-remote,1)][4246ms] waiting...
2025-07-21 12:21:53.344 [info] [LocalProcess0][resolveAuthority(ssh-remote,1)][5266ms] waiting...
2025-07-21 12:21:54.324 [info] [LocalProcess0][resolveAuthority(ssh-remote,1)][6246ms] waiting...
2025-07-21 12:21:55.324 [info] [LocalProcess0][resolveAuthority(ssh-remote,1)][7246ms] waiting...
2025-07-21 12:21:56.325 [info] [LocalProcess0][resolveAuthority(ssh-remote,1)][8246ms] waiting...
2025-07-21 12:21:57.324 [info] [LocalProcess0][resolveAuthority(ssh-remote,1)][9246ms] waiting...
2025-07-21 12:21:58.324 [info] [LocalProcess0][resolveAuthority(ssh-remote,1)][10246ms] waiting...
2025-07-21 12:21:59.324 [info] [LocalProcess0][resolveAuthority(ssh-remote,1)][11246ms] waiting...
2025-07-21 12:22:00.324 [info] [LocalProcess0][resolveAuthority(ssh-remote,1)][12246ms] waiting...
2025-07-21 12:22:01.323 [info] [LocalProcess0][resolveAuthority(ssh-remote,1)][13246ms] waiting...
2025-07-21 12:22:02.324 [info] [LocalProcess0][resolveAuthority(ssh-remote,1)][14246ms] waiting...
2025-07-21 12:22:03.324 [info] [LocalProcess0][resolveAuthority(ssh-remote,1)][15246ms] waiting...
2025-07-21 12:22:03.569 [error] [LocalProcess0][resolveAuthority(ssh-remote,1)][15486ms] returned an error {"code":"NotAvailable","message":"The connection timed out","detail":true}
2025-07-21 12:22:03.570 [error] resolveAuthority(ssh-remote) returned an error after 15486 ms The connection timed out
2025-07-21 12:22:03.571 [error] Error received from starting extension host (kind: Remote)
2025-07-21 12:22:03.572 [error] CodeExpectedError: The connection timed out
    at ee.rb (vscode-file://vscode-app/home/drdbrioso/Downloads/code-stable-x64-1705560028/VSCode-linux-x64/resources/app/out/vs/workbench/workbench.desktop.main.js:2718:21055)
    at async ee.qb (vscode-file://vscode-app/home/drdbrioso/Downloads/code-stable-x64-1705560028/VSCode-linux-x64/resources/app/out/vs/workbench/workbench.desktop.main.js:2718:20332)
    at async ee.Ob (vscode-file://vscode-app/home/drdbrioso/Downloads/code-stable-x64-1705560028/VSCode-linux-x64/resources/app/out/vs/workbench/workbench.desktop.main.js:2719:11484)
    at async ee.jb (vscode-file://vscode-app/home/drdbrioso/Downloads/code-stable-x64-1705560028/VSCode-linux-x64/resources/app/out/vs/workbench/workbench.desktop.main.js:2718:17969)
2025-07-21 12:22:03.573 [error] [remote-connection][attempt 1] An error occurred in initial connection! Will retry... Error:
2025-07-21 12:22:03.574 [error] CodeExpectedError: The connection timed out
    at ee.rb (vscode-file://vscode-app/home/drdbrioso/Downloads/code-stable-x64-1705560028/VSCode-linux-x64/resources/app/out/vs/workbench/workbench.desktop.main.js:2718:21055)
    at async ee.qb (vscode-file://vscode-app/home/drdbrioso/Downloads/code-stable-x64-1705560028/VSCode-linux-x64/resources/app/out/vs/workbench/workbench.desktop.main.js:2718:20332)
    at async ee.Ob (vscode-file://vscode-app/home/drdbrioso/Downloads/code-stable-x64-1705560028/VSCode-linux-x64/resources/app/out/vs/workbench/workbench.desktop.main.js:2719:11484)
    at async ee.jb (vscode-file://vscode-app/home/drdbrioso/Downloads/code-stable-x64-1705560028/VSCode-linux-x64/resources/app/out/vs/workbench/workbench.desktop.main.js:2718:17969)
2025-07-21 12:22:03.575 [error] [remote-connection][attempt 2] An error occurred in initial connection! Will retry... Error:
2025-07-21 12:22:03.576 [error] CodeExpectedError: The connection timed out
    at ee.rb (vscode-file://vscode-app/home/drdbrioso/Downloads/code-stable-x64-1705560028/VSCode-linux-x64/resources/app/out/vs/workbench/workbench.desktop.main.js:2718:21055)
    at async ee.qb (vscode-file://vscode-app/home/drdbrioso/Downloads/code-stable-x64-1705560028/VSCode-linux-x64/resources/app/out/vs/workbench/workbench.desktop.main.js:2718:20332)
    at async ee.Ob (vscode-file://vscode-app/home/drdbrioso/Downloads/code-stable-x64-1705560028/VSCode-linux-x64/resources/app/out/vs/workbench/workbench.desktop.main.js:2719:11484)
    at async ee.jb (vscode-file://vscode-app/home/drdbrioso/Downloads/code-stable-x64-1705560028/VSCode-linux-x64/resources/app/out/vs/workbench/workbench.desktop.main.js:2718:17969)
2025-07-21 12:22:03.609 [error] [remote-connection][attempt 3] An error occurred in initial connection! Will retry... Error:
2025-07-21 12:22:03.609 [error] CodeExpectedError: The connection timed out
    at ee.rb (vscode-file://vscode-app/home/drdbrioso/Downloads/code-stable-x64-1705560028/VSCode-linux-x64/resources/app/out/vs/workbench/workbench.desktop.main.js:2718:21055)
    at async ee.qb (vscode-file://vscode-app/home/drdbrioso/Downloads/code-stable-x64-1705560028/VSCode-linux-x64/resources/app/out/vs/workbench/workbench.desktop.main.js:2718:20332)
    at async ee.Ob (vscode-file://vscode-app/home/drdbrioso/Downloads/code-stable-x64-1705560028/VSCode-linux-x64/resources/app/out/vs/workbench/workbench.desktop.main.js:2719:11484)
    at async ee.jb (vscode-file://vscode-app/home/drdbrioso/Downloads/code-stable-x64-1705560028/VSCode-linux-x64/resources/app/out/vs/workbench/workbench.desktop.main.js:2718:17969)
2025-07-21 12:22:03.671 [error] [remote-connection][attempt 4] An error occurred in initial connection! Will retry... Error:
2025-07-21 12:22:03.671 [error] CodeExpectedError: The connection timed out
    at ee.rb (vscode-file://vscode-app/home/drdbrioso/Downloads/code-stable-x64-1705560028/VSCode-linux-x64/resources/app/out/vs/workbench/workbench.desktop.main.js:2718:21055)
    at async ee.qb (vscode-file://vscode-app/home/drdbrioso/Downloads/code-stable-x64-1705560028/VSCode-linux-x64/resources/app/out/vs/workbench/workbench.desktop.main.js:2718:20332)
    at async ee.Ob (vscode-file://vscode-app/home/drdbrioso/Downloads/code-stable-x64-1705560028/VSCode-linux-x64/resources/app/out/vs/workbench/workbench.desktop.main.js:2719:11484)
    at async ee.jb (vscode-file://vscode-app/home/drdbrioso/Downloads/code-stable-x64-1705560028/VSCode-linux-x64/resources/app/out/vs/workbench/workbench.desktop.main.js:2718:17969)
2025-07-21 12:22:03.674 [error] [remote-connection][attempt 5]  An error occurred in initial connection! It will be treated as a permanent error. Error:
2025-07-21 12:22:03.675 [error] CodeExpectedError: The connection timed out
    at ee.rb (vscode-file://vscode-app/home/drdbrioso/Downloads/code-stable-x64-1705560028/VSCode-linux-x64/resources/app/out/vs/workbench/workbench.desktop.main.js:2718:21055)
    at async ee.qb (vscode-file://vscode-app/home/drdbrioso/Downloads/code-stable-x64-1705560028/VSCode-linux-x64/resources/app/out/vs/workbench/workbench.desktop.main.js:2718:20332)
    at async ee.Ob (vscode-file://vscode-app/home/drdbrioso/Downloads/code-stable-x64-1705560028/VSCode-linux-x64/resources/app/out/vs/workbench/workbench.desktop.main.js:2719:11484)
    at async ee.jb (vscode-file://vscode-app/home/drdbrioso/Downloads/code-stable-x64-1705560028/VSCode-linux-x64/resources/app/out/vs/workbench/workbench.desktop.main.js:2718:17969)
2025-07-21 12:22:03.676 [error] CodeExpectedError: The connection timed out
    at ee.rb (vscode-file://vscode-app/home/drdbrioso/Downloads/code-stable-x64-1705560028/VSCode-linux-x64/resources/app/out/vs/workbench/workbench.desktop.main.js:2718:21055)
    at async ee.qb (vscode-file://vscode-app/home/drdbrioso/Downloads/code-stable-x64-1705560028/VSCode-linux-x64/resources/app/out/vs/workbench/workbench.desktop.main.js:2718:20332)
    at async ee.Ob (vscode-file://vscode-app/home/drdbrioso/Downloads/code-stable-x64-1705560028/VSCode-linux-x64/resources/app/out/vs/workbench/workbench.desktop.main.js:2719:11484)
    at async ee.jb (vscode-file://vscode-app/home/drdbrioso/Downloads/code-stable-x64-1705560028/VSCode-linux-x64/resources/app/out/vs/workbench/workbench.desktop.main.js:2718:17969)
2025-07-21 12:22:03.676 [error] Cannot register remote filesystem provider. Error while fetching remote environment. The connection timed out
2025-07-21 12:22:03.676 [error] CodeExpectedError: The connection timed out
    at ee.rb (vscode-file://vscode-app/home/drdbrioso/Downloads/code-stable-x64-1705560028/VSCode-linux-x64/resources/app/out/vs/workbench/workbench.desktop.main.js:2718:21055)
    at async ee.qb (vscode-file://vscode-app/home/drdbrioso/Downloads/code-stable-x64-1705560028/VSCode-linux-x64/resources/app/out/vs/workbench/workbench.desktop.main.js:2718:20332)
    at async ee.Ob (vscode-file://vscode-app/home/drdbrioso/Downloads/code-stable-x64-1705560028/VSCode-linux-x64/resources/app/out/vs/workbench/workbench.desktop.main.js:2719:11484)
    at async ee.jb (vscode-file://vscode-app/home/drdbrioso/Downloads/code-stable-x64-1705560028/VSCode-linux-x64/resources/app/out/vs/workbench/workbench.desktop.main.js:2718:17969)
2025-07-21 12:22:03.677 [error] CodeExpectedError: The connection timed out
    at ee.rb (vscode-file://vscode-app/home/drdbrioso/Downloads/code-stable-x64-1705560028/VSCode-linux-x64/resources/app/out/vs/workbench/workbench.desktop.main.js:2718:21055)
    at async ee.qb (vscode-file://vscode-app/home/drdbrioso/Downloads/code-stable-x64-1705560028/VSCode-linux-x64/resources/app/out/vs/workbench/workbench.desktop.main.js:2718:20332)
    at async ee.Ob (vscode-file://vscode-app/home/drdbrioso/Downloads/code-stable-x64-1705560028/VSCode-linux-x64/resources/app/out/vs/workbench/workbench.desktop.main.js:2719:11484)
    at async ee.jb (vscode-file://vscode-app/home/drdbrioso/Downloads/code-stable-x64-1705560028/VSCode-linux-x64/resources/app/out/vs/workbench/workbench.desktop.main.js:2718:17969)
2025-07-21 12:22:03.677 [error] CodeExpectedError: The connection timed out
    at ee.rb (vscode-file://vscode-app/home/drdbrioso/Downloads/code-stable-x64-1705560028/VSCode-linux-x64/resources/app/out/vs/workbench/workbench.desktop.main.js:2718:21055)
    at async ee.qb (vscode-file://vscode-app/home/drdbrioso/Downloads/code-stable-x64-1705560028/VSCode-linux-x64/resources/app/out/vs/workbench/workbench.desktop.main.js:2718:20332)
    at async ee.Ob (vscode-file://vscode-app/home/drdbrioso/Downloads/code-stable-x64-1705560028/VSCode-linux-x64/resources/app/out/vs/workbench/workbench.desktop.main.js:2719:11484)
    at async ee.jb (vscode-file://vscode-app/home/drdbrioso/Downloads/code-stable-x64-1705560028/VSCode-linux-x64/resources/app/out/vs/workbench/workbench.desktop.main.js:2718:17969)
2025-07-21 12:22:03.677 [error] CodeExpectedError: The connection timed out
    at ee.rb (vscode-file://vscode-app/home/drdbrioso/Downloads/code-stable-x64-1705560028/VSCode-linux-x64/resources/app/out/vs/workbench/workbench.desktop.main.js:2718:21055)
    at async ee.qb (vscode-file://vscode-app/home/drdbrioso/Downloads/code-stable-x64-1705560028/VSCode-linux-x64/resources/app/out/vs/workbench/workbench.desktop.main.js:2718:20332)
    at async ee.Ob (vscode-file://vscode-app/home/drdbrioso/Downloads/code-stable-x64-1705560028/VSCode-linux-x64/resources/app/out/vs/workbench/workbench.desktop.main.js:2719:11484)
    at async ee.jb (vscode-file://vscode-app/home/drdbrioso/Downloads/code-stable-x64-1705560028/VSCode-linux-x64/resources/app/out/vs/workbench/workbench.desktop.main.js:2718:17969)
2025-07-21 12:22:03.678 [error] CodeExpectedError: The connection timed out
    at ee.rb (vscode-file://vscode-app/home/drdbrioso/Downloads/code-stable-x64-1705560028/VSCode-linux-x64/resources/app/out/vs/workbench/workbench.desktop.main.js:2718:21055)
    at async ee.qb (vscode-file://vscode-app/home/drdbrioso/Downloads/code-stable-x64-1705560028/VSCode-linux-x64/resources/app/out/vs/workbench/workbench.desktop.main.js:2718:20332)
    at async ee.Ob (vscode-file://vscode-app/home/drdbrioso/Downloads/code-stable-x64-1705560028/VSCode-linux-x64/resources/app/out/vs/workbench/workbench.desktop.main.js:2719:11484)
    at async ee.jb (vscode-file://vscode-app/home/drdbrioso/Downloads/code-stable-x64-1705560028/VSCode-linux-x64/resources/app/out/vs/workbench/workbench.desktop.main.js:2718:17969)
2025-07-21 12:22:03.711 [error] The connection timed out: CodeExpectedError: The connection timed out
    at ee.rb (vscode-file://vscode-app/home/drdbrioso/Downloads/code-stable-x64-1705560028/VSCode-linux-x64/resources/app/out/vs/workbench/workbench.desktop.main.js:2718:21055)
    at async ee.qb (vscode-file://vscode-app/home/drdbrioso/Downloads/code-stable-x64-1705560028/VSCode-linux-x64/resources/app/out/vs/workbench/workbench.desktop.main.js:2718:20332)
    at async ee.Ob (vscode-file://vscode-app/home/drdbrioso/Downloads/code-stable-x64-1705560028/VSCode-linux-x64/resources/app/out/vs/workbench/workbench.desktop.main.js:2719:11484)
    at async ee.jb (vscode-file://vscode-app/home/drdbrioso/Downloads/code-stable-x64-1705560028/VSCode-linux-x64/resources/app/out/vs/workbench/workbench.desktop.main.js:2718:17969)
2025-07-21 12:22:03.876 [error] CodeExpectedError: The connection timed out
    at ee.rb (vscode-file://vscode-app/home/drdbrioso/Downloads/code-stable-x64-1705560028/VSCode-linux-x64/resources/app/out/vs/workbench/workbench.desktop.main.js:2718:21055)
    at async ee.qb (vscode-file://vscode-app/home/drdbrioso/Downloads/code-stable-x64-1705560028/VSCode-linux-x64/resources/app/out/vs/workbench/workbench.desktop.main.js:2718:20332)
    at async ee.Ob (vscode-file://vscode-app/home/drdbrioso/Downloads/code-stable-x64-1705560028/VSCode-linux-x64/resources/app/out/vs/workbench/workbench.desktop.main.js:2719:11484)
    at async ee.jb (vscode-file://vscode-app/home/drdbrioso/Downloads/code-stable-x64-1705560028/VSCode-linux-x64/resources/app/out/vs/workbench/workbench.desktop.main.js:2718:17969)
2025-07-21 12:22:19.165 [error] [Extension Host] Error: The connection timed out
	at g.Offline (/home/drdbrioso/.vscode/extensions/ms-vscode-remote.remote-ssh-0.107.1/out/extension.js:2:642754)
	at /home/drdbrioso/.vscode/extensions/ms-vscode-remote.remote-ssh-0.107.1/out/extension.js:2:638823
	at t.handleInstallOutput (/home/drdbrioso/.vscode/extensions/ms-vscode-remote.remote-ssh-0.107.1/out/extension.js:2:639138)
	at e (/home/drdbrioso/.vscode/extensions/ms-vscode-remote.remote-ssh-0.107.1/out/extension.js:2:700300)
	at process.processTicksAndRejections (node:internal/process/task_queues:95:5)
	at async /home/drdbrioso/.vscode/extensions/ms-vscode-remote.remote-ssh-0.107.1/out/extension.js:2:722169
	at async t.withShowDetailsEvent (/home/drdbrioso/.vscode/extensions/ms-vscode-remote.remote-ssh-0.107.1/out/extension.js:2:725828)
	at async /home/drdbrioso/.vscode/extensions/ms-vscode-remote.remote-ssh-0.107.1/out/extension.js:2:697005
	at async C (/home/drdbrioso/.vscode/extensions/ms-vscode-remote.remote-ssh-0.107.1/out/extension.js:2:695056)
	at async t.resolveWithLocalServer (/home/drdbrioso/.vscode/extensions/ms-vscode-remote.remote-ssh-0.107.1/out/extension.js:2:696545)
	at async I (/home/drdbrioso/.vscode/extensions/ms-vscode-remote.remote-ssh-0.107.1/out/extension.js:2:719392)
	at async /home/drdbrioso/.vscode/extensions/ms-vscode-remote.remote-ssh-0.107.1/out/extension.js:2:725020
	at async /home/drdbrioso/.vscode/extensions/ms-vscode-remote.remote-ssh-0.107.1/out/extension.js:2:619775
2025-07-21 12:22:23.710 [error] The connection timed out: CodeExpectedError: The connection timed out
    at ee.rb (vscode-file://vscode-app/home/drdbrioso/Downloads/code-stable-x64-1705560028/VSCode-linux-x64/resources/app/out/vs/workbench/workbench.desktop.main.js:2718:21055)
    at async ee.qb (vscode-file://vscode-app/home/drdbrioso/Downloads/code-stable-x64-1705560028/VSCode-linux-x64/resources/app/out/vs/workbench/workbench.desktop.main.js:2718:20332)
    at async ee.Ob (vscode-file://vscode-app/home/drdbrioso/Downloads/code-stable-x64-1705560028/VSCode-linux-x64/resources/app/out/vs/workbench/workbench.desktop.main.js:2719:11484)
    at async ee.jb (vscode-file://vscode-app/home/drdbrioso/Downloads/code-stable-x64-1705560028/VSCode-linux-x64/resources/app/out/vs/workbench/workbench.desktop.main.js:2718:17969)
2025-07-21 12:22:25.710 [error] The connection timed out: CodeExpectedError: The connection timed out
    at ee.rb (vscode-file://vscode-app/home/drdbrioso/Downloads/code-stable-x64-1705560028/VSCode-linux-x64/resources/app/out/vs/workbench/workbench.desktop.main.js:2718:21055)
    at async ee.qb (vscode-file://vscode-app/home/drdbrioso/Downloads/code-stable-x64-1705560028/VSCode-linux-x64/resources/app/out/vs/workbench/workbench.desktop.main.js:2718:20332)
    at async ee.Ob (vscode-file://vscode-app/home/drdbrioso/Downloads/code-stable-x64-1705560028/VSCode-linux-x64/resources/app/out/vs/workbench/workbench.desktop.main.js:2719:11484)
    at async ee.jb (vscode-file://vscode-app/home/drdbrioso/Downloads/code-stable-x64-1705560028/VSCode-linux-x64/resources/app/out/vs/workbench/workbench.desktop.main.js:2718:17969)
