2025-07-21 12:20:11.560 [info] Added views:workbench.panel.markers.view in workbench.panel.markers
2025-07-21 12:20:11.560 [info] Added views:workbench.panel.output in workbench.panel.output
2025-07-21 12:20:11.560 [info] Added views:terminal in terminal
2025-07-21 12:20:11.560 [info] Added views:outline in workbench.view.explorer
2025-07-21 12:20:11.560 [info] Added views:workbench.scm in workbench.view.scm
2025-07-21 12:20:11.560 [info] Added views:workbench.view.search in workbench.view.search
2025-07-21 12:20:11.560 [info] Added views:timeline in workbench.view.explorer
2025-07-21 12:20:11.560 [info] Added views:workbench.explorer.emptyView in workbench.view.explorer
2025-07-21 12:20:11.676 [info] Added views:workbench.debug.variablesView,workbench.debug.watchExpressionsView,workbench.debug.callStackView,workbench.debug.breakPointsView in workbench.view.debug
2025-07-21 12:20:12.067 [info] Added views:~remote.forwardedPorts in ~remote.forwardedPortsContainer
2025-07-21 12:20:27.349 [info] Added views:targetsContainers,devVolumes in workbench.view.remote
2025-07-21 12:20:27.350 [info] Added views:remoteTargets in workbench.view.remote
2025-07-21 12:20:27.417 [info] Removed views:workbench.debug.breakPointsView,workbench.debug.callStackView,workbench.debug.watchExpressionsView,workbench.debug.variablesView from workbench.view.debug
2025-07-21 12:20:27.419 [info] Added views:workbench.debug.welcome in workbench.view.debug
2025-07-21 12:20:40.945 [info] Added views:workbench.panel.markers.view in workbench.panel.markers
2025-07-21 12:20:40.946 [info] Added views:workbench.panel.output in workbench.panel.output
2025-07-21 12:20:40.946 [info] Added views:terminal in terminal
2025-07-21 12:20:40.946 [info] Added views:outline in workbench.view.explorer
2025-07-21 12:20:40.946 [info] Added views:workbench.scm in workbench.view.scm
2025-07-21 12:20:40.946 [info] Added views:workbench.view.search in workbench.view.search
2025-07-21 12:20:40.946 [info] Added views:timeline in workbench.view.explorer
2025-07-21 12:20:40.946 [info] Added views:workbench.explorer.emptyView in workbench.view.explorer
2025-07-21 12:20:40.992 [info] Added views:workbench.debug.welcome in workbench.view.debug
2025-07-21 12:20:41.340 [info] Added views:~remote.forwardedPorts in ~remote.forwardedPortsContainer
2025-07-21 12:20:56.620 [info] Added views:targetsContainers,devVolumes in workbench.view.remote
2025-07-21 12:20:56.620 [info] Added views:remoteTargets in workbench.view.remote
2025-07-21 12:21:29.166 [info] Added views:workbench.panel.markers.view in workbench.panel.markers
2025-07-21 12:21:29.166 [info] Added views:workbench.panel.output in workbench.panel.output
2025-07-21 12:21:29.166 [info] Added views:terminal in terminal
2025-07-21 12:21:29.166 [info] Added views:outline in workbench.view.explorer
2025-07-21 12:21:29.166 [info] Added views:workbench.scm in workbench.view.scm
2025-07-21 12:21:29.166 [info] Added views:workbench.view.search in workbench.view.search
2025-07-21 12:21:29.166 [info] Added views:timeline in workbench.view.explorer
2025-07-21 12:21:29.166 [info] Added views:workbench.explorer.emptyView in workbench.view.explorer
2025-07-21 12:21:29.205 [info] Added views:workbench.debug.welcome in workbench.view.debug
2025-07-21 12:21:29.518 [info] Added views:~remote.forwardedPorts in ~remote.forwardedPortsContainer
2025-07-21 12:21:44.903 [info] Added views:targetsContainers,devVolumes in workbench.view.remote
2025-07-21 12:21:44.904 [info] Added views:remoteTargets in workbench.view.remote
2025-07-21 12:21:48.042 [info] Added views:workbench.panel.markers.view in workbench.panel.markers
2025-07-21 12:21:48.042 [info] Added views:workbench.panel.output in workbench.panel.output
2025-07-21 12:21:48.042 [info] Added views:terminal in terminal
2025-07-21 12:21:48.042 [info] Added views:outline in workbench.view.explorer
2025-07-21 12:21:48.042 [info] Added views:workbench.scm in workbench.view.scm
2025-07-21 12:21:48.042 [info] Added views:workbench.view.search in workbench.view.search
2025-07-21 12:21:48.042 [info] Added views:timeline in workbench.view.explorer
2025-07-21 12:21:48.043 [info] Added views:workbench.explorer.emptyView in workbench.view.explorer
2025-07-21 12:21:48.125 [info] Added views:workbench.debug.welcome in workbench.view.debug
2025-07-21 12:21:48.358 [info] Added views:~remote.forwardedPorts in ~remote.forwardedPortsContainer
2025-07-21 12:22:03.603 [info] Added views:targetsContainers,devVolumes in workbench.view.remote
2025-07-21 12:22:03.605 [info] Added views:remoteTargets in workbench.view.remote
