2025-10-13 15:57:16.799 [info] Added views:workbench.panel.markers.view in workbench.panel.markers
2025-10-13 15:57:16.799 [info] Added views:workbench.panel.output in workbench.panel.output
2025-10-13 15:57:16.799 [info] Added views:terminal in terminal
2025-10-13 15:57:16.799 [info] Added views:outline in workbench.view.explorer
2025-10-13 15:57:16.799 [info] Added views:workbench.scm in workbench.view.scm
2025-10-13 15:57:16.799 [info] Added views:workbench.view.search in workbench.view.search
2025-10-13 15:57:16.799 [info] Added views:timeline in workbench.view.explorer
2025-10-13 15:57:16.799 [info] Added views:workbench.explorer.emptyView in workbench.view.explorer
2025-10-13 15:57:16.919 [info] Added views:workbench.debug.variablesView,workbench.debug.watchExpressionsView,workbench.debug.callStackView,workbench.debug.breakPointsView in workbench.view.debug
2025-10-13 15:57:17.150 [info] Added views:~remote.forwardedPorts in ~remote.forwardedPortsContainer
2025-10-13 15:57:34.316 [info] Removed views:workbench.debug.breakPointsView,workbench.debug.callStackView,workbench.debug.watchExpressionsView,workbench.debug.variablesView from workbench.view.debug
2025-10-13 15:57:34.316 [info] Added views:workbench.debug.welcome in workbench.view.debug
2025-10-13 15:57:36.664 [info] Added views:workbench.panel.markers.view in workbench.panel.markers
2025-10-13 15:57:36.664 [info] Added views:workbench.panel.output in workbench.panel.output
2025-10-13 15:57:36.664 [info] Added views:terminal in terminal
2025-10-13 15:57:36.664 [info] Added views:outline in workbench.view.explorer
2025-10-13 15:57:36.664 [info] Added views:workbench.scm in workbench.view.scm
2025-10-13 15:57:36.664 [info] Added views:workbench.view.search in workbench.view.search
2025-10-13 15:57:36.664 [info] Added views:timeline in workbench.view.explorer
2025-10-13 15:57:36.664 [info] Added views:workbench.explorer.emptyView in workbench.view.explorer
2025-10-13 15:57:36.694 [info] Added views:workbench.debug.welcome in workbench.view.debug
2025-10-13 15:57:37.020 [info] Added views:~remote.forwardedPorts in ~remote.forwardedPortsContainer
2025-10-13 15:58:14.595 [info] Added views:workbench.panel.markers.view in workbench.panel.markers
2025-10-13 15:58:14.595 [info] Added views:workbench.panel.output in workbench.panel.output
2025-10-13 15:58:14.595 [info] Added views:terminal in terminal
2025-10-13 15:58:14.595 [info] Added views:outline in workbench.view.explorer
2025-10-13 15:58:14.595 [info] Added views:workbench.scm in workbench.view.scm
2025-10-13 15:58:14.595 [info] Added views:workbench.view.search in workbench.view.search
2025-10-13 15:58:14.595 [info] Added views:timeline in workbench.view.explorer
2025-10-13 15:58:14.595 [info] Added views:workbench.explorer.emptyView in workbench.view.explorer
2025-10-13 15:58:14.628 [info] Added views:workbench.debug.welcome in workbench.view.debug
2025-10-13 15:58:15.009 [info] Added views:~remote.forwardedPorts in ~remote.forwardedPortsContainer
2025-10-13 15:58:47.809 [info] Added views:workbench.panel.repl.view in workbench.panel.repl
2025-10-13 15:59:00.118 [info] Added views:workbench.panel.markers.view in workbench.panel.markers
2025-10-13 15:59:00.118 [info] Added views:workbench.panel.output in workbench.panel.output
2025-10-13 15:59:00.118 [info] Added views:terminal in terminal
2025-10-13 15:59:00.118 [info] Added views:outline in workbench.view.explorer
2025-10-13 15:59:00.118 [info] Added views:workbench.scm in workbench.view.scm
2025-10-13 15:59:00.118 [info] Added views:workbench.view.search in workbench.view.search
2025-10-13 15:59:00.118 [info] Added views:timeline in workbench.view.explorer
2025-10-13 15:59:00.118 [info] Added views:workbench.explorer.fileView in workbench.view.explorer
2025-10-13 15:59:00.205 [info] Added views:workbench.debug.welcome in workbench.view.debug
2025-10-13 15:59:02.204 [info] Added views:~remote.forwardedPorts in ~remote.forwardedPortsContainer
2025-10-13 15:59:29.739 [info] Added views:workbench.panel.markers.view in workbench.panel.markers
2025-10-13 15:59:29.739 [info] Added views:workbench.panel.output in workbench.panel.output
2025-10-13 15:59:29.739 [info] Added views:terminal in terminal
2025-10-13 15:59:29.739 [info] Added views:outline in workbench.view.explorer
2025-10-13 15:59:29.739 [info] Added views:workbench.scm in workbench.view.scm
2025-10-13 15:59:29.739 [info] Added views:workbench.view.search in workbench.view.search
2025-10-13 15:59:29.739 [info] Added views:timeline in workbench.view.explorer
2025-10-13 15:59:29.739 [info] Added views:workbench.explorer.fileView in workbench.view.explorer
2025-10-13 15:59:29.847 [info] Added views:workbench.debug.welcome in workbench.view.debug
2025-10-13 15:59:31.804 [info] Added views:~remote.forwardedPorts in ~remote.forwardedPortsContainer
2025-10-13 16:00:01.111 [info] Added views:workbench.panel.markers.view in workbench.panel.markers
2025-10-13 16:00:01.111 [info] Added views:workbench.panel.output in workbench.panel.output
2025-10-13 16:00:01.111 [info] Added views:terminal in terminal
2025-10-13 16:00:01.111 [info] Added views:outline in workbench.view.explorer
2025-10-13 16:00:01.111 [info] Added views:workbench.scm in workbench.view.scm
2025-10-13 16:00:01.111 [info] Added views:workbench.view.search in workbench.view.search
2025-10-13 16:00:01.111 [info] Added views:timeline in workbench.view.explorer
2025-10-13 16:00:01.111 [info] Added views:workbench.explorer.fileView in workbench.view.explorer
2025-10-13 16:00:01.199 [info] Added views:workbench.debug.welcome in workbench.view.debug
2025-10-13 16:00:03.201 [info] Added views:~remote.forwardedPorts in ~remote.forwardedPortsContainer
2025-10-13 16:00:10.988 [info] Added views:workbench.panel.repl.view in workbench.panel.repl
2025-10-13 16:45:05.779 [info] Added views:workbench.panel.markers.view in workbench.panel.markers
2025-10-13 16:45:05.781 [info] Added views:workbench.panel.output in workbench.panel.output
2025-10-13 16:45:05.781 [info] Added views:terminal in terminal
2025-10-13 16:45:05.781 [info] Added views:outline in workbench.view.explorer
2025-10-13 16:45:05.781 [info] Added views:workbench.scm in workbench.view.scm
2025-10-13 16:45:05.781 [info] Added views:workbench.view.search in workbench.view.search
2025-10-13 16:45:05.781 [info] Added views:timeline in workbench.view.explorer
2025-10-13 16:45:05.781 [info] Added views:workbench.explorer.fileView in workbench.view.explorer
2025-10-13 16:45:05.874 [info] Added views:workbench.debug.welcome in workbench.view.debug
2025-10-13 16:45:07.882 [info] Added views:~remote.forwardedPorts in ~remote.forwardedPortsContainer
2025-10-13 16:45:24.190 [info] Added views:workbench.panel.markers.view in workbench.panel.markers
2025-10-13 16:45:24.190 [info] Added views:workbench.panel.output in workbench.panel.output
2025-10-13 16:45:24.190 [info] Added views:terminal in terminal
2025-10-13 16:45:24.190 [info] Added views:outline in workbench.view.explorer
2025-10-13 16:45:24.190 [info] Added views:workbench.scm in workbench.view.scm
2025-10-13 16:45:24.190 [info] Added views:workbench.view.search in workbench.view.search
2025-10-13 16:45:24.190 [info] Added views:timeline in workbench.view.explorer
2025-10-13 16:45:24.190 [info] Added views:workbench.explorer.fileView in workbench.view.explorer
2025-10-13 16:45:24.287 [info] Added views:workbench.debug.welcome in workbench.view.debug
2025-10-13 16:45:26.229 [info] Added views:~remote.forwardedPorts in ~remote.forwardedPortsContainer
2025-10-13 16:45:43.755 [info] Added views:workbench.panel.markers.view in workbench.panel.markers
2025-10-13 16:45:43.755 [info] Added views:workbench.panel.output in workbench.panel.output
2025-10-13 16:45:43.755 [info] Added views:terminal in terminal
2025-10-13 16:45:43.755 [info] Added views:outline in workbench.view.explorer
2025-10-13 16:45:43.755 [info] Added views:workbench.scm in workbench.view.scm
2025-10-13 16:45:43.755 [info] Added views:workbench.view.search in workbench.view.search
2025-10-13 16:45:43.755 [info] Added views:timeline in workbench.view.explorer
2025-10-13 16:45:43.755 [info] Added views:workbench.explorer.fileView in workbench.view.explorer
2025-10-13 16:45:43.863 [info] Added views:workbench.debug.welcome in workbench.view.debug
2025-10-13 16:45:45.805 [info] Added views:~remote.forwardedPorts in ~remote.forwardedPortsContainer
2025-10-13 16:45:59.475 [info] Added views:workbench.panel.repl.view in workbench.panel.repl
2025-10-13 17:23:10.300 [info] Added views:workbench.panel.markers.view in workbench.panel.markers
2025-10-13 17:23:10.301 [info] Added views:workbench.panel.output in workbench.panel.output
2025-10-13 17:23:10.301 [info] Added views:terminal in terminal
2025-10-13 17:23:10.301 [info] Added views:outline in workbench.view.explorer
2025-10-13 17:23:10.301 [info] Added views:workbench.scm in workbench.view.scm
2025-10-13 17:23:10.301 [info] Added views:workbench.view.search in workbench.view.search
2025-10-13 17:23:10.301 [info] Added views:timeline in workbench.view.explorer
2025-10-13 17:23:10.301 [info] Added views:workbench.explorer.fileView in workbench.view.explorer
2025-10-13 17:23:10.408 [info] Added views:workbench.debug.welcome in workbench.view.debug
2025-10-13 17:23:12.346 [info] Added views:~remote.forwardedPorts in ~remote.forwardedPortsContainer
2025-10-13 17:23:29.580 [info] Added views:workbench.panel.markers.view in workbench.panel.markers
2025-10-13 17:23:29.580 [info] Added views:workbench.panel.output in workbench.panel.output
2025-10-13 17:23:29.580 [info] Added views:terminal in terminal
2025-10-13 17:23:29.580 [info] Added views:outline in workbench.view.explorer
2025-10-13 17:23:29.580 [info] Added views:workbench.scm in workbench.view.scm
2025-10-13 17:23:29.580 [info] Added views:workbench.view.search in workbench.view.search
2025-10-13 17:23:29.580 [info] Added views:timeline in workbench.view.explorer
2025-10-13 17:23:29.580 [info] Added views:workbench.explorer.fileView in workbench.view.explorer
2025-10-13 17:23:29.604 [info] Added views:workbench.debug.welcome in workbench.view.debug
2025-10-13 17:23:31.610 [info] Added views:~remote.forwardedPorts in ~remote.forwardedPortsContainer
2025-10-13 17:24:25.104 [info] Added views:workbench.panel.markers.view in workbench.panel.markers
2025-10-13 17:24:25.104 [info] Added views:workbench.panel.output in workbench.panel.output
2025-10-13 17:24:25.104 [info] Added views:terminal in terminal
2025-10-13 17:24:25.104 [info] Added views:outline in workbench.view.explorer
2025-10-13 17:24:25.104 [info] Added views:workbench.scm in workbench.view.scm
2025-10-13 17:24:25.104 [info] Added views:workbench.view.search in workbench.view.search
2025-10-13 17:24:25.104 [info] Added views:timeline in workbench.view.explorer
2025-10-13 17:24:25.104 [info] Added views:workbench.explorer.fileView in workbench.view.explorer
2025-10-13 17:24:25.179 [info] Added views:workbench.debug.welcome in workbench.view.debug
2025-10-13 17:24:27.182 [info] Added views:~remote.forwardedPorts in ~remote.forwardedPortsContainer
2025-10-13 17:24:42.689 [info] Added views:workbench.panel.repl.view in workbench.panel.repl
2025-10-13 17:47:31.987 [info] Added views:workbench.panel.markers.view in workbench.panel.markers
2025-10-13 17:47:31.987 [info] Added views:workbench.panel.output in workbench.panel.output
2025-10-13 17:47:31.987 [info] Added views:terminal in terminal
2025-10-13 17:47:31.987 [info] Added views:outline in workbench.view.explorer
2025-10-13 17:47:31.987 [info] Added views:workbench.scm in workbench.view.scm
2025-10-13 17:47:31.987 [info] Added views:workbench.view.search in workbench.view.search
2025-10-13 17:47:31.987 [info] Added views:timeline in workbench.view.explorer
2025-10-13 17:47:31.987 [info] Added views:workbench.explorer.fileView in workbench.view.explorer
2025-10-13 17:47:32.099 [info] Added views:workbench.debug.welcome in workbench.view.debug
2025-10-13 17:47:34.116 [info] Added views:~remote.forwardedPorts in ~remote.forwardedPortsContainer
2025-10-13 17:48:06.317 [info] Added views:workbench.panel.markers.view in workbench.panel.markers
2025-10-13 17:48:06.317 [info] Added views:workbench.panel.output in workbench.panel.output
2025-10-13 17:48:06.317 [info] Added views:terminal in terminal
2025-10-13 17:48:06.317 [info] Added views:outline in workbench.view.explorer
2025-10-13 17:48:06.317 [info] Added views:workbench.scm in workbench.view.scm
2025-10-13 17:48:06.317 [info] Added views:workbench.view.search in workbench.view.search
2025-10-13 17:48:06.317 [info] Added views:timeline in workbench.view.explorer
2025-10-13 17:48:06.317 [info] Added views:workbench.explorer.fileView in workbench.view.explorer
2025-10-13 17:48:06.452 [info] Added views:workbench.debug.welcome in workbench.view.debug
2025-10-13 17:48:08.390 [info] Added views:~remote.forwardedPorts in ~remote.forwardedPortsContainer
2025-10-13 17:48:47.606 [info] Added views:workbench.panel.markers.view in workbench.panel.markers
2025-10-13 17:48:47.606 [info] Added views:workbench.panel.output in workbench.panel.output
2025-10-13 17:48:47.606 [info] Added views:terminal in terminal
2025-10-13 17:48:47.606 [info] Added views:outline in workbench.view.explorer
2025-10-13 17:48:47.606 [info] Added views:workbench.scm in workbench.view.scm
2025-10-13 17:48:47.606 [info] Added views:workbench.view.search in workbench.view.search
2025-10-13 17:48:47.606 [info] Added views:timeline in workbench.view.explorer
2025-10-13 17:48:47.606 [info] Added views:workbench.explorer.fileView in workbench.view.explorer
2025-10-13 17:48:47.723 [info] Added views:workbench.debug.welcome in workbench.view.debug
2025-10-13 17:48:49.697 [info] Added views:~remote.forwardedPorts in ~remote.forwardedPortsContainer
2025-10-13 17:49:16.671 [info] Added views:workbench.panel.markers.view in workbench.panel.markers
2025-10-13 17:49:16.671 [info] Added views:workbench.panel.output in workbench.panel.output
2025-10-13 17:49:16.671 [info] Added views:terminal in terminal
2025-10-13 17:49:16.671 [info] Added views:outline in workbench.view.explorer
2025-10-13 17:49:16.671 [info] Added views:workbench.scm in workbench.view.scm
2025-10-13 17:49:16.671 [info] Added views:workbench.view.search in workbench.view.search
2025-10-13 17:49:16.671 [info] Added views:timeline in workbench.view.explorer
2025-10-13 17:49:16.671 [info] Added views:workbench.explorer.fileView in workbench.view.explorer
2025-10-13 17:49:16.769 [info] Added views:workbench.debug.welcome in workbench.view.debug
2025-10-13 17:49:18.868 [info] Added views:~remote.forwardedPorts in ~remote.forwardedPortsContainer
2025-10-13 17:49:57.321 [info] Added views:workbench.panel.repl.view in workbench.panel.repl
