2025-06-23 12:48:32.149 [info] Experiment 'pythonTerminalEnvVarActivation' is active
2025-06-23 12:48:32.149 [info] Test server listening.
2025-06-23 12:48:32.149 [info] > conda info --json
2025-06-23 12:48:32.149 [info] Python interpreter path: /bin/python
2025-06-23 12:48:32.157 [info] Found: /bin/python --> /bin/python3.13
2025-06-23 12:48:32.158 [info] Found: /bin/python3 --> /bin/python3.13
2025-06-23 12:48:32.159 [info] Found: /bin/python3.13 --> /bin/python3.13
2025-06-23 12:48:32.455 [info] Found: /sbin/python --> /sbin/python3.13
2025-06-23 12:48:32.461 [info] > /usr/bin/python -I ~/.vscode/extensions/ms-python.python-2024.2.1/pythonFiles/get_output_via_markers.py ~/.vscode/extensions/ms-python.python-2024.2.1/pythonFiles/interpreterInfo.py
2025-06-23 12:48:32.468 [info] > /bin/python -I ~/.vscode/extensions/ms-python.python-2024.2.1/pythonFiles/get_output_via_markers.py ~/.vscode/extensions/ms-python.python-2024.2.1/pythonFiles/interpreterInfo.py
2025-06-23 12:48:32.469 [info] Found: /sbin/python3 --> /sbin/python3.13
2025-06-23 12:48:32.470 [info] Found: /sbin/python3.13 --> /sbin/python3.13
2025-06-23 12:48:32.474 [info] Found: /usr/bin/python --> /usr/bin/python3.13
2025-06-23 12:48:32.474 [info] Found: /usr/bin/python3 --> /usr/bin/python3.13
2025-06-23 12:48:32.474 [info] Found: /usr/bin/python3.13 --> /usr/bin/python3.13
2025-06-23 12:48:32.512 [info] > /sbin/python -I ~/.vscode/extensions/ms-python.python-2024.2.1/pythonFiles/get_output_via_markers.py ~/.vscode/extensions/ms-python.python-2024.2.1/pythonFiles/interpreterInfo.py
2025-06-23 12:48:32.520 [info] > /usr/sbin/python -I ~/.vscode/extensions/ms-python.python-2024.2.1/pythonFiles/get_output_via_markers.py ~/.vscode/extensions/ms-python.python-2024.2.1/pythonFiles/interpreterInfo.py
2025-06-23 12:48:32.531 [info] Found: /usr/sbin/python --> /usr/sbin/python3.13
2025-06-23 12:48:32.538 [info] Found: /usr/sbin/python3 --> /usr/sbin/python3.13
2025-06-23 12:48:32.549 [info] Found: /usr/sbin/python3.13 --> /usr/sbin/python3.13
2025-06-23 12:48:32.553 [warning] Retry failed, storage update failed for key PYTHON_ENV_INFO_CACHE
2025-06-23 12:48:33.442 [info] Starting Pylance language server.
