[19:20:41.154] Log Level: 2
[19:20:41.180] SSH Resolver called for "ssh-remote+senc.icmc.usp.br", attempt 1
[19:20:41.181] "remote.SSH.useLocalServer": true
[19:20:41.181] "remote.SSH.useExecServer": false
[19:20:41.181] "remote.SSH.path": undefined
[19:20:41.182] "remote.SSH.configFile": undefined
[19:20:41.182] "remote.SSH.useFlock": true
[19:20:41.182] "remote.SSH.lockfilesInTmp": false
[19:20:41.182] "remote.SSH.localServerDownload": auto
[19:20:41.182] "remote.SSH.remoteServerListenOnSocket": false
[19:20:41.182] "remote.SSH.showLoginTerminal": false
[19:20:41.182] "remote.SSH.defaultExtensions": []
[19:20:41.183] "remote.SSH.loglevel": 2
[19:20:41.183] "remote.SSH.enableDynamicForwarding": true
[19:20:41.183] "remote.SSH.enableRemoteCommand": false
[19:20:41.183] "remote.SSH.serverPickPortsFromRange": {}
[19:20:41.183] "remote.SSH.serverInstallPath": {}
[19:20:41.192] VS Code version: 1.85.2
[19:20:41.192] Remote-SSH version: remote-ssh@0.108.2023112915
[19:20:41.192] linux x64
[19:20:41.195] SSH Resolver called for host: senc.icmc.usp.br
[19:20:41.195] Setting up SSH remote "senc.icmc.usp.br"
[19:20:41.199] Acquiring local install lock: /tmp/vscode-remote-ssh-2f5e6878-install.lock
[19:20:41.202] Looking for existing server data file at /home/drdbrioso/.config/Code/User/globalStorage/ms-vscode-remote.remote-ssh/vscode-ssh-host-2f5e6878-8b3775030ed1a69b13e4f4c628c612102e30a681-0.108.2023112915-tr/data.json
[19:20:41.202] Using commit id "8b3775030ed1a69b13e4f4c628c612102e30a681" and quality "stable" for server
[19:20:41.207] Install and start server if needed
[19:20:41.213] PATH: /usr/local/bin:/usr/bin:/usr/local/sbin:/opt/android-sdk/platform-tools:/var/lib/flatpak/exports/bin:/usr/lib/jvm/default/bin:/usr/bin/site_perl:/usr/bin/vendor_perl:/usr/bin/core_perl:/home/drdbrioso/.local/bin:/opt/android-sdk/platform-tools:/home/drdbrioso/.local/bin:/opt/nvim/:/home/drdbrioso/.local/bin
[19:20:41.213] Checking ssh with "ssh -V"
[19:20:41.223] > OpenSSH_10.0p2, OpenSSL 3.5.3 16 Sep 2025

[19:20:41.227] askpass server listening on /run/user/1000/vscode-ssh-askpass-94d90c43621b1901825a0d89da877d16dbea253b.sock
[19:20:41.227] Spawning local server with {"serverId":1,"ipcHandlePath":"/run/user/1000/vscode-ssh-askpass-51b99afaf2c3a7036116813b62019b245bafa4ba.sock","sshCommand":"ssh","sshArgs":["-v","-T","-D","35817","-o","ConnectTimeout=15","senc.icmc.usp.br"],"serverDataFolderName":".vscode-server","dataFilePath":"/home/drdbrioso/.config/Code/User/globalStorage/ms-vscode-remote.remote-ssh/vscode-ssh-host-2f5e6878-8b3775030ed1a69b13e4f4c628c612102e30a681-0.108.2023112915-tr/data.json"}
[19:20:41.227] Local server env: {"SSH_AUTH_SOCK":"/run/user/1000/gcr/ssh","SHELL":"/usr/bin/zsh","DISPLAY":":0","ELECTRON_RUN_AS_NODE":"1","SSH_ASKPASS":"/home/drdbrioso/.vscode/extensions/ms-vscode-remote.remote-ssh-0.108.2023112915/out/local-server/askpass.sh","VSCODE_SSH_ASKPASS_NODE":"/home/drdbrioso/Desktop/code-stable-x64-1705560028/VSCode-linux-x64/code","VSCODE_SSH_ASKPASS_EXTRA_ARGS":"--ms-enable-electron-run-as-node","VSCODE_SSH_ASKPASS_MAIN":"/home/drdbrioso/.vscode/extensions/ms-vscode-remote.remote-ssh-0.108.2023112915/out/askpass-main.js","VSCODE_SSH_ASKPASS_HANDLE":"/run/user/1000/vscode-ssh-askpass-94d90c43621b1901825a0d89da877d16dbea253b.sock"}
[19:20:41.230] Spawned 21341
[19:20:41.315] > local-server-1> Running ssh connection command: "-v -T -D 35817 -o ConnectTimeout=15 senc.icmc.usp.br"
[19:20:41.318] > local-server-1> Spawned ssh, pid=21349
[19:20:41.766] stderr> debug1: Server host key: ssh-ed25519 SHA256:pVqYJ9se5EhmIAvOwtJIlmPU+tHanHbPTfdzOa8qTZ4
[19:20:42.189] Got askpass request: {"request":"web-senc@senc.icmc.usp.br's password:"}
[19:20:42.189] Showing password prompt
[19:20:42.190] Listening for interwindow password on /run/user/1000/vscode-ssh-askpass-acd71ef9b6e9d80c8cc890b20f8ab0b5ffb9a6a4.sock
[19:20:42.190] Writing password prompt to globalState
[19:20:44.834] Got password response
[19:20:44.835] Interactor gave response: ***********
[19:20:44.836] Cleaning up other-window auth server
[19:20:44.948] stderr> Authenticated to senc.icmc.usp.br ([143.107.183.96]:22) using "password".
[19:20:45.685] > Welcome to Ubuntu 18.04.6 LTS (GNU/Linux 4.15.0-213-generic x86_64)
> 
>  * Documentation:  https://help.ubuntu.com
>  * Management:     https://landscape.canonical.com
>  * Support:        https://ubuntu.com/advantage
> 
>   System information as of Tue Oct  7 22:20:45 UTC 2025
> 
>   System load:  0.03               Processes:             165
>   Usage of /:   42.2% of 29.36GB   Users logged in:       0
>   Memory usage: 21%                IP address for ens192: 143.107.183.96
>   Swap usage:   10%
> 
>  * Strictly confined Kubernetes makes edge and IoT secure. Learn how MicroK8s
>    just raised the bar for easy, resilient and secure K8s cluster deployment.
> 
>    https://ubuntu.com/engage/secure-kubernetes-at-the-edge
> 
>  * Introducing Expanded Security Maintenance for Applications.
>    Receive updates to over 25,000 software packages with your
>    Ubuntu Pro subscription. Free for personal use.
> 
>      https://ubuntu.com/pro
> 
> 32 updates can be applied immediately.
> To see these additional updates run: apt list --upgradable
> 
> New release '20.04.6 LTS' available.
> Run 'do-release-upgrade' to upgrade to it.
> 
[19:20:46.169] > ready: f89d5d3ee35f
[19:20:46.204] > Linux 4.15.0-213-generic #224-Ubuntu SMP Mon Jun 19 13:30:12 UTC 2023
[19:20:46.205] Platform: linux
[19:20:46.255] > /bin/bash
[19:20:46.256] Shell: bash
[19:20:46.256] Creating bash subshell inside "bash"
[19:20:46.286] > bash version:  4.4.20(1)-release
[19:20:46.668] > f89d5d3ee35f: running
[19:20:46.771] > Acquiring lock on /home/web-senc/.vscode-server/bin/8b3775030ed1a69b13e4f4c628c612102e30a681/vscode-remote-lock.web-senc.8b3775030ed1a69b13e4f4c628c612102e30a681
[19:20:47.386] > Found existing installation at /home/web-senc/.vscode-server/bin/8b3775030ed1a69b13e4f4c628c612102e30a681...
> Checking /home/web-senc/.vscode-server/.8b3775030ed1a69b13e4f4c628c612102e30a681.log and /home/web-senc/.vscode-server/.8b3775030ed1a69b13e4f4c628c612102e30a681.pid for a running server
> Looking for server with pid: 8696
> Running ssh connection command... /home/web-senc/.vscode-server/bin/8b3775030ed1a69b13e4f4c628c612102e30a681/bin/code-server --start-server --host=127.0.0.1 --accept-server-license-terms --enable-remote-auto-shutdown --port=0 --telemetry-level all   &> "/home/web-senc/.vscode-server/.8b3775030ed1a69b13e4f4c628c612102e30a681.log" < /dev/null
> printenv:
>     SSH_CONNECTION=143.107.252.89 53426 143.107.183.96 22
>     LANG=en_US.UTF-8
>     XDG_SESSION_ID=80277
>     USER=web-senc
>     PWD=/home/web-senc
>     HOME=/home/web-senc
>     SSH_CLIENT=143.107.252.89 53426 22
>     XDG_DATA_DIRS=/usr/local/share:/usr/share:/var/lib/snapd/desktop
>     MAIL=/var/mail/web-senc
>     SHELL=/bin/bash
>     SHLVL=2
>     VSCODE_AGENT_FOLDER=/home/web-senc/.vscode-server
>     LOGNAME=web-senc
>     DBUS_SESSION_BUS_ADDRESS=unix:path=/run/user/1001/bus
>     XDG_RUNTIME_DIR=/run/user/1001
>     PATH=/usr/local/sbin:/usr/local/bin:/usr/sbin:/usr/bin:/sbin:/bin:/usr/games:/usr/local/games:/snap/bin
>     _=/usr/bin/printenv
[19:20:47.608] > Removing old logfile at /home/web-senc/.vscode-server/.8b3775030ed1a69b13e4f4c628c612102e30a681.log
> Spawned remote server: 15490
> Waiting for server log...
[19:20:47.693] > Waiting for server log...
> Waiting for server log...
[19:20:47.705] > Waiting for server log...
[19:20:47.748] > Waiting for server log...
[19:20:47.777] > Waiting for server log...
[19:20:48.412] > Waiting for server log...
> Waiting for server log...
> Waiting for server log...
> Waiting for server log...
> Waiting for server log...
> Waiting for server log...
> Waiting for server log...
> Waiting for server log...
> Waiting for server log...
> Waiting for server log...
> Waiting for server log...
> Waiting for server log...
> Waiting for server log...
> Waiting for server log...
> Waiting for server log...
> Waiting for server log...
> Waiting for server log...
[19:20:48.443] > Waiting for server log...
[19:20:48.462] > Waiting for server log...
[19:20:48.498] > Waiting for server log...
[19:20:49.592] > Waiting for server log...
> Waiting for server log...
> Waiting for server log...
> Waiting for server log...
> Waiting for server log...
> Waiting for server log...
> Waiting for server log...
> Waiting for server log...
> Waiting for server log...
> Waiting for server log...
> Waiting for server log...
> Waiting for server log...
> Waiting for server log...
> Waiting for server log...
> Waiting for server log...
> Waiting for server log...
> Waiting for server log...
> Waiting for server log...
> Waiting for server log...
> Waiting for server log...
> Waiting for server log...
> Waiting for server log...
> Waiting for server log...
[19:20:49.848] > Waiting for server log...
> Waiting for server log...
> Waiting for server log...
> Waiting for server log...
> Waiting for server log...
> Waiting for server log...
> Waiting for server log...
> Waiting for server log...
> Waiting for server log...
> Waiting for server log...
> Waiting for server log...
> Waiting for server log...
> Waiting for server log...
> Waiting for server log...
[19:20:50.155] > Waiting for server log...
> Waiting for server log...
> Waiting for server log...
> Waiting for server log...
> Waiting for server log...
> Waiting for server log...
> Waiting for server log...
> Waiting for server log...
[19:20:50.158] > Waiting for server log...
[19:20:50.193] > Waiting for server log...
[19:20:50.668] > Waiting for server log...
> Waiting for server log...
> Waiting for server log...
> Waiting for server log...
> Waiting for server log...
> Waiting for server log...
> Waiting for server log...
> Waiting for server log...
> Waiting for server log...
> Waiting for server log...
> Waiting for server log...
> Waiting for server log...
> Waiting for server log...
[19:20:51.284] > Waiting for server log...
> Waiting for server log...
> Waiting for server log...
> Waiting for server log...
> Waiting for server log...
> Waiting for server log...
> Waiting for server log...
> Waiting for server log...
> Waiting for server log...
> Waiting for server log...
> Waiting for server log...
> Waiting for server log...
> Waiting for server log...
> Waiting for server log...
> Waiting for server log...
> Waiting for server log...
> Waiting for server log...
[19:20:51.899] > Waiting for server log...
> Waiting for server log...
> Waiting for server log...
> Waiting for server log...
> Waiting for server log...
> Waiting for server log...
> Waiting for server log...
> Waiting for server log...
> Waiting for server log...
> Waiting for server log...
> Waiting for server log...
> Waiting for server log...
> Waiting for server log...
> Waiting for server log...
> Waiting for server log...
> Waiting for server log...
> Waiting for server log...
[19:20:51.925] > Waiting for server log...
[19:20:52.207] > Waiting for server log...
> Waiting for server log...
> Waiting for server log...
> Waiting for server log...
> Waiting for server log...
> Waiting for server log...
> Waiting for server log...
[19:20:52.214] > Waiting for server log...
[19:20:52.250] > Waiting for server log...
[19:20:52.719] > Waiting for server log...
> Waiting for server log...
> Waiting for server log...
> Waiting for server log...
> Waiting for server log...
> Waiting for server log...
> Waiting for server log...
> Waiting for server log...
> Waiting for server log...
> Waiting for server log...
> Waiting for server log...
> Waiting for server log...
> Waiting for server log...
[19:20:53.335] > Waiting for server log...
> Waiting for server log...
> Waiting for server log...
> Waiting for server log...
> Waiting for server log...
> Waiting for server log...
> Waiting for server log...
> Waiting for server log...
> Waiting for server log...
> Waiting for server log...
> Waiting for server log...
> Waiting for server log...
> Waiting for server log...
> Waiting for server log...
> Waiting for server log...
> Waiting for server log...
[19:20:53.338] > Waiting for server log...
[19:20:53.526] > Waiting for server log...
> Waiting for server log...
> Waiting for server log...
> Waiting for server log...
> Waiting for server log...
[19:20:53.556] > Waiting for server log...
[19:20:53.625] > Waiting for server log...
[19:20:53.628] > Waiting for server log...
[19:20:53.664] > Waiting for server log...
[19:20:53.700] > Waiting for server log...
[19:20:54.346] > Waiting for server log...
> Waiting for server log...
> Waiting for server log...
> Waiting for server log...
> Waiting for server log...
> Waiting for server log...
> Waiting for server log...
> Waiting for server log...
> Waiting for server log...
> Waiting for server log...
> Waiting for server log...
> Waiting for server log...
> Waiting for server log...
> Waiting for server log...
> Waiting for server log...
> Waiting for server log...
> Waiting for server log...
[19:20:54.350] > Waiting for server log...
[19:20:54.387] > Waiting for server log...
[19:20:54.668] > Waiting for server log...
> Waiting for server log...
> Waiting for server log...
> Waiting for server log...
> Waiting for server log...
> Waiting for server log...
> Waiting for server log...
[19:20:54.675] > Waiting for server log...
[19:20:55.181] > Waiting for server log...
> Waiting for server log...
> Waiting for server log...
> Waiting for server log...
> Waiting for server log...
> Waiting for server log...
> Waiting for server log...
> Waiting for server log...
> Waiting for server log...
> Waiting for server log...
> Waiting for server log...
> Waiting for server log...
> Waiting for server log...
> Waiting for server log...
[19:20:55.608] > Waiting for server log...
> Waiting for server log...
> Waiting for server log...
> Waiting for server log...
> Waiting for server log...
> Waiting for server log...
> Waiting for server log...
> Waiting for server log...
> Waiting for server log...
> Waiting for server log...
> Waiting for server log...
[19:20:55.693] > Waiting for server log...
> Waiting for server log...
> Waiting for server log...
[19:20:55.724] > Waiting for server log...
[19:20:56.206] > Waiting for server log...
> Waiting for server log...
> Waiting for server log...
> Waiting for server log...
> Waiting for server log...
> Waiting for server log...
> Waiting for server log...
> Waiting for server log...
> Waiting for server log...
> Waiting for server log...
> Waiting for server log...
> Waiting for server log...
> Waiting for server log...
[19:20:56.821] > Waiting for server log...
> Waiting for server log...
> Waiting for server log...
> Waiting for server log...
> Waiting for server log...
> Waiting for server log...
> Waiting for server log...
> Waiting for server log...
> Waiting for server log...
> Waiting for server log...
> Waiting for server log...
> Waiting for server log...
> Waiting for server log...
> Waiting for server log...
> Waiting for server log...
> Waiting for server log...
> Waiting for server log...
[19:20:57.540] > Waiting for server log...
> Waiting for server log...
> Waiting for server log...
> Waiting for server log...
> Waiting for server log...
> Waiting for server log...
> Waiting for server log...
> Waiting for server log...
> Waiting for server log...
> Waiting for server log...
> Waiting for server log...
> Waiting for server log...
> Waiting for server log...
> Waiting for server log...
> Waiting for server log...
> Waiting for server log...
> Waiting for server log...
> Waiting for server log...
> Waiting for server log...
> Waiting for server log...
[19:20:57.582] > Waiting for server log...
[19:20:57.950] > Waiting for server log...
> Waiting for server log...
> Waiting for server log...
> Waiting for server log...
> Waiting for server log...
> Waiting for server log...
> Waiting for server log...
> Waiting for server log...
> Waiting for server log...
> Waiting for server log...
[19:20:57.958] > Waiting for server log...
[19:20:58.449] > Waiting for server log...
> Waiting for server log...
> Waiting for server log...
> Waiting for server log...
> Waiting for server log...
> Waiting for server log...
> Waiting for server log...
> Waiting for server log...
> Waiting for server log...
> Waiting for server log...
> Waiting for server log...
> Waiting for server log...
> Waiting for server log...
[19:20:58.459] > Waiting for server log...
[19:20:58.495] > Waiting for server log...
[19:20:59.640] > Waiting for server log...
> Waiting for server log...
> Waiting for server log...
> Waiting for server log...
> Waiting for server log...
> Waiting for server log...
> Waiting for server log...
> Waiting for server log...
> Waiting for server log...
> Waiting for server log...
> Waiting for server log...
> Waiting for server log...
> Waiting for server log...
> Waiting for server log...
> Waiting for server log...
> Waiting for server log...
> Waiting for server log...
> Waiting for server log...
> Waiting for server log...
> Waiting for server log...
> Waiting for server log...
> Waiting for server log...
> Waiting for server log...
> Waiting for server log...
> Waiting for server log...
> Waiting for server log...
> Waiting for server log...
> Waiting for server log...
> Waiting for server log...
> Waiting for server log...
> Waiting for server log...
[19:21:00.207] > Waiting for server log...
> Waiting for server log...
> Waiting for server log...
> Waiting for server log...
> Waiting for server log...
> Waiting for server log...
> Waiting for server log...
> Waiting for server log...
> Waiting for server log...
> Waiting for server log...
> Waiting for server log...
> Waiting for server log...
> Waiting for server log...
> Waiting for server log...
> Waiting for server log...
> Waiting for server log...
[19:21:00.228] > Waiting for server log...
[19:21:00.718] > Waiting for server log...
> Waiting for server log...
> Waiting for server log...
> Waiting for server log...
> Waiting for server log...
> Waiting for server log...
> Waiting for server log...
> Waiting for server log...
> Waiting for server log...
> Waiting for server log...
> Waiting for server log...
> Waiting for server log...
> Waiting for server log...
[19:21:00.732] > Waiting for server log...
[19:21:01.334] > Waiting for server log...
> Waiting for server log...
> Waiting for server log...
> Waiting for server log...
> Waiting for server log...
> Waiting for server log...
> Waiting for server log...
> Waiting for server log...
> Waiting for server log...
> Waiting for server log...
> Waiting for server log...
> Waiting for server log...
> Waiting for server log...
> Waiting for server log...
> Waiting for server log...
> Waiting for server log...
[19:21:01.345] > Waiting for server log...
[19:21:01.382] > Waiting for server log...
[19:21:01.443] > Waiting for server log...
[19:21:01.454] > Waiting for server log...
[19:21:01.625] > Waiting for server log...
> Waiting for server log...
> Waiting for server log...
> Waiting for server log...
[19:21:01.633] > Waiting for server log...
[19:21:01.668] > Waiting for server log...
[19:21:02.155] > Waiting for server log...
> Waiting for server log...
> Waiting for server log...
> Waiting for server log...
> Waiting for server log...
> Waiting for server log...
> Waiting for server log...
> Waiting for server log...
>  
> *
> * Visual Studio Code Server
> *
> * By using the software, you agree to
> * the Visual Studio Code Server License Terms (https://aka.ms/vscode-server-license) and
> * the Microsoft Privacy Statement (https://privacy.microsoft.com/en-US/privacystatement).
> *
>  
> Server did not start successfully. Full server log at /home/web-senc/.vscode-server/.8b3775030ed1a69b13e4f4c628c612102e30a681.log >>>
> <<< End of server log
> f89d5d3ee35f: start
> exitCode==32==
> listeningOn====
> osReleaseId==ubuntu==
> arch==x86_64==
> vscodeArch==x64==
> bitness==64==
> tmpDir==/run/user/1001==
> platform==linux==
> unpackResult====
> didLocalDownload==0==
> downloadTime====
> installTime====
> extInstallTime====
> serverStartTime==14804==
> f89d5d3ee35f: end
[19:21:02.155] Received install output: 
exitCode==32==
listeningOn====
osReleaseId==ubuntu==
arch==x86_64==
vscodeArch==x64==
bitness==64==
tmpDir==/run/user/1001==
platform==linux==
unpackResult====
didLocalDownload==0==
downloadTime====
installTime====
extInstallTime====
serverStartTime==14804==

[19:21:02.157] Terminating local server
[19:21:02.162] Resolver error: Error: The VS Code Server failed to start
	at g.ServerInstallError (/home/drdbrioso/.vscode/extensions/ms-vscode-remote.remote-ssh-0.108.2023112915/out/extension.js:2:642637)
	at d (/home/drdbrioso/.vscode/extensions/ms-vscode-remote.remote-ssh-0.108.2023112915/out/extension.js:2:636024)
	at t.handleInstallOutput (/home/drdbrioso/.vscode/extensions/ms-vscode-remote.remote-ssh-0.108.2023112915/out/extension.js:2:638294)
	at e (/home/drdbrioso/.vscode/extensions/ms-vscode-remote.remote-ssh-0.108.2023112915/out/extension.js:2:700300)
	at process.processTicksAndRejections (node:internal/process/task_queues:95:5)
	at async /home/drdbrioso/.vscode/extensions/ms-vscode-remote.remote-ssh-0.108.2023112915/out/extension.js:2:722169
	at async t.withShowDetailsEvent (/home/drdbrioso/.vscode/extensions/ms-vscode-remote.remote-ssh-0.108.2023112915/out/extension.js:2:725828)
	at async /home/drdbrioso/.vscode/extensions/ms-vscode-remote.remote-ssh-0.108.2023112915/out/extension.js:2:697005
	at async C (/home/drdbrioso/.vscode/extensions/ms-vscode-remote.remote-ssh-0.108.2023112915/out/extension.js:2:695056)
	at async t.resolveWithLocalServer (/home/drdbrioso/.vscode/extensions/ms-vscode-remote.remote-ssh-0.108.2023112915/out/extension.js:2:696545)
	at async I (/home/drdbrioso/.vscode/extensions/ms-vscode-remote.remote-ssh-0.108.2023112915/out/extension.js:2:719392)
	at async t.resolve (/home/drdbrioso/.vscode/extensions/ms-vscode-remote.remote-ssh-0.108.2023112915/out/extension.js:2:723199)
	at async /home/drdbrioso/.vscode/extensions/ms-vscode-remote.remote-ssh-0.108.2023112915/out/extension.js:2:907012
[19:21:02.171] ------




[19:21:02.175] Local server exit: 15
