2025-10-17 16:37:52.559 [info] Extension host with pid 24682 started
2025-10-17 16:37:52.559 [info] Skipping acquiring lock for /home/drdbrioso/.config/Code/User/workspaceStorage/67ef078c24af5dd44cd99d03f833dfe3.
2025-10-17 16:37:52.559 [info] $getCanonicalURI invoked for authority (ssh-remote)
2025-10-17 16:37:52.566 [info] ExtensionService#_doActivateExtension ms-vscode-remote.remote-ssh, startup: false, activationEvent: 'onResolveRemoteAuthority:ssh-remote'
2025-10-17 16:37:52.600 [info] [resolveAuthority(ssh-remote,1)][0ms] activating remote resolvers ssh-remote+senc.icmc.usp.br
2025-10-17 16:37:52.600 [info] [resolveAuthority(ssh-remote,1)][0ms] activating resolver for ssh-remote+senc.icmc.usp.br...
2025-10-17 16:37:52.600 [info] [resolveAuthority(ssh-remote,1)][0ms] invoking final resolve()...
2025-10-17 16:37:53.601 [info] [resolveAuthority(ssh-remote,1)][1001ms] waiting...
2025-10-17 16:37:54.602 [info] [resolveAuthority(ssh-remote,1)][2002ms] waiting...
2025-10-17 16:37:55.603 [info] [resolveAuthority(ssh-remote,1)][3003ms] waiting...
2025-10-17 16:37:56.604 [info] [resolveAuthority(ssh-remote,1)][4004ms] waiting...
2025-10-17 16:37:57.605 [info] [resolveAuthority(ssh-remote,1)][5005ms] waiting...
2025-10-17 16:37:58.607 [info] [resolveAuthority(ssh-remote,1)][6006ms] waiting...
2025-10-17 16:37:59.608 [info] [resolveAuthority(ssh-remote,1)][7008ms] waiting...
2025-10-17 16:38:00.608 [info] [resolveAuthority(ssh-remote,1)][8008ms] waiting...
2025-10-17 16:38:01.607 [info] [resolveAuthority(ssh-remote,1)][9007ms] waiting...
2025-10-17 16:38:02.608 [info] [resolveAuthority(ssh-remote,1)][10008ms] waiting...
2025-10-17 16:38:03.609 [info] [resolveAuthority(ssh-remote,1)][11009ms] waiting...
2025-10-17 16:38:04.609 [info] [resolveAuthority(ssh-remote,1)][12009ms] waiting...
2025-10-17 16:38:05.610 [info] [resolveAuthority(ssh-remote,1)][13010ms] waiting...
2025-10-17 16:38:06.611 [info] [resolveAuthority(ssh-remote,1)][14011ms] waiting...
2025-10-17 16:38:07.613 [info] [resolveAuthority(ssh-remote,1)][15012ms] waiting...
2025-10-17 16:38:08.614 [info] [resolveAuthority(ssh-remote,1)][16014ms] waiting...
2025-10-17 16:38:09.615 [info] [resolveAuthority(ssh-remote,1)][17015ms] waiting...
2025-10-17 16:38:10.616 [info] [resolveAuthority(ssh-remote,1)][18016ms] waiting...
2025-10-17 16:38:11.617 [info] [resolveAuthority(ssh-remote,1)][19017ms] waiting...
2025-10-17 16:38:12.617 [info] [resolveAuthority(ssh-remote,1)][20017ms] waiting...
2025-10-17 16:38:13.619 [info] [resolveAuthority(ssh-remote,1)][21019ms] waiting...
2025-10-17 16:38:14.620 [info] [resolveAuthority(ssh-remote,1)][22020ms] waiting...
2025-10-17 16:38:15.621 [info] [resolveAuthority(ssh-remote,1)][23021ms] waiting...
2025-10-17 16:38:16.622 [info] [resolveAuthority(ssh-remote,1)][24022ms] waiting...
2025-10-17 16:38:17.623 [info] [resolveAuthority(ssh-remote,1)][25022ms] waiting...
2025-10-17 16:38:18.623 [info] [resolveAuthority(ssh-remote,1)][26023ms] waiting...
2025-10-17 16:38:19.624 [info] [resolveAuthority(ssh-remote,1)][27024ms] waiting...
2025-10-17 16:38:20.626 [info] [resolveAuthority(ssh-remote,1)][28026ms] waiting...
2025-10-17 16:38:21.626 [info] [resolveAuthority(ssh-remote,1)][29026ms] waiting...
2025-10-17 16:38:22.626 [info] [resolveAuthority(ssh-remote,1)][30026ms] waiting...
2025-10-17 16:38:23.628 [info] [resolveAuthority(ssh-remote,1)][31028ms] waiting...
2025-10-17 16:38:24.635 [info] [resolveAuthority(ssh-remote,1)][32035ms] waiting...
2025-10-17 16:38:25.636 [info] [resolveAuthority(ssh-remote,1)][33036ms] waiting...
2025-10-17 16:38:26.637 [info] [resolveAuthority(ssh-remote,1)][34037ms] waiting...
2025-10-17 16:38:27.639 [info] [resolveAuthority(ssh-remote,1)][35039ms] waiting...
2025-10-17 16:38:28.640 [info] [resolveAuthority(ssh-remote,1)][36039ms] waiting...
2025-10-17 16:38:29.640 [info] [resolveAuthority(ssh-remote,1)][37040ms] waiting...
2025-10-17 16:38:30.641 [info] [resolveAuthority(ssh-remote,1)][38041ms] waiting...
2025-10-17 16:38:31.643 [info] [resolveAuthority(ssh-remote,1)][39042ms] waiting...
2025-10-17 16:38:32.643 [info] [resolveAuthority(ssh-remote,1)][40043ms] waiting...
2025-10-17 16:38:33.644 [info] [resolveAuthority(ssh-remote,1)][41044ms] waiting...
2025-10-17 16:38:34.645 [info] [resolveAuthority(ssh-remote,1)][42045ms] waiting...
2025-10-17 16:38:35.647 [info] [resolveAuthority(ssh-remote,1)][43047ms] waiting...
2025-10-17 16:38:36.648 [info] [resolveAuthority(ssh-remote,1)][44048ms] waiting...
2025-10-17 16:38:37.649 [info] [resolveAuthority(ssh-remote,1)][45049ms] waiting...
2025-10-17 16:38:38.650 [info] [resolveAuthority(ssh-remote,1)][46050ms] waiting...
2025-10-17 16:38:39.652 [info] [resolveAuthority(ssh-remote,1)][47052ms] waiting...
2025-10-17 16:38:40.653 [info] [resolveAuthority(ssh-remote,1)][48053ms] waiting...
2025-10-17 16:38:41.655 [info] [resolveAuthority(ssh-remote,1)][49055ms] waiting...
2025-10-17 16:38:42.655 [info] [resolveAuthority(ssh-remote,1)][50055ms] waiting...
2025-10-17 16:38:43.656 [info] [resolveAuthority(ssh-remote,1)][51056ms] waiting...
2025-10-17 16:38:44.657 [info] [resolveAuthority(ssh-remote,1)][52056ms] waiting...
2025-10-17 16:38:45.658 [info] [resolveAuthority(ssh-remote,1)][53058ms] waiting...
2025-10-17 16:38:46.660 [info] [resolveAuthority(ssh-remote,1)][54059ms] waiting...
2025-10-17 16:38:47.660 [info] [resolveAuthority(ssh-remote,1)][55060ms] waiting...
2025-10-17 16:38:48.661 [info] [resolveAuthority(ssh-remote,1)][56061ms] waiting...
2025-10-17 16:38:49.662 [info] [resolveAuthority(ssh-remote,1)][57062ms] waiting...
2025-10-17 16:38:50.664 [info] [resolveAuthority(ssh-remote,1)][58064ms] waiting...
2025-10-17 16:38:51.664 [info] [resolveAuthority(ssh-remote,1)][59064ms] waiting...
2025-10-17 16:38:52.665 [info] [resolveAuthority(ssh-remote,1)][60065ms] waiting...
2025-10-17 16:38:53.665 [info] [resolveAuthority(ssh-remote,1)][61065ms] waiting...
2025-10-17 16:38:54.667 [info] [resolveAuthority(ssh-remote,1)][62066ms] waiting...
2025-10-17 16:38:55.667 [info] [resolveAuthority(ssh-remote,1)][63067ms] waiting...
2025-10-17 16:38:56.668 [info] [resolveAuthority(ssh-remote,1)][64068ms] waiting...
2025-10-17 16:38:57.670 [info] [resolveAuthority(ssh-remote,1)][65069ms] waiting...
2025-10-17 16:38:58.671 [info] [resolveAuthority(ssh-remote,1)][66071ms] waiting...
2025-10-17 16:38:59.671 [info] [resolveAuthority(ssh-remote,1)][67071ms] waiting...
2025-10-17 16:38:59.848 [error] [resolveAuthority(ssh-remote,1)][67246ms] returned an error Connecting with SSH timed out
2025-10-17 16:38:59.903 [info] Eager extensions activated
2025-10-17 16:39:00.997 [error] Error: command 'remote-internal.setActiveFolders' not found
    at k.n (vscode-file://vscode-app/home/drdbrioso/Desktop/code-stable-x64-1705560028/VSCode-linux-x64/resources/app/out/vs/workbench/workbench.desktop.main.js:1538:12339)
    at k.executeCommand (vscode-file://vscode-app/home/drdbrioso/Desktop/code-stable-x64-1705560028/VSCode-linux-x64/resources/app/out/vs/workbench/workbench.desktop.main.js:1538:12268)
2025-10-17 16:39:03.184 [info] Extension host terminating: renderer closed the MessagePort
2025-10-17 16:39:03.191 [error] Canceled: Canceled
	at new g (/home/drdbrioso/Desktop/code-stable-x64-1705560028/VSCode-linux-x64/resources/app/out/vs/workbench/api/node/extensionHostProcess.js:141:110274)
	at l.U (/home/drdbrioso/Desktop/code-stable-x64-1705560028/VSCode-linux-x64/resources/app/out/vs/workbench/api/node/extensionHostProcess.js:150:10866)
	at P.<computed>.j.charCodeAt.P.<computed> (/home/drdbrioso/Desktop/code-stable-x64-1705560028/VSCode-linux-x64/resources/app/out/vs/workbench/api/node/extensionHostProcess.js:150:8317)
	at d.g (/home/drdbrioso/Desktop/code-stable-x64-1705560028/VSCode-linux-x64/resources/app/out/vs/workbench/api/node/extensionHostProcess.js:141:139555)
	at d.executeCommand (/home/drdbrioso/Desktop/code-stable-x64-1705560028/VSCode-linux-x64/resources/app/out/vs/workbench/api/node/extensionHostProcess.js:141:138993)
	at p.registerCommand.description (/home/drdbrioso/Desktop/code-stable-x64-1705560028/VSCode-linux-x64/resources/app/out/vs/workbench/api/node/extensionHostProcess.js:141:138317)
	at d.h (/home/drdbrioso/Desktop/code-stable-x64-1705560028/VSCode-linux-x64/resources/app/out/vs/workbench/api/node/extensionHostProcess.js:141:140094)
	at d.g (/home/drdbrioso/Desktop/code-stable-x64-1705560028/VSCode-linux-x64/resources/app/out/vs/workbench/api/node/extensionHostProcess.js:141:139086)
	at d.executeCommand (/home/drdbrioso/Desktop/code-stable-x64-1705560028/VSCode-linux-x64/resources/app/out/vs/workbench/api/node/extensionHostProcess.js:141:138993)
	at Object.executeCommand (/home/drdbrioso/Desktop/code-stable-x64-1705560028/VSCode-linux-x64/resources/app/out/vs/workbench/api/node/extensionHostProcess.js:158:21333)
	at t.shutdown (/home/drdbrioso/.vscode/extensions/ms-vscode-remote.remote-ssh-0.108.2023112915/out/extension.js:2:725329)
	at e.deactivate (/home/drdbrioso/.vscode/extensions/ms-vscode-remote.remote-ssh-0.108.2023112915/out/extension.js:2:910169)
	at f.cb (/home/drdbrioso/Desktop/code-stable-x64-1705560028/VSCode-linux-x64/resources/app/out/vs/workbench/api/node/extensionHostProcess.js:154:9678)
	at /home/drdbrioso/Desktop/code-stable-x64-1705560028/VSCode-linux-x64/resources/app/out/vs/workbench/api/node/extensionHostProcess.js:154:7808
	at Array.map (<anonymous>)
	at f.Y (/home/drdbrioso/Desktop/code-stable-x64-1705560028/VSCode-linux-x64/resources/app/out/vs/workbench/api/node/extensionHostProcess.js:154:7795)
	at f.terminate (/home/drdbrioso/Desktop/code-stable-x64-1705560028/VSCode-linux-x64/resources/app/out/vs/workbench/api/node/extensionHostProcess.js:154:8068)
	at s.terminate (/home/drdbrioso/Desktop/code-stable-x64-1705560028/VSCode-linux-x64/resources/app/out/vs/workbench/api/node/extensionHostProcess.js:158:1513)
	at a (/home/drdbrioso/Desktop/code-stable-x64-1705560028/VSCode-linux-x64/resources/app/out/vs/workbench/api/node/extensionHostProcess.js:171:9802)
	at MessagePortMain.<anonymous> (/home/drdbrioso/Desktop/code-stable-x64-1705560028/VSCode-linux-x64/resources/app/out/vs/workbench/api/node/extensionHostProcess.js:171:6227)
	at MessagePortMain.emit (node:events:513:28)
	at MessagePortMain._internalPort.emit (node:electron/js2c/utility_init:2:367) setContext undefined
2025-10-17 16:39:03.192 [info] Extension host with pid 24682 exiting with code 0
2025-10-17 16:39:03.811 [info] Extension host with pid 24871 started
2025-10-17 16:39:03.811 [info] Skipping acquiring lock for /home/drdbrioso/.config/Code/User/workspaceStorage/67ef078c24af5dd44cd99d03f833dfe3.
2025-10-17 16:39:03.811 [info] $getCanonicalURI invoked for authority (ssh-remote)
2025-10-17 16:39:03.814 [info] ExtensionService#_doActivateExtension ms-vscode-remote.remote-ssh, startup: false, activationEvent: 'onResolveRemoteAuthority:ssh-remote'
2025-10-17 16:39:03.833 [info] [resolveAuthority(ssh-remote,1)][0ms] activating remote resolvers ssh-remote+senc.icmc.usp.br
2025-10-17 16:39:03.833 [info] [resolveAuthority(ssh-remote,1)][0ms] activating resolver for ssh-remote+senc.icmc.usp.br...
2025-10-17 16:39:03.833 [info] [resolveAuthority(ssh-remote,1)][0ms] invoking final resolve()...
2025-10-17 16:39:04.834 [info] [resolveAuthority(ssh-remote,1)][1001ms] waiting...
2025-10-17 16:39:05.835 [info] [resolveAuthority(ssh-remote,1)][2002ms] waiting...
2025-10-17 16:39:06.836 [info] [resolveAuthority(ssh-remote,1)][3003ms] waiting...
2025-10-17 16:39:07.837 [info] [resolveAuthority(ssh-remote,1)][4004ms] waiting...
2025-10-17 16:39:08.839 [info] [resolveAuthority(ssh-remote,1)][5006ms] waiting...
2025-10-17 16:39:09.840 [info] [resolveAuthority(ssh-remote,1)][6006ms] waiting...
2025-10-17 16:39:10.840 [info] [resolveAuthority(ssh-remote,1)][7007ms] waiting...
2025-10-17 16:39:11.840 [info] [resolveAuthority(ssh-remote,1)][8007ms] waiting...
2025-10-17 16:39:12.841 [info] [resolveAuthority(ssh-remote,1)][9008ms] waiting...
2025-10-17 16:39:13.842 [info] [resolveAuthority(ssh-remote,1)][10009ms] waiting...
2025-10-17 16:39:14.842 [info] [resolveAuthority(ssh-remote,1)][11009ms] waiting...
2025-10-17 16:39:15.842 [info] [resolveAuthority(ssh-remote,1)][12009ms] waiting...
2025-10-17 16:39:16.843 [info] [resolveAuthority(ssh-remote,1)][13010ms] waiting...
2025-10-17 16:39:17.844 [info] [resolveAuthority(ssh-remote,1)][14011ms] waiting...
2025-10-17 16:39:18.845 [info] [resolveAuthority(ssh-remote,1)][15012ms] waiting...
2025-10-17 16:39:19.847 [info] [resolveAuthority(ssh-remote,1)][16013ms] waiting...
2025-10-17 16:39:20.847 [info] [resolveAuthority(ssh-remote,1)][17014ms] waiting...
2025-10-17 16:39:21.848 [info] [resolveAuthority(ssh-remote,1)][18015ms] waiting...
2025-10-17 16:39:22.848 [info] [resolveAuthority(ssh-remote,1)][19015ms] waiting...
2025-10-17 16:39:23.848 [info] [resolveAuthority(ssh-remote,1)][20015ms] waiting...
2025-10-17 16:39:24.848 [info] [resolveAuthority(ssh-remote,1)][21015ms] waiting...
2025-10-17 16:39:25.850 [info] [resolveAuthority(ssh-remote,1)][22017ms] waiting...
2025-10-17 16:39:26.851 [info] [resolveAuthority(ssh-remote,1)][23018ms] waiting...
2025-10-17 16:39:27.852 [info] [resolveAuthority(ssh-remote,1)][24019ms] waiting...
2025-10-17 16:39:28.852 [info] [resolveAuthority(ssh-remote,1)][25019ms] waiting...
2025-10-17 16:39:29.853 [info] [resolveAuthority(ssh-remote,1)][26020ms] waiting...
2025-10-17 16:39:30.854 [info] [resolveAuthority(ssh-remote,1)][27021ms] waiting...
2025-10-17 16:39:31.854 [info] [resolveAuthority(ssh-remote,1)][28021ms] waiting...
2025-10-17 16:39:32.855 [info] [resolveAuthority(ssh-remote,1)][29022ms] waiting...
2025-10-17 16:39:33.855 [info] [resolveAuthority(ssh-remote,1)][30022ms] waiting...
2025-10-17 16:39:34.856 [info] [resolveAuthority(ssh-remote,1)][31023ms] waiting...
2025-10-17 16:39:35.857 [info] [resolveAuthority(ssh-remote,1)][32024ms] waiting...
2025-10-17 16:39:36.858 [info] [resolveAuthority(ssh-remote,1)][33025ms] waiting...
2025-10-17 16:39:37.858 [info] [resolveAuthority(ssh-remote,1)][34025ms] waiting...
2025-10-17 16:39:38.859 [info] [resolveAuthority(ssh-remote,1)][35026ms] waiting...
2025-10-17 16:39:39.859 [info] [resolveAuthority(ssh-remote,1)][36026ms] waiting...
2025-10-17 16:39:40.860 [info] [resolveAuthority(ssh-remote,1)][37027ms] waiting...
2025-10-17 16:39:41.861 [info] [resolveAuthority(ssh-remote,1)][38028ms] waiting...
2025-10-17 16:39:42.863 [info] [resolveAuthority(ssh-remote,1)][39029ms] waiting...
2025-10-17 16:39:43.863 [info] [resolveAuthority(ssh-remote,1)][40030ms] waiting...
2025-10-17 16:39:44.865 [info] [resolveAuthority(ssh-remote,1)][41031ms] waiting...
2025-10-17 16:39:45.866 [info] [resolveAuthority(ssh-remote,1)][42033ms] waiting...
2025-10-17 16:39:46.867 [info] [resolveAuthority(ssh-remote,1)][43033ms] waiting...
2025-10-17 16:39:47.868 [info] [resolveAuthority(ssh-remote,1)][44035ms] waiting...
2025-10-17 16:39:48.870 [info] [resolveAuthority(ssh-remote,1)][45037ms] waiting...
2025-10-17 16:39:49.871 [info] [resolveAuthority(ssh-remote,1)][46038ms] waiting...
2025-10-17 16:39:50.872 [info] [resolveAuthority(ssh-remote,1)][47038ms] waiting...
2025-10-17 16:39:51.872 [info] [resolveAuthority(ssh-remote,1)][48039ms] waiting...
2025-10-17 16:39:52.874 [info] [resolveAuthority(ssh-remote,1)][49040ms] waiting...
2025-10-17 16:39:53.875 [info] [resolveAuthority(ssh-remote,1)][50042ms] waiting...
2025-10-17 16:39:54.876 [info] [resolveAuthority(ssh-remote,1)][51043ms] waiting...
2025-10-17 16:39:55.877 [info] [resolveAuthority(ssh-remote,1)][52044ms] waiting...
2025-10-17 16:39:56.877 [info] [resolveAuthority(ssh-remote,1)][53044ms] waiting...
2025-10-17 16:39:57.878 [info] [resolveAuthority(ssh-remote,1)][54045ms] waiting...
2025-10-17 16:39:58.879 [info] [resolveAuthority(ssh-remote,1)][55046ms] waiting...
2025-10-17 16:39:59.879 [info] [resolveAuthority(ssh-remote,1)][56046ms] waiting...
2025-10-17 16:40:00.880 [info] [resolveAuthority(ssh-remote,1)][57047ms] waiting...
2025-10-17 16:40:01.881 [info] [resolveAuthority(ssh-remote,1)][58048ms] waiting...
2025-10-17 16:40:02.882 [info] [resolveAuthority(ssh-remote,1)][59049ms] waiting...
2025-10-17 16:40:03.883 [info] [resolveAuthority(ssh-remote,1)][60050ms] waiting...
2025-10-17 16:40:04.884 [info] [resolveAuthority(ssh-remote,1)][61051ms] waiting...
2025-10-17 16:40:05.885 [info] [resolveAuthority(ssh-remote,1)][62052ms] waiting...
2025-10-17 16:40:06.887 [info] [resolveAuthority(ssh-remote,1)][63054ms] waiting...
2025-10-17 16:40:07.888 [info] [resolveAuthority(ssh-remote,1)][64055ms] waiting...
2025-10-17 16:40:08.888 [info] [resolveAuthority(ssh-remote,1)][65055ms] waiting...
2025-10-17 16:40:09.890 [info] [resolveAuthority(ssh-remote,1)][66056ms] waiting...
2025-10-17 16:40:10.891 [info] [resolveAuthority(ssh-remote,1)][67057ms] waiting...
2025-10-17 16:40:11.891 [info] [resolveAuthority(ssh-remote,1)][68058ms] waiting...
2025-10-17 16:40:12.893 [info] [resolveAuthority(ssh-remote,1)][69060ms] waiting...
2025-10-17 16:40:13.893 [info] [resolveAuthority(ssh-remote,1)][70060ms] waiting...
2025-10-17 16:40:14.894 [info] [resolveAuthority(ssh-remote,1)][71061ms] waiting...
2025-10-17 16:40:15.895 [info] [resolveAuthority(ssh-remote,1)][72062ms] waiting...
2025-10-17 16:40:16.895 [info] [resolveAuthority(ssh-remote,1)][73062ms] waiting...
2025-10-17 16:40:17.897 [info] [resolveAuthority(ssh-remote,1)][74064ms] waiting...
2025-10-17 16:40:18.899 [info] [resolveAuthority(ssh-remote,1)][75066ms] waiting...
2025-10-17 16:40:19.900 [info] [resolveAuthority(ssh-remote,1)][76067ms] waiting...
2025-10-17 16:40:20.900 [info] [resolveAuthority(ssh-remote,1)][77067ms] waiting...
2025-10-17 16:40:21.901 [info] [resolveAuthority(ssh-remote,1)][78068ms] waiting...
2025-10-17 16:40:22.902 [info] [resolveAuthority(ssh-remote,1)][79069ms] waiting...
2025-10-17 16:40:23.903 [info] [resolveAuthority(ssh-remote,1)][80070ms] waiting...
2025-10-17 16:40:24.903 [info] [resolveAuthority(ssh-remote,1)][81070ms] waiting...
2025-10-17 16:40:25.904 [info] [resolveAuthority(ssh-remote,1)][82071ms] waiting...
2025-10-17 16:40:26.905 [info] [resolveAuthority(ssh-remote,1)][83072ms] waiting...
2025-10-17 16:40:27.907 [info] [resolveAuthority(ssh-remote,1)][84074ms] waiting...
2025-10-17 16:40:28.909 [info] [resolveAuthority(ssh-remote,1)][85076ms] waiting...
2025-10-17 16:40:29.909 [info] [resolveAuthority(ssh-remote,1)][86076ms] waiting...
2025-10-17 16:40:30.910 [info] [resolveAuthority(ssh-remote,1)][87077ms] waiting...
2025-10-17 16:40:31.911 [info] [resolveAuthority(ssh-remote,1)][88078ms] waiting...
2025-10-17 16:40:32.913 [info] [resolveAuthority(ssh-remote,1)][89080ms] waiting...
2025-10-17 16:40:33.913 [info] [resolveAuthority(ssh-remote,1)][90080ms] waiting...
2025-10-17 16:40:34.915 [info] [resolveAuthority(ssh-remote,1)][91082ms] waiting...
2025-10-17 16:40:35.916 [info] [resolveAuthority(ssh-remote,1)][92083ms] waiting...
2025-10-17 16:40:36.917 [info] [resolveAuthority(ssh-remote,1)][93084ms] waiting...
2025-10-17 16:40:37.917 [info] [resolveAuthority(ssh-remote,1)][94084ms] waiting...
2025-10-17 16:40:38.919 [info] [resolveAuthority(ssh-remote,1)][95086ms] waiting...
2025-10-17 16:40:39.621 [info] [resolveAuthority(ssh-remote,1)][95788ms] setting tunnel factory...
2025-10-17 16:40:39.621 [info] [resolveAuthority(ssh-remote,1)][95788ms] returned 127.0.0.1:37777
2025-10-17 16:40:43.523 [info] Eager extensions activated
2025-10-17 16:40:47.503 [error] Error: command 'remote-internal.setActiveFolders' not found
    at k.n (vscode-file://vscode-app/home/drdbrioso/Desktop/code-stable-x64-1705560028/VSCode-linux-x64/resources/app/out/vs/workbench/workbench.desktop.main.js:1538:12339)
    at k.executeCommand (vscode-file://vscode-app/home/drdbrioso/Desktop/code-stable-x64-1705560028/VSCode-linux-x64/resources/app/out/vs/workbench/workbench.desktop.main.js:1538:12268)
2025-10-17 16:52:16.448 [info] ExtensionService#_doActivateExtension vscode.media-preview, startup: false, activationEvent: 'onCustomEditor:imagePreview.previewEditor'
2025-10-17 16:58:36.787 [info] ExtensionService#_doActivateExtension vscode.simple-browser, startup: false, activationEvent: 'onOpenExternalUri:https'
2025-10-17 17:00:06.474 [info] [resolveAuthority(ssh-remote,2)][0ms] activating remote resolvers ssh-remote+senc.icmc.usp.br
2025-10-17 17:00:06.474 [info] [resolveAuthority(ssh-remote,2)][0ms] activating resolver for ssh-remote+senc.icmc.usp.br...
2025-10-17 17:00:06.474 [info] [resolveAuthority(ssh-remote,2)][0ms] invoking final resolve()...
2025-10-17 17:00:07.474 [info] [resolveAuthority(ssh-remote,2)][1000ms] waiting...
2025-10-17 17:00:08.475 [info] [resolveAuthority(ssh-remote,2)][2001ms] waiting...
2025-10-17 17:00:09.475 [info] [resolveAuthority(ssh-remote,2)][3001ms] waiting...
2025-10-17 17:00:10.476 [info] [resolveAuthority(ssh-remote,2)][4002ms] waiting...
2025-10-17 17:00:11.477 [info] [resolveAuthority(ssh-remote,2)][5003ms] waiting...
2025-10-17 17:00:12.479 [info] [resolveAuthority(ssh-remote,2)][6005ms] waiting...
2025-10-17 17:00:13.480 [info] [resolveAuthority(ssh-remote,2)][7005ms] waiting...
2025-10-17 17:00:14.480 [info] [resolveAuthority(ssh-remote,2)][8006ms] waiting...
2025-10-17 17:00:15.481 [info] [resolveAuthority(ssh-remote,2)][9007ms] waiting...
2025-10-17 17:00:16.481 [info] [resolveAuthority(ssh-remote,2)][10007ms] waiting...
2025-10-17 17:00:16.778 [info] [resolveAuthority(ssh-remote,2)][10304ms] setting tunnel factory...
2025-10-17 17:00:16.778 [info] [resolveAuthority(ssh-remote,2)][10304ms] returned 127.0.0.1:34971
2025-10-17 17:00:24.147 [info] Extension host terminating: renderer closed the MessagePort
2025-10-17 17:00:24.159 [error] Canceled: Canceled
	at new g (/home/drdbrioso/Desktop/code-stable-x64-1705560028/VSCode-linux-x64/resources/app/out/vs/workbench/api/node/extensionHostProcess.js:141:110274)
	at l.U (/home/drdbrioso/Desktop/code-stable-x64-1705560028/VSCode-linux-x64/resources/app/out/vs/workbench/api/node/extensionHostProcess.js:150:10866)
	at P.<computed>.j.charCodeAt.P.<computed> (/home/drdbrioso/Desktop/code-stable-x64-1705560028/VSCode-linux-x64/resources/app/out/vs/workbench/api/node/extensionHostProcess.js:150:8317)
	at d.g (/home/drdbrioso/Desktop/code-stable-x64-1705560028/VSCode-linux-x64/resources/app/out/vs/workbench/api/node/extensionHostProcess.js:141:139555)
	at d.executeCommand (/home/drdbrioso/Desktop/code-stable-x64-1705560028/VSCode-linux-x64/resources/app/out/vs/workbench/api/node/extensionHostProcess.js:141:138993)
	at p.registerCommand.description (/home/drdbrioso/Desktop/code-stable-x64-1705560028/VSCode-linux-x64/resources/app/out/vs/workbench/api/node/extensionHostProcess.js:141:138317)
	at d.h (/home/drdbrioso/Desktop/code-stable-x64-1705560028/VSCode-linux-x64/resources/app/out/vs/workbench/api/node/extensionHostProcess.js:141:140094)
	at d.g (/home/drdbrioso/Desktop/code-stable-x64-1705560028/VSCode-linux-x64/resources/app/out/vs/workbench/api/node/extensionHostProcess.js:141:139086)
	at d.executeCommand (/home/drdbrioso/Desktop/code-stable-x64-1705560028/VSCode-linux-x64/resources/app/out/vs/workbench/api/node/extensionHostProcess.js:141:138993)
	at Object.executeCommand (/home/drdbrioso/Desktop/code-stable-x64-1705560028/VSCode-linux-x64/resources/app/out/vs/workbench/api/node/extensionHostProcess.js:158:21333)
	at t.shutdown (/home/drdbrioso/.vscode/extensions/ms-vscode-remote.remote-ssh-0.108.2023112915/out/extension.js:2:725329)
	at e.deactivate (/home/drdbrioso/.vscode/extensions/ms-vscode-remote.remote-ssh-0.108.2023112915/out/extension.js:2:910169)
	at f.cb (/home/drdbrioso/Desktop/code-stable-x64-1705560028/VSCode-linux-x64/resources/app/out/vs/workbench/api/node/extensionHostProcess.js:154:9678)
	at /home/drdbrioso/Desktop/code-stable-x64-1705560028/VSCode-linux-x64/resources/app/out/vs/workbench/api/node/extensionHostProcess.js:154:7808
	at Array.map (<anonymous>)
	at f.Y (/home/drdbrioso/Desktop/code-stable-x64-1705560028/VSCode-linux-x64/resources/app/out/vs/workbench/api/node/extensionHostProcess.js:154:7795)
	at f.terminate (/home/drdbrioso/Desktop/code-stable-x64-1705560028/VSCode-linux-x64/resources/app/out/vs/workbench/api/node/extensionHostProcess.js:154:8068)
	at s.terminate (/home/drdbrioso/Desktop/code-stable-x64-1705560028/VSCode-linux-x64/resources/app/out/vs/workbench/api/node/extensionHostProcess.js:158:1513)
	at a (/home/drdbrioso/Desktop/code-stable-x64-1705560028/VSCode-linux-x64/resources/app/out/vs/workbench/api/node/extensionHostProcess.js:171:9802)
	at MessagePortMain.<anonymous> (/home/drdbrioso/Desktop/code-stable-x64-1705560028/VSCode-linux-x64/resources/app/out/vs/workbench/api/node/extensionHostProcess.js:171:6227)
	at MessagePortMain.emit (node:events:513:28)
	at MessagePortMain._internalPort.emit (node:electron/js2c/utility_init:2:367) setContext undefined
2025-10-17 17:00:24.159 [info] Extension host with pid 24871 exiting with code 0
