[16:00:01.332] Log Level: 2
[16:00:01.338] VS Code version: 1.85.2
[16:00:01.338] Remote-SSH version: remote-ssh@0.108.2023112915
[16:00:01.338] linux x64
[16:00:01.340] SSH Resolver called for "ssh-remote+senc.icmc.usp.br", attempt 1
[16:00:01.340] "remote.SSH.useLocalServer": true
[16:00:01.340] "remote.SSH.useExecServer": false
[16:00:01.340] "remote.SSH.path": undefined
[16:00:01.340] "remote.SSH.configFile": undefined
[16:00:01.340] "remote.SSH.useFlock": true
[16:00:01.340] "remote.SSH.lockfilesInTmp": false
[16:00:01.340] "remote.SSH.localServerDownload": auto
[16:00:01.340] "remote.SSH.remoteServerListenOnSocket": false
[16:00:01.340] "remote.SSH.showLoginTerminal": false
[16:00:01.340] "remote.SSH.defaultExtensions": []
[16:00:01.341] "remote.SSH.loglevel": 2
[16:00:01.341] "remote.SSH.enableDynamicForwarding": true
[16:00:01.341] "remote.SSH.enableRemoteCommand": false
[16:00:01.341] "remote.SSH.serverPickPortsFromRange": {}
[16:00:01.341] "remote.SSH.serverInstallPath": {}
[16:00:01.347] SSH Resolver called for host: senc.icmc.usp.br
[16:00:01.347] Setting up SSH remote "senc.icmc.usp.br"
[16:00:01.349] Acquiring local install lock: /tmp/vscode-remote-ssh-2f5e6878-install.lock
[16:00:01.350] Looking for existing server data file at /home/drdbrioso/.config/Code/User/globalStorage/ms-vscode-remote.remote-ssh/vscode-ssh-host-2f5e6878-8b3775030ed1a69b13e4f4c628c612102e30a681-0.108.2023112915-tr/data.json
[16:00:01.350] Using commit id "8b3775030ed1a69b13e4f4c628c612102e30a681" and quality "stable" for server
[16:00:01.352] Install and start server if needed
[16:00:01.353] PATH: /usr/local/bin:/usr/bin:/usr/local/sbin:/opt/android-sdk/platform-tools:/var/lib/flatpak/exports/bin:/usr/lib/jvm/default/bin:/usr/bin/site_perl:/usr/bin/vendor_perl:/usr/bin/core_perl:/home/drdbrioso/.local/bin:/opt/android-sdk/platform-tools:/home/drdbrioso/.local/bin:/opt/nvim/:/home/drdbrioso/.local/bin
[16:00:01.353] Checking ssh with "ssh -V"
[16:00:01.362] > OpenSSH_10.0p2, OpenSSL 3.5.3 16 Sep 2025

[16:00:01.364] askpass server listening on /run/user/1000/vscode-ssh-askpass-888b1cd3ec7b9131542afed0e3d65dae5cce58eb.sock
[16:00:01.364] Spawning local server with {"serverId":1,"ipcHandlePath":"/run/user/1000/vscode-ssh-askpass-5f4ac719e3dd4370e7b26ea61d12968ddd62278e.sock","sshCommand":"ssh","sshArgs":["-v","-T","-D","39389","-o","ConnectTimeout=15","senc.icmc.usp.br"],"serverDataFolderName":".vscode-server","dataFilePath":"/home/drdbrioso/.config/Code/User/globalStorage/ms-vscode-remote.remote-ssh/vscode-ssh-host-2f5e6878-8b3775030ed1a69b13e4f4c628c612102e30a681-0.108.2023112915-tr/data.json"}
[16:00:01.364] Local server env: {"SHELL":"/usr/bin/zsh","DISPLAY":":0","ELECTRON_RUN_AS_NODE":"1","SSH_ASKPASS":"/home/drdbrioso/.vscode/extensions/ms-vscode-remote.remote-ssh-0.108.2023112915/out/local-server/askpass.sh","VSCODE_SSH_ASKPASS_NODE":"/home/drdbrioso/Desktop/code-stable-x64-1705560028/VSCode-linux-x64/code","VSCODE_SSH_ASKPASS_EXTRA_ARGS":"--ms-enable-electron-run-as-node","VSCODE_SSH_ASKPASS_MAIN":"/home/drdbrioso/.vscode/extensions/ms-vscode-remote.remote-ssh-0.108.2023112915/out/askpass-main.js","VSCODE_SSH_ASKPASS_HANDLE":"/run/user/1000/vscode-ssh-askpass-888b1cd3ec7b9131542afed0e3d65dae5cce58eb.sock"}
[16:00:01.368] Spawned 21632
[16:00:01.454] > local-server-1> Running ssh connection command: "-v -T -D 39389 -o ConnectTimeout=15 senc.icmc.usp.br"
[16:00:01.458] > local-server-1> Spawned ssh, pid=21641
[16:00:01.884] stderr> debug1: Server host key: ssh-ed25519 SHA256:pVqYJ9se5EhmIAvOwtJIlmPU+tHanHbPTfdzOa8qTZ4
[16:00:02.445] Got askpass request: {"request":"web-senc@senc.icmc.usp.br's password:"}
[16:00:02.445] Showing password prompt
[16:00:02.446] Listening for interwindow password on /run/user/1000/vscode-ssh-askpass-2f0114459baa04be75adcdf0d0e3613018979986.sock
[16:00:02.446] Writing password prompt to globalState
[16:00:05.854] Got password response
[16:00:05.855] Interactor gave response: ***********
[16:00:05.857] Cleaning up other-window auth server
[16:00:06.281] stderr> Authenticated to senc.icmc.usp.br ([143.107.183.96]:22) using "password".
[16:00:06.866] > Welcome to Ubuntu 18.04.6 LTS (GNU/Linux 4.15.0-213-generic x86_64)
> 
>  * Documentation:  https://help.ubuntu.com
>  * Management:     https://landscape.canonical.com
>  * Support:        https://ubuntu.com/advantage
> 
>   System information as of Mon Oct 13 19:00:05 UTC 2025
> 
>   System load:  0.59               Processes:             170
>   Usage of /:   42.3% of 29.36GB   Users logged in:       0
>   Memory usage: 28%                IP address for ens192: 143.107.183.96
>   Swap usage:   10%
> 
> 
>  * Introducing Expanded Security Maintenance for Applications.
>    Receive updates to over 25,000 software packages with your
>    Ubuntu Pro subscription. Free for personal use.
> 
>      https://ubuntu.com/pro
> 
> 32 updates can be applied immediately.
> To see these additional updates run: apt list --upgradable
> 
> New release '20.04.6 LTS' available.
> Run 'do-release-upgrade' to upgrade to it.
> 
[16:00:07.190] > ready: 48a71abf930a
[16:00:07.220] > Linux 4.15.0-213-generic #224-Ubuntu SMP Mon Jun 19 13:30:12 UTC 2023
[16:00:07.220] Platform: linux
[16:00:07.648] > /bin/bash
[16:00:07.649] Shell: bash
[16:00:07.649] Creating bash subshell inside "bash"
[16:00:07.813] > bash version:  4.4.20(1)-release
> bash version:  4.4.20(1)-release
> bash version:  4.4.20(1)-release
[16:00:08.214] > bash version:  4.4.20(1)-release
[16:00:08.331] > 48a71abf930a: running
> Acquiring lock on /home/web-senc/.vscode-server/bin/8b3775030ed1a69b13e4f4c628c612102e30a681/vscode-remote-lock.web-senc.8b3775030ed1a69b13e4f4c628c612102e30a681
> Found existing installation at /home/web-senc/.vscode-server/bin/8b3775030ed1a69b13e4f4c628c612102e30a681...
> Checking /home/web-senc/.vscode-server/.8b3775030ed1a69b13e4f4c628c612102e30a681.log and /home/web-senc/.vscode-server/.8b3775030ed1a69b13e4f4c628c612102e30a681.pid for a running server
> Looking for server with pid: 356
[16:00:08.340] > Found running server...
>  
> *
> * Visual Studio Code Server
> *
> * By using the software, you agree to
> * the Visual Studio Code Server License Terms (https://aka.ms/vscode-server-license) and
> * the Microsoft Privacy Statement (https://privacy.microsoft.com/en-US/privacystatement).
> *
>  
[16:00:08.353] > Checking server status on port 39241 with wget
[16:00:08.362] > 48a71abf930a: start
> SSH_AUTH_SOCK====
> DISPLAY====
> webUiAccessToken====
> listeningOn==39241==
> osReleaseId==ubuntu==
> arch==x86_64==
> vscodeArch==x64==
> bitness==64==
> tmpDir==/run/user/1001==
> platform==linux==
> unpackResult====
> didLocalDownload==0==
> downloadTime====
> installTime====
> extInstallTime====
> serverStartTime====
> connectionToken==a11a1111-1a11-11aa-a111-a1aaa11a11a1==
> 48a71abf930a: end
[16:00:08.363] Received install output: 
SSH_AUTH_SOCK====
DISPLAY====
webUiAccessToken====
listeningOn==39241==
osReleaseId==ubuntu==
arch==x86_64==
vscodeArch==x64==
bitness==64==
tmpDir==/run/user/1001==
platform==linux==
unpackResult====
didLocalDownload==0==
downloadTime====
installTime====
extInstallTime====
serverStartTime====
connectionToken==a11a1111-1a11-11aa-a111-a1aaa11a11a1==

[16:00:08.364] Remote server is listening on port 39241
[16:00:08.364] Parsed server configuration: {"serverConfiguration":{"remoteListeningOn":{"port":39241},"osReleaseId":"ubuntu","arch":"x86_64","webUiAccessToken":"","sshAuthSock":"","display":"","tmpDir":"/run/user/1001","platform":"linux","connectionToken":"a11a1111-1a11-11aa-a111-a1aaa11a11a1"},"installUnpackCode":""}
[16:00:08.366] Persisting server connection details to /home/drdbrioso/.config/Code/User/globalStorage/ms-vscode-remote.remote-ssh/vscode-ssh-host-2f5e6878-8b3775030ed1a69b13e4f4c628c612102e30a681-0.108.2023112915-tr/data.json
[16:00:08.369] Starting forwarding server. local port 37035 -> socksPort 39389 -> remotePort 39241
[16:00:08.369] Forwarding server listening on port 37035
[16:00:08.370] Waiting for ssh tunnel to be ready
[16:00:08.371] [Forwarding server port 37035] Got connection 0
[16:00:08.372] Tunneled port 39241 to local port 37035
[16:00:08.373] Resolved "ssh-remote+senc.icmc.usp.br" to "port 37035"
[16:00:08.396] ------




[16:00:08.409] [Forwarding server port 37035] Got connection 1
[16:00:08.480] [Forwarding server port 37035] Got connection 2
[16:43:15.188] [Forwarding server port 37035] Got connection 3
[16:43:45.191] Failed to set up socket for dynamic port forward to remote port 39241: Proxy connection timed out. Is the remote port correct?
[16:43:50.201] ------




[16:43:50.201] SSH Resolver called for "ssh-remote+senc.icmc.usp.br", attempt 2, (Reconnection)
[16:43:50.202] SSH Resolver called for host: senc.icmc.usp.br
[16:43:50.202] Setting up SSH remote "senc.icmc.usp.br"
[16:43:50.203] Acquiring local install lock: /tmp/vscode-remote-ssh-2f5e6878-install.lock
[16:43:50.204] Looking for existing server data file at /home/drdbrioso/.config/Code/User/globalStorage/ms-vscode-remote.remote-ssh/vscode-ssh-host-2f5e6878-8b3775030ed1a69b13e4f4c628c612102e30a681-0.108.2023112915-tr/data.json
[16:43:50.204] Found local server running: {"remoteListeningOn":{"port":39241},"osReleaseId":"ubuntu","arch":"x86_64","webUiAccessToken":"","sshAuthSock":"","display":"","tmpDir":"/run/user/1001","platform":"linux","connectionToken":"a11a1111-1a11-11aa-a111-a1aaa11a11a1","pid":21632,"ipcHandlePath":"/run/user/1000/vscode-ssh-askpass-5f4ac719e3dd4370e7b26ea61d12968ddd62278e.sock","socksPort":39389,"startupTime":1760382001368}
[16:43:50.204] Running server is stale. Ignoring
[16:43:50.204] Using commit id "8b3775030ed1a69b13e4f4c628c612102e30a681" and quality "stable" for server
[16:43:50.207] Install and start server if needed
[16:43:50.211] askpass server listening on /run/user/1000/vscode-ssh-askpass-465e60b789e8bc25542119d604d5b75589fdb2d9.sock
[16:43:50.212] Spawning local server with {"serverId":2,"ipcHandlePath":"/run/user/1000/vscode-ssh-askpass-0478a8246f9be50047311df38b3e0e3ff9b2dcc4.sock","sshCommand":"ssh","sshArgs":["-v","-T","-D","39389","-o","ConnectTimeout=15","senc.icmc.usp.br"],"serverDataFolderName":".vscode-server","dataFilePath":"/home/drdbrioso/.config/Code/User/globalStorage/ms-vscode-remote.remote-ssh/vscode-ssh-host-2f5e6878-8b3775030ed1a69b13e4f4c628c612102e30a681-0.108.2023112915-tr/data.json"}
[16:43:50.212] Local server env: {"SHELL":"/usr/bin/zsh","DISPLAY":":0","ELECTRON_RUN_AS_NODE":"1","SSH_ASKPASS":"/home/drdbrioso/.vscode/extensions/ms-vscode-remote.remote-ssh-0.108.2023112915/out/local-server/askpass.sh","VSCODE_SSH_ASKPASS_NODE":"/home/drdbrioso/Desktop/code-stable-x64-1705560028/VSCode-linux-x64/code","VSCODE_SSH_ASKPASS_EXTRA_ARGS":"--ms-enable-electron-run-as-node","VSCODE_SSH_ASKPASS_MAIN":"/home/drdbrioso/.vscode/extensions/ms-vscode-remote.remote-ssh-0.108.2023112915/out/askpass-main.js","VSCODE_SSH_ASKPASS_HANDLE":"/run/user/1000/vscode-ssh-askpass-465e60b789e8bc25542119d604d5b75589fdb2d9.sock"}
[16:43:50.217] Spawned 26669
[16:43:50.298] > local-server-2> Running ssh connection command: "-v -T -D 39389 -o ConnectTimeout=15 senc.icmc.usp.br"
[16:43:50.301] > local-server-2> Spawned ssh, pid=26677
[16:43:54.128] > local-server-1> Timed out
[16:43:54.141] Local server exit: 0
[16:44:05.362] stderr> ssh: connect to host senc.icmc.usp.br port 22: Connection timed out
[16:44:05.364] > local-server-2> ssh child died, shutting down
[16:44:05.372] Local server exit: 0
[16:44:05.373] Received install output: local-server-2> Running ssh connection command: "-v -T -D 39389 -o ConnectTimeout=15 senc.icmc.usp.br"
local-server-2> Spawned ssh, pid=26677
ssh: connect to host senc.icmc.usp.br port 22: Connection timed out
local-server-2> ssh child died, shutting down

[16:44:05.377] Resolver error: Error: The connection timed out
	at g.Offline (/home/drdbrioso/.vscode/extensions/ms-vscode-remote.remote-ssh-0.108.2023112915/out/extension.js:2:642754)
	at /home/drdbrioso/.vscode/extensions/ms-vscode-remote.remote-ssh-0.108.2023112915/out/extension.js:2:638823
	at t.handleInstallOutput (/home/drdbrioso/.vscode/extensions/ms-vscode-remote.remote-ssh-0.108.2023112915/out/extension.js:2:639138)
	at e (/home/drdbrioso/.vscode/extensions/ms-vscode-remote.remote-ssh-0.108.2023112915/out/extension.js:2:700300)
	at process.processTicksAndRejections (node:internal/process/task_queues:95:5)
	at async /home/drdbrioso/.vscode/extensions/ms-vscode-remote.remote-ssh-0.108.2023112915/out/extension.js:2:722169
	at async t.withShowDetailsEvent (/home/drdbrioso/.vscode/extensions/ms-vscode-remote.remote-ssh-0.108.2023112915/out/extension.js:2:725828)
	at async /home/drdbrioso/.vscode/extensions/ms-vscode-remote.remote-ssh-0.108.2023112915/out/extension.js:2:697005
	at async C (/home/drdbrioso/.vscode/extensions/ms-vscode-remote.remote-ssh-0.108.2023112915/out/extension.js:2:695056)
	at async t.resolveWithLocalServer (/home/drdbrioso/.vscode/extensions/ms-vscode-remote.remote-ssh-0.108.2023112915/out/extension.js:2:696545)
	at async I (/home/drdbrioso/.vscode/extensions/ms-vscode-remote.remote-ssh-0.108.2023112915/out/extension.js:2:719392)
	at async t.resolve (/home/drdbrioso/.vscode/extensions/ms-vscode-remote.remote-ssh-0.108.2023112915/out/extension.js:2:723199)
	at async /home/drdbrioso/.vscode/extensions/ms-vscode-remote.remote-ssh-0.108.2023112915/out/extension.js:2:907012
[16:44:05.386] ------




[16:44:06.532] ------




[16:44:06.532] SSH Resolver called for "ssh-remote+senc.icmc.usp.br", attempt 3, (Reconnection)
[16:44:06.534] SSH Resolver called for host: senc.icmc.usp.br
[16:44:06.534] Setting up SSH remote "senc.icmc.usp.br"
[16:44:06.535] Acquiring local install lock: /tmp/vscode-remote-ssh-2f5e6878-install.lock
[16:44:06.536] Looking for existing server data file at /home/drdbrioso/.config/Code/User/globalStorage/ms-vscode-remote.remote-ssh/vscode-ssh-host-2f5e6878-8b3775030ed1a69b13e4f4c628c612102e30a681-0.108.2023112915-tr/data.json
[16:44:06.537] Using commit id "8b3775030ed1a69b13e4f4c628c612102e30a681" and quality "stable" for server
[16:44:06.542] Install and start server if needed
[16:44:06.548] askpass server listening on /run/user/1000/vscode-ssh-askpass-60ea192efd08719dde15bc1b014e3afebe09cadc.sock
[16:44:06.548] Spawning local server with {"serverId":3,"ipcHandlePath":"/run/user/1000/vscode-ssh-askpass-71b4f42a9256e0e29368cb4cbf84a2c5a305f413.sock","sshCommand":"ssh","sshArgs":["-v","-T","-D","39389","-o","ConnectTimeout=15","senc.icmc.usp.br"],"serverDataFolderName":".vscode-server","dataFilePath":"/home/drdbrioso/.config/Code/User/globalStorage/ms-vscode-remote.remote-ssh/vscode-ssh-host-2f5e6878-8b3775030ed1a69b13e4f4c628c612102e30a681-0.108.2023112915-tr/data.json"}
[16:44:06.549] Local server env: {"SHELL":"/usr/bin/zsh","DISPLAY":":0","ELECTRON_RUN_AS_NODE":"1","SSH_ASKPASS":"/home/drdbrioso/.vscode/extensions/ms-vscode-remote.remote-ssh-0.108.2023112915/out/local-server/askpass.sh","VSCODE_SSH_ASKPASS_NODE":"/home/drdbrioso/Desktop/code-stable-x64-1705560028/VSCode-linux-x64/code","VSCODE_SSH_ASKPASS_EXTRA_ARGS":"--ms-enable-electron-run-as-node","VSCODE_SSH_ASKPASS_MAIN":"/home/drdbrioso/.vscode/extensions/ms-vscode-remote.remote-ssh-0.108.2023112915/out/askpass-main.js","VSCODE_SSH_ASKPASS_HANDLE":"/run/user/1000/vscode-ssh-askpass-60ea192efd08719dde15bc1b014e3afebe09cadc.sock"}
[16:44:06.556] Spawned 26708
[16:44:06.656] > local-server-3> Running ssh connection command: "-v -T -D 39389 -o ConnectTimeout=15 senc.icmc.usp.br"
[16:44:06.660] > local-server-3> Spawned ssh, pid=26716
[16:44:07.248] stderr> debug1: Server host key: ssh-ed25519 SHA256:pVqYJ9se5EhmIAvOwtJIlmPU+tHanHbPTfdzOa8qTZ4
[16:44:07.693] Got askpass request: {"request":"web-senc@senc.icmc.usp.br's password:"}
[16:44:07.694] Showing password prompt
[16:44:07.694] Listening for interwindow password on /run/user/1000/vscode-ssh-askpass-4ce23b0817e198c2515ebc3ce33f0f37a91ee088.sock
[16:44:07.694] Writing password prompt to globalState
[16:44:32.973] Got password response
[16:44:32.974] Interactor gave response: ***********
[16:44:32.975] Cleaning up other-window auth server
[16:44:33.265] stderr> Authenticated to senc.icmc.usp.br ([143.107.183.96]:22) using "password".
[16:44:49.978] Terminating local server
[16:44:49.981] Resolver error: Error: Connecting with SSH timed out
	at g.Timeout (/home/drdbrioso/.vscode/extensions/ms-vscode-remote.remote-ssh-0.108.2023112915/out/extension.js:2:642829)
	at Timeout._onTimeout (/home/drdbrioso/.vscode/extensions/ms-vscode-remote.remote-ssh-0.108.2023112915/out/extension.js:2:707323)
	at listOnTimeout (node:internal/timers:569:17)
	at process.processTimers (node:internal/timers:512:7)
[16:44:49.986] ------




[16:44:49.988] Local server exit: 15
[16:44:53.955] ------




[16:44:53.955] SSH Resolver called for "ssh-remote+senc.icmc.usp.br", attempt 4, (Reconnection)
[16:44:53.957] SSH Resolver called for host: senc.icmc.usp.br
[16:44:53.958] Setting up SSH remote "senc.icmc.usp.br"
[16:44:53.959] Acquiring local install lock: /tmp/vscode-remote-ssh-2f5e6878-install.lock
[16:44:53.960] Looking for existing server data file at /home/drdbrioso/.config/Code/User/globalStorage/ms-vscode-remote.remote-ssh/vscode-ssh-host-2f5e6878-8b3775030ed1a69b13e4f4c628c612102e30a681-0.108.2023112915-tr/data.json
[16:44:53.960] Using commit id "8b3775030ed1a69b13e4f4c628c612102e30a681" and quality "stable" for server
[16:44:53.963] Install and start server if needed
[16:44:53.966] askpass server listening on /run/user/1000/vscode-ssh-askpass-aae1d99400b7672a7eeb479f7163666b60133d4e.sock
[16:44:53.967] Spawning local server with {"serverId":4,"ipcHandlePath":"/run/user/1000/vscode-ssh-askpass-4539ceae1165a390bafe00127666e517dcb29ec5.sock","sshCommand":"ssh","sshArgs":["-v","-T","-D","39389","-o","ConnectTimeout=15","senc.icmc.usp.br"],"serverDataFolderName":".vscode-server","dataFilePath":"/home/drdbrioso/.config/Code/User/globalStorage/ms-vscode-remote.remote-ssh/vscode-ssh-host-2f5e6878-8b3775030ed1a69b13e4f4c628c612102e30a681-0.108.2023112915-tr/data.json"}
[16:44:53.967] Local server env: {"SHELL":"/usr/bin/zsh","DISPLAY":":0","ELECTRON_RUN_AS_NODE":"1","SSH_ASKPASS":"/home/drdbrioso/.vscode/extensions/ms-vscode-remote.remote-ssh-0.108.2023112915/out/local-server/askpass.sh","VSCODE_SSH_ASKPASS_NODE":"/home/drdbrioso/Desktop/code-stable-x64-1705560028/VSCode-linux-x64/code","VSCODE_SSH_ASKPASS_EXTRA_ARGS":"--ms-enable-electron-run-as-node","VSCODE_SSH_ASKPASS_MAIN":"/home/drdbrioso/.vscode/extensions/ms-vscode-remote.remote-ssh-0.108.2023112915/out/askpass-main.js","VSCODE_SSH_ASKPASS_HANDLE":"/run/user/1000/vscode-ssh-askpass-aae1d99400b7672a7eeb479f7163666b60133d4e.sock"}
[16:44:53.972] Spawned 27087
[16:44:54.055] > local-server-4> Running ssh connection command: "-v -T -D 39389 -o ConnectTimeout=15 senc.icmc.usp.br"
[16:44:54.058] > local-server-4> Spawned ssh, pid=27095
