[15:59:00.340] Log Level: 2
[15:59:00.346] VS Code version: 1.85.2
[15:59:00.346] Remote-SSH version: remote-ssh@0.108.2023112915
[15:59:00.346] linux x64
[15:59:00.347] SSH Resolver called for "ssh-remote+senc.icmc.usp.br", attempt 1
[15:59:00.347] "remote.SSH.useLocalServer": true
[15:59:00.347] "remote.SSH.useExecServer": false
[15:59:00.347] "remote.SSH.path": undefined
[15:59:00.347] "remote.SSH.configFile": undefined
[15:59:00.347] "remote.SSH.useFlock": true
[15:59:00.347] "remote.SSH.lockfilesInTmp": false
[15:59:00.347] "remote.SSH.localServerDownload": auto
[15:59:00.347] "remote.SSH.remoteServerListenOnSocket": false
[15:59:00.347] "remote.SSH.showLoginTerminal": false
[15:59:00.348] "remote.SSH.defaultExtensions": []
[15:59:00.348] "remote.SSH.loglevel": 2
[15:59:00.348] "remote.SSH.enableDynamicForwarding": true
[15:59:00.348] "remote.SSH.enableRemoteCommand": false
[15:59:00.348] "remote.SSH.serverPickPortsFromRange": {}
[15:59:00.348] "remote.SSH.serverInstallPath": {}
[15:59:00.354] SSH Resolver called for host: senc.icmc.usp.br
[15:59:00.354] Setting up SSH remote "senc.icmc.usp.br"
[15:59:00.356] Acquiring local install lock: /tmp/vscode-remote-ssh-2f5e6878-install.lock
[15:59:00.357] Looking for existing server data file at /home/drdbrioso/.config/Code/User/globalStorage/ms-vscode-remote.remote-ssh/vscode-ssh-host-2f5e6878-8b3775030ed1a69b13e4f4c628c612102e30a681-0.108.2023112915-tr/data.json
[15:59:00.358] Using commit id "8b3775030ed1a69b13e4f4c628c612102e30a681" and quality "stable" for server
[15:59:00.360] Install and start server if needed
[15:59:00.361] PATH: /usr/local/bin:/usr/bin:/usr/local/sbin:/opt/android-sdk/platform-tools:/var/lib/flatpak/exports/bin:/usr/lib/jvm/default/bin:/usr/bin/site_perl:/usr/bin/vendor_perl:/usr/bin/core_perl:/home/drdbrioso/.local/bin:/opt/android-sdk/platform-tools:/home/drdbrioso/.local/bin:/opt/nvim/:/home/drdbrioso/.local/bin
[15:59:00.361] Checking ssh with "ssh -V"
[15:59:00.369] > OpenSSH_10.0p2, OpenSSL 3.5.3 16 Sep 2025

[15:59:00.372] askpass server listening on /run/user/1000/vscode-ssh-askpass-46864adfc165f1ffa10e35815811a124177da1a4.sock
[15:59:00.372] Spawning local server with {"serverId":1,"ipcHandlePath":"/run/user/1000/vscode-ssh-askpass-2ecc713193fec4139fe0a72274dbd06077ce5e77.sock","sshCommand":"ssh","sshArgs":["-v","-T","-D","43657","-o","ConnectTimeout=15","senc.icmc.usp.br"],"serverDataFolderName":".vscode-server","dataFilePath":"/home/drdbrioso/.config/Code/User/globalStorage/ms-vscode-remote.remote-ssh/vscode-ssh-host-2f5e6878-8b3775030ed1a69b13e4f4c628c612102e30a681-0.108.2023112915-tr/data.json"}
[15:59:00.372] Local server env: {"SHELL":"/usr/bin/zsh","DISPLAY":":0","ELECTRON_RUN_AS_NODE":"1","SSH_ASKPASS":"/home/drdbrioso/.vscode/extensions/ms-vscode-remote.remote-ssh-0.108.2023112915/out/local-server/askpass.sh","VSCODE_SSH_ASKPASS_NODE":"/home/drdbrioso/Desktop/code-stable-x64-1705560028/VSCode-linux-x64/code","VSCODE_SSH_ASKPASS_EXTRA_ARGS":"--ms-enable-electron-run-as-node","VSCODE_SSH_ASKPASS_MAIN":"/home/drdbrioso/.vscode/extensions/ms-vscode-remote.remote-ssh-0.108.2023112915/out/askpass-main.js","VSCODE_SSH_ASKPASS_HANDLE":"/run/user/1000/vscode-ssh-askpass-46864adfc165f1ffa10e35815811a124177da1a4.sock"}
[15:59:00.376] Spawned 21403
[15:59:00.460] > local-server-1> Running ssh connection command: "-v -T -D 43657 -o ConnectTimeout=15 senc.icmc.usp.br"
[15:59:00.463] > local-server-1> Spawned ssh, pid=21412
[15:59:17.378] Terminating local server
[15:59:17.386] Resolver error: Error: Connecting with SSH timed out
	at g.Timeout (/home/drdbrioso/.vscode/extensions/ms-vscode-remote.remote-ssh-0.108.2023112915/out/extension.js:2:642829)
	at Timeout._onTimeout (/home/drdbrioso/.vscode/extensions/ms-vscode-remote.remote-ssh-0.108.2023112915/out/extension.js:2:707323)
	at listOnTimeout (node:internal/timers:569:17)
	at process.processTimers (node:internal/timers:512:7)
[15:59:17.390] Local server exit: 15
[15:59:17.398] ------




