[16:45:24.430] Log Level: 2
[16:45:24.436] VS Code version: 1.85.2
[16:45:24.436] Remote-SSH version: remote-ssh@0.108.2023112915
[16:45:24.436] linux x64
[16:45:24.437] SSH Resolver called for "ssh-remote+senc.icmc.usp.br", attempt 1
[16:45:24.437] "remote.SSH.useLocalServer": true
[16:45:24.437] "remote.SSH.useExecServer": false
[16:45:24.437] "remote.SSH.path": undefined
[16:45:24.437] "remote.SSH.configFile": undefined
[16:45:24.437] "remote.SSH.useFlock": true
[16:45:24.437] "remote.SSH.lockfilesInTmp": false
[16:45:24.438] "remote.SSH.localServerDownload": auto
[16:45:24.438] "remote.SSH.remoteServerListenOnSocket": false
[16:45:24.438] "remote.SSH.showLoginTerminal": false
[16:45:24.438] "remote.SSH.defaultExtensions": []
[16:45:24.438] "remote.SSH.loglevel": 2
[16:45:24.438] "remote.SSH.enableDynamicForwarding": true
[16:45:24.438] "remote.SSH.enableRemoteCommand": false
[16:45:24.438] "remote.SSH.serverPickPortsFromRange": {}
[16:45:24.438] "remote.SSH.serverInstallPath": {}
[16:45:24.445] SSH Resolver called for host: senc.icmc.usp.br
[16:45:24.445] Setting up SSH remote "senc.icmc.usp.br"
[16:45:24.447] Acquiring local install lock: /tmp/vscode-remote-ssh-2f5e6878-install.lock
[16:45:24.448] Looking for existing server data file at /home/drdbrioso/.config/Code/User/globalStorage/ms-vscode-remote.remote-ssh/vscode-ssh-host-2f5e6878-8b3775030ed1a69b13e4f4c628c612102e30a681-0.108.2023112915-tr/data.json
[16:45:24.448] Using commit id "8b3775030ed1a69b13e4f4c628c612102e30a681" and quality "stable" for server
[16:45:24.449] Install and start server if needed
[16:45:24.451] PATH: /usr/local/bin:/usr/bin:/usr/local/sbin:/opt/android-sdk/platform-tools:/var/lib/flatpak/exports/bin:/usr/lib/jvm/default/bin:/usr/bin/site_perl:/usr/bin/vendor_perl:/usr/bin/core_perl:/home/drdbrioso/.local/bin:/opt/android-sdk/platform-tools:/home/drdbrioso/.local/bin:/opt/nvim/:/home/drdbrioso/.local/bin
[16:45:24.451] Checking ssh with "ssh -V"
[16:45:24.459] > OpenSSH_10.0p2, OpenSSL 3.5.3 16 Sep 2025

[16:45:24.462] askpass server listening on /run/user/1000/vscode-ssh-askpass-04c74ba80f002b1d3730d27cd714de4cfb5a951b.sock
[16:45:24.462] Spawning local server with {"serverId":1,"ipcHandlePath":"/run/user/1000/vscode-ssh-askpass-301daae65ea583e5b147dab8822c759428a6f31a.sock","sshCommand":"ssh","sshArgs":["-v","-T","-D","42939","-o","ConnectTimeout=15","senc.icmc.usp.br"],"serverDataFolderName":".vscode-server","dataFilePath":"/home/drdbrioso/.config/Code/User/globalStorage/ms-vscode-remote.remote-ssh/vscode-ssh-host-2f5e6878-8b3775030ed1a69b13e4f4c628c612102e30a681-0.108.2023112915-tr/data.json"}
[16:45:24.462] Local server env: {"SHELL":"/usr/bin/zsh","DISPLAY":":0","ELECTRON_RUN_AS_NODE":"1","SSH_ASKPASS":"/home/drdbrioso/.vscode/extensions/ms-vscode-remote.remote-ssh-0.108.2023112915/out/local-server/askpass.sh","VSCODE_SSH_ASKPASS_NODE":"/home/drdbrioso/Desktop/code-stable-x64-1705560028/VSCode-linux-x64/code","VSCODE_SSH_ASKPASS_EXTRA_ARGS":"--ms-enable-electron-run-as-node","VSCODE_SSH_ASKPASS_MAIN":"/home/drdbrioso/.vscode/extensions/ms-vscode-remote.remote-ssh-0.108.2023112915/out/askpass-main.js","VSCODE_SSH_ASKPASS_HANDLE":"/run/user/1000/vscode-ssh-askpass-04c74ba80f002b1d3730d27cd714de4cfb5a951b.sock"}
[16:45:24.466] Spawned 27200
[16:45:24.548] > local-server-1> Running ssh connection command: "-v -T -D 42939 -o ConnectTimeout=15 senc.icmc.usp.br"
[16:45:24.550] > local-server-1> Spawned ssh, pid=27208
[16:45:41.468] Terminating local server
[16:45:41.475] Resolver error: Error: Connecting with SSH timed out
	at g.Timeout (/home/drdbrioso/.vscode/extensions/ms-vscode-remote.remote-ssh-0.108.2023112915/out/extension.js:2:642829)
	at Timeout._onTimeout (/home/drdbrioso/.vscode/extensions/ms-vscode-remote.remote-ssh-0.108.2023112915/out/extension.js:2:707323)
	at listOnTimeout (node:internal/timers:569:17)
	at process.processTimers (node:internal/timers:512:7)
[16:45:41.479] Local server exit: 15
[16:45:41.496] ------




