[12:21:29.499] Log Level: 2
[12:21:29.508] SSH Resolver called for "ssh-remote+senc.icmc.usp.br", attempt 1
[12:21:29.508] "remote.SSH.useLocalServer": true
[12:21:29.509] "remote.SSH.useExecServer": false
[12:21:29.509] "remote.SSH.path": undefined
[12:21:29.509] "remote.SSH.configFile": undefined
[12:21:29.509] "remote.SSH.useFlock": true
[12:21:29.509] "remote.SSH.lockfilesInTmp": false
[12:21:29.510] "remote.SSH.localServerDownload": auto
[12:21:29.510] "remote.SSH.remoteServerListenOnSocket": false
[12:21:29.510] "remote.SSH.showLoginTerminal": false
[12:21:29.510] "remote.SSH.defaultExtensions": []
[12:21:29.510] "remote.SSH.loglevel": 2
[12:21:29.511] "remote.SSH.enableDynamicForwarding": true
[12:21:29.511] "remote.SSH.enableRemoteCommand": false
[12:21:29.511] "remote.SSH.serverPickPortsFromRange": {}
[12:21:29.511] "remote.SSH.serverInstallPath": {}
[12:21:29.522] VS Code version: 1.85.2
[12:21:29.522] Remote-SSH version: remote-ssh@0.107.1
[12:21:29.522] linux x64
[12:21:29.525] SSH Resolver called for host: senc.icmc.usp.br
[12:21:29.525] Setting up SSH remote "senc.icmc.usp.br"
[12:21:29.531] Acquiring local install lock: /tmp/vscode-remote-ssh-2f5e6878-install.lock
[12:21:29.532] Looking for existing server data file at /home/drdbrioso/.config/Code/User/globalStorage/ms-vscode-remote.remote-ssh/vscode-ssh-host-2f5e6878-8b3775030ed1a69b13e4f4c628c612102e30a681-0.107.1-tr/data.json
[12:21:29.533] Using commit id "8b3775030ed1a69b13e4f4c628c612102e30a681" and quality "stable" for server
[12:21:29.539] Install and start server if needed
[12:21:29.546] PATH: /usr/local/bin:/usr/bin:/usr/local/sbin:/var/lib/flatpak/exports/bin:/usr/bin/site_perl:/usr/bin/vendor_perl:/usr/bin/core_perl:/opt/nvim/
[12:21:29.546] Checking ssh with "ssh -V"
[12:21:29.557] > OpenSSH_10.0p2, OpenSSL 3.5.1 1 Jul 2025

[12:21:29.562] askpass server listening on /run/user/1000/vscode-ssh-askpass-f7f60698a479019416f33c1181f97f05dc79ec7d.sock
[12:21:29.562] Spawning local server with {"serverId":1,"ipcHandlePath":"/run/user/1000/vscode-ssh-askpass-98c3c3a8caecadad19c6e2db7dc9d449c988edf3.sock","sshCommand":"ssh","sshArgs":["-v","-T","-D","35001","-o","ConnectTimeout=15","senc.icmc.usp.br"],"serverDataFolderName":".vscode-server","dataFilePath":"/home/drdbrioso/.config/Code/User/globalStorage/ms-vscode-remote.remote-ssh/vscode-ssh-host-2f5e6878-8b3775030ed1a69b13e4f4c628c612102e30a681-0.107.1-tr/data.json"}
[12:21:29.562] Local server env: {"SHELL":"/usr/bin/zsh","DISPLAY":":0","ELECTRON_RUN_AS_NODE":"1","SSH_ASKPASS":"/home/drdbrioso/.vscode/extensions/ms-vscode-remote.remote-ssh-0.107.1/out/local-server/askpass.sh","VSCODE_SSH_ASKPASS_NODE":"/home/drdbrioso/Downloads/code-stable-x64-1705560028/VSCode-linux-x64/code","VSCODE_SSH_ASKPASS_EXTRA_ARGS":"--ms-enable-electron-run-as-node","VSCODE_SSH_ASKPASS_MAIN":"/home/drdbrioso/.vscode/extensions/ms-vscode-remote.remote-ssh-0.107.1/out/askpass-main.js","VSCODE_SSH_ASKPASS_HANDLE":"/run/user/1000/vscode-ssh-askpass-f7f60698a479019416f33c1181f97f05dc79ec7d.sock"}
[12:21:29.566] Spawned 29525
[12:21:29.689] > local-server-1> Running ssh connection command: "-v -T -D 35001 -o ConnectTimeout=15 senc.icmc.usp.br"
[12:21:29.692] > local-server-1> Spawned ssh, pid=29533
[12:21:44.808] stderr> ssh: connect to host senc.icmc.usp.br port 22: Connection timed out
[12:21:44.811] > local-server-1> ssh child died, shutting down
[12:21:44.823] Local server exit: 0
[12:21:44.824] Received install output: local-server-1> Running ssh connection command: "-v -T -D 35001 -o ConnectTimeout=15 senc.icmc.usp.br"
local-server-1> Spawned ssh, pid=29533
ssh: connect to host senc.icmc.usp.br port 22: Connection timed out
local-server-1> ssh child died, shutting down

[12:21:44.831] Resolver error: Error: The connection timed out
	at g.Offline (/home/drdbrioso/.vscode/extensions/ms-vscode-remote.remote-ssh-0.107.1/out/extension.js:2:642754)
	at /home/drdbrioso/.vscode/extensions/ms-vscode-remote.remote-ssh-0.107.1/out/extension.js:2:638823
	at t.handleInstallOutput (/home/drdbrioso/.vscode/extensions/ms-vscode-remote.remote-ssh-0.107.1/out/extension.js:2:639138)
	at e (/home/drdbrioso/.vscode/extensions/ms-vscode-remote.remote-ssh-0.107.1/out/extension.js:2:700300)
	at process.processTicksAndRejections (node:internal/process/task_queues:95:5)
	at async /home/drdbrioso/.vscode/extensions/ms-vscode-remote.remote-ssh-0.107.1/out/extension.js:2:722169
	at async t.withShowDetailsEvent (/home/drdbrioso/.vscode/extensions/ms-vscode-remote.remote-ssh-0.107.1/out/extension.js:2:725828)
	at async /home/drdbrioso/.vscode/extensions/ms-vscode-remote.remote-ssh-0.107.1/out/extension.js:2:697005
	at async C (/home/drdbrioso/.vscode/extensions/ms-vscode-remote.remote-ssh-0.107.1/out/extension.js:2:695056)
	at async t.resolveWithLocalServer (/home/drdbrioso/.vscode/extensions/ms-vscode-remote.remote-ssh-0.107.1/out/extension.js:2:696545)
	at async I (/home/drdbrioso/.vscode/extensions/ms-vscode-remote.remote-ssh-0.107.1/out/extension.js:2:719392)
	at async t.resolve (/home/drdbrioso/.vscode/extensions/ms-vscode-remote.remote-ssh-0.107.1/out/extension.js:2:723199)
	at async /home/drdbrioso/.vscode/extensions/ms-vscode-remote.remote-ssh-0.107.1/out/extension.js:2:907003
[12:21:44.843] ------




[12:21:45.094] Opening exec server for ssh-remote+senc.icmc.usp.br
[12:21:45.104] Initizing new exec server for ssh-remote+senc.icmc.usp.br
[12:21:45.116] Acquiring local install lock: /tmp/vscode-remote-ssh-2f5e6878-install.lock
[12:21:45.118] Looking for existing server data file at /home/drdbrioso/.config/Code/User/globalStorage/ms-vscode-remote.remote-ssh/vscode-ssh-host-2f5e6878-8b3775030ed1a69b13e4f4c628c612102e30a681-0.107.1-es/data.json
[12:21:45.119] Using commit id "8b3775030ed1a69b13e4f4c628c612102e30a681" and quality "stable" for server
[12:21:45.120] Install and start server if needed
[12:21:45.122] askpass server listening on /run/user/1000/vscode-ssh-askpass-07c07779a88088078e66ef7415098da20074d448.sock
[12:21:45.122] Spawning local server with {"serverId":2,"ipcHandlePath":"/run/user/1000/vscode-ssh-askpass-b884bdff7c74e37ecd064a8ab410f719ca2bfa3c.sock","sshCommand":"ssh","sshArgs":["-v","-T","-D","43845","-o","ConnectTimeout=15","senc.icmc.usp.br"],"serverDataFolderName":".vscode-server","dataFilePath":"/home/drdbrioso/.config/Code/User/globalStorage/ms-vscode-remote.remote-ssh/vscode-ssh-host-2f5e6878-8b3775030ed1a69b13e4f4c628c612102e30a681-0.107.1-es/data.json"}
[12:21:45.122] Local server env: {"SHELL":"/usr/bin/zsh","DISPLAY":":0","ELECTRON_RUN_AS_NODE":"1","SSH_ASKPASS":"/home/drdbrioso/.vscode/extensions/ms-vscode-remote.remote-ssh-0.107.1/out/local-server/askpass.sh","VSCODE_SSH_ASKPASS_NODE":"/home/drdbrioso/Downloads/code-stable-x64-1705560028/VSCode-linux-x64/code","VSCODE_SSH_ASKPASS_EXTRA_ARGS":"--ms-enable-electron-run-as-node","VSCODE_SSH_ASKPASS_MAIN":"/home/drdbrioso/.vscode/extensions/ms-vscode-remote.remote-ssh-0.107.1/out/askpass-main.js","VSCODE_SSH_ASKPASS_HANDLE":"/run/user/1000/vscode-ssh-askpass-07c07779a88088078e66ef7415098da20074d448.sock"}
[12:21:45.126] Spawned 29578
[12:21:45.261] > local-server-2> Running ssh connection command: "-v -T -D 43845 -o ConnectTimeout=15 senc.icmc.usp.br"
[12:21:45.265] > local-server-2> Spawned ssh, pid=29586
