2025-07-21 12:17:21.584 [warning] Via 'product.json#extensionEnabledApiProposals' extension 'ms-python.python' wants API proposal 'registerIssueDataProvider' but that proposal DOES NOT EXIST. Likely, the proposal has been finalized (check 'vscode.d.ts') or was abandoned.
2025-07-21 12:17:21.980 [info] Started local extension host with pid 28050.
2025-07-21 12:17:24.660 [info] [perf] Render performance baseline is 47ms
2025-07-21 12:17:53.099 [error] Incompatible: Can't install 'reditorsupport.r-syntax' extension because it is not compatible with the current version of Visual Studio Code (version 1.85.2).
    at Y.O (/home/drdbrioso/Downloads/code-stable-x64-1705560028/VSCode-linux-x64/resources/app/out/vs/code/node/sharedProcess/sharedProcessMain.js:100:72651)
    at async F (/home/drdbrioso/Downloads/code-stable-x64-1705560028/VSCode-linux-x64/resources/app/out/vs/code/node/sharedProcess/sharedProcessMain.js:100:71207)
    at async Y.N (/home/drdbrioso/Downloads/code-stable-x64-1705560028/VSCode-linux-x64/resources/app/out/vs/code/node/sharedProcess/sharedProcessMain.js:100:71462)
    at async Y.J (/home/drdbrioso/Downloads/code-stable-x64-1705560028/VSCode-linux-x64/resources/app/out/vs/code/node/sharedProcess/sharedProcessMain.js:100:66118)
    at async /home/drdbrioso/Downloads/code-stable-x64-1705560028/VSCode-linux-x64/resources/app/out/vs/code/node/sharedProcess/sharedProcessMain.js:100:64829
    at async Promise.allSettled (index 0)
    at async Y.I (/home/drdbrioso/Downloads/code-stable-x64-1705560028/VSCode-linux-x64/resources/app/out/vs/code/node/sharedProcess/sharedProcessMain.js:100:64776)
    at async Y.installGalleryExtensions (/home/drdbrioso/Downloads/code-stable-x64-1705560028/VSCode-linux-x64/resources/app/out/vs/code/node/sharedProcess/sharedProcessMain.js:100:63225)
    at async Y.installFromGallery (/home/drdbrioso/Downloads/code-stable-x64-1705560028/VSCode-linux-x64/resources/app/out/vs/code/node/sharedProcess/sharedProcessMain.js:100:62546)
2025-07-21 12:17:53.143 [error] Can't install 'reditorsupport.r-syntax' extension because it is not compatible with the current version of Visual Studio Code (version 1.85.2).: Incompatible: Can't install 'reditorsupport.r-syntax' extension because it is not compatible with the current version of Visual Studio Code (version 1.85.2).
    at Y.O (/home/drdbrioso/Downloads/code-stable-x64-1705560028/VSCode-linux-x64/resources/app/out/vs/code/node/sharedProcess/sharedProcessMain.js:100:72651)
    at async F (/home/drdbrioso/Downloads/code-stable-x64-1705560028/VSCode-linux-x64/resources/app/out/vs/code/node/sharedProcess/sharedProcessMain.js:100:71207)
    at async Y.N (/home/drdbrioso/Downloads/code-stable-x64-1705560028/VSCode-linux-x64/resources/app/out/vs/code/node/sharedProcess/sharedProcessMain.js:100:71462)
    at async Y.J (/home/drdbrioso/Downloads/code-stable-x64-1705560028/VSCode-linux-x64/resources/app/out/vs/code/node/sharedProcess/sharedProcessMain.js:100:66118)
    at async /home/drdbrioso/Downloads/code-stable-x64-1705560028/VSCode-linux-x64/resources/app/out/vs/code/node/sharedProcess/sharedProcessMain.js:100:64829
    at async Promise.allSettled (index 0)
    at async Y.I (/home/drdbrioso/Downloads/code-stable-x64-1705560028/VSCode-linux-x64/resources/app/out/vs/code/node/sharedProcess/sharedProcessMain.js:100:64776)
    at async Y.installGalleryExtensions (/home/drdbrioso/Downloads/code-stable-x64-1705560028/VSCode-linux-x64/resources/app/out/vs/code/node/sharedProcess/sharedProcessMain.js:100:63225)
    at async Y.installFromGallery (/home/drdbrioso/Downloads/code-stable-x64-1705560028/VSCode-linux-x64/resources/app/out/vs/code/node/sharedProcess/sharedProcessMain.js:100:62546)
