[17:47:32.215] Log Level: 2
[17:47:32.221] VS Code version: 1.85.2
[17:47:32.221] Remote-SSH version: remote-ssh@0.108.2023112915
[17:47:32.221] linux x64
[17:47:32.223] SSH Resolver called for "ssh-remote+senc.icmc.usp.br", attempt 1
[17:47:32.223] "remote.SSH.useLocalServer": true
[17:47:32.223] "remote.SSH.useExecServer": false
[17:47:32.223] "remote.SSH.path": undefined
[17:47:32.223] "remote.SSH.configFile": undefined
[17:47:32.223] "remote.SSH.useFlock": true
[17:47:32.223] "remote.SSH.lockfilesInTmp": false
[17:47:32.223] "remote.SSH.localServerDownload": auto
[17:47:32.223] "remote.SSH.remoteServerListenOnSocket": false
[17:47:32.223] "remote.SSH.showLoginTerminal": false
[17:47:32.223] "remote.SSH.defaultExtensions": []
[17:47:32.223] "remote.SSH.loglevel": 2
[17:47:32.224] "remote.SSH.enableDynamicForwarding": true
[17:47:32.224] "remote.SSH.enableRemoteCommand": false
[17:47:32.224] "remote.SSH.serverPickPortsFromRange": {}
[17:47:32.224] "remote.SSH.serverInstallPath": {}
[17:47:32.230] SSH Resolver called for host: senc.icmc.usp.br
[17:47:32.230] Setting up SSH remote "senc.icmc.usp.br"
[17:47:32.232] Acquiring local install lock: /tmp/vscode-remote-ssh-2f5e6878-install.lock
[17:47:32.233] Looking for existing server data file at /home/drdbrioso/.config/Code/User/globalStorage/ms-vscode-remote.remote-ssh/vscode-ssh-host-2f5e6878-8b3775030ed1a69b13e4f4c628c612102e30a681-0.108.2023112915-tr/data.json
[17:47:32.233] Using commit id "8b3775030ed1a69b13e4f4c628c612102e30a681" and quality "stable" for server
[17:47:32.235] Install and start server if needed
[17:47:32.237] PATH: /usr/local/bin:/usr/bin:/usr/local/sbin:/opt/android-sdk/platform-tools:/var/lib/flatpak/exports/bin:/usr/lib/jvm/default/bin:/usr/bin/site_perl:/usr/bin/vendor_perl:/usr/bin/core_perl:/home/drdbrioso/.local/bin:/opt/android-sdk/platform-tools:/home/drdbrioso/.local/bin:/opt/nvim/:/home/drdbrioso/.local/bin
[17:47:32.237] Checking ssh with "ssh -V"
[17:47:32.244] > OpenSSH_10.0p2, OpenSSL 3.5.3 16 Sep 2025

[17:47:32.247] askpass server listening on /run/user/1000/vscode-ssh-askpass-911f160980153e62174f15dd6b32322887f90b35.sock
[17:47:32.247] Spawning local server with {"serverId":1,"ipcHandlePath":"/run/user/1000/vscode-ssh-askpass-924699adf6b37ce89e544a8945b946e17dfc7fa5.sock","sshCommand":"ssh","sshArgs":["-v","-T","-D","33975","-o","ConnectTimeout=15","senc.icmc.usp.br"],"serverDataFolderName":".vscode-server","dataFilePath":"/home/drdbrioso/.config/Code/User/globalStorage/ms-vscode-remote.remote-ssh/vscode-ssh-host-2f5e6878-8b3775030ed1a69b13e4f4c628c612102e30a681-0.108.2023112915-tr/data.json"}
[17:47:32.247] Local server env: {"SHELL":"/usr/bin/zsh","DISPLAY":":0","ELECTRON_RUN_AS_NODE":"1","SSH_ASKPASS":"/home/drdbrioso/.vscode/extensions/ms-vscode-remote.remote-ssh-0.108.2023112915/out/local-server/askpass.sh","VSCODE_SSH_ASKPASS_NODE":"/home/drdbrioso/Desktop/code-stable-x64-1705560028/VSCode-linux-x64/code","VSCODE_SSH_ASKPASS_EXTRA_ARGS":"--ms-enable-electron-run-as-node","VSCODE_SSH_ASKPASS_MAIN":"/home/drdbrioso/.vscode/extensions/ms-vscode-remote.remote-ssh-0.108.2023112915/out/askpass-main.js","VSCODE_SSH_ASKPASS_HANDLE":"/run/user/1000/vscode-ssh-askpass-911f160980153e62174f15dd6b32322887f90b35.sock"}
[17:47:32.251] Spawned 32596
[17:47:32.336] > local-server-1> Running ssh connection command: "-v -T -D 33975 -o ConnectTimeout=15 senc.icmc.usp.br"
[17:47:32.338] > local-server-1> Spawned ssh, pid=32604
[17:47:47.619] stderr> Connection timed out during banner exchange
[17:47:47.619] stderr> Connection to 143.107.183.96 port 22 timed out
[17:47:47.621] > local-server-1> ssh child died, shutting down
[17:47:47.628] Local server exit: 0
[17:47:47.629] Received install output: local-server-1> Running ssh connection command: "-v -T -D 33975 -o ConnectTimeout=15 senc.icmc.usp.br"
local-server-1> Spawned ssh, pid=32604
Connection timed out during banner exchange
Connection to 143.107.183.96 port 22 timed out
local-server-1> ssh child died, shutting down

[17:47:47.638] Resolver error: Error: The connection timed out
	at g.Offline (/home/drdbrioso/.vscode/extensions/ms-vscode-remote.remote-ssh-0.108.2023112915/out/extension.js:2:642754)
	at /home/drdbrioso/.vscode/extensions/ms-vscode-remote.remote-ssh-0.108.2023112915/out/extension.js:2:638823
	at t.handleInstallOutput (/home/drdbrioso/.vscode/extensions/ms-vscode-remote.remote-ssh-0.108.2023112915/out/extension.js:2:639138)
	at e (/home/drdbrioso/.vscode/extensions/ms-vscode-remote.remote-ssh-0.108.2023112915/out/extension.js:2:700300)
	at process.processTicksAndRejections (node:internal/process/task_queues:95:5)
	at async /home/drdbrioso/.vscode/extensions/ms-vscode-remote.remote-ssh-0.108.2023112915/out/extension.js:2:722169
	at async t.withShowDetailsEvent (/home/drdbrioso/.vscode/extensions/ms-vscode-remote.remote-ssh-0.108.2023112915/out/extension.js:2:725828)
	at async /home/drdbrioso/.vscode/extensions/ms-vscode-remote.remote-ssh-0.108.2023112915/out/extension.js:2:697005
	at async C (/home/drdbrioso/.vscode/extensions/ms-vscode-remote.remote-ssh-0.108.2023112915/out/extension.js:2:695056)
	at async t.resolveWithLocalServer (/home/drdbrioso/.vscode/extensions/ms-vscode-remote.remote-ssh-0.108.2023112915/out/extension.js:2:696545)
	at async I (/home/drdbrioso/.vscode/extensions/ms-vscode-remote.remote-ssh-0.108.2023112915/out/extension.js:2:719392)
	at async t.resolve (/home/drdbrioso/.vscode/extensions/ms-vscode-remote.remote-ssh-0.108.2023112915/out/extension.js:2:723199)
	at async /home/drdbrioso/.vscode/extensions/ms-vscode-remote.remote-ssh-0.108.2023112915/out/extension.js:2:907012
[17:47:47.652] ------




