2025-10-17 16:37:51.934 [warning] Via 'product.json#extensionEnabledApiProposals' extension 'ms-python.python' wants API proposal 'registerIssueDataProvider' but that proposal DOES NOT EXIST. Likely, the proposal has been finalized (check 'vscode.d.ts') or was abandoned.
2025-10-17 16:37:52.268 [info] Started local extension host with pid 24682.
2025-10-17 16:37:52.599 [info] Invoking resolveAuthority(ssh-remote)...
2025-10-17 16:37:52.600 [info] [LocalProcess0][resolveAuthority(ssh-remote,1)][0ms] obtaining proxy...
2025-10-17 16:37:52.600 [info] [LocalProcess0][resolveAuthority(ssh-remote,1)][0ms] invoking...
2025-10-17 16:37:53.601 [info] [LocalProcess0][resolveAuthority(ssh-remote,1)][1001ms] waiting...
2025-10-17 16:37:54.616 [info] [LocalProcess0][resolveAuthority(ssh-remote,1)][2001ms] waiting...
2025-10-17 16:37:55.391 [error] [/home/drdbrioso/.vscode/extensions/ms-toolsai.vscode-jupyter-slideshow-0.1.6]: Extension is not compatible with Code 1.85.2. Extension requires: ^1.88.0.
2025-10-17 16:37:55.391 [error] [/home/drdbrioso/.vscode/extensions/ms-toolsai.vscode-jupyter-cell-tags-0.1.9]: Extension is not compatible with Code 1.85.2. Extension requires: ^1.88.0.
2025-10-17 16:37:55.391 [error] [/home/drdbrioso/.vscode/extensions/ms-toolsai.jupyter-renderers-1.3.0]: Extension is not compatible with Code 1.85.2. Extension requires: ^1.95.0.
2025-10-17 16:37:55.452 [error] [/home/drdbrioso/.vscode/extensions/ms-vscode.remote-server-1.5.3]: Extension is not compatible with Code 1.85.2. Extension requires: ^1.87.0.
2025-10-17 16:37:55.458 [error] [/home/drdbrioso/.vscode/extensions/ms-vscode-remote.remote-containers-0.427.0]: Extension is not compatible with Code 1.85.2. Extension requires: ^1.99.0.
2025-10-17 16:37:55.460 [error] [/home/drdbrioso/.vscode/extensions/ms-vscode-remote.remote-wsl-0.104.3]: Extension is not compatible with Code 1.85.2. Extension requires: ^1.104.0.
2025-10-17 16:37:55.460 [error] [/home/drdbrioso/.vscode/extensions/ms-vscode.remote-explorer-0.5.0]: Extension is not compatible with Code 1.85.2. Extension requires: ^1.87.0.
2025-10-17 16:37:55.461 [error] [/home/drdbrioso/.vscode/extensions/ms-python.vscode-python-envs-1.8.0-linux-x64]: Extension is not compatible with Code 1.85.2. Extension requires: ^1.104.0-20250815.
2025-10-17 16:37:55.463 [error] [/home/drdbrioso/.vscode/extensions/ms-python.python-2025.14.0-linux-x64]: Extension is not compatible with Code 1.85.2. Extension requires: ^1.95.0.
2025-10-17 16:37:55.464 [error] [/home/drdbrioso/.vscode/extensions/ms-python.debugpy-2025.10.0-linux-x64]: Extension is not compatible with Code 1.85.2. Extension requires: ^1.92.0.
2025-10-17 16:37:55.466 [error] [/home/drdbrioso/.vscode/extensions/ms-python.vscode-pylance-2025.8.3]: Extension is not compatible with Code 1.85.2. Extension requires: ^1.101.0.
2025-10-17 16:37:55.600 [info] [LocalProcess0][resolveAuthority(ssh-remote,1)][3001ms] waiting...
2025-10-17 16:37:56.601 [info] [LocalProcess0][resolveAuthority(ssh-remote,1)][4001ms] waiting...
2025-10-17 16:37:57.601 [info] [LocalProcess0][resolveAuthority(ssh-remote,1)][5001ms] waiting...
2025-10-17 16:37:58.601 [info] [LocalProcess0][resolveAuthority(ssh-remote,1)][6001ms] waiting...
2025-10-17 16:37:59.601 [info] [LocalProcess0][resolveAuthority(ssh-remote,1)][7001ms] waiting...
2025-10-17 16:38:00.600 [info] [LocalProcess0][resolveAuthority(ssh-remote,1)][8000ms] waiting...
2025-10-17 16:38:01.601 [info] [LocalProcess0][resolveAuthority(ssh-remote,1)][9001ms] waiting...
2025-10-17 16:38:02.601 [info] [LocalProcess0][resolveAuthority(ssh-remote,1)][10001ms] waiting...
2025-10-17 16:38:03.601 [info] [LocalProcess0][resolveAuthority(ssh-remote,1)][11001ms] waiting...
2025-10-17 16:38:04.601 [info] [LocalProcess0][resolveAuthority(ssh-remote,1)][12001ms] waiting...
2025-10-17 16:38:05.601 [info] [LocalProcess0][resolveAuthority(ssh-remote,1)][13001ms] waiting...
2025-10-17 16:38:06.601 [info] [LocalProcess0][resolveAuthority(ssh-remote,1)][14001ms] waiting...
2025-10-17 16:38:07.601 [info] [LocalProcess0][resolveAuthority(ssh-remote,1)][15001ms] waiting...
2025-10-17 16:38:08.601 [info] [LocalProcess0][resolveAuthority(ssh-remote,1)][16001ms] waiting...
2025-10-17 16:38:09.601 [info] [LocalProcess0][resolveAuthority(ssh-remote,1)][17001ms] waiting...
2025-10-17 16:38:10.601 [info] [LocalProcess0][resolveAuthority(ssh-remote,1)][18001ms] waiting...
2025-10-17 16:38:11.601 [info] [LocalProcess0][resolveAuthority(ssh-remote,1)][19001ms] waiting...
2025-10-17 16:38:12.601 [info] [LocalProcess0][resolveAuthority(ssh-remote,1)][20001ms] waiting...
2025-10-17 16:38:13.601 [info] [LocalProcess0][resolveAuthority(ssh-remote,1)][21001ms] waiting...
2025-10-17 16:38:14.601 [info] [LocalProcess0][resolveAuthority(ssh-remote,1)][22001ms] waiting...
2025-10-17 16:38:15.601 [info] [LocalProcess0][resolveAuthority(ssh-remote,1)][23001ms] waiting...
2025-10-17 16:38:16.601 [info] [LocalProcess0][resolveAuthority(ssh-remote,1)][24001ms] waiting...
2025-10-17 16:38:17.601 [info] [LocalProcess0][resolveAuthority(ssh-remote,1)][25001ms] waiting...
2025-10-17 16:38:18.601 [info] [LocalProcess0][resolveAuthority(ssh-remote,1)][26001ms] waiting...
2025-10-17 16:38:19.601 [info] [LocalProcess0][resolveAuthority(ssh-remote,1)][27001ms] waiting...
2025-10-17 16:38:20.601 [info] [LocalProcess0][resolveAuthority(ssh-remote,1)][28001ms] waiting...
2025-10-17 16:38:21.601 [info] [LocalProcess0][resolveAuthority(ssh-remote,1)][29001ms] waiting...
2025-10-17 16:38:22.602 [info] [LocalProcess0][resolveAuthority(ssh-remote,1)][30001ms] waiting...
2025-10-17 16:38:23.601 [info] [LocalProcess0][resolveAuthority(ssh-remote,1)][31000ms] waiting...
2025-10-17 16:38:24.601 [info] [LocalProcess0][resolveAuthority(ssh-remote,1)][32001ms] waiting...
2025-10-17 16:38:25.601 [info] [LocalProcess0][resolveAuthority(ssh-remote,1)][33001ms] waiting...
2025-10-17 16:38:26.601 [info] [LocalProcess0][resolveAuthority(ssh-remote,1)][34001ms] waiting...
2025-10-17 16:38:27.600 [info] [LocalProcess0][resolveAuthority(ssh-remote,1)][35000ms] waiting...
2025-10-17 16:38:28.601 [info] [LocalProcess0][resolveAuthority(ssh-remote,1)][36001ms] waiting...
2025-10-17 16:38:29.601 [info] [LocalProcess0][resolveAuthority(ssh-remote,1)][37001ms] waiting...
2025-10-17 16:38:30.601 [info] [LocalProcess0][resolveAuthority(ssh-remote,1)][38001ms] waiting...
2025-10-17 16:38:31.601 [info] [LocalProcess0][resolveAuthority(ssh-remote,1)][39001ms] waiting...
2025-10-17 16:38:32.601 [info] [LocalProcess0][resolveAuthority(ssh-remote,1)][40001ms] waiting...
2025-10-17 16:38:33.601 [info] [LocalProcess0][resolveAuthority(ssh-remote,1)][41001ms] waiting...
2025-10-17 16:38:34.601 [info] [LocalProcess0][resolveAuthority(ssh-remote,1)][42001ms] waiting...
2025-10-17 16:38:35.601 [info] [LocalProcess0][resolveAuthority(ssh-remote,1)][43001ms] waiting...
2025-10-17 16:38:36.601 [info] [LocalProcess0][resolveAuthority(ssh-remote,1)][44001ms] waiting...
2025-10-17 16:38:37.601 [info] [LocalProcess0][resolveAuthority(ssh-remote,1)][45001ms] waiting...
2025-10-17 16:38:38.601 [info] [LocalProcess0][resolveAuthority(ssh-remote,1)][46001ms] waiting...
2025-10-17 16:38:39.601 [info] [LocalProcess0][resolveAuthority(ssh-remote,1)][47001ms] waiting...
2025-10-17 16:38:40.601 [info] [LocalProcess0][resolveAuthority(ssh-remote,1)][48001ms] waiting...
2025-10-17 16:38:41.601 [info] [LocalProcess0][resolveAuthority(ssh-remote,1)][49001ms] waiting...
2025-10-17 16:38:42.601 [info] [LocalProcess0][resolveAuthority(ssh-remote,1)][50001ms] waiting...
2025-10-17 16:38:43.601 [info] [LocalProcess0][resolveAuthority(ssh-remote,1)][51001ms] waiting...
2025-10-17 16:38:44.601 [info] [LocalProcess0][resolveAuthority(ssh-remote,1)][52001ms] waiting...
2025-10-17 16:38:45.602 [info] [LocalProcess0][resolveAuthority(ssh-remote,1)][53001ms] waiting...
2025-10-17 16:38:46.601 [info] [LocalProcess0][resolveAuthority(ssh-remote,1)][54001ms] waiting...
2025-10-17 16:38:47.601 [info] [LocalProcess0][resolveAuthority(ssh-remote,1)][55000ms] waiting...
2025-10-17 16:38:48.601 [info] [LocalProcess0][resolveAuthority(ssh-remote,1)][56001ms] waiting...
2025-10-17 16:38:49.601 [info] [LocalProcess0][resolveAuthority(ssh-remote,1)][57001ms] waiting...
2025-10-17 16:38:50.601 [info] [LocalProcess0][resolveAuthority(ssh-remote,1)][58001ms] waiting...
2025-10-17 16:38:51.601 [info] [LocalProcess0][resolveAuthority(ssh-remote,1)][59001ms] waiting...
2025-10-17 16:38:52.601 [info] [LocalProcess0][resolveAuthority(ssh-remote,1)][60001ms] waiting...
2025-10-17 16:38:53.601 [info] [LocalProcess0][resolveAuthority(ssh-remote,1)][61001ms] waiting...
2025-10-17 16:38:54.601 [info] [LocalProcess0][resolveAuthority(ssh-remote,1)][62000ms] waiting...
2025-10-17 16:38:55.601 [info] [LocalProcess0][resolveAuthority(ssh-remote,1)][63001ms] waiting...
2025-10-17 16:38:56.601 [info] [LocalProcess0][resolveAuthority(ssh-remote,1)][64001ms] waiting...
2025-10-17 16:38:57.601 [info] [LocalProcess0][resolveAuthority(ssh-remote,1)][65001ms] waiting...
2025-10-17 16:38:58.601 [info] [LocalProcess0][resolveAuthority(ssh-remote,1)][66001ms] waiting...
2025-10-17 16:38:59.601 [info] [LocalProcess0][resolveAuthority(ssh-remote,1)][67001ms] waiting...
2025-10-17 16:38:59.881 [error] [LocalProcess0][resolveAuthority(ssh-remote,1)][67258ms] returned an error {"code":"NotAvailable","message":"Connecting with SSH timed out","detail":true}
2025-10-17 16:38:59.881 [error] resolveAuthority(ssh-remote) returned an error after 67259 ms Connecting with SSH timed out
2025-10-17 16:38:59.882 [error] Error received from starting extension host (kind: Remote)
2025-10-17 16:38:59.882 [error] CodeExpectedError: Connecting with SSH timed out
    at ee.rb (vscode-file://vscode-app/home/drdbrioso/Desktop/code-stable-x64-1705560028/VSCode-linux-x64/resources/app/out/vs/workbench/workbench.desktop.main.js:2718:21055)
    at async ee.qb (vscode-file://vscode-app/home/drdbrioso/Desktop/code-stable-x64-1705560028/VSCode-linux-x64/resources/app/out/vs/workbench/workbench.desktop.main.js:2718:20332)
    at async ee.Ob (vscode-file://vscode-app/home/drdbrioso/Desktop/code-stable-x64-1705560028/VSCode-linux-x64/resources/app/out/vs/workbench/workbench.desktop.main.js:2719:11484)
    at async ee.jb (vscode-file://vscode-app/home/drdbrioso/Desktop/code-stable-x64-1705560028/VSCode-linux-x64/resources/app/out/vs/workbench/workbench.desktop.main.js:2718:17969)
2025-10-17 16:38:59.882 [error] [remote-connection][attempt 1] An error occurred in initial connection! Will retry... Error:
2025-10-17 16:38:59.883 [error] CodeExpectedError: Connecting with SSH timed out
    at ee.rb (vscode-file://vscode-app/home/drdbrioso/Desktop/code-stable-x64-1705560028/VSCode-linux-x64/resources/app/out/vs/workbench/workbench.desktop.main.js:2718:21055)
    at async ee.qb (vscode-file://vscode-app/home/drdbrioso/Desktop/code-stable-x64-1705560028/VSCode-linux-x64/resources/app/out/vs/workbench/workbench.desktop.main.js:2718:20332)
    at async ee.Ob (vscode-file://vscode-app/home/drdbrioso/Desktop/code-stable-x64-1705560028/VSCode-linux-x64/resources/app/out/vs/workbench/workbench.desktop.main.js:2719:11484)
    at async ee.jb (vscode-file://vscode-app/home/drdbrioso/Desktop/code-stable-x64-1705560028/VSCode-linux-x64/resources/app/out/vs/workbench/workbench.desktop.main.js:2718:17969)
2025-10-17 16:38:59.883 [error] [remote-connection][attempt 2] An error occurred in initial connection! Will retry... Error:
2025-10-17 16:38:59.883 [error] CodeExpectedError: Connecting with SSH timed out
    at ee.rb (vscode-file://vscode-app/home/drdbrioso/Desktop/code-stable-x64-1705560028/VSCode-linux-x64/resources/app/out/vs/workbench/workbench.desktop.main.js:2718:21055)
    at async ee.qb (vscode-file://vscode-app/home/drdbrioso/Desktop/code-stable-x64-1705560028/VSCode-linux-x64/resources/app/out/vs/workbench/workbench.desktop.main.js:2718:20332)
    at async ee.Ob (vscode-file://vscode-app/home/drdbrioso/Desktop/code-stable-x64-1705560028/VSCode-linux-x64/resources/app/out/vs/workbench/workbench.desktop.main.js:2719:11484)
    at async ee.jb (vscode-file://vscode-app/home/drdbrioso/Desktop/code-stable-x64-1705560028/VSCode-linux-x64/resources/app/out/vs/workbench/workbench.desktop.main.js:2718:17969)
2025-10-17 16:38:59.899 [error] [remote-connection][attempt 3] An error occurred in initial connection! Will retry... Error:
2025-10-17 16:38:59.899 [error] CodeExpectedError: Connecting with SSH timed out
    at ee.rb (vscode-file://vscode-app/home/drdbrioso/Desktop/code-stable-x64-1705560028/VSCode-linux-x64/resources/app/out/vs/workbench/workbench.desktop.main.js:2718:21055)
    at async ee.qb (vscode-file://vscode-app/home/drdbrioso/Desktop/code-stable-x64-1705560028/VSCode-linux-x64/resources/app/out/vs/workbench/workbench.desktop.main.js:2718:20332)
    at async ee.Ob (vscode-file://vscode-app/home/drdbrioso/Desktop/code-stable-x64-1705560028/VSCode-linux-x64/resources/app/out/vs/workbench/workbench.desktop.main.js:2719:11484)
    at async ee.jb (vscode-file://vscode-app/home/drdbrioso/Desktop/code-stable-x64-1705560028/VSCode-linux-x64/resources/app/out/vs/workbench/workbench.desktop.main.js:2718:17969)
2025-10-17 16:38:59.935 [error] [remote-connection][attempt 4] An error occurred in initial connection! Will retry... Error:
2025-10-17 16:38:59.936 [error] CodeExpectedError: Connecting with SSH timed out
    at ee.rb (vscode-file://vscode-app/home/drdbrioso/Desktop/code-stable-x64-1705560028/VSCode-linux-x64/resources/app/out/vs/workbench/workbench.desktop.main.js:2718:21055)
    at async ee.qb (vscode-file://vscode-app/home/drdbrioso/Desktop/code-stable-x64-1705560028/VSCode-linux-x64/resources/app/out/vs/workbench/workbench.desktop.main.js:2718:20332)
    at async ee.Ob (vscode-file://vscode-app/home/drdbrioso/Desktop/code-stable-x64-1705560028/VSCode-linux-x64/resources/app/out/vs/workbench/workbench.desktop.main.js:2719:11484)
    at async ee.jb (vscode-file://vscode-app/home/drdbrioso/Desktop/code-stable-x64-1705560028/VSCode-linux-x64/resources/app/out/vs/workbench/workbench.desktop.main.js:2718:17969)
2025-10-17 16:38:59.940 [error] [remote-connection][attempt 5]  An error occurred in initial connection! It will be treated as a permanent error. Error:
2025-10-17 16:38:59.940 [error] CodeExpectedError: Connecting with SSH timed out
    at ee.rb (vscode-file://vscode-app/home/drdbrioso/Desktop/code-stable-x64-1705560028/VSCode-linux-x64/resources/app/out/vs/workbench/workbench.desktop.main.js:2718:21055)
    at async ee.qb (vscode-file://vscode-app/home/drdbrioso/Desktop/code-stable-x64-1705560028/VSCode-linux-x64/resources/app/out/vs/workbench/workbench.desktop.main.js:2718:20332)
    at async ee.Ob (vscode-file://vscode-app/home/drdbrioso/Desktop/code-stable-x64-1705560028/VSCode-linux-x64/resources/app/out/vs/workbench/workbench.desktop.main.js:2719:11484)
    at async ee.jb (vscode-file://vscode-app/home/drdbrioso/Desktop/code-stable-x64-1705560028/VSCode-linux-x64/resources/app/out/vs/workbench/workbench.desktop.main.js:2718:17969)
2025-10-17 16:38:59.941 [error] CodeExpectedError: Connecting with SSH timed out
    at ee.rb (vscode-file://vscode-app/home/drdbrioso/Desktop/code-stable-x64-1705560028/VSCode-linux-x64/resources/app/out/vs/workbench/workbench.desktop.main.js:2718:21055)
    at async ee.qb (vscode-file://vscode-app/home/drdbrioso/Desktop/code-stable-x64-1705560028/VSCode-linux-x64/resources/app/out/vs/workbench/workbench.desktop.main.js:2718:20332)
    at async ee.Ob (vscode-file://vscode-app/home/drdbrioso/Desktop/code-stable-x64-1705560028/VSCode-linux-x64/resources/app/out/vs/workbench/workbench.desktop.main.js:2719:11484)
    at async ee.jb (vscode-file://vscode-app/home/drdbrioso/Desktop/code-stable-x64-1705560028/VSCode-linux-x64/resources/app/out/vs/workbench/workbench.desktop.main.js:2718:17969)
2025-10-17 16:38:59.943 [error] Cannot register remote filesystem provider. Error while fetching remote environment. Connecting with SSH timed out
2025-10-17 16:38:59.943 [error] CodeExpectedError: Connecting with SSH timed out
    at ee.rb (vscode-file://vscode-app/home/drdbrioso/Desktop/code-stable-x64-1705560028/VSCode-linux-x64/resources/app/out/vs/workbench/workbench.desktop.main.js:2718:21055)
    at async ee.qb (vscode-file://vscode-app/home/drdbrioso/Desktop/code-stable-x64-1705560028/VSCode-linux-x64/resources/app/out/vs/workbench/workbench.desktop.main.js:2718:20332)
    at async ee.Ob (vscode-file://vscode-app/home/drdbrioso/Desktop/code-stable-x64-1705560028/VSCode-linux-x64/resources/app/out/vs/workbench/workbench.desktop.main.js:2719:11484)
    at async ee.jb (vscode-file://vscode-app/home/drdbrioso/Desktop/code-stable-x64-1705560028/VSCode-linux-x64/resources/app/out/vs/workbench/workbench.desktop.main.js:2718:17969)
2025-10-17 16:38:59.943 [error] CodeExpectedError: Connecting with SSH timed out
    at ee.rb (vscode-file://vscode-app/home/drdbrioso/Desktop/code-stable-x64-1705560028/VSCode-linux-x64/resources/app/out/vs/workbench/workbench.desktop.main.js:2718:21055)
    at async ee.qb (vscode-file://vscode-app/home/drdbrioso/Desktop/code-stable-x64-1705560028/VSCode-linux-x64/resources/app/out/vs/workbench/workbench.desktop.main.js:2718:20332)
    at async ee.Ob (vscode-file://vscode-app/home/drdbrioso/Desktop/code-stable-x64-1705560028/VSCode-linux-x64/resources/app/out/vs/workbench/workbench.desktop.main.js:2719:11484)
    at async ee.jb (vscode-file://vscode-app/home/drdbrioso/Desktop/code-stable-x64-1705560028/VSCode-linux-x64/resources/app/out/vs/workbench/workbench.desktop.main.js:2718:17969)
2025-10-17 16:38:59.943 [error] CodeExpectedError: Connecting with SSH timed out
    at ee.rb (vscode-file://vscode-app/home/drdbrioso/Desktop/code-stable-x64-1705560028/VSCode-linux-x64/resources/app/out/vs/workbench/workbench.desktop.main.js:2718:21055)
    at async ee.qb (vscode-file://vscode-app/home/drdbrioso/Desktop/code-stable-x64-1705560028/VSCode-linux-x64/resources/app/out/vs/workbench/workbench.desktop.main.js:2718:20332)
    at async ee.Ob (vscode-file://vscode-app/home/drdbrioso/Desktop/code-stable-x64-1705560028/VSCode-linux-x64/resources/app/out/vs/workbench/workbench.desktop.main.js:2719:11484)
    at async ee.jb (vscode-file://vscode-app/home/drdbrioso/Desktop/code-stable-x64-1705560028/VSCode-linux-x64/resources/app/out/vs/workbench/workbench.desktop.main.js:2718:17969)
2025-10-17 16:38:59.944 [error] CodeExpectedError: Connecting with SSH timed out
    at ee.rb (vscode-file://vscode-app/home/drdbrioso/Desktop/code-stable-x64-1705560028/VSCode-linux-x64/resources/app/out/vs/workbench/workbench.desktop.main.js:2718:21055)
    at async ee.qb (vscode-file://vscode-app/home/drdbrioso/Desktop/code-stable-x64-1705560028/VSCode-linux-x64/resources/app/out/vs/workbench/workbench.desktop.main.js:2718:20332)
    at async ee.Ob (vscode-file://vscode-app/home/drdbrioso/Desktop/code-stable-x64-1705560028/VSCode-linux-x64/resources/app/out/vs/workbench/workbench.desktop.main.js:2719:11484)
    at async ee.jb (vscode-file://vscode-app/home/drdbrioso/Desktop/code-stable-x64-1705560028/VSCode-linux-x64/resources/app/out/vs/workbench/workbench.desktop.main.js:2718:17969)
2025-10-17 16:38:59.946 [error] CodeExpectedError: Connecting with SSH timed out
    at ee.rb (vscode-file://vscode-app/home/drdbrioso/Desktop/code-stable-x64-1705560028/VSCode-linux-x64/resources/app/out/vs/workbench/workbench.desktop.main.js:2718:21055)
    at async ee.qb (vscode-file://vscode-app/home/drdbrioso/Desktop/code-stable-x64-1705560028/VSCode-linux-x64/resources/app/out/vs/workbench/workbench.desktop.main.js:2718:20332)
    at async ee.Ob (vscode-file://vscode-app/home/drdbrioso/Desktop/code-stable-x64-1705560028/VSCode-linux-x64/resources/app/out/vs/workbench/workbench.desktop.main.js:2719:11484)
    at async ee.jb (vscode-file://vscode-app/home/drdbrioso/Desktop/code-stable-x64-1705560028/VSCode-linux-x64/resources/app/out/vs/workbench/workbench.desktop.main.js:2718:17969)
2025-10-17 16:38:59.950 [warning] Ignoring the error while validating workspace folder vscode-remote://ssh-remote%2Bsenc.icmc.usp.br/var/www - ENOPRO: No file system provider found for resource 'vscode-remote://ssh-remote%2Bsenc.icmc.usp.br/var/www'
2025-10-17 16:38:59.951 [error] CodeExpectedError: ENOPRO: No file system provider found for resource 'vscode-remote://ssh-remote%2Bsenc.icmc.usp.br/var/www'
    at n.j (vscode-file://vscode-app/home/drdbrioso/Desktop/code-stable-x64-1705560028/VSCode-linux-x64/resources/app/out/vs/workbench/workbench.desktop.main.js:645:13659)
    at async n.bb (vscode-file://vscode-app/home/drdbrioso/Desktop/code-stable-x64-1705560028/VSCode-linux-x64/resources/app/out/vs/workbench/workbench.desktop.main.js:645:24851)
    at async vscode-file://vscode-app/home/drdbrioso/Desktop/code-stable-x64-1705560028/VSCode-linux-x64/resources/app/out/vs/workbench/workbench.desktop.main.js:645:24559
2025-10-17 16:38:59.952 [error] ENOPRO: No file system provider found for resource 'vscode-remote://ssh-remote%2Bsenc.icmc.usp.br/var/www/.git/config': CodeExpectedError: ENOPRO: No file system provider found for resource 'vscode-remote://ssh-remote%2Bsenc.icmc.usp.br/var/www/.git/config'
    at n.j (vscode-file://vscode-app/home/drdbrioso/Desktop/code-stable-x64-1705560028/VSCode-linux-x64/resources/app/out/vs/workbench/workbench.desktop.main.js:645:13659)
    at async n.exists (vscode-file://vscode-app/home/drdbrioso/Desktop/code-stable-x64-1705560028/VSCode-linux-x64/resources/app/out/vs/workbench/workbench.desktop.main.js:645:15866)
    at async Promise.all (index 0)
2025-10-17 16:38:59.957 [error] CodeExpectedError: ENOPRO: No file system provider found for resource 'vscode-remote://ssh-remote%2Bsenc.icmc.usp.br/var/www/programacao.php'
    at n.j (vscode-file://vscode-app/home/drdbrioso/Desktop/code-stable-x64-1705560028/VSCode-linux-x64/resources/app/out/vs/workbench/workbench.desktop.main.js:645:13659)
    at async n.m (vscode-file://vscode-app/home/drdbrioso/Desktop/code-stable-x64-1705560028/VSCode-linux-x64/resources/app/out/vs/workbench/workbench.desktop.main.js:645:13751)
    at async n.readFileStream (vscode-file://vscode-app/home/drdbrioso/Desktop/code-stable-x64-1705560028/VSCode-linux-x64/resources/app/out/vs/workbench/workbench.desktop.main.js:645:18124)
    at async b.M (vscode-file://vscode-app/home/drdbrioso/Desktop/code-stable-x64-1705560028/VSCode-linux-x64/resources/app/out/vs/workbench/workbench.desktop.main.js:2169:42874)
    at async b.readStream (vscode-file://vscode-app/home/drdbrioso/Desktop/code-stable-x64-1705560028/VSCode-linux-x64/resources/app/out/vs/workbench/workbench.desktop.main.js:2169:42628)
    at async P.Cb (vscode-file://vscode-app/home/drdbrioso/Desktop/code-stable-x64-1705560028/VSCode-linux-x64/resources/app/out/vs/workbench/workbench.desktop.main.js:2158:6445)
    at async P.resolve (vscode-file://vscode-app/home/drdbrioso/Desktop/code-stable-x64-1705560028/VSCode-linux-x64/resources/app/out/vs/workbench/workbench.desktop.main.js:2158:4892)
    at async s.W (vscode-file://vscode-app/home/drdbrioso/Desktop/code-stable-x64-1705560028/VSCode-linux-x64/resources/app/out/vs/workbench/workbench.desktop.main.js:2169:39017)
    at async n.hb (vscode-file://vscode-app/home/drdbrioso/Desktop/code-stable-x64-1705560028/VSCode-linux-x64/resources/app/out/vs/workbench/workbench.desktop.main.js:1913:9133)
    at async M.setInput (vscode-file://vscode-app/home/drdbrioso/Desktop/code-stable-x64-1705560028/VSCode-linux-x64/resources/app/out/vs/workbench/workbench.desktop.main.js:2148:23768)
    at async b.S (vscode-file://vscode-app/home/drdbrioso/Desktop/code-stable-x64-1705560028/VSCode-linux-x64/resources/app/out/vs/workbench/workbench.desktop.main.js:2146:23046)
    at async b.L (vscode-file://vscode-app/home/drdbrioso/Desktop/code-stable-x64-1705560028/VSCode-linux-x64/resources/app/out/vs/workbench/workbench.desktop.main.js:2146:21637)
    at async b.openEditor (vscode-file://vscode-app/home/drdbrioso/Desktop/code-stable-x64-1705560028/VSCode-linux-x64/resources/app/out/vs/workbench/workbench.desktop.main.js:2146:20603)
    at async vscode-file://vscode-app/home/drdbrioso/Desktop/code-stable-x64-1705560028/VSCode-linux-x64/resources/app/out/vs/workbench/workbench.desktop.main.js:2275:23005
2025-10-17 16:38:59.968 [error] ENOPRO: No file system provider found for resource 'vscode-remote://ssh-remote%2Bsenc.icmc.usp.br/var/www/pom.xml': CodeExpectedError: ENOPRO: No file system provider found for resource 'vscode-remote://ssh-remote%2Bsenc.icmc.usp.br/var/www/pom.xml'
    at n.j (vscode-file://vscode-app/home/drdbrioso/Desktop/code-stable-x64-1705560028/VSCode-linux-x64/resources/app/out/vs/workbench/workbench.desktop.main.js:645:13659)
    at async n.exists (vscode-file://vscode-app/home/drdbrioso/Desktop/code-stable-x64-1705560028/VSCode-linux-x64/resources/app/out/vs/workbench/workbench.desktop.main.js:645:15866)
    at async Promise.all (index 0)
2025-10-17 16:38:59.992 [error] Connecting with SSH timed out: CodeExpectedError: Connecting with SSH timed out
    at ee.rb (vscode-file://vscode-app/home/drdbrioso/Desktop/code-stable-x64-1705560028/VSCode-linux-x64/resources/app/out/vs/workbench/workbench.desktop.main.js:2718:21055)
    at async ee.qb (vscode-file://vscode-app/home/drdbrioso/Desktop/code-stable-x64-1705560028/VSCode-linux-x64/resources/app/out/vs/workbench/workbench.desktop.main.js:2718:20332)
    at async ee.Ob (vscode-file://vscode-app/home/drdbrioso/Desktop/code-stable-x64-1705560028/VSCode-linux-x64/resources/app/out/vs/workbench/workbench.desktop.main.js:2719:11484)
    at async ee.jb (vscode-file://vscode-app/home/drdbrioso/Desktop/code-stable-x64-1705560028/VSCode-linux-x64/resources/app/out/vs/workbench/workbench.desktop.main.js:2718:17969)
2025-10-17 16:38:59.993 [error] ENOPRO: No file system provider found for resource 'vscode-remote://ssh-remote%2Bsenc.icmc.usp.br/var/www': CodeExpectedError: ENOPRO: No file system provider found for resource 'vscode-remote://ssh-remote%2Bsenc.icmc.usp.br/var/www'
    at n.j (vscode-file://vscode-app/home/drdbrioso/Desktop/code-stable-x64-1705560028/VSCode-linux-x64/resources/app/out/vs/workbench/workbench.desktop.main.js:645:13659)
    at async n.s (vscode-file://vscode-app/home/drdbrioso/Desktop/code-stable-x64-1705560028/VSCode-linux-x64/resources/app/out/vs/workbench/workbench.desktop.main.js:645:14449)
    at async n.resolve (vscode-file://vscode-app/home/drdbrioso/Desktop/code-stable-x64-1705560028/VSCode-linux-x64/resources/app/out/vs/workbench/workbench.desktop.main.js:645:14277)
    at async d.j (vscode-file://vscode-app/home/drdbrioso/Desktop/code-stable-x64-1705560028/VSCode-linux-x64/resources/app/out/vs/workbench/workbench.desktop.main.js:1986:5302)
2025-10-17 16:38:59.993 [error] ENOPRO: No file system provider found for resource 'vscode-remote://ssh-remote%2Bsenc.icmc.usp.br/var/www/.vscode': CodeExpectedError: ENOPRO: No file system provider found for resource 'vscode-remote://ssh-remote%2Bsenc.icmc.usp.br/var/www/.vscode'
    at n.j (vscode-file://vscode-app/home/drdbrioso/Desktop/code-stable-x64-1705560028/VSCode-linux-x64/resources/app/out/vs/workbench/workbench.desktop.main.js:645:13659)
    at async n.exists (vscode-file://vscode-app/home/drdbrioso/Desktop/code-stable-x64-1705560028/VSCode-linux-x64/resources/app/out/vs/workbench/workbench.desktop.main.js:645:15866)
    at async vscode-file://vscode-app/home/drdbrioso/Desktop/code-stable-x64-1705560028/VSCode-linux-x64/resources/app/out/vs/workbench/workbench.desktop.main.js:2048:6302
    at async Promise.all (index 0)
    at async T.v (vscode-file://vscode-app/home/drdbrioso/Desktop/code-stable-x64-1705560028/VSCode-linux-x64/resources/app/out/vs/workbench/workbench.desktop.main.js:2048:6409)
2025-10-17 16:39:00.171 [error] CodeExpectedError: Connecting with SSH timed out
    at ee.rb (vscode-file://vscode-app/home/drdbrioso/Desktop/code-stable-x64-1705560028/VSCode-linux-x64/resources/app/out/vs/workbench/workbench.desktop.main.js:2718:21055)
    at async ee.qb (vscode-file://vscode-app/home/drdbrioso/Desktop/code-stable-x64-1705560028/VSCode-linux-x64/resources/app/out/vs/workbench/workbench.desktop.main.js:2718:20332)
    at async ee.Ob (vscode-file://vscode-app/home/drdbrioso/Desktop/code-stable-x64-1705560028/VSCode-linux-x64/resources/app/out/vs/workbench/workbench.desktop.main.js:2719:11484)
    at async ee.jb (vscode-file://vscode-app/home/drdbrioso/Desktop/code-stable-x64-1705560028/VSCode-linux-x64/resources/app/out/vs/workbench/workbench.desktop.main.js:2718:17969)
2025-10-17 16:39:01.001 [error] command 'remote-internal.setActiveFolders' not found: Error: command 'remote-internal.setActiveFolders' not found
    at k.n (vscode-file://vscode-app/home/drdbrioso/Desktop/code-stable-x64-1705560028/VSCode-linux-x64/resources/app/out/vs/workbench/workbench.desktop.main.js:1538:12339)
    at k.executeCommand (vscode-file://vscode-app/home/drdbrioso/Desktop/code-stable-x64-1705560028/VSCode-linux-x64/resources/app/out/vs/workbench/workbench.desktop.main.js:1538:12268)
2025-10-17 16:39:03.430 [warning] Via 'product.json#extensionEnabledApiProposals' extension 'ms-python.python' wants API proposal 'registerIssueDataProvider' but that proposal DOES NOT EXIST. Likely, the proposal has been finalized (check 'vscode.d.ts') or was abandoned.
2025-10-17 16:39:03.618 [info] Started local extension host with pid 24871.
2025-10-17 16:39:03.833 [info] Invoking resolveAuthority(ssh-remote)...
2025-10-17 16:39:03.833 [info] [LocalProcess0][resolveAuthority(ssh-remote,1)][0ms] obtaining proxy...
2025-10-17 16:39:03.834 [info] [LocalProcess0][resolveAuthority(ssh-remote,1)][0ms] invoking...
2025-10-17 16:39:04.834 [info] [LocalProcess0][resolveAuthority(ssh-remote,1)][1000ms] waiting...
2025-10-17 16:39:05.834 [info] [LocalProcess0][resolveAuthority(ssh-remote,1)][2000ms] waiting...
2025-10-17 16:39:06.737 [error] [/home/drdbrioso/.vscode/extensions/ms-toolsai.vscode-jupyter-cell-tags-0.1.9]: Extension is not compatible with Code 1.85.2. Extension requires: ^1.88.0.
2025-10-17 16:39:06.738 [error] [/home/drdbrioso/.vscode/extensions/ms-toolsai.vscode-jupyter-slideshow-0.1.6]: Extension is not compatible with Code 1.85.2. Extension requires: ^1.88.0.
2025-10-17 16:39:06.738 [error] [/home/drdbrioso/.vscode/extensions/ms-toolsai.jupyter-renderers-1.3.0]: Extension is not compatible with Code 1.85.2. Extension requires: ^1.95.0.
2025-10-17 16:39:06.783 [error] [/home/drdbrioso/.vscode/extensions/ms-vscode.remote-server-1.5.3]: Extension is not compatible with Code 1.85.2. Extension requires: ^1.87.0.
2025-10-17 16:39:06.783 [error] [/home/drdbrioso/.vscode/extensions/ms-vscode-remote.remote-wsl-0.104.3]: Extension is not compatible with Code 1.85.2. Extension requires: ^1.104.0.
2025-10-17 16:39:06.783 [error] [/home/drdbrioso/.vscode/extensions/ms-vscode.remote-explorer-0.5.0]: Extension is not compatible with Code 1.85.2. Extension requires: ^1.87.0.
2025-10-17 16:39:06.784 [error] [/home/drdbrioso/.vscode/extensions/ms-python.vscode-python-envs-1.8.0-linux-x64]: Extension is not compatible with Code 1.85.2. Extension requires: ^1.104.0-20250815.
2025-10-17 16:39:06.797 [error] [/home/drdbrioso/.vscode/extensions/ms-vscode-remote.remote-containers-0.427.0]: Extension is not compatible with Code 1.85.2. Extension requires: ^1.99.0.
2025-10-17 16:39:06.797 [error] [/home/drdbrioso/.vscode/extensions/ms-python.debugpy-2025.10.0-linux-x64]: Extension is not compatible with Code 1.85.2. Extension requires: ^1.92.0.
2025-10-17 16:39:06.799 [error] [/home/drdbrioso/.vscode/extensions/ms-python.python-2025.14.0-linux-x64]: Extension is not compatible with Code 1.85.2. Extension requires: ^1.95.0.
2025-10-17 16:39:06.800 [error] [/home/drdbrioso/.vscode/extensions/ms-python.vscode-pylance-2025.8.3]: Extension is not compatible with Code 1.85.2. Extension requires: ^1.101.0.
2025-10-17 16:39:06.835 [info] [LocalProcess0][resolveAuthority(ssh-remote,1)][3000ms] waiting...
2025-10-17 16:39:07.835 [info] [LocalProcess0][resolveAuthority(ssh-remote,1)][4000ms] waiting...
2025-10-17 16:39:08.835 [info] [LocalProcess0][resolveAuthority(ssh-remote,1)][5000ms] waiting...
2025-10-17 16:39:09.835 [info] [LocalProcess0][resolveAuthority(ssh-remote,1)][6000ms] waiting...
2025-10-17 16:39:10.834 [info] [LocalProcess0][resolveAuthority(ssh-remote,1)][7000ms] waiting...
2025-10-17 16:39:11.835 [info] [LocalProcess0][resolveAuthority(ssh-remote,1)][8000ms] waiting...
2025-10-17 16:39:12.835 [info] [LocalProcess0][resolveAuthority(ssh-remote,1)][9000ms] waiting...
2025-10-17 16:39:13.834 [info] [LocalProcess0][resolveAuthority(ssh-remote,1)][10000ms] waiting...
2025-10-17 16:39:14.834 [info] [LocalProcess0][resolveAuthority(ssh-remote,1)][11000ms] waiting...
2025-10-17 16:39:15.836 [info] [LocalProcess0][resolveAuthority(ssh-remote,1)][12000ms] waiting...
2025-10-17 16:39:16.835 [info] [LocalProcess0][resolveAuthority(ssh-remote,1)][13000ms] waiting...
2025-10-17 16:39:17.834 [info] [LocalProcess0][resolveAuthority(ssh-remote,1)][14000ms] waiting...
2025-10-17 16:39:18.835 [info] [LocalProcess0][resolveAuthority(ssh-remote,1)][15000ms] waiting...
2025-10-17 16:39:19.835 [info] [LocalProcess0][resolveAuthority(ssh-remote,1)][16000ms] waiting...
2025-10-17 16:39:20.835 [info] [LocalProcess0][resolveAuthority(ssh-remote,1)][17000ms] waiting...
2025-10-17 16:39:21.835 [info] [LocalProcess0][resolveAuthority(ssh-remote,1)][18000ms] waiting...
2025-10-17 16:39:22.834 [info] [LocalProcess0][resolveAuthority(ssh-remote,1)][19000ms] waiting...
2025-10-17 16:39:23.834 [info] [LocalProcess0][resolveAuthority(ssh-remote,1)][20000ms] waiting...
2025-10-17 16:39:24.835 [info] [LocalProcess0][resolveAuthority(ssh-remote,1)][21000ms] waiting...
2025-10-17 16:39:25.835 [info] [LocalProcess0][resolveAuthority(ssh-remote,1)][22000ms] waiting...
2025-10-17 16:39:26.835 [info] [LocalProcess0][resolveAuthority(ssh-remote,1)][23000ms] waiting...
2025-10-17 16:39:27.834 [info] [LocalProcess0][resolveAuthority(ssh-remote,1)][24000ms] waiting...
2025-10-17 16:39:28.834 [info] [LocalProcess0][resolveAuthority(ssh-remote,1)][25000ms] waiting...
2025-10-17 16:39:29.835 [info] [LocalProcess0][resolveAuthority(ssh-remote,1)][26000ms] waiting...
2025-10-17 16:39:30.835 [info] [LocalProcess0][resolveAuthority(ssh-remote,1)][27000ms] waiting...
2025-10-17 16:39:31.834 [info] [LocalProcess0][resolveAuthority(ssh-remote,1)][28000ms] waiting...
2025-10-17 16:39:32.834 [info] [LocalProcess0][resolveAuthority(ssh-remote,1)][29000ms] waiting...
2025-10-17 16:39:33.834 [info] [LocalProcess0][resolveAuthority(ssh-remote,1)][30000ms] waiting...
2025-10-17 16:39:34.837 [info] [LocalProcess0][resolveAuthority(ssh-remote,1)][31002ms] waiting...
2025-10-17 16:39:35.834 [info] [LocalProcess0][resolveAuthority(ssh-remote,1)][32000ms] waiting...
2025-10-17 16:39:36.834 [info] [LocalProcess0][resolveAuthority(ssh-remote,1)][33000ms] waiting...
2025-10-17 16:39:37.835 [info] [LocalProcess0][resolveAuthority(ssh-remote,1)][34000ms] waiting...
2025-10-17 16:39:38.835 [info] [LocalProcess0][resolveAuthority(ssh-remote,1)][35000ms] waiting...
2025-10-17 16:39:39.835 [info] [LocalProcess0][resolveAuthority(ssh-remote,1)][36000ms] waiting...
2025-10-17 16:39:40.834 [info] [LocalProcess0][resolveAuthority(ssh-remote,1)][37000ms] waiting...
2025-10-17 16:39:41.835 [info] [LocalProcess0][resolveAuthority(ssh-remote,1)][38000ms] waiting...
2025-10-17 16:39:42.835 [info] [LocalProcess0][resolveAuthority(ssh-remote,1)][39001ms] waiting...
2025-10-17 16:39:43.834 [info] [LocalProcess0][resolveAuthority(ssh-remote,1)][40000ms] waiting...
2025-10-17 16:39:44.835 [info] [LocalProcess0][resolveAuthority(ssh-remote,1)][41000ms] waiting...
2025-10-17 16:39:45.834 [info] [LocalProcess0][resolveAuthority(ssh-remote,1)][42000ms] waiting...
2025-10-17 16:39:46.834 [info] [LocalProcess0][resolveAuthority(ssh-remote,1)][43000ms] waiting...
2025-10-17 16:39:47.835 [info] [LocalProcess0][resolveAuthority(ssh-remote,1)][44000ms] waiting...
2025-10-17 16:39:48.835 [info] [LocalProcess0][resolveAuthority(ssh-remote,1)][45000ms] waiting...
2025-10-17 16:39:49.835 [info] [LocalProcess0][resolveAuthority(ssh-remote,1)][46000ms] waiting...
2025-10-17 16:39:50.834 [info] [LocalProcess0][resolveAuthority(ssh-remote,1)][47000ms] waiting...
2025-10-17 16:39:51.835 [info] [LocalProcess0][resolveAuthority(ssh-remote,1)][48000ms] waiting...
2025-10-17 16:39:52.835 [info] [LocalProcess0][resolveAuthority(ssh-remote,1)][49000ms] waiting...
2025-10-17 16:39:53.834 [info] [LocalProcess0][resolveAuthority(ssh-remote,1)][50000ms] waiting...
2025-10-17 16:39:54.834 [info] [LocalProcess0][resolveAuthority(ssh-remote,1)][51000ms] waiting...
2025-10-17 16:39:55.835 [info] [LocalProcess0][resolveAuthority(ssh-remote,1)][52000ms] waiting...
2025-10-17 16:39:56.835 [info] [LocalProcess0][resolveAuthority(ssh-remote,1)][53000ms] waiting...
2025-10-17 16:39:57.835 [info] [LocalProcess0][resolveAuthority(ssh-remote,1)][54000ms] waiting...
2025-10-17 16:39:58.835 [info] [LocalProcess0][resolveAuthority(ssh-remote,1)][55000ms] waiting...
2025-10-17 16:39:59.835 [info] [LocalProcess0][resolveAuthority(ssh-remote,1)][56000ms] waiting...
2025-10-17 16:40:00.835 [info] [LocalProcess0][resolveAuthority(ssh-remote,1)][57000ms] waiting...
2025-10-17 16:40:01.834 [info] [LocalProcess0][resolveAuthority(ssh-remote,1)][58000ms] waiting...
2025-10-17 16:40:02.835 [info] [LocalProcess0][resolveAuthority(ssh-remote,1)][59000ms] waiting...
2025-10-17 16:40:03.834 [info] [LocalProcess0][resolveAuthority(ssh-remote,1)][60000ms] waiting...
2025-10-17 16:40:04.834 [info] [LocalProcess0][resolveAuthority(ssh-remote,1)][61000ms] waiting...
2025-10-17 16:40:05.835 [info] [LocalProcess0][resolveAuthority(ssh-remote,1)][62000ms] waiting...
2025-10-17 16:40:06.834 [info] [LocalProcess0][resolveAuthority(ssh-remote,1)][63000ms] waiting...
2025-10-17 16:40:07.834 [info] [LocalProcess0][resolveAuthority(ssh-remote,1)][64000ms] waiting...
2025-10-17 16:40:08.834 [info] [LocalProcess0][resolveAuthority(ssh-remote,1)][65000ms] waiting...
2025-10-17 16:40:09.835 [info] [LocalProcess0][resolveAuthority(ssh-remote,1)][66000ms] waiting...
2025-10-17 16:40:10.834 [info] [LocalProcess0][resolveAuthority(ssh-remote,1)][67000ms] waiting...
2025-10-17 16:40:11.835 [info] [LocalProcess0][resolveAuthority(ssh-remote,1)][68000ms] waiting...
2025-10-17 16:40:12.834 [info] [LocalProcess0][resolveAuthority(ssh-remote,1)][69000ms] waiting...
2025-10-17 16:40:13.834 [info] [LocalProcess0][resolveAuthority(ssh-remote,1)][70000ms] waiting...
2025-10-17 16:40:14.834 [info] [LocalProcess0][resolveAuthority(ssh-remote,1)][71000ms] waiting...
2025-10-17 16:40:15.834 [info] [LocalProcess0][resolveAuthority(ssh-remote,1)][72000ms] waiting...
2025-10-17 16:40:16.835 [info] [LocalProcess0][resolveAuthority(ssh-remote,1)][73000ms] waiting...
2025-10-17 16:40:17.835 [info] [LocalProcess0][resolveAuthority(ssh-remote,1)][74000ms] waiting...
2025-10-17 16:40:18.835 [info] [LocalProcess0][resolveAuthority(ssh-remote,1)][75001ms] waiting...
2025-10-17 16:40:19.835 [info] [LocalProcess0][resolveAuthority(ssh-remote,1)][76000ms] waiting...
2025-10-17 16:40:20.835 [info] [LocalProcess0][resolveAuthority(ssh-remote,1)][77000ms] waiting...
2025-10-17 16:40:21.834 [info] [LocalProcess0][resolveAuthority(ssh-remote,1)][78000ms] waiting...
2025-10-17 16:40:22.834 [info] [LocalProcess0][resolveAuthority(ssh-remote,1)][79000ms] waiting...
2025-10-17 16:40:23.835 [info] [LocalProcess0][resolveAuthority(ssh-remote,1)][80000ms] waiting...
2025-10-17 16:40:24.835 [info] [LocalProcess0][resolveAuthority(ssh-remote,1)][81000ms] waiting...
2025-10-17 16:40:25.834 [info] [LocalProcess0][resolveAuthority(ssh-remote,1)][82000ms] waiting...
2025-10-17 16:40:26.835 [info] [LocalProcess0][resolveAuthority(ssh-remote,1)][83000ms] waiting...
2025-10-17 16:40:27.835 [info] [LocalProcess0][resolveAuthority(ssh-remote,1)][84000ms] waiting...
2025-10-17 16:40:28.834 [info] [LocalProcess0][resolveAuthority(ssh-remote,1)][85000ms] waiting...
2025-10-17 16:40:29.835 [info] [LocalProcess0][resolveAuthority(ssh-remote,1)][86000ms] waiting...
2025-10-17 16:40:30.835 [info] [LocalProcess0][resolveAuthority(ssh-remote,1)][87000ms] waiting...
2025-10-17 16:40:31.835 [info] [LocalProcess0][resolveAuthority(ssh-remote,1)][88000ms] waiting...
2025-10-17 16:40:32.834 [info] [LocalProcess0][resolveAuthority(ssh-remote,1)][89000ms] waiting...
2025-10-17 16:40:33.835 [info] [LocalProcess0][resolveAuthority(ssh-remote,1)][90000ms] waiting...
2025-10-17 16:40:34.837 [info] [LocalProcess0][resolveAuthority(ssh-remote,1)][91003ms] waiting...
2025-10-17 16:40:35.835 [info] [LocalProcess0][resolveAuthority(ssh-remote,1)][92001ms] waiting...
2025-10-17 16:40:36.835 [info] [LocalProcess0][resolveAuthority(ssh-remote,1)][93000ms] waiting...
2025-10-17 16:40:37.835 [info] [LocalProcess0][resolveAuthority(ssh-remote,1)][94000ms] waiting...
2025-10-17 16:40:38.835 [info] [LocalProcess0][resolveAuthority(ssh-remote,1)][95000ms] waiting...
2025-10-17 16:40:39.616 [error] [Extension Host] (node:24871) [DEP0005] DeprecationWarning: Buffer() is deprecated due to security and usability issues. Please use the Buffer.alloc(), Buffer.allocUnsafe(), or Buffer.from() methods instead.
(Use `exe --trace-deprecation ...` to show where the warning was created)
2025-10-17 16:40:39.626 [info] [LocalProcess0][resolveAuthority(ssh-remote,1)][95792ms] returned WebSocket(127.0.0.1:37777)
2025-10-17 16:40:39.626 [info] resolveAuthority(ssh-remote) returned 'WebSocket(127.0.0.1:37777)' after 95792 ms
2025-10-17 16:40:39.627 [info] Creating a socket (renderer-Management-787c55b4-88df-4d25-bcfb-f79e08966904)...
2025-10-17 16:40:39.628 [info] Creating a socket (renderer-ExtensionHost-7b1d11e0-f3ab-4bed-83ed-aee33263d581)...
2025-10-17 16:40:39.800 [info] Creating a socket (renderer-Management-787c55b4-88df-4d25-bcfb-f79e08966904) was successful after 173 ms.
2025-10-17 16:40:39.933 [info] Creating a socket (renderer-ExtensionHost-7b1d11e0-f3ab-4bed-83ed-aee33263d581) was successful after 306 ms.
2025-10-17 16:40:47.506 [error] command 'remote-internal.setActiveFolders' not found: Error: command 'remote-internal.setActiveFolders' not found
    at k.n (vscode-file://vscode-app/home/drdbrioso/Desktop/code-stable-x64-1705560028/VSCode-linux-x64/resources/app/out/vs/workbench/workbench.desktop.main.js:1538:12339)
    at k.executeCommand (vscode-file://vscode-app/home/drdbrioso/Desktop/code-stable-x64-1705560028/VSCode-linux-x64/resources/app/out/vs/workbench/workbench.desktop.main.js:1538:12268)
2025-10-17 16:40:49.858 [info] [perf] Render performance baseline is 25ms
2025-10-17 16:40:50.497 [info] Extension host (Remote) is unresponsive.
2025-10-17 16:40:55.446 [info] Extension host (Remote) is responsive.
2025-10-17 16:46:32.434 [info] [lifecycle]: Shutdown was prevented by final veto (id: veto.backups)
2025-10-17 16:53:40.884 [info] Extension host (Remote) is unresponsive.
2025-10-17 16:53:41.159 [error] Error: Aborted onWillSaveTextDocument-event after 1750ms
    at vscode-file://vscode-app/home/drdbrioso/Desktop/code-stable-x64-1705560028/VSCode-linux-x64/resources/app/out/vs/workbench/workbench.desktop.main.js:1899:12495
2025-10-17 16:53:45.504 [info] Extension host (Remote) is responsive.
2025-10-17 16:59:53.038 [info] Extension host (Remote) is unresponsive.
2025-10-17 16:59:55.131 [warning] [lifecycle] onBeforeShutdown is taking a long time, pending operations: veto.backups
2025-10-17 17:00:06.473 [info] [remote-connection][Management   ][787c5…][reconnect] received socket timeout event (unacknowledgedMsgCount: 6, timeSinceOldestUnacknowledgedMsg: 20000, timeSinceLastReceivedSomeData: 20000).
2025-10-17 17:00:06.473 [info] [remote-connection][Management   ][787c5…][reconnect] starting reconnecting loop. You can get more information with the trace log level.
2025-10-17 17:00:06.473 [info] [remote-connection][Management   ][787c5…][reconnect] resolving connection...
2025-10-17 17:00:06.474 [info] Invoking resolveAuthority(ssh-remote)...
2025-10-17 17:00:06.474 [info] [LocalProcess0][resolveAuthority(ssh-remote,2)][0ms] obtaining proxy...
2025-10-17 17:00:06.474 [info] [LocalProcess0][resolveAuthority(ssh-remote,2)][0ms] invoking...
2025-10-17 17:00:07.475 [info] [LocalProcess0][resolveAuthority(ssh-remote,2)][1001ms] waiting...
2025-10-17 17:00:08.475 [info] [LocalProcess0][resolveAuthority(ssh-remote,2)][2001ms] waiting...
2025-10-17 17:00:09.286 [info] [lifecycle]: Shutdown was prevented by final veto (id: veto.backups)
2025-10-17 17:00:09.475 [info] [LocalProcess0][resolveAuthority(ssh-remote,2)][3001ms] waiting...
2025-10-17 17:00:09.674 [info] [remote-connection][ExtensionHost][7b1d1…][reconnect] received socket close event (wasClean: false, code: 1006, reason: ).
2025-10-17 17:00:09.674 [error] {"isTrusted":true}
2025-10-17 17:00:09.675 [info] [remote-connection][ExtensionHost][7b1d1…][reconnect] starting reconnecting loop. You can get more information with the trace log level.
2025-10-17 17:00:09.676 [info] [remote-connection][ExtensionHost][7b1d1…][reconnect] resolving connection...
2025-10-17 17:00:09.676 [info] [remote-connection][Management   ][787c5…][reconnect] received socket close event (wasClean: false, code: 1006, reason: ).
2025-10-17 17:00:09.677 [error] {"isTrusted":true}
2025-10-17 17:00:10.037 [info] [remote-connection][ExtensionHost][7b1d1…][reconnect] received socket timeout event (unacknowledgedMsgCount: 30, timeSinceOldestUnacknowledgedMsg: 20000, timeSinceLastReceivedSomeData: 23026).
2025-10-17 17:00:10.475 [info] [LocalProcess0][resolveAuthority(ssh-remote,2)][4001ms] waiting...
2025-10-17 17:00:11.475 [info] [LocalProcess0][resolveAuthority(ssh-remote,2)][5001ms] waiting...
2025-10-17 17:00:12.475 [info] [LocalProcess0][resolveAuthority(ssh-remote,2)][6001ms] waiting...
2025-10-17 17:00:13.475 [info] [LocalProcess0][resolveAuthority(ssh-remote,2)][7001ms] waiting...
2025-10-17 17:00:14.475 [info] [LocalProcess0][resolveAuthority(ssh-remote,2)][8001ms] waiting...
2025-10-17 17:00:15.475 [info] [LocalProcess0][resolveAuthority(ssh-remote,2)][9001ms] waiting...
2025-10-17 17:00:16.475 [info] [LocalProcess0][resolveAuthority(ssh-remote,2)][10001ms] waiting...
2025-10-17 17:00:16.797 [info] [LocalProcess0][resolveAuthority(ssh-remote,2)][10323ms] returned WebSocket(127.0.0.1:34971)
2025-10-17 17:00:16.797 [info] resolveAuthority(ssh-remote) returned 'WebSocket(127.0.0.1:34971)' after 10323 ms
2025-10-17 17:00:16.798 [info] [remote-connection][Management   ][787c5…][reconnect] connecting to WebSocket(127.0.0.1:34971)...
2025-10-17 17:00:16.798 [info] Creating a socket (renderer-Management-787c55b4-88df-4d25-bcfb-f79e08966904)...
2025-10-17 17:00:16.799 [info] [remote-connection][ExtensionHost][7b1d1…][reconnect] connecting to WebSocket(127.0.0.1:34971)...
2025-10-17 17:00:16.800 [info] Creating a socket (renderer-ExtensionHost-7b1d11e0-f3ab-4bed-83ed-aee33263d581)...
2025-10-17 17:00:17.287 [info] Creating a socket (renderer-Management-787c55b4-88df-4d25-bcfb-f79e08966904) was successful after 489 ms.
2025-10-17 17:00:17.640 [info] [remote-connection][Management   ][787c5…][reconnect] reconnected!
2025-10-17 17:00:17.642 [info] Creating a socket (renderer-ExtensionHost-7b1d11e0-f3ab-4bed-83ed-aee33263d581) was successful after 842 ms.
2025-10-17 17:00:17.779 [info] [remote-connection][ExtensionHost][7b1d1…][reconnect] reconnected!
2025-10-17 17:00:18.096 [info] Extension host (Remote) is responsive.
2025-10-17 17:00:22.606 [warning] [lifecycle] onWillShutdown is taking a long time, pending operations: join.textFiles
