2025-10-17 16:37:52.203 [info] Added views:workbench.panel.markers.view in workbench.panel.markers
2025-10-17 16:37:52.203 [info] Added views:workbench.panel.output in workbench.panel.output
2025-10-17 16:37:52.203 [info] Added views:terminal in terminal
2025-10-17 16:37:52.203 [info] Added views:outline in workbench.view.explorer
2025-10-17 16:37:52.203 [info] Added views:workbench.scm in workbench.view.scm
2025-10-17 16:37:52.203 [info] Added views:workbench.view.search in workbench.view.search
2025-10-17 16:37:52.203 [info] Added views:timeline in workbench.view.explorer
2025-10-17 16:37:52.203 [info] Added views:workbench.explorer.fileView in workbench.view.explorer
2025-10-17 16:37:52.338 [info] Added views:workbench.debug.welcome in workbench.view.debug
2025-10-17 16:37:54.317 [info] Added views:~remote.forwardedPorts in ~remote.forwardedPortsContainer
2025-10-17 16:39:03.549 [info] Added views:workbench.panel.markers.view in workbench.panel.markers
2025-10-17 16:39:03.549 [info] Added views:workbench.panel.output in workbench.panel.output
2025-10-17 16:39:03.549 [info] Added views:terminal in terminal
2025-10-17 16:39:03.549 [info] Added views:outline in workbench.view.explorer
2025-10-17 16:39:03.549 [info] Added views:workbench.scm in workbench.view.scm
2025-10-17 16:39:03.549 [info] Added views:workbench.view.search in workbench.view.search
2025-10-17 16:39:03.549 [info] Added views:timeline in workbench.view.explorer
2025-10-17 16:39:03.549 [info] Added views:workbench.explorer.fileView in workbench.view.explorer
2025-10-17 16:39:03.672 [info] Added views:workbench.debug.welcome in workbench.view.debug
2025-10-17 16:39:05.656 [info] Added views:~remote.forwardedPorts in ~remote.forwardedPortsContainer
2025-10-17 16:40:45.003 [info] Added views:workbench.panel.repl.view in workbench.panel.repl
