[17:49:16.900] Log Level: 2
[17:49:16.906] VS Code version: 1.85.2
[17:49:16.906] Remote-SSH version: remote-ssh@0.108.2023112915
[17:49:16.906] linux x64
[17:49:16.907] SSH Resolver called for "ssh-remote+senc.icmc.usp.br", attempt 1
[17:49:16.907] "remote.SSH.useLocalServer": true
[17:49:16.907] "remote.SSH.useExecServer": false
[17:49:16.908] "remote.SSH.path": undefined
[17:49:16.908] "remote.SSH.configFile": undefined
[17:49:16.908] "remote.SSH.useFlock": true
[17:49:16.908] "remote.SSH.lockfilesInTmp": false
[17:49:16.908] "remote.SSH.localServerDownload": auto
[17:49:16.908] "remote.SSH.remoteServerListenOnSocket": false
[17:49:16.908] "remote.SSH.showLoginTerminal": false
[17:49:16.908] "remote.SSH.defaultExtensions": []
[17:49:16.908] "remote.SSH.loglevel": 2
[17:49:16.908] "remote.SSH.enableDynamicForwarding": true
[17:49:16.908] "remote.SSH.enableRemoteCommand": false
[17:49:16.908] "remote.SSH.serverPickPortsFromRange": {}
[17:49:16.908] "remote.SSH.serverInstallPath": {}
[17:49:16.917] SSH Resolver called for host: senc.icmc.usp.br
[17:49:16.917] Setting up SSH remote "senc.icmc.usp.br"
[17:49:16.919] Acquiring local install lock: /tmp/vscode-remote-ssh-2f5e6878-install.lock
[17:49:16.919] Looking for existing server data file at /home/drdbrioso/.config/Code/User/globalStorage/ms-vscode-remote.remote-ssh/vscode-ssh-host-2f5e6878-8b3775030ed1a69b13e4f4c628c612102e30a681-0.108.2023112915-tr/data.json
[17:49:16.920] Using commit id "8b3775030ed1a69b13e4f4c628c612102e30a681" and quality "stable" for server
[17:49:16.921] Install and start server if needed
[17:49:16.923] PATH: /usr/local/bin:/usr/bin:/usr/local/sbin:/opt/android-sdk/platform-tools:/var/lib/flatpak/exports/bin:/usr/lib/jvm/default/bin:/usr/bin/site_perl:/usr/bin/vendor_perl:/usr/bin/core_perl:/home/drdbrioso/.local/bin:/opt/android-sdk/platform-tools:/home/drdbrioso/.local/bin:/opt/nvim/:/home/drdbrioso/.local/bin
[17:49:16.923] Checking ssh with "ssh -V"
[17:49:16.930] > OpenSSH_10.0p2, OpenSSL 3.5.3 16 Sep 2025

[17:49:16.933] askpass server listening on /run/user/1000/vscode-ssh-askpass-6c10632f8f691f70ada5d9598c30722b6af9e4e2.sock
[17:49:16.934] Spawning local server with {"serverId":1,"ipcHandlePath":"/run/user/1000/vscode-ssh-askpass-ec70fa96afc6ade412e01e0161d849f1244d441f.sock","sshCommand":"ssh","sshArgs":["-v","-T","-D","34751","-o","ConnectTimeout=15","senc.icmc.usp.br"],"serverDataFolderName":".vscode-server","dataFilePath":"/home/drdbrioso/.config/Code/User/globalStorage/ms-vscode-remote.remote-ssh/vscode-ssh-host-2f5e6878-8b3775030ed1a69b13e4f4c628c612102e30a681-0.108.2023112915-tr/data.json"}
[17:49:16.934] Local server env: {"SHELL":"/usr/bin/zsh","DISPLAY":":0","ELECTRON_RUN_AS_NODE":"1","SSH_ASKPASS":"/home/drdbrioso/.vscode/extensions/ms-vscode-remote.remote-ssh-0.108.2023112915/out/local-server/askpass.sh","VSCODE_SSH_ASKPASS_NODE":"/home/drdbrioso/Desktop/code-stable-x64-1705560028/VSCode-linux-x64/code","VSCODE_SSH_ASKPASS_EXTRA_ARGS":"--ms-enable-electron-run-as-node","VSCODE_SSH_ASKPASS_MAIN":"/home/drdbrioso/.vscode/extensions/ms-vscode-remote.remote-ssh-0.108.2023112915/out/askpass-main.js","VSCODE_SSH_ASKPASS_HANDLE":"/run/user/1000/vscode-ssh-askpass-6c10632f8f691f70ada5d9598c30722b6af9e4e2.sock"}
[17:49:16.937] Spawned 32847
[17:49:17.020] > local-server-1> Running ssh connection command: "-v -T -D 34751 -o ConnectTimeout=15 senc.icmc.usp.br"
[17:49:17.022] > local-server-1> Spawned ssh, pid=32856
[17:49:18.282] stderr> debug1: Server host key: ssh-ed25519 SHA256:pVqYJ9se5EhmIAvOwtJIlmPU+tHanHbPTfdzOa8qTZ4
[17:49:19.204] Got askpass request: {"request":"web-senc@senc.icmc.usp.br's password:"}
[17:49:19.205] Showing password prompt
[17:49:19.206] Listening for interwindow password on /run/user/1000/vscode-ssh-askpass-333a49bfe082e60b1f47148c374b7a94fed2b0ff.sock
[17:49:19.206] Writing password prompt to globalState
[17:49:21.553] Got password response
[17:49:21.554] Interactor gave response: ***********
[17:49:21.555] Cleaning up other-window auth server
[17:49:21.765] stderr> Authenticated to senc.icmc.usp.br ([143.107.183.96]:22) using "password".
[17:49:22.630] > Welcome to Ubuntu 18.04.6 LTS (GNU/Linux 4.15.0-213-generic x86_64)
> 
>  * Documentation:  https://help.ubuntu.com
>  * Management:     https://landscape.canonical.com
>  * Support:        https://ubuntu.com/advantage
> 
>  System information disabled due to load higher than 1.0
> 
> 
>  * Introducing Expanded Security Maintenance for Applications.
>    Receive updates to over 25,000 software packages with your
>    Ubuntu Pro subscription. Free for personal use.
> 
>      https://ubuntu.com/pro
> 
> 32 updates can be applied immediately.
> To see these additional updates run: apt list --upgradable
> 
> New release '20.04.6 LTS' available.
> Run 'do-release-upgrade' to upgrade to it.
> 
[17:49:24.887] > ready: 2789e8e063c4
[17:49:25.451] > Linux 4.15.0-213-generic #224-Ubuntu SMP Mon Jun 19 13:30:12 UTC 2023
[17:49:25.452] Platform: linux
[17:49:26.095] > /bin/bash
[17:49:26.096] Shell: bash
[17:49:26.096] Creating bash subshell inside "bash"
[17:49:26.271] > bash version:  4.4.20(1)-release
[17:49:26.347] > bash version:  4.4.20(1)-release
> bash version:  4.4.20(1)-release
> bash version:  4.4.20(1)-release
[17:49:26.416] > 2789e8e063c4: running
[17:49:27.544] > Acquiring lock on /home/web-senc/.vscode-server/bin/8b3775030ed1a69b13e4f4c628c612102e30a681/vscode-remote-lock.web-senc.8b3775030ed1a69b13e4f4c628c612102e30a681
> Found existing installation at /home/web-senc/.vscode-server/bin/8b3775030ed1a69b13e4f4c628c612102e30a681...
> Checking /home/web-senc/.vscode-server/.8b3775030ed1a69b13e4f4c628c612102e30a681.log and /home/web-senc/.vscode-server/.8b3775030ed1a69b13e4f4c628c612102e30a681.pid for a running server
> Looking for server with pid: 356
[17:49:27.548] > Found running server...
[17:49:27.550] >  
> *
> * Visual Studio Code Server
> *
> * By using the software, you agree to
> * the Visual Studio Code Server License Terms (https://aka.ms/vscode-server-license) and
> * the Microsoft Privacy Statement (https://privacy.microsoft.com/en-US/privacystatement).
> *
>  
[17:49:28.839] > Checking server status on port 39241 with wget
[17:49:29.548] > 2789e8e063c4: start
> SSH_AUTH_SOCK====
> DISPLAY====
> webUiAccessToken====
> listeningOn==39241==
> osReleaseId==ubuntu==
> arch==x86_64==
> vscodeArch==x64==
> bitness==64==
> tmpDir==/run/user/1001==
> platform==linux==
> unpackResult====
> didLocalDownload==0==
> downloadTime====
> installTime====
> extInstallTime====
> serverStartTime====
> connectionToken==a11a1111-1a11-11aa-a111-a1aaa11a11a1==
> 2789e8e063c4: end
[17:49:29.550] Received install output: 
SSH_AUTH_SOCK====
DISPLAY====
webUiAccessToken====
listeningOn==39241==
osReleaseId==ubuntu==
arch==x86_64==
vscodeArch==x64==
bitness==64==
tmpDir==/run/user/1001==
platform==linux==
unpackResult====
didLocalDownload==0==
downloadTime====
installTime====
extInstallTime====
serverStartTime====
connectionToken==a11a1111-1a11-11aa-a111-a1aaa11a11a1==

[17:49:29.552] Remote server is listening on port 39241
[17:49:29.553] Parsed server configuration: {"serverConfiguration":{"remoteListeningOn":{"port":39241},"osReleaseId":"ubuntu","arch":"x86_64","webUiAccessToken":"","sshAuthSock":"","display":"","tmpDir":"/run/user/1001","platform":"linux","connectionToken":"a11a1111-1a11-11aa-a111-a1aaa11a11a1"},"installUnpackCode":""}
[17:49:29.555] Persisting server connection details to /home/drdbrioso/.config/Code/User/globalStorage/ms-vscode-remote.remote-ssh/vscode-ssh-host-2f5e6878-8b3775030ed1a69b13e4f4c628c612102e30a681-0.108.2023112915-tr/data.json
[17:49:29.562] Starting forwarding server. local port 46683 -> socksPort 34751 -> remotePort 39241
[17:49:29.563] Forwarding server listening on port 46683
[17:49:29.563] Waiting for ssh tunnel to be ready
[17:49:29.564] [Forwarding server port 46683] Got connection 0
[17:49:29.565] Tunneled port 39241 to local port 46683
[17:49:29.565] Resolved "ssh-remote+senc.icmc.usp.br" to "port 46683"
[17:49:29.572] ------




[17:49:29.586] [Forwarding server port 46683] Got connection 1
[17:49:30.001] [Forwarding server port 46683] Got connection 2
