[17:23:29.832] Log Level: 2
[17:23:29.838] VS Code version: 1.85.2
[17:23:29.838] Remote-SSH version: remote-ssh@0.108.2023112915
[17:23:29.838] linux x64
[17:23:29.839] SSH Resolver called for "ssh-remote+senc.icmc.usp.br", attempt 1
[17:23:29.840] "remote.SSH.useLocalServer": true
[17:23:29.840] "remote.SSH.useExecServer": false
[17:23:29.840] "remote.SSH.path": undefined
[17:23:29.840] "remote.SSH.configFile": undefined
[17:23:29.840] "remote.SSH.useFlock": true
[17:23:29.840] "remote.SSH.lockfilesInTmp": false
[17:23:29.840] "remote.SSH.localServerDownload": auto
[17:23:29.840] "remote.SSH.remoteServerListenOnSocket": false
[17:23:29.840] "remote.SSH.showLoginTerminal": false
[17:23:29.840] "remote.SSH.defaultExtensions": []
[17:23:29.840] "remote.SSH.loglevel": 2
[17:23:29.840] "remote.SSH.enableDynamicForwarding": true
[17:23:29.840] "remote.SSH.enableRemoteCommand": false
[17:23:29.840] "remote.SSH.serverPickPortsFromRange": {}
[17:23:29.840] "remote.SSH.serverInstallPath": {}
[17:23:29.847] SSH Resolver called for host: senc.icmc.usp.br
[17:23:29.847] Setting up SSH remote "senc.icmc.usp.br"
[17:23:29.849] Acquiring local install lock: /tmp/vscode-remote-ssh-2f5e6878-install.lock
[17:23:29.850] Looking for existing server data file at /home/drdbrioso/.config/Code/User/globalStorage/ms-vscode-remote.remote-ssh/vscode-ssh-host-2f5e6878-8b3775030ed1a69b13e4f4c628c612102e30a681-0.108.2023112915-tr/data.json
[17:23:29.850] Using commit id "8b3775030ed1a69b13e4f4c628c612102e30a681" and quality "stable" for server
[17:23:29.852] Install and start server if needed
[17:23:29.853] PATH: /usr/local/bin:/usr/bin:/usr/local/sbin:/opt/android-sdk/platform-tools:/var/lib/flatpak/exports/bin:/usr/lib/jvm/default/bin:/usr/bin/site_perl:/usr/bin/vendor_perl:/usr/bin/core_perl:/home/drdbrioso/.local/bin:/opt/android-sdk/platform-tools:/home/drdbrioso/.local/bin:/opt/nvim/:/home/drdbrioso/.local/bin
[17:23:29.853] Checking ssh with "ssh -V"
[17:23:29.860] > OpenSSH_10.0p2, OpenSSL 3.5.3 16 Sep 2025

[17:23:29.862] askpass server listening on /run/user/1000/vscode-ssh-askpass-91d3b39932989554574381ad47df20fd0851ade3.sock
[17:23:29.862] Spawning local server with {"serverId":1,"ipcHandlePath":"/run/user/1000/vscode-ssh-askpass-63374d7e6fc4b25790aa38ce9fe0f9d8db1dd2f9.sock","sshCommand":"ssh","sshArgs":["-v","-T","-D","32827","-o","ConnectTimeout=15","senc.icmc.usp.br"],"serverDataFolderName":".vscode-server","dataFilePath":"/home/drdbrioso/.config/Code/User/globalStorage/ms-vscode-remote.remote-ssh/vscode-ssh-host-2f5e6878-8b3775030ed1a69b13e4f4c628c612102e30a681-0.108.2023112915-tr/data.json"}
[17:23:29.862] Local server env: {"SHELL":"/usr/bin/zsh","DISPLAY":":0","ELECTRON_RUN_AS_NODE":"1","SSH_ASKPASS":"/home/drdbrioso/.vscode/extensions/ms-vscode-remote.remote-ssh-0.108.2023112915/out/local-server/askpass.sh","VSCODE_SSH_ASKPASS_NODE":"/home/drdbrioso/Desktop/code-stable-x64-1705560028/VSCode-linux-x64/code","VSCODE_SSH_ASKPASS_EXTRA_ARGS":"--ms-enable-electron-run-as-node","VSCODE_SSH_ASKPASS_MAIN":"/home/drdbrioso/.vscode/extensions/ms-vscode-remote.remote-ssh-0.108.2023112915/out/askpass-main.js","VSCODE_SSH_ASKPASS_HANDLE":"/run/user/1000/vscode-ssh-askpass-91d3b39932989554574381ad47df20fd0851ade3.sock"}
[17:23:29.866] Spawned 31438
[17:23:29.961] > local-server-1> Running ssh connection command: "-v -T -D 32827 -o ConnectTimeout=15 senc.icmc.usp.br"
[17:23:29.964] > local-server-1> Spawned ssh, pid=31446
[17:23:46.868] Terminating local server
[17:23:46.875] Resolver error: Error: Connecting with SSH timed out
	at g.Timeout (/home/drdbrioso/.vscode/extensions/ms-vscode-remote.remote-ssh-0.108.2023112915/out/extension.js:2:642829)
	at Timeout._onTimeout (/home/drdbrioso/.vscode/extensions/ms-vscode-remote.remote-ssh-0.108.2023112915/out/extension.js:2:707323)
	at listOnTimeout (node:internal/timers:569:17)
	at process.processTimers (node:internal/timers:512:7)
[17:23:46.879] Local server exit: 15
[17:23:46.888] ------




