[16:45:05.994] Log Level: 2
[16:45:06.000] VS Code version: 1.85.2
[16:45:06.000] Remote-SSH version: remote-ssh@0.108.2023112915
[16:45:06.000] linux x64
[16:45:06.001] SSH Resolver called for "ssh-remote+senc.icmc.usp.br", attempt 1
[16:45:06.001] "remote.SSH.useLocalServer": true
[16:45:06.001] "remote.SSH.useExecServer": false
[16:45:06.001] "remote.SSH.path": undefined
[16:45:06.001] "remote.SSH.configFile": undefined
[16:45:06.001] "remote.SSH.useFlock": true
[16:45:06.001] "remote.SSH.lockfilesInTmp": false
[16:45:06.001] "remote.SSH.localServerDownload": auto
[16:45:06.002] "remote.SSH.remoteServerListenOnSocket": false
[16:45:06.002] "remote.SSH.showLoginTerminal": false
[16:45:06.002] "remote.SSH.defaultExtensions": []
[16:45:06.002] "remote.SSH.loglevel": 2
[16:45:06.002] "remote.SSH.enableDynamicForwarding": true
[16:45:06.002] "remote.SSH.enableRemoteCommand": false
[16:45:06.002] "remote.SSH.serverPickPortsFromRange": {}
[16:45:06.002] "remote.SSH.serverInstallPath": {}
[16:45:06.009] SSH Resolver called for host: senc.icmc.usp.br
[16:45:06.009] Setting up SSH remote "senc.icmc.usp.br"
[16:45:06.011] Acquiring local install lock: /tmp/vscode-remote-ssh-2f5e6878-install.lock
[16:45:06.012] Looking for existing server data file at /home/drdbrioso/.config/Code/User/globalStorage/ms-vscode-remote.remote-ssh/vscode-ssh-host-2f5e6878-8b3775030ed1a69b13e4f4c628c612102e30a681-0.108.2023112915-tr/data.json
[16:45:06.012] Using commit id "8b3775030ed1a69b13e4f4c628c612102e30a681" and quality "stable" for server
[16:45:06.014] Install and start server if needed
[16:45:06.015] PATH: /usr/local/bin:/usr/bin:/usr/local/sbin:/opt/android-sdk/platform-tools:/var/lib/flatpak/exports/bin:/usr/lib/jvm/default/bin:/usr/bin/site_perl:/usr/bin/vendor_perl:/usr/bin/core_perl:/home/drdbrioso/.local/bin:/opt/android-sdk/platform-tools:/home/drdbrioso/.local/bin:/opt/nvim/:/home/drdbrioso/.local/bin
[16:45:06.015] Checking ssh with "ssh -V"
[16:45:06.024] > OpenSSH_10.0p2, OpenSSL 3.5.3 16 Sep 2025

[16:45:06.026] askpass server listening on /run/user/1000/vscode-ssh-askpass-501aa7ff745644ca892ab8fcc13ef4f49775ea74.sock
[16:45:06.026] Spawning local server with {"serverId":1,"ipcHandlePath":"/run/user/1000/vscode-ssh-askpass-b22fe1e6f85b9338789107393dd399e42b89eca6.sock","sshCommand":"ssh","sshArgs":["-v","-T","-D","35917","-o","ConnectTimeout=15","senc.icmc.usp.br"],"serverDataFolderName":".vscode-server","dataFilePath":"/home/drdbrioso/.config/Code/User/globalStorage/ms-vscode-remote.remote-ssh/vscode-ssh-host-2f5e6878-8b3775030ed1a69b13e4f4c628c612102e30a681-0.108.2023112915-tr/data.json"}
[16:45:06.026] Local server env: {"SHELL":"/usr/bin/zsh","DISPLAY":":0","ELECTRON_RUN_AS_NODE":"1","SSH_ASKPASS":"/home/drdbrioso/.vscode/extensions/ms-vscode-remote.remote-ssh-0.108.2023112915/out/local-server/askpass.sh","VSCODE_SSH_ASKPASS_NODE":"/home/drdbrioso/Desktop/code-stable-x64-1705560028/VSCode-linux-x64/code","VSCODE_SSH_ASKPASS_EXTRA_ARGS":"--ms-enable-electron-run-as-node","VSCODE_SSH_ASKPASS_MAIN":"/home/drdbrioso/.vscode/extensions/ms-vscode-remote.remote-ssh-0.108.2023112915/out/askpass-main.js","VSCODE_SSH_ASKPASS_HANDLE":"/run/user/1000/vscode-ssh-askpass-501aa7ff745644ca892ab8fcc13ef4f49775ea74.sock"}
[16:45:06.030] Spawned 27132
[16:45:06.118] > local-server-1> Running ssh connection command: "-v -T -D 35917 -o ConnectTimeout=15 senc.icmc.usp.br"
[16:45:06.121] > local-server-1> Spawned ssh, pid=27140
[16:45:21.226] stderr> ssh: connect to host senc.icmc.usp.br port 22: Connection timed out
[16:45:21.227] > local-server-1> ssh child died, shutting down
[16:45:21.233] Local server exit: 0
[16:45:21.235] Received install output: local-server-1> Running ssh connection command: "-v -T -D 35917 -o ConnectTimeout=15 senc.icmc.usp.br"
local-server-1> Spawned ssh, pid=27140
ssh: connect to host senc.icmc.usp.br port 22: Connection timed out
local-server-1> ssh child died, shutting down

[16:45:21.241] Resolver error: Error: The connection timed out
	at g.Offline (/home/drdbrioso/.vscode/extensions/ms-vscode-remote.remote-ssh-0.108.2023112915/out/extension.js:2:642754)
	at /home/drdbrioso/.vscode/extensions/ms-vscode-remote.remote-ssh-0.108.2023112915/out/extension.js:2:638823
	at t.handleInstallOutput (/home/drdbrioso/.vscode/extensions/ms-vscode-remote.remote-ssh-0.108.2023112915/out/extension.js:2:639138)
	at e (/home/drdbrioso/.vscode/extensions/ms-vscode-remote.remote-ssh-0.108.2023112915/out/extension.js:2:700300)
	at process.processTicksAndRejections (node:internal/process/task_queues:95:5)
	at async /home/drdbrioso/.vscode/extensions/ms-vscode-remote.remote-ssh-0.108.2023112915/out/extension.js:2:722169
	at async t.withShowDetailsEvent (/home/drdbrioso/.vscode/extensions/ms-vscode-remote.remote-ssh-0.108.2023112915/out/extension.js:2:725828)
	at async /home/drdbrioso/.vscode/extensions/ms-vscode-remote.remote-ssh-0.108.2023112915/out/extension.js:2:697005
	at async C (/home/drdbrioso/.vscode/extensions/ms-vscode-remote.remote-ssh-0.108.2023112915/out/extension.js:2:695056)
	at async t.resolveWithLocalServer (/home/drdbrioso/.vscode/extensions/ms-vscode-remote.remote-ssh-0.108.2023112915/out/extension.js:2:696545)
	at async I (/home/drdbrioso/.vscode/extensions/ms-vscode-remote.remote-ssh-0.108.2023112915/out/extension.js:2:719392)
	at async t.resolve (/home/drdbrioso/.vscode/extensions/ms-vscode-remote.remote-ssh-0.108.2023112915/out/extension.js:2:723199)
	at async /home/drdbrioso/.vscode/extensions/ms-vscode-remote.remote-ssh-0.108.2023112915/out/extension.js:2:907012
[16:45:21.255] ------




