2025-10-07 19:15:20.006 [info] Getting Manifest... ms-python.debugpy
2025-10-07 19:15:20.010 [info] Getting Manifest... ms-python.python
2025-10-07 19:15:20.013 [info] Getting Manifest... ms-python.vscode-pylance
2025-10-07 19:15:20.015 [info] Getting Manifest... ms-toolsai.jupyter-renderers
2025-10-07 19:15:20.018 [info] Getting Manifest... ms-toolsai.vscode-jupyter-cell-tags
2025-10-07 19:15:20.019 [info] Getting Manifest... ms-toolsai.vscode-jupyter-slideshow
2025-10-07 19:15:20.022 [info] Getting Manifest... ms-vscode-remote.remote-containers
2025-10-07 19:15:20.024 [info] Getting Manifest... ms-vscode-remote.remote-ssh
2025-10-07 19:15:20.027 [info] Getting Manifest... ms-vscode-remote.remote-wsl
2025-10-07 19:15:20.029 [info] Getting Manifest... ms-vscode.remote-explorer
2025-10-07 19:15:20.032 [info] Getting Manifest... ms-vscode.remote-server
2025-10-07 19:15:21.608 [info] Installing extension: ms-toolsai.jupyter-renderers {"productVersion":{"version":"1.104.3","date":"2025-10-02T12:30:51.747Z"},"pinned":false,"operation":3,"isApplicationScoped":false,"profileLocation":{"$mid":1,"external":"vscode-userdata:/home/drdbrioso/.vscode/extensions/extensions.json","path":"/home/drdbrioso/.vscode/extensions/extensions.json","scheme":"vscode-userdata"}}
2025-10-07 19:15:21.610 [info] Installing extension: ms-toolsai.vscode-jupyter-slideshow {"productVersion":{"version":"1.104.3","date":"2025-10-02T12:30:51.747Z"},"pinned":false,"operation":3,"isApplicationScoped":false,"profileLocation":{"$mid":1,"external":"vscode-userdata:/home/drdbrioso/.vscode/extensions/extensions.json","path":"/home/drdbrioso/.vscode/extensions/extensions.json","scheme":"vscode-userdata"}}
2025-10-07 19:15:21.632 [info] Installing extension: ms-toolsai.vscode-jupyter-cell-tags {"productVersion":{"version":"1.104.3","date":"2025-10-02T12:30:51.747Z"},"pinned":false,"operation":3,"isApplicationScoped":false,"profileLocation":{"$mid":1,"external":"vscode-userdata:/home/drdbrioso/.vscode/extensions/extensions.json","path":"/home/drdbrioso/.vscode/extensions/extensions.json","scheme":"vscode-userdata"}}
2025-10-07 19:15:23.977 [info] Installing extension: ms-vscode-remote.remote-ssh {"productVersion":{"version":"1.104.3","date":"2025-10-02T12:30:51.747Z"},"pinned":false,"operation":3,"isApplicationScoped":false,"profileLocation":{"$mid":1,"external":"vscode-userdata:/home/drdbrioso/.vscode/extensions/extensions.json","path":"/home/drdbrioso/.vscode/extensions/extensions.json","scheme":"vscode-userdata"}}
2025-10-07 19:15:23.980 [info] Installing extension: ms-vscode-remote.remote-containers {"productVersion":{"version":"1.104.3","date":"2025-10-02T12:30:51.747Z"},"pinned":false,"operation":3,"isApplicationScoped":false,"profileLocation":{"$mid":1,"external":"vscode-userdata:/home/drdbrioso/.vscode/extensions/extensions.json","path":"/home/drdbrioso/.vscode/extensions/extensions.json","scheme":"vscode-userdata"}}
2025-10-07 19:15:24.004 [info] Installing extension: ms-vscode-remote.remote-wsl {"productVersion":{"version":"1.104.3","date":"2025-10-02T12:30:51.747Z"},"pinned":false,"operation":3,"isApplicationScoped":false,"profileLocation":{"$mid":1,"external":"vscode-userdata:/home/drdbrioso/.vscode/extensions/extensions.json","path":"/home/drdbrioso/.vscode/extensions/extensions.json","scheme":"vscode-userdata"}}
2025-10-07 19:15:25.962 [info] Installing extension: ms-vscode.remote-explorer {"productVersion":{"version":"1.104.3","date":"2025-10-02T12:30:51.747Z"},"pinned":false,"operation":3,"isApplicationScoped":false,"profileLocation":{"$mid":1,"external":"vscode-userdata:/home/drdbrioso/.vscode/extensions/extensions.json","path":"/home/drdbrioso/.vscode/extensions/extensions.json","scheme":"vscode-userdata"}}
2025-10-07 19:15:25.963 [info] Installing extension: ms-vscode.remote-server {"productVersion":{"version":"1.104.3","date":"2025-10-02T12:30:51.747Z"},"pinned":false,"operation":3,"isApplicationScoped":false,"profileLocation":{"$mid":1,"external":"vscode-userdata:/home/drdbrioso/.vscode/extensions/extensions.json","path":"/home/drdbrioso/.vscode/extensions/extensions.json","scheme":"vscode-userdata"}}
2025-10-07 19:15:28.819 [info] Extension signature verification result for ms-toolsai.vscode-jupyter-cell-tags: Success. Internal Code: 0. Executed: true. Duration: 499ms.
2025-10-07 19:15:28.841 [info] Extracted extension to file:///home/drdbrioso/.vscode/extensions/ms-toolsai.vscode-jupyter-cell-tags-0.1.9: ms-toolsai.vscode-jupyter-cell-tags
2025-10-07 19:15:28.845 [info] Renamed to /home/drdbrioso/.vscode/extensions/ms-toolsai.vscode-jupyter-cell-tags-0.1.9
2025-10-07 19:15:28.857 [info] Marked extension as removed ms-toolsai.vscode-jupyter-cell-tags-0.1.8
2025-10-07 19:15:28.864 [info] Extension installed successfully: ms-toolsai.vscode-jupyter-cell-tags vscode-userdata:/home/drdbrioso/.vscode/extensions/extensions.json
2025-10-07 19:15:29.079 [info] Extension signature verification result for ms-toolsai.vscode-jupyter-slideshow: Success. Internal Code: 0. Executed: true. Duration: 440ms.
2025-10-07 19:15:29.091 [info] Extracted extension to file:///home/drdbrioso/.vscode/extensions/ms-toolsai.vscode-jupyter-slideshow-0.1.6: ms-toolsai.vscode-jupyter-slideshow
2025-10-07 19:15:29.095 [info] Renamed to /home/drdbrioso/.vscode/extensions/ms-toolsai.vscode-jupyter-slideshow-0.1.6
2025-10-07 19:15:29.102 [info] Marked extension as removed ms-toolsai.vscode-jupyter-slideshow-0.1.5
2025-10-07 19:15:29.109 [info] Extension installed successfully: ms-toolsai.vscode-jupyter-slideshow vscode-userdata:/home/drdbrioso/.vscode/extensions/extensions.json
2025-10-07 19:15:31.600 [info] Extension signature verification result for ms-vscode-remote.remote-containers: Success. Internal Code: 0. Executed: true. Duration: 438ms.
2025-10-07 19:15:31.683 [info] Extracted extension to file:///home/drdbrioso/.vscode/extensions/ms-vscode-remote.remote-containers-0.427.0: ms-vscode-remote.remote-containers
2025-10-07 19:15:31.692 [info] Renamed to /home/drdbrioso/.vscode/extensions/ms-vscode-remote.remote-containers-0.427.0
2025-10-07 19:15:31.704 [info] Marked extension as removed ms-vscode-remote.remote-containers-0.327.0
2025-10-07 19:15:31.709 [info] Extension installed successfully: ms-vscode-remote.remote-containers vscode-userdata:/home/drdbrioso/.vscode/extensions/extensions.json
2025-10-07 19:15:32.103 [info] Extension signature verification result for ms-vscode.remote-server: Success. Internal Code: 0. Executed: true. Duration: 494ms.
2025-10-07 19:15:32.139 [info] Extracted extension to file:///home/drdbrioso/.vscode/extensions/ms-vscode.remote-server-1.5.3: ms-vscode.remote-server
2025-10-07 19:15:32.145 [info] Renamed to /home/drdbrioso/.vscode/extensions/ms-vscode.remote-server-1.5.3
2025-10-07 19:15:32.156 [info] Marked extension as removed ms-vscode.remote-server-1.5.0
2025-10-07 19:15:32.166 [info] Extension installed successfully: ms-vscode.remote-server vscode-userdata:/home/drdbrioso/.vscode/extensions/extensions.json
2025-10-07 19:15:32.608 [info] Installing extension: ms-python.debugpy {"productVersion":{"version":"1.104.3","date":"2025-10-02T12:30:51.747Z"},"pinned":false,"operation":3,"isApplicationScoped":false,"profileLocation":{"$mid":1,"external":"vscode-userdata:/home/drdbrioso/.vscode/extensions/extensions.json","path":"/home/drdbrioso/.vscode/extensions/extensions.json","scheme":"vscode-userdata"}}
2025-10-07 19:15:32.612 [info] Installing extension: ms-python.vscode-pylance {"productVersion":{"version":"1.104.3","date":"2025-10-02T12:30:51.747Z"},"pinned":false,"operation":3,"isApplicationScoped":false,"profileLocation":{"$mid":1,"external":"vscode-userdata:/home/drdbrioso/.vscode/extensions/extensions.json","path":"/home/drdbrioso/.vscode/extensions/extensions.json","scheme":"vscode-userdata"}}
2025-10-07 19:15:32.628 [info] Installing extension: ms-python.python {"productVersion":{"version":"1.104.3","date":"2025-10-02T12:30:51.747Z"},"pinned":false,"operation":3,"isApplicationScoped":false,"profileLocation":{"$mid":1,"external":"vscode-userdata:/home/drdbrioso/.vscode/extensions/extensions.json","path":"/home/drdbrioso/.vscode/extensions/extensions.json","scheme":"vscode-userdata"}}
2025-10-07 19:15:35.327 [info] Extension signature verification result for ms-vscode-remote.remote-ssh: Success. Internal Code: 0. Executed: true. Duration: 5638ms.
2025-10-07 19:15:35.335 [info] Extension signature verification result for ms-vscode-remote.remote-wsl: Success. Internal Code: 0. Executed: true. Duration: 5711ms.
2025-10-07 19:15:35.372 [info] Extracted extension to file:///home/drdbrioso/.vscode/extensions/ms-vscode-remote.remote-ssh-0.120.0: ms-vscode-remote.remote-ssh
2025-10-07 19:15:35.377 [info] Renamed to /home/drdbrioso/.vscode/extensions/ms-vscode-remote.remote-ssh-0.120.0
2025-10-07 19:15:35.386 [info] Marked extension as removed ms-vscode-remote.remote-ssh-0.107.1
2025-10-07 19:15:35.390 [info] Extension installed successfully: ms-vscode-remote.remote-ssh vscode-userdata:/home/drdbrioso/.vscode/extensions/extensions.json
2025-10-07 19:15:35.392 [info] Extracted extension to file:///home/drdbrioso/.vscode/extensions/ms-vscode-remote.remote-wsl-0.104.3: ms-vscode-remote.remote-wsl
2025-10-07 19:15:35.394 [info] Renamed to /home/drdbrioso/.vscode/extensions/ms-vscode-remote.remote-wsl-0.104.3
2025-10-07 19:15:35.401 [info] Marked extension as removed ms-vscode-remote.remote-wsl-0.81.9
2025-10-07 19:15:35.406 [info] Extension installed successfully: ms-vscode-remote.remote-wsl vscode-userdata:/home/drdbrioso/.vscode/extensions/extensions.json
2025-10-07 19:15:36.034 [info] Extension signature verification result for ms-toolsai.jupyter-renderers: Success. Internal Code: 0. Executed: true. Duration: 441ms.
2025-10-07 19:15:36.201 [info] Extracted extension to file:///home/drdbrioso/.vscode/extensions/ms-toolsai.jupyter-renderers-1.3.0: ms-toolsai.jupyter-renderers
2025-10-07 19:15:36.207 [info] Renamed to /home/drdbrioso/.vscode/extensions/ms-toolsai.jupyter-renderers-1.3.0
2025-10-07 19:15:36.216 [info] Marked extension as removed ms-toolsai.jupyter-renderers-1.0.19
2025-10-07 19:15:36.225 [info] Extension installed successfully: ms-toolsai.jupyter-renderers vscode-userdata:/home/drdbrioso/.vscode/extensions/extensions.json
2025-10-07 19:15:37.065 [info] Extension signature verification result for ms-vscode.remote-explorer: Success. Internal Code: 0. Executed: true. Duration: 5685ms.
2025-10-07 19:15:37.080 [info] Extracted extension to file:///home/drdbrioso/.vscode/extensions/ms-vscode.remote-explorer-0.5.0: ms-vscode.remote-explorer
2025-10-07 19:15:37.084 [info] Renamed to /home/drdbrioso/.vscode/extensions/ms-vscode.remote-explorer-0.5.0
2025-10-07 19:15:37.092 [info] Marked extension as removed ms-vscode.remote-explorer-0.4.1
2025-10-07 19:15:37.099 [info] Extension installed successfully: ms-vscode.remote-explorer vscode-userdata:/home/drdbrioso/.vscode/extensions/extensions.json
2025-10-07 19:15:37.797 [info] Getting Manifest... ms-python.vscode-python-envs
2025-10-07 19:15:37.933 [info] Installing extension: ms-python.vscode-python-envs {"productVersion":{"version":"1.104.3","date":"2025-10-02T12:30:51.747Z"},"pinned":false,"operation":3,"isApplicationScoped":false,"profileLocation":{"$mid":1,"external":"vscode-userdata:/home/drdbrioso/.vscode/extensions/extensions.json","path":"/home/drdbrioso/.vscode/extensions/extensions.json","scheme":"vscode-userdata"},"installGivenVersion":false,"context":{"dependecyOrPackExtensionInstall":true}}
2025-10-07 19:15:37.936 [info] Getting Manifest... ms-python.python
2025-10-07 19:15:38.362 [info] Getting Manifest... ms-python.vscode-python-envs
2025-10-07 19:15:38.383 [info] Waiting for already requested installing extension ms-python.vscode-python-envs ms-python.debugpy vscode-userdata:/home/drdbrioso/.vscode/extensions/extensions.json
2025-10-07 19:15:39.700 [info] Extension signature verification result for ms-python.vscode-python-envs: Success. Internal Code: 0. Executed: true. Duration: 462ms.
2025-10-07 19:15:39.824 [info] Extracted extension to file:///home/drdbrioso/.vscode/extensions/ms-python.vscode-python-envs-1.8.0-linux-x64: ms-python.vscode-python-envs
2025-10-07 19:15:39.828 [info] Renamed to /home/drdbrioso/.vscode/extensions/ms-python.vscode-python-envs-1.8.0-linux-x64
2025-10-07 19:15:40.052 [info] Extension signature verification result for ms-python.vscode-pylance: Success. Internal Code: 0. Executed: true. Duration: 5759ms.
2025-10-07 19:15:41.433 [info] Extension signature verification result for ms-python.python: Success. Internal Code: 0. Executed: true. Duration: 798ms.
2025-10-07 19:15:41.534 [info] Extension signature verification result for ms-python.debugpy: Success. Internal Code: 0. Executed: true. Duration: 873ms.
2025-10-07 19:15:42.251 [info] Extracted extension to file:///home/drdbrioso/.vscode/extensions/ms-python.debugpy-2025.10.0-linux-x64: ms-python.debugpy
2025-10-07 19:15:42.260 [info] Renamed to /home/drdbrioso/.vscode/extensions/ms-python.debugpy-2025.10.0-linux-x64
2025-10-07 19:15:42.271 [info] Marked extension as removed ms-python.debugpy-2024.0.0-linux-x64
2025-10-07 19:15:42.745 [info] Extracted extension to file:///home/drdbrioso/.vscode/extensions/ms-python.python-2025.14.0-linux-x64: ms-python.python
2025-10-07 19:15:42.782 [info] Renamed to /home/drdbrioso/.vscode/extensions/ms-python.python-2025.14.0-linux-x64
2025-10-07 19:15:42.805 [info] Marked extension as removed ms-python.python-2024.2.1
2025-10-07 19:15:42.807 [info] Extension installed successfully: ms-python.vscode-python-envs vscode-userdata:/home/drdbrioso/.vscode/extensions/extensions.json
2025-10-07 19:15:42.807 [info] Extension installed successfully: ms-python.python vscode-userdata:/home/drdbrioso/.vscode/extensions/extensions.json
2025-10-07 19:15:42.807 [info] Finished waiting for already requested installing extension ms-python.vscode-python-envs ms-python.debugpy vscode-userdata:/home/drdbrioso/.vscode/extensions/extensions.json
2025-10-07 19:15:42.808 [info] Extension installed successfully: ms-python.debugpy vscode-userdata:/home/drdbrioso/.vscode/extensions/extensions.json
2025-10-07 19:15:43.251 [info] Extracted extension to file:///home/drdbrioso/.vscode/extensions/ms-python.vscode-pylance-2025.8.3: ms-python.vscode-pylance
2025-10-07 19:15:43.356 [info] Renamed to /home/drdbrioso/.vscode/extensions/ms-python.vscode-pylance-2025.8.3
2025-10-07 19:15:43.369 [info] Marked extension as removed ms-python.vscode-pylance-2024.3.2
2025-10-07 19:15:43.374 [info] Extension installed successfully: ms-python.vscode-pylance vscode-userdata:/home/drdbrioso/.vscode/extensions/extensions.json
2025-10-07 19:16:02.066 [info] Getting Manifest... arcticicestudio.nord-visual-studio-code
2025-10-07 19:16:07.612 [info] Installing extension: arcticicestudio.nord-visual-studio-code {"isMachineScoped":false,"installPreReleaseVersion":false,"pinned":false,"profileLocation":{"$mid":1,"external":"vscode-userdata:/home/drdbrioso/.vscode/extensions/extensions.json","path":"/home/drdbrioso/.vscode/extensions/extensions.json","scheme":"vscode-userdata"},"isApplicationScoped":false,"productVersion":{"version":"1.104.3","date":"2025-10-02T12:30:51.747Z"}}
2025-10-07 19:16:14.229 [info] Extension signature verification result for arcticicestudio.nord-visual-studio-code: Success. Internal Code: 0. Executed: true. Duration: 452ms.
2025-10-07 19:16:14.235 [info] Extracted extension to file:///home/drdbrioso/.vscode/extensions/arcticicestudio.nord-visual-studio-code-0.19.0: arcticicestudio.nord-visual-studio-code
2025-10-07 19:16:14.239 [info] Renamed to /home/drdbrioso/.vscode/extensions/arcticicestudio.nord-visual-studio-code-0.19.0
2025-10-07 19:16:14.251 [info] Extension installed successfully: arcticicestudio.nord-visual-studio-code vscode-userdata:/home/drdbrioso/.vscode/extensions/extensions.json
2025-10-07 19:20:30.453 [info] Extensions added from another source ms-vscode-remote.remote-ssh vscode-userdata:/home/drdbrioso/.vscode/extensions/extensions.json
