2025-10-13 15:56:56.355 [info] Extension host with pid 20423 started
2025-10-13 15:56:56.355 [info] Skipping acquiring lock for /home/drdbrioso/.config/Code/User/workspaceStorage/67ef078c24af5dd44cd99d03f833dfe3.
2025-10-13 15:56:56.355 [info] $getCanonicalURI invoked for authority (ssh-remote)
2025-10-13 15:56:56.359 [info] ExtensionService#_doActivateExtension ms-vscode-remote.remote-ssh, startup: false, activationEvent: 'onResolveRemoteAuthority:ssh-remote'
2025-10-13 15:56:56.384 [info] [resolveAuthority(ssh-remote,1)][0ms] activating remote resolvers ssh-remote+senc.icmc.usp.br
2025-10-13 15:56:56.384 [info] [resolveAuthority(ssh-remote,1)][0ms] activating resolver for ssh-remote+senc.icmc.usp.br...
2025-10-13 15:56:56.384 [info] [resolveAuthority(ssh-remote,1)][0ms] invoking final resolve()...
2025-10-13 15:56:57.385 [info] [resolveAuthority(ssh-remote,1)][1001ms] waiting...
2025-10-13 15:56:58.385 [info] [resolveAuthority(ssh-remote,1)][2001ms] waiting...
2025-10-13 15:56:59.386 [info] [resolveAuthority(ssh-remote,1)][3002ms] waiting...
2025-10-13 15:57:00.386 [info] [resolveAuthority(ssh-remote,1)][4002ms] waiting...
2025-10-13 15:57:01.387 [info] [resolveAuthority(ssh-remote,1)][5003ms] waiting...
2025-10-13 15:57:02.388 [info] [resolveAuthority(ssh-remote,1)][6004ms] waiting...
2025-10-13 15:57:03.388 [info] [resolveAuthority(ssh-remote,1)][7004ms] waiting...
2025-10-13 15:57:04.389 [info] [resolveAuthority(ssh-remote,1)][8005ms] waiting...
2025-10-13 15:57:05.390 [info] [resolveAuthority(ssh-remote,1)][9006ms] waiting...
2025-10-13 15:57:06.390 [info] [resolveAuthority(ssh-remote,1)][10006ms] waiting...
2025-10-13 15:57:07.391 [info] [resolveAuthority(ssh-remote,1)][11007ms] waiting...
2025-10-13 15:57:08.391 [info] [resolveAuthority(ssh-remote,1)][12007ms] waiting...
2025-10-13 15:57:09.392 [info] [resolveAuthority(ssh-remote,1)][13008ms] waiting...
2025-10-13 15:57:10.393 [info] [resolveAuthority(ssh-remote,1)][14009ms] waiting...
2025-10-13 15:57:11.315 [info] Extension host terminating: renderer closed the MessagePort
2025-10-13 15:57:11.316 [info] Extension host with pid 20423 exiting with code 0
