2025-10-07 19:20:41.071 [info] Extension host with pid 21317 started
2025-10-07 19:20:41.071 [info] [resolveAuthority(ssh-remote,1)][0ms] activating remote resolvers ssh-remote+senc.icmc.usp.br
2025-10-07 19:20:41.071 [info] [resolveAuthority(ssh-remote,1)][0ms] activating resolver for ssh-remote+senc.icmc.usp.br...
2025-10-07 19:20:41.076 [info] ExtensionService#_doActivateExtension ms-vscode-remote.remote-ssh, startup: false, activationEvent: 'onResolveRemoteAuthority:ssh-remote'
2025-10-07 19:20:41.180 [info] [resolveAuthority(ssh-remote,1)][110ms] invoking final resolve()...
2025-10-07 19:20:42.181 [info] [resolveAuthority(ssh-remote,1)][1111ms] waiting...
2025-10-07 19:20:43.182 [info] [resolveAuthority(ssh-remote,1)][2112ms] waiting...
2025-10-07 19:20:44.183 [info] [resolveAuthority(ssh-remote,1)][3113ms] waiting...
2025-10-07 19:20:45.184 [info] [resolveAuthority(ssh-remote,1)][4114ms] waiting...
2025-10-07 19:20:46.184 [info] [resolveAuthority(ssh-remote,1)][5114ms] waiting...
2025-10-07 19:20:47.183 [info] [resolveAuthority(ssh-remote,1)][6113ms] waiting...
2025-10-07 19:20:48.185 [info] [resolveAuthority(ssh-remote,1)][7115ms] waiting...
2025-10-07 19:20:49.186 [info] [resolveAuthority(ssh-remote,1)][8116ms] waiting...
2025-10-07 19:20:50.187 [info] [resolveAuthority(ssh-remote,1)][9116ms] waiting...
2025-10-07 19:20:51.187 [info] [resolveAuthority(ssh-remote,1)][10117ms] waiting...
2025-10-07 19:20:52.187 [info] [resolveAuthority(ssh-remote,1)][11117ms] waiting...
2025-10-07 19:20:53.187 [info] [resolveAuthority(ssh-remote,1)][12117ms] waiting...
2025-10-07 19:20:54.188 [info] [resolveAuthority(ssh-remote,1)][13118ms] waiting...
2025-10-07 19:20:55.189 [info] [resolveAuthority(ssh-remote,1)][14119ms] waiting...
2025-10-07 19:20:56.190 [info] [resolveAuthority(ssh-remote,1)][15120ms] waiting...
2025-10-07 19:20:57.191 [info] [resolveAuthority(ssh-remote,1)][16121ms] waiting...
2025-10-07 19:20:58.192 [info] [resolveAuthority(ssh-remote,1)][17122ms] waiting...
2025-10-07 19:20:59.192 [info] [resolveAuthority(ssh-remote,1)][18122ms] waiting...
2025-10-07 19:21:00.193 [info] [resolveAuthority(ssh-remote,1)][19123ms] waiting...
2025-10-07 19:21:01.194 [info] [resolveAuthority(ssh-remote,1)][20124ms] waiting...
2025-10-07 19:21:02.174 [error] [resolveAuthority(ssh-remote,1)][21101ms] returned an error The VS Code Server failed to start
2025-10-07 19:21:02.235 [info] Eager extensions activated
2025-10-07 19:21:07.175 [info] Extension host terminating: renderer closed the MessagePort
2025-10-07 19:21:07.177 [error] Canceled: Canceled
	at new g (/home/drdbrioso/Desktop/code-stable-x64-1705560028/VSCode-linux-x64/resources/app/out/vs/workbench/api/node/extensionHostProcess.js:141:110274)
	at l.U (/home/drdbrioso/Desktop/code-stable-x64-1705560028/VSCode-linux-x64/resources/app/out/vs/workbench/api/node/extensionHostProcess.js:150:10866)
	at P.<computed>.j.charCodeAt.P.<computed> (/home/drdbrioso/Desktop/code-stable-x64-1705560028/VSCode-linux-x64/resources/app/out/vs/workbench/api/node/extensionHostProcess.js:150:8317)
	at d.g (/home/drdbrioso/Desktop/code-stable-x64-1705560028/VSCode-linux-x64/resources/app/out/vs/workbench/api/node/extensionHostProcess.js:141:139555)
	at d.executeCommand (/home/drdbrioso/Desktop/code-stable-x64-1705560028/VSCode-linux-x64/resources/app/out/vs/workbench/api/node/extensionHostProcess.js:141:138993)
	at p.registerCommand.description (/home/drdbrioso/Desktop/code-stable-x64-1705560028/VSCode-linux-x64/resources/app/out/vs/workbench/api/node/extensionHostProcess.js:141:138317)
	at d.h (/home/drdbrioso/Desktop/code-stable-x64-1705560028/VSCode-linux-x64/resources/app/out/vs/workbench/api/node/extensionHostProcess.js:141:140094)
	at d.g (/home/drdbrioso/Desktop/code-stable-x64-1705560028/VSCode-linux-x64/resources/app/out/vs/workbench/api/node/extensionHostProcess.js:141:139086)
	at d.executeCommand (/home/drdbrioso/Desktop/code-stable-x64-1705560028/VSCode-linux-x64/resources/app/out/vs/workbench/api/node/extensionHostProcess.js:141:138993)
	at Object.executeCommand (/home/drdbrioso/Desktop/code-stable-x64-1705560028/VSCode-linux-x64/resources/app/out/vs/workbench/api/node/extensionHostProcess.js:158:21333)
	at t.shutdown (/home/drdbrioso/.vscode/extensions/ms-vscode-remote.remote-ssh-0.108.2023112915/out/extension.js:2:725329)
	at e.deactivate (/home/drdbrioso/.vscode/extensions/ms-vscode-remote.remote-ssh-0.108.2023112915/out/extension.js:2:910169)
	at f.cb (/home/drdbrioso/Desktop/code-stable-x64-1705560028/VSCode-linux-x64/resources/app/out/vs/workbench/api/node/extensionHostProcess.js:154:9678)
	at /home/drdbrioso/Desktop/code-stable-x64-1705560028/VSCode-linux-x64/resources/app/out/vs/workbench/api/node/extensionHostProcess.js:154:7808
	at Array.map (<anonymous>)
	at f.Y (/home/drdbrioso/Desktop/code-stable-x64-1705560028/VSCode-linux-x64/resources/app/out/vs/workbench/api/node/extensionHostProcess.js:154:7795)
	at f.terminate (/home/drdbrioso/Desktop/code-stable-x64-1705560028/VSCode-linux-x64/resources/app/out/vs/workbench/api/node/extensionHostProcess.js:154:8068)
	at s.terminate (/home/drdbrioso/Desktop/code-stable-x64-1705560028/VSCode-linux-x64/resources/app/out/vs/workbench/api/node/extensionHostProcess.js:158:1513)
	at a (/home/drdbrioso/Desktop/code-stable-x64-1705560028/VSCode-linux-x64/resources/app/out/vs/workbench/api/node/extensionHostProcess.js:171:9802)
	at MessagePortMain.<anonymous> (/home/drdbrioso/Desktop/code-stable-x64-1705560028/VSCode-linux-x64/resources/app/out/vs/workbench/api/node/extensionHostProcess.js:171:6227)
	at MessagePortMain.emit (node:events:513:28)
	at MessagePortMain._internalPort.emit (node:electron/js2c/utility_init:2:367) setContext undefined
2025-10-07 19:21:07.177 [info] Extension host with pid 21317 exiting with code 0
2025-10-07 19:21:07.824 [info] Extension host with pid 21379 started
2025-10-07 19:21:07.838 [info] [resolveAuthority(ssh-remote,1)][0ms] activating remote resolvers ssh-remote+senc.icmc.usp.br
2025-10-07 19:21:07.838 [info] [resolveAuthority(ssh-remote,1)][0ms] activating resolver for ssh-remote+senc.icmc.usp.br...
2025-10-07 19:21:07.864 [info] ExtensionService#_doActivateExtension ms-vscode-remote.remote-ssh, startup: false, activationEvent: 'onResolveRemoteAuthority:ssh-remote'
2025-10-07 19:21:07.883 [info] [resolveAuthority(ssh-remote,1)][45ms] invoking final resolve()...
2025-10-07 19:21:08.883 [info] [resolveAuthority(ssh-remote,1)][1045ms] waiting...
2025-10-07 19:21:09.883 [info] [resolveAuthority(ssh-remote,1)][2045ms] waiting...
2025-10-07 19:21:10.883 [info] [resolveAuthority(ssh-remote,1)][3045ms] waiting...
2025-10-07 19:21:11.883 [info] [resolveAuthority(ssh-remote,1)][4045ms] waiting...
2025-10-07 19:21:12.884 [info] [resolveAuthority(ssh-remote,1)][5046ms] waiting...
2025-10-07 19:21:13.884 [info] [resolveAuthority(ssh-remote,1)][6046ms] waiting...
2025-10-07 19:21:14.884 [info] [resolveAuthority(ssh-remote,1)][7046ms] waiting...
2025-10-07 19:21:15.884 [info] [resolveAuthority(ssh-remote,1)][8046ms] waiting...
2025-10-07 19:21:16.884 [info] [resolveAuthority(ssh-remote,1)][9045ms] waiting...
2025-10-07 19:21:17.884 [info] [resolveAuthority(ssh-remote,1)][10046ms] waiting...
2025-10-07 19:21:18.885 [info] [resolveAuthority(ssh-remote,1)][11047ms] waiting...
2025-10-07 19:21:19.887 [info] [resolveAuthority(ssh-remote,1)][12049ms] waiting...
2025-10-07 19:21:20.888 [info] [resolveAuthority(ssh-remote,1)][13050ms] waiting...
2025-10-07 19:21:21.889 [info] [resolveAuthority(ssh-remote,1)][14051ms] waiting...
2025-10-07 19:21:22.889 [info] [resolveAuthority(ssh-remote,1)][15051ms] waiting...
2025-10-07 19:21:23.888 [info] [resolveAuthority(ssh-remote,1)][16050ms] waiting...
2025-10-07 19:21:24.889 [info] [resolveAuthority(ssh-remote,1)][17051ms] waiting...
2025-10-07 19:21:25.268 [info] [resolveAuthority(ssh-remote,1)][17430ms] setting tunnel factory...
2025-10-07 19:21:25.268 [info] [resolveAuthority(ssh-remote,1)][17430ms] returned 127.0.0.1:41889
2025-10-07 19:21:29.951 [info] Eager extensions activated
2025-10-07 19:22:12.366 [info] Extension host terminating: renderer closed the MessagePort
2025-10-07 19:22:12.376 [error] Canceled: Canceled
	at new g (/home/drdbrioso/Desktop/code-stable-x64-1705560028/VSCode-linux-x64/resources/app/out/vs/workbench/api/node/extensionHostProcess.js:141:110274)
	at l.U (/home/drdbrioso/Desktop/code-stable-x64-1705560028/VSCode-linux-x64/resources/app/out/vs/workbench/api/node/extensionHostProcess.js:150:10866)
	at P.<computed>.j.charCodeAt.P.<computed> (/home/drdbrioso/Desktop/code-stable-x64-1705560028/VSCode-linux-x64/resources/app/out/vs/workbench/api/node/extensionHostProcess.js:150:8317)
	at d.g (/home/drdbrioso/Desktop/code-stable-x64-1705560028/VSCode-linux-x64/resources/app/out/vs/workbench/api/node/extensionHostProcess.js:141:139555)
	at d.executeCommand (/home/drdbrioso/Desktop/code-stable-x64-1705560028/VSCode-linux-x64/resources/app/out/vs/workbench/api/node/extensionHostProcess.js:141:138993)
	at p.registerCommand.description (/home/drdbrioso/Desktop/code-stable-x64-1705560028/VSCode-linux-x64/resources/app/out/vs/workbench/api/node/extensionHostProcess.js:141:138317)
	at d.h (/home/drdbrioso/Desktop/code-stable-x64-1705560028/VSCode-linux-x64/resources/app/out/vs/workbench/api/node/extensionHostProcess.js:141:140094)
	at d.g (/home/drdbrioso/Desktop/code-stable-x64-1705560028/VSCode-linux-x64/resources/app/out/vs/workbench/api/node/extensionHostProcess.js:141:139086)
	at d.executeCommand (/home/drdbrioso/Desktop/code-stable-x64-1705560028/VSCode-linux-x64/resources/app/out/vs/workbench/api/node/extensionHostProcess.js:141:138993)
	at Object.executeCommand (/home/drdbrioso/Desktop/code-stable-x64-1705560028/VSCode-linux-x64/resources/app/out/vs/workbench/api/node/extensionHostProcess.js:158:21333)
	at t.shutdown (/home/drdbrioso/.vscode/extensions/ms-vscode-remote.remote-ssh-0.108.2023112915/out/extension.js:2:725329)
	at e.deactivate (/home/drdbrioso/.vscode/extensions/ms-vscode-remote.remote-ssh-0.108.2023112915/out/extension.js:2:910169)
	at f.cb (/home/drdbrioso/Desktop/code-stable-x64-1705560028/VSCode-linux-x64/resources/app/out/vs/workbench/api/node/extensionHostProcess.js:154:9678)
	at /home/drdbrioso/Desktop/code-stable-x64-1705560028/VSCode-linux-x64/resources/app/out/vs/workbench/api/node/extensionHostProcess.js:154:7808
	at Array.map (<anonymous>)
	at f.Y (/home/drdbrioso/Desktop/code-stable-x64-1705560028/VSCode-linux-x64/resources/app/out/vs/workbench/api/node/extensionHostProcess.js:154:7795)
	at f.terminate (/home/drdbrioso/Desktop/code-stable-x64-1705560028/VSCode-linux-x64/resources/app/out/vs/workbench/api/node/extensionHostProcess.js:154:8068)
	at s.terminate (/home/drdbrioso/Desktop/code-stable-x64-1705560028/VSCode-linux-x64/resources/app/out/vs/workbench/api/node/extensionHostProcess.js:158:1513)
	at a (/home/drdbrioso/Desktop/code-stable-x64-1705560028/VSCode-linux-x64/resources/app/out/vs/workbench/api/node/extensionHostProcess.js:171:9802)
	at MessagePortMain.<anonymous> (/home/drdbrioso/Desktop/code-stable-x64-1705560028/VSCode-linux-x64/resources/app/out/vs/workbench/api/node/extensionHostProcess.js:171:6227)
	at MessagePortMain.emit (node:events:513:28)
	at MessagePortMain._internalPort.emit (node:electron/js2c/utility_init:2:367) setContext undefined
2025-10-07 19:22:12.376 [info] Extension host with pid 21379 exiting with code 0
2025-10-07 19:22:13.013 [info] Extension host with pid 21489 started
2025-10-07 19:22:13.013 [info] Skipping acquiring lock for /home/drdbrioso/.config/Code/User/workspaceStorage/67ef078c24af5dd44cd99d03f833dfe3.
2025-10-07 19:22:13.016 [info] $getCanonicalURI invoked for authority (ssh-remote)
2025-10-07 19:22:13.019 [info] ExtensionService#_doActivateExtension ms-vscode-remote.remote-ssh, startup: false, activationEvent: 'onResolveRemoteAuthority:ssh-remote'
2025-10-07 19:22:13.037 [info] [resolveAuthority(ssh-remote,1)][0ms] activating remote resolvers ssh-remote+senc.icmc.usp.br
2025-10-07 19:22:13.037 [info] [resolveAuthority(ssh-remote,1)][0ms] activating resolver for ssh-remote+senc.icmc.usp.br...
2025-10-07 19:22:13.037 [info] [resolveAuthority(ssh-remote,1)][0ms] invoking final resolve()...
2025-10-07 19:22:14.038 [info] [resolveAuthority(ssh-remote,1)][1000ms] waiting...
2025-10-07 19:22:15.038 [info] [resolveAuthority(ssh-remote,1)][2001ms] waiting...
2025-10-07 19:22:16.039 [info] [resolveAuthority(ssh-remote,1)][3002ms] waiting...
2025-10-07 19:22:17.040 [info] [resolveAuthority(ssh-remote,1)][4003ms] waiting...
2025-10-07 19:22:18.041 [info] [resolveAuthority(ssh-remote,1)][5003ms] waiting...
2025-10-07 19:22:19.041 [info] [resolveAuthority(ssh-remote,1)][6004ms] waiting...
2025-10-07 19:22:20.042 [info] [resolveAuthority(ssh-remote,1)][7005ms] waiting...
2025-10-07 19:22:21.042 [info] [resolveAuthority(ssh-remote,1)][8005ms] waiting...
2025-10-07 19:22:22.043 [info] [resolveAuthority(ssh-remote,1)][9006ms] waiting...
2025-10-07 19:22:23.044 [info] [resolveAuthority(ssh-remote,1)][10007ms] waiting...
2025-10-07 19:22:23.587 [info] [resolveAuthority(ssh-remote,1)][10550ms] setting tunnel factory...
2025-10-07 19:22:23.587 [info] [resolveAuthority(ssh-remote,1)][10550ms] returned 127.0.0.1:34217
2025-10-07 19:22:25.785 [info] Eager extensions activated
2025-10-07 19:22:29.276 [error] Error: command 'remote-internal.setActiveFolders' not found
    at k.n (vscode-file://vscode-app/home/drdbrioso/Desktop/code-stable-x64-1705560028/VSCode-linux-x64/resources/app/out/vs/workbench/workbench.desktop.main.js:1538:12339)
    at k.executeCommand (vscode-file://vscode-app/home/drdbrioso/Desktop/code-stable-x64-1705560028/VSCode-linux-x64/resources/app/out/vs/workbench/workbench.desktop.main.js:1538:12268)
2025-10-07 20:07:47.946 [info] [resolveAuthority(ssh-remote,2)][0ms] activating remote resolvers ssh-remote+senc.icmc.usp.br
2025-10-07 20:07:47.947 [info] [resolveAuthority(ssh-remote,2)][1ms] activating resolver for ssh-remote+senc.icmc.usp.br...
2025-10-07 20:07:47.947 [info] [resolveAuthority(ssh-remote,2)][1ms] invoking final resolve()...
2025-10-07 20:07:48.947 [info] [resolveAuthority(ssh-remote,2)][1001ms] waiting...
2025-10-07 20:07:49.948 [info] [resolveAuthority(ssh-remote,2)][2002ms] waiting...
2025-10-07 20:07:50.948 [info] [resolveAuthority(ssh-remote,2)][3002ms] waiting...
2025-10-07 20:07:51.949 [info] [resolveAuthority(ssh-remote,2)][4003ms] waiting...
2025-10-07 20:07:52.950 [info] [resolveAuthority(ssh-remote,2)][5004ms] waiting...
2025-10-07 20:07:53.951 [info] [resolveAuthority(ssh-remote,2)][6005ms] waiting...
2025-10-07 20:07:54.952 [info] [resolveAuthority(ssh-remote,2)][7006ms] waiting...
2025-10-07 20:07:55.953 [info] [resolveAuthority(ssh-remote,2)][8007ms] waiting...
2025-10-07 20:07:56.953 [info] [resolveAuthority(ssh-remote,2)][9007ms] waiting...
2025-10-07 20:07:57.954 [info] [resolveAuthority(ssh-remote,2)][10008ms] waiting...
2025-10-07 20:07:58.955 [info] [resolveAuthority(ssh-remote,2)][11009ms] waiting...
2025-10-07 20:07:59.956 [info] [resolveAuthority(ssh-remote,2)][12010ms] waiting...
2025-10-07 20:08:00.957 [info] [resolveAuthority(ssh-remote,2)][13011ms] waiting...
2025-10-07 20:08:01.958 [info] [resolveAuthority(ssh-remote,2)][14012ms] waiting...
2025-10-07 20:08:02.959 [info] [resolveAuthority(ssh-remote,2)][15013ms] waiting...
2025-10-07 20:08:03.199 [error] [resolveAuthority(ssh-remote,2)][15249ms] returned an error The connection timed out
2025-10-07 20:08:08.224 [info] [resolveAuthority(ssh-remote,3)][0ms] activating remote resolvers ssh-remote+senc.icmc.usp.br
2025-10-07 20:08:08.224 [info] [resolveAuthority(ssh-remote,3)][0ms] activating resolver for ssh-remote+senc.icmc.usp.br...
2025-10-07 20:08:08.224 [info] [resolveAuthority(ssh-remote,3)][0ms] invoking final resolve()...
2025-10-07 20:08:09.225 [info] [resolveAuthority(ssh-remote,3)][1001ms] waiting...
2025-10-07 20:08:10.226 [info] [resolveAuthority(ssh-remote,3)][2002ms] waiting...
2025-10-07 20:08:11.227 [info] [resolveAuthority(ssh-remote,3)][3003ms] waiting...
2025-10-07 20:08:12.228 [info] [resolveAuthority(ssh-remote,3)][4004ms] waiting...
2025-10-07 20:08:13.228 [info] [resolveAuthority(ssh-remote,3)][5004ms] waiting...
2025-10-07 20:08:14.229 [info] [resolveAuthority(ssh-remote,3)][6005ms] waiting...
2025-10-07 20:08:15.230 [info] [resolveAuthority(ssh-remote,3)][7006ms] waiting...
2025-10-07 20:08:16.230 [info] [resolveAuthority(ssh-remote,3)][8006ms] waiting...
2025-10-07 20:08:17.231 [info] [resolveAuthority(ssh-remote,3)][9007ms] waiting...
2025-10-07 20:08:18.232 [info] [resolveAuthority(ssh-remote,3)][10008ms] waiting...
2025-10-07 20:08:19.233 [info] [resolveAuthority(ssh-remote,3)][11009ms] waiting...
2025-10-07 20:08:20.234 [info] [resolveAuthority(ssh-remote,3)][12010ms] waiting...
2025-10-07 20:08:21.235 [info] [resolveAuthority(ssh-remote,3)][13011ms] waiting...
2025-10-07 20:08:22.236 [info] [resolveAuthority(ssh-remote,3)][14012ms] waiting...
2025-10-07 20:08:23.237 [info] [resolveAuthority(ssh-remote,3)][15013ms] waiting...
2025-10-07 20:08:23.446 [error] [resolveAuthority(ssh-remote,3)][15222ms] returned an error The connection timed out
2025-10-07 20:08:28.476 [info] [resolveAuthority(ssh-remote,4)][0ms] activating remote resolvers ssh-remote+senc.icmc.usp.br
2025-10-07 20:08:28.476 [info] [resolveAuthority(ssh-remote,4)][0ms] activating resolver for ssh-remote+senc.icmc.usp.br...
2025-10-07 20:08:28.477 [info] [resolveAuthority(ssh-remote,4)][1ms] invoking final resolve()...
2025-10-07 20:08:29.477 [info] [resolveAuthority(ssh-remote,4)][1001ms] waiting...
2025-10-07 20:08:30.478 [info] [resolveAuthority(ssh-remote,4)][2002ms] waiting...
2025-10-07 20:08:31.479 [info] [resolveAuthority(ssh-remote,4)][3003ms] waiting...
2025-10-07 20:08:32.480 [info] [resolveAuthority(ssh-remote,4)][4004ms] waiting...
2025-10-07 20:08:33.481 [info] [resolveAuthority(ssh-remote,4)][5005ms] waiting...
2025-10-07 20:08:34.482 [info] [resolveAuthority(ssh-remote,4)][6006ms] waiting...
2025-10-07 20:08:35.483 [info] [resolveAuthority(ssh-remote,4)][7007ms] waiting...
2025-10-07 20:08:36.484 [info] [resolveAuthority(ssh-remote,4)][8008ms] waiting...
2025-10-07 20:08:37.485 [info] [resolveAuthority(ssh-remote,4)][9009ms] waiting...
2025-10-07 20:08:38.487 [info] [resolveAuthority(ssh-remote,4)][10011ms] waiting...
2025-10-07 20:08:39.487 [info] [resolveAuthority(ssh-remote,4)][11011ms] waiting...
2025-10-07 20:08:40.488 [info] [resolveAuthority(ssh-remote,4)][12012ms] waiting...
2025-10-07 20:08:41.489 [info] [resolveAuthority(ssh-remote,4)][13013ms] waiting...
2025-10-07 20:08:42.490 [info] [resolveAuthority(ssh-remote,4)][14014ms] waiting...
2025-10-07 20:08:43.491 [info] [resolveAuthority(ssh-remote,4)][15015ms] waiting...
2025-10-07 20:08:43.731 [error] [resolveAuthority(ssh-remote,4)][15255ms] returned an error The connection timed out
2025-10-07 20:08:53.783 [info] [resolveAuthority(ssh-remote,5)][0ms] activating remote resolvers ssh-remote+senc.icmc.usp.br
2025-10-07 20:08:53.783 [info] [resolveAuthority(ssh-remote,5)][0ms] activating resolver for ssh-remote+senc.icmc.usp.br...
2025-10-07 20:08:53.783 [info] [resolveAuthority(ssh-remote,5)][0ms] invoking final resolve()...
2025-10-07 20:08:54.784 [info] [resolveAuthority(ssh-remote,5)][1001ms] waiting...
2025-10-07 20:08:55.785 [info] [resolveAuthority(ssh-remote,5)][2002ms] waiting...
2025-10-07 20:08:56.786 [info] [resolveAuthority(ssh-remote,5)][3003ms] waiting...
2025-10-07 20:08:57.787 [info] [resolveAuthority(ssh-remote,5)][4004ms] waiting...
2025-10-07 20:08:58.788 [info] [resolveAuthority(ssh-remote,5)][5005ms] waiting...
2025-10-07 20:08:59.789 [info] [resolveAuthority(ssh-remote,5)][6006ms] waiting...
2025-10-07 20:09:00.791 [info] [resolveAuthority(ssh-remote,5)][7008ms] waiting...
2025-10-07 20:09:01.791 [info] [resolveAuthority(ssh-remote,5)][8008ms] waiting...
2025-10-07 20:09:02.792 [info] [resolveAuthority(ssh-remote,5)][9009ms] waiting...
2025-10-07 20:09:03.793 [info] [resolveAuthority(ssh-remote,5)][10010ms] waiting...
2025-10-07 20:09:04.794 [info] [resolveAuthority(ssh-remote,5)][11011ms] waiting...
2025-10-07 20:09:05.795 [info] [resolveAuthority(ssh-remote,5)][12012ms] waiting...
2025-10-07 20:09:06.796 [info] [resolveAuthority(ssh-remote,5)][13013ms] waiting...
2025-10-07 20:09:07.797 [info] [resolveAuthority(ssh-remote,5)][14014ms] waiting...
2025-10-07 20:09:08.798 [info] [resolveAuthority(ssh-remote,5)][15015ms] waiting...
2025-10-07 20:09:09.011 [error] [resolveAuthority(ssh-remote,5)][15227ms] returned an error The connection timed out
2025-10-07 20:09:19.069 [info] [resolveAuthority(ssh-remote,6)][0ms] activating remote resolvers ssh-remote+senc.icmc.usp.br
2025-10-07 20:09:19.069 [info] [resolveAuthority(ssh-remote,6)][0ms] activating resolver for ssh-remote+senc.icmc.usp.br...
2025-10-07 20:09:19.069 [info] [resolveAuthority(ssh-remote,6)][0ms] invoking final resolve()...
2025-10-07 20:09:20.070 [info] [resolveAuthority(ssh-remote,6)][1001ms] waiting...
2025-10-07 20:09:21.071 [info] [resolveAuthority(ssh-remote,6)][2002ms] waiting...
2025-10-07 20:09:22.072 [info] [resolveAuthority(ssh-remote,6)][3003ms] waiting...
2025-10-07 20:09:23.074 [info] [resolveAuthority(ssh-remote,6)][4005ms] waiting...
2025-10-07 20:09:24.076 [info] [resolveAuthority(ssh-remote,6)][5007ms] waiting...
2025-10-07 20:09:25.077 [info] [resolveAuthority(ssh-remote,6)][6008ms] waiting...
2025-10-07 20:09:26.078 [info] [resolveAuthority(ssh-remote,6)][7009ms] waiting...
2025-10-07 20:09:27.079 [info] [resolveAuthority(ssh-remote,6)][8010ms] waiting...
2025-10-07 20:09:28.080 [info] [resolveAuthority(ssh-remote,6)][9011ms] waiting...
2025-10-07 20:09:29.081 [info] [resolveAuthority(ssh-remote,6)][10012ms] waiting...
2025-10-07 20:09:30.082 [info] [resolveAuthority(ssh-remote,6)][11013ms] waiting...
2025-10-07 20:09:31.082 [info] [resolveAuthority(ssh-remote,6)][12013ms] waiting...
2025-10-07 20:09:32.083 [info] [resolveAuthority(ssh-remote,6)][13014ms] waiting...
2025-10-07 20:09:33.083 [info] [resolveAuthority(ssh-remote,6)][14014ms] waiting...
2025-10-07 20:09:34.084 [info] [resolveAuthority(ssh-remote,6)][15015ms] waiting...
2025-10-07 20:09:34.257 [error] [resolveAuthority(ssh-remote,6)][15188ms] returned an error The connection timed out
2025-10-07 20:09:44.307 [info] [resolveAuthority(ssh-remote,7)][0ms] activating remote resolvers ssh-remote+senc.icmc.usp.br
2025-10-07 20:09:44.307 [info] [resolveAuthority(ssh-remote,7)][0ms] activating resolver for ssh-remote+senc.icmc.usp.br...
2025-10-07 20:09:44.307 [info] [resolveAuthority(ssh-remote,7)][0ms] invoking final resolve()...
2025-10-07 20:09:45.309 [info] [resolveAuthority(ssh-remote,7)][1002ms] waiting...
2025-10-07 20:09:46.309 [info] [resolveAuthority(ssh-remote,7)][2002ms] waiting...
2025-10-07 20:09:47.310 [info] [resolveAuthority(ssh-remote,7)][3003ms] waiting...
2025-10-07 20:09:48.311 [info] [resolveAuthority(ssh-remote,7)][4004ms] waiting...
2025-10-07 20:09:49.312 [info] [resolveAuthority(ssh-remote,7)][5005ms] waiting...
2025-10-07 20:09:50.313 [info] [resolveAuthority(ssh-remote,7)][6006ms] waiting...
2025-10-07 20:09:51.315 [info] [resolveAuthority(ssh-remote,7)][7008ms] waiting...
2025-10-07 20:09:52.315 [info] [resolveAuthority(ssh-remote,7)][8008ms] waiting...
2025-10-07 20:09:53.316 [info] [resolveAuthority(ssh-remote,7)][9009ms] waiting...
2025-10-07 20:09:54.317 [info] [resolveAuthority(ssh-remote,7)][10010ms] waiting...
2025-10-07 20:09:55.318 [info] [resolveAuthority(ssh-remote,7)][11011ms] waiting...
2025-10-07 20:09:56.319 [info] [resolveAuthority(ssh-remote,7)][12012ms] waiting...
2025-10-07 20:09:57.320 [info] [resolveAuthority(ssh-remote,7)][13013ms] waiting...
2025-10-07 20:09:58.321 [info] [resolveAuthority(ssh-remote,7)][14014ms] waiting...
2025-10-07 20:09:59.323 [info] [resolveAuthority(ssh-remote,7)][15016ms] waiting...
2025-10-07 20:09:59.500 [error] [resolveAuthority(ssh-remote,7)][15192ms] returned an error The connection timed out
2025-10-07 20:10:09.537 [info] [resolveAuthority(ssh-remote,8)][1ms] activating remote resolvers ssh-remote+senc.icmc.usp.br
2025-10-07 20:10:09.537 [info] [resolveAuthority(ssh-remote,8)][1ms] activating resolver for ssh-remote+senc.icmc.usp.br...
2025-10-07 20:10:09.537 [info] [resolveAuthority(ssh-remote,8)][1ms] invoking final resolve()...
2025-10-07 20:10:10.538 [info] [resolveAuthority(ssh-remote,8)][1002ms] waiting...
2025-10-07 20:10:11.539 [info] [resolveAuthority(ssh-remote,8)][2003ms] waiting...
2025-10-07 20:10:12.540 [info] [resolveAuthority(ssh-remote,8)][3004ms] waiting...
2025-10-07 20:10:13.540 [info] [resolveAuthority(ssh-remote,8)][4004ms] waiting...
2025-10-07 20:10:14.542 [info] [resolveAuthority(ssh-remote,8)][5006ms] waiting...
2025-10-07 20:10:15.542 [info] [resolveAuthority(ssh-remote,8)][6006ms] waiting...
2025-10-07 20:10:16.544 [info] [resolveAuthority(ssh-remote,8)][7008ms] waiting...
2025-10-07 20:10:17.545 [info] [resolveAuthority(ssh-remote,8)][8009ms] waiting...
2025-10-07 20:10:18.546 [info] [resolveAuthority(ssh-remote,8)][9010ms] waiting...
2025-10-07 20:10:19.547 [info] [resolveAuthority(ssh-remote,8)][10011ms] waiting...
2025-10-07 20:10:20.548 [info] [resolveAuthority(ssh-remote,8)][11012ms] waiting...
2025-10-07 20:10:21.548 [info] [resolveAuthority(ssh-remote,8)][12012ms] waiting...
2025-10-07 20:10:22.549 [info] [resolveAuthority(ssh-remote,8)][13013ms] waiting...
2025-10-07 20:10:23.550 [info] [resolveAuthority(ssh-remote,8)][14014ms] waiting...
2025-10-07 20:10:24.550 [info] [resolveAuthority(ssh-remote,8)][15014ms] waiting...
2025-10-07 20:10:24.748 [error] [resolveAuthority(ssh-remote,8)][15212ms] returned an error The connection timed out
2025-10-07 20:10:34.797 [info] [resolveAuthority(ssh-remote,9)][0ms] activating remote resolvers ssh-remote+senc.icmc.usp.br
2025-10-07 20:10:34.797 [info] [resolveAuthority(ssh-remote,9)][0ms] activating resolver for ssh-remote+senc.icmc.usp.br...
2025-10-07 20:10:34.797 [info] [resolveAuthority(ssh-remote,9)][0ms] invoking final resolve()...
2025-10-07 20:10:35.798 [info] [resolveAuthority(ssh-remote,9)][1001ms] waiting...
2025-10-07 20:10:36.799 [info] [resolveAuthority(ssh-remote,9)][2002ms] waiting...
2025-10-07 20:10:37.800 [info] [resolveAuthority(ssh-remote,9)][3003ms] waiting...
2025-10-07 20:10:38.801 [info] [resolveAuthority(ssh-remote,9)][4004ms] waiting...
2025-10-07 20:10:39.802 [info] [resolveAuthority(ssh-remote,9)][5005ms] waiting...
2025-10-07 20:10:40.803 [info] [resolveAuthority(ssh-remote,9)][6006ms] waiting...
2025-10-07 20:10:41.804 [info] [resolveAuthority(ssh-remote,9)][7007ms] waiting...
2025-10-07 20:10:42.805 [info] [resolveAuthority(ssh-remote,9)][8008ms] waiting...
2025-10-07 20:10:43.806 [info] [resolveAuthority(ssh-remote,9)][9009ms] waiting...
2025-10-07 20:10:44.807 [info] [resolveAuthority(ssh-remote,9)][10010ms] waiting...
2025-10-07 20:10:45.808 [info] [resolveAuthority(ssh-remote,9)][11011ms] waiting...
2025-10-07 20:10:46.809 [info] [resolveAuthority(ssh-remote,9)][12012ms] waiting...
2025-10-07 20:10:47.810 [info] [resolveAuthority(ssh-remote,9)][13013ms] waiting...
2025-10-07 20:10:48.811 [info] [resolveAuthority(ssh-remote,9)][14014ms] waiting...
2025-10-07 20:10:49.812 [info] [resolveAuthority(ssh-remote,9)][15015ms] waiting...
2025-10-07 20:10:50.560 [error] [resolveAuthority(ssh-remote,9)][15763ms] returned an error The connection timed out
2025-10-07 20:11:20.606 [info] [resolveAuthority(ssh-remote,10)][0ms] activating remote resolvers ssh-remote+senc.icmc.usp.br
2025-10-07 20:11:20.606 [info] [resolveAuthority(ssh-remote,10)][0ms] activating resolver for ssh-remote+senc.icmc.usp.br...
2025-10-07 20:11:20.606 [info] [resolveAuthority(ssh-remote,10)][0ms] invoking final resolve()...
2025-10-07 20:11:21.607 [info] [resolveAuthority(ssh-remote,10)][1001ms] waiting...
2025-10-07 20:11:22.608 [info] [resolveAuthority(ssh-remote,10)][2002ms] waiting...
2025-10-07 20:11:23.609 [info] [resolveAuthority(ssh-remote,10)][3003ms] waiting...
2025-10-07 20:11:24.609 [info] [resolveAuthority(ssh-remote,10)][4003ms] waiting...
2025-10-07 20:11:25.610 [info] [resolveAuthority(ssh-remote,10)][5004ms] waiting...
2025-10-07 20:11:26.611 [info] [resolveAuthority(ssh-remote,10)][6005ms] waiting...
2025-10-07 20:11:27.612 [info] [resolveAuthority(ssh-remote,10)][7006ms] waiting...
2025-10-07 20:11:28.613 [info] [resolveAuthority(ssh-remote,10)][8007ms] waiting...
2025-10-07 20:11:29.613 [info] [resolveAuthority(ssh-remote,10)][9007ms] waiting...
2025-10-07 20:11:30.614 [info] [resolveAuthority(ssh-remote,10)][10008ms] waiting...
2025-10-07 20:11:31.615 [info] [resolveAuthority(ssh-remote,10)][11009ms] waiting...
2025-10-07 20:11:32.616 [info] [resolveAuthority(ssh-remote,10)][12010ms] waiting...
2025-10-07 20:11:33.617 [info] [resolveAuthority(ssh-remote,10)][13011ms] waiting...
2025-10-07 20:11:34.617 [info] [resolveAuthority(ssh-remote,10)][14011ms] waiting...
2025-10-07 20:11:35.618 [info] [resolveAuthority(ssh-remote,10)][15012ms] waiting...
2025-10-07 20:11:35.836 [error] [resolveAuthority(ssh-remote,10)][15230ms] returned an error The connection timed out
2025-10-07 20:12:05.894 [info] [resolveAuthority(ssh-remote,11)][0ms] activating remote resolvers ssh-remote+senc.icmc.usp.br
2025-10-07 20:12:05.894 [info] [resolveAuthority(ssh-remote,11)][0ms] activating resolver for ssh-remote+senc.icmc.usp.br...
2025-10-07 20:12:05.894 [info] [resolveAuthority(ssh-remote,11)][0ms] invoking final resolve()...
2025-10-07 20:12:06.895 [info] [resolveAuthority(ssh-remote,11)][1001ms] waiting...
2025-10-07 20:12:07.896 [info] [resolveAuthority(ssh-remote,11)][2002ms] waiting...
2025-10-07 20:12:08.897 [info] [resolveAuthority(ssh-remote,11)][3003ms] waiting...
2025-10-07 20:12:09.898 [info] [resolveAuthority(ssh-remote,11)][4004ms] waiting...
2025-10-07 20:12:10.898 [info] [resolveAuthority(ssh-remote,11)][5004ms] waiting...
2025-10-07 20:12:11.899 [info] [resolveAuthority(ssh-remote,11)][6005ms] waiting...
2025-10-07 20:12:12.900 [info] [resolveAuthority(ssh-remote,11)][7006ms] waiting...
2025-10-07 20:12:13.901 [info] [resolveAuthority(ssh-remote,11)][8007ms] waiting...
2025-10-07 20:12:14.902 [info] [resolveAuthority(ssh-remote,11)][9008ms] waiting...
2025-10-07 20:12:15.903 [info] [resolveAuthority(ssh-remote,11)][10009ms] waiting...
2025-10-07 20:12:16.904 [info] [resolveAuthority(ssh-remote,11)][11010ms] waiting...
2025-10-07 20:12:17.905 [info] [resolveAuthority(ssh-remote,11)][12011ms] waiting...
2025-10-07 20:12:18.907 [info] [resolveAuthority(ssh-remote,11)][13013ms] waiting...
2025-10-07 20:12:19.907 [info] [resolveAuthority(ssh-remote,11)][14013ms] waiting...
2025-10-07 20:12:20.908 [info] [resolveAuthority(ssh-remote,11)][15014ms] waiting...
2025-10-07 20:12:21.116 [error] [resolveAuthority(ssh-remote,11)][15221ms] returned an error The connection timed out
2025-10-07 20:12:51.155 [info] [resolveAuthority(ssh-remote,12)][0ms] activating remote resolvers ssh-remote+senc.icmc.usp.br
2025-10-07 20:12:51.155 [info] [resolveAuthority(ssh-remote,12)][0ms] activating resolver for ssh-remote+senc.icmc.usp.br...
2025-10-07 20:12:51.155 [info] [resolveAuthority(ssh-remote,12)][0ms] invoking final resolve()...
2025-10-07 20:12:52.156 [info] [resolveAuthority(ssh-remote,12)][1001ms] waiting...
2025-10-07 20:12:53.157 [info] [resolveAuthority(ssh-remote,12)][2002ms] waiting...
2025-10-07 20:12:54.158 [info] [resolveAuthority(ssh-remote,12)][3003ms] waiting...
2025-10-07 20:12:55.159 [info] [resolveAuthority(ssh-remote,12)][4004ms] waiting...
2025-10-07 20:12:56.160 [info] [resolveAuthority(ssh-remote,12)][5005ms] waiting...
2025-10-07 20:12:57.161 [info] [resolveAuthority(ssh-remote,12)][6006ms] waiting...
2025-10-07 20:12:58.163 [info] [resolveAuthority(ssh-remote,12)][7008ms] waiting...
2025-10-07 20:12:59.164 [info] [resolveAuthority(ssh-remote,12)][8009ms] waiting...
2025-10-07 20:13:00.164 [info] [resolveAuthority(ssh-remote,12)][9009ms] waiting...
2025-10-07 20:13:01.165 [info] [resolveAuthority(ssh-remote,12)][10010ms] waiting...
2025-10-07 20:13:02.166 [info] [resolveAuthority(ssh-remote,12)][11011ms] waiting...
2025-10-07 20:13:03.167 [info] [resolveAuthority(ssh-remote,12)][12012ms] waiting...
2025-10-07 20:13:04.168 [info] [resolveAuthority(ssh-remote,12)][13013ms] waiting...
2025-10-07 20:13:05.168 [info] [resolveAuthority(ssh-remote,12)][14013ms] waiting...
2025-10-07 20:13:06.169 [info] [resolveAuthority(ssh-remote,12)][15014ms] waiting...
2025-10-07 20:13:06.401 [error] [resolveAuthority(ssh-remote,12)][15246ms] returned an error The connection timed out
2025-10-07 20:13:36.451 [info] [resolveAuthority(ssh-remote,13)][0ms] activating remote resolvers ssh-remote+senc.icmc.usp.br
2025-10-07 20:13:36.451 [info] [resolveAuthority(ssh-remote,13)][0ms] activating resolver for ssh-remote+senc.icmc.usp.br...
2025-10-07 20:13:36.451 [info] [resolveAuthority(ssh-remote,13)][0ms] invoking final resolve()...
2025-10-07 20:13:37.452 [info] [resolveAuthority(ssh-remote,13)][1001ms] waiting...
2025-10-07 20:13:38.453 [info] [resolveAuthority(ssh-remote,13)][2002ms] waiting...
2025-10-07 20:13:39.453 [info] [resolveAuthority(ssh-remote,13)][3002ms] waiting...
2025-10-07 20:13:40.454 [info] [resolveAuthority(ssh-remote,13)][4003ms] waiting...
2025-10-07 20:13:41.455 [info] [resolveAuthority(ssh-remote,13)][5004ms] waiting...
2025-10-07 20:13:42.456 [info] [resolveAuthority(ssh-remote,13)][6005ms] waiting...
2025-10-07 20:13:43.457 [info] [resolveAuthority(ssh-remote,13)][7006ms] waiting...
2025-10-07 20:13:44.457 [info] [resolveAuthority(ssh-remote,13)][8006ms] waiting...
2025-10-07 20:13:45.459 [info] [resolveAuthority(ssh-remote,13)][9007ms] waiting...
2025-10-07 20:13:46.459 [info] [resolveAuthority(ssh-remote,13)][10008ms] waiting...
2025-10-07 20:13:47.460 [info] [resolveAuthority(ssh-remote,13)][11009ms] waiting...
2025-10-07 20:13:48.461 [info] [resolveAuthority(ssh-remote,13)][12010ms] waiting...
2025-10-07 20:13:49.462 [info] [resolveAuthority(ssh-remote,13)][13011ms] waiting...
2025-10-07 20:13:50.462 [info] [resolveAuthority(ssh-remote,13)][14011ms] waiting...
2025-10-07 20:13:51.464 [info] [resolveAuthority(ssh-remote,13)][15013ms] waiting...
2025-10-07 20:13:51.678 [error] [resolveAuthority(ssh-remote,13)][15226ms] returned an error The connection timed out
2025-10-07 20:14:21.728 [info] [resolveAuthority(ssh-remote,14)][0ms] activating remote resolvers ssh-remote+senc.icmc.usp.br
2025-10-07 20:14:21.728 [info] [resolveAuthority(ssh-remote,14)][0ms] activating resolver for ssh-remote+senc.icmc.usp.br...
2025-10-07 20:14:21.728 [info] [resolveAuthority(ssh-remote,14)][0ms] invoking final resolve()...
2025-10-07 20:14:22.729 [info] [resolveAuthority(ssh-remote,14)][1001ms] waiting...
2025-10-07 20:14:23.730 [info] [resolveAuthority(ssh-remote,14)][2002ms] waiting...
2025-10-07 20:14:24.730 [info] [resolveAuthority(ssh-remote,14)][3002ms] waiting...
2025-10-07 20:14:25.731 [info] [resolveAuthority(ssh-remote,14)][4003ms] waiting...
2025-10-07 20:14:26.732 [info] [resolveAuthority(ssh-remote,14)][5004ms] waiting...
2025-10-07 20:14:27.733 [info] [resolveAuthority(ssh-remote,14)][6005ms] waiting...
2025-10-07 20:14:28.734 [info] [resolveAuthority(ssh-remote,14)][7006ms] waiting...
2025-10-07 20:14:29.735 [info] [resolveAuthority(ssh-remote,14)][8007ms] waiting...
2025-10-07 20:14:30.736 [info] [resolveAuthority(ssh-remote,14)][9008ms] waiting...
2025-10-07 20:14:31.737 [info] [resolveAuthority(ssh-remote,14)][10009ms] waiting...
2025-10-07 20:14:32.738 [info] [resolveAuthority(ssh-remote,14)][11010ms] waiting...
2025-10-07 20:14:33.739 [info] [resolveAuthority(ssh-remote,14)][12011ms] waiting...
2025-10-07 20:14:34.740 [info] [resolveAuthority(ssh-remote,14)][13012ms] waiting...
2025-10-07 20:14:35.740 [info] [resolveAuthority(ssh-remote,14)][14012ms] waiting...
2025-10-07 20:14:36.741 [info] [resolveAuthority(ssh-remote,14)][15013ms] waiting...
2025-10-07 20:14:36.948 [error] [resolveAuthority(ssh-remote,14)][15220ms] returned an error The connection timed out
2025-10-07 20:15:07.016 [info] [resolveAuthority(ssh-remote,15)][0ms] activating remote resolvers ssh-remote+senc.icmc.usp.br
2025-10-07 20:15:07.016 [info] [resolveAuthority(ssh-remote,15)][0ms] activating resolver for ssh-remote+senc.icmc.usp.br...
2025-10-07 20:15:07.016 [info] [resolveAuthority(ssh-remote,15)][0ms] invoking final resolve()...
2025-10-07 20:15:08.017 [info] [resolveAuthority(ssh-remote,15)][1001ms] waiting...
2025-10-07 20:15:09.018 [info] [resolveAuthority(ssh-remote,15)][2002ms] waiting...
2025-10-07 20:15:10.019 [info] [resolveAuthority(ssh-remote,15)][3003ms] waiting...
2025-10-07 20:15:11.020 [info] [resolveAuthority(ssh-remote,15)][4004ms] waiting...
2025-10-07 20:15:12.021 [info] [resolveAuthority(ssh-remote,15)][5005ms] waiting...
2025-10-07 20:15:13.022 [info] [resolveAuthority(ssh-remote,15)][6006ms] waiting...
2025-10-07 20:15:14.023 [info] [resolveAuthority(ssh-remote,15)][7007ms] waiting...
2025-10-07 20:15:15.024 [info] [resolveAuthority(ssh-remote,15)][8008ms] waiting...
2025-10-07 20:15:16.027 [info] [resolveAuthority(ssh-remote,15)][9011ms] waiting...
2025-10-07 20:15:17.028 [info] [resolveAuthority(ssh-remote,15)][10012ms] waiting...
2025-10-07 20:15:18.028 [info] [resolveAuthority(ssh-remote,15)][11012ms] waiting...
2025-10-07 20:15:19.029 [info] [resolveAuthority(ssh-remote,15)][12013ms] waiting...
2025-10-07 20:15:20.030 [info] [resolveAuthority(ssh-remote,15)][13014ms] waiting...
2025-10-07 20:15:21.031 [info] [resolveAuthority(ssh-remote,15)][14015ms] waiting...
2025-10-07 20:15:22.031 [info] [resolveAuthority(ssh-remote,15)][15015ms] waiting...
2025-10-07 20:15:22.248 [error] [resolveAuthority(ssh-remote,15)][15231ms] returned an error The connection timed out
2025-10-07 20:15:52.304 [info] [resolveAuthority(ssh-remote,16)][0ms] activating remote resolvers ssh-remote+senc.icmc.usp.br
2025-10-07 20:15:52.304 [info] [resolveAuthority(ssh-remote,16)][0ms] activating resolver for ssh-remote+senc.icmc.usp.br...
2025-10-07 20:15:52.304 [info] [resolveAuthority(ssh-remote,16)][0ms] invoking final resolve()...
2025-10-07 20:15:53.305 [info] [resolveAuthority(ssh-remote,16)][1001ms] waiting...
2025-10-07 20:15:54.306 [info] [resolveAuthority(ssh-remote,16)][2002ms] waiting...
2025-10-07 20:15:55.306 [info] [resolveAuthority(ssh-remote,16)][3002ms] waiting...
2025-10-07 20:15:56.307 [info] [resolveAuthority(ssh-remote,16)][4003ms] waiting...
2025-10-07 20:15:57.308 [info] [resolveAuthority(ssh-remote,16)][5004ms] waiting...
2025-10-07 20:15:58.308 [info] [resolveAuthority(ssh-remote,16)][6004ms] waiting...
2025-10-07 20:15:59.309 [info] [resolveAuthority(ssh-remote,16)][7005ms] waiting...
2025-10-07 20:16:00.310 [info] [resolveAuthority(ssh-remote,16)][8006ms] waiting...
2025-10-07 20:16:01.311 [info] [resolveAuthority(ssh-remote,16)][9007ms] waiting...
2025-10-07 20:16:02.311 [info] [resolveAuthority(ssh-remote,16)][10007ms] waiting...
2025-10-07 20:16:03.312 [info] [resolveAuthority(ssh-remote,16)][11008ms] waiting...
2025-10-07 20:16:04.313 [info] [resolveAuthority(ssh-remote,16)][12009ms] waiting...
2025-10-07 20:16:05.314 [info] [resolveAuthority(ssh-remote,16)][13010ms] waiting...
2025-10-07 20:16:06.314 [info] [resolveAuthority(ssh-remote,16)][14010ms] waiting...
2025-10-07 20:16:07.315 [info] [resolveAuthority(ssh-remote,16)][15011ms] waiting...
2025-10-07 20:16:07.480 [error] [resolveAuthority(ssh-remote,16)][15176ms] returned an error The connection timed out
2025-10-07 20:16:37.542 [info] [resolveAuthority(ssh-remote,17)][0ms] activating remote resolvers ssh-remote+senc.icmc.usp.br
2025-10-07 20:16:37.542 [info] [resolveAuthority(ssh-remote,17)][0ms] activating resolver for ssh-remote+senc.icmc.usp.br...
2025-10-07 20:16:37.542 [info] [resolveAuthority(ssh-remote,17)][0ms] invoking final resolve()...
2025-10-07 20:16:38.543 [info] [resolveAuthority(ssh-remote,17)][1001ms] waiting...
2025-10-07 20:16:39.543 [info] [resolveAuthority(ssh-remote,17)][2001ms] waiting...
2025-10-07 20:16:40.544 [info] [resolveAuthority(ssh-remote,17)][3002ms] waiting...
2025-10-07 20:16:41.545 [info] [resolveAuthority(ssh-remote,17)][4003ms] waiting...
2025-10-07 20:16:42.546 [info] [resolveAuthority(ssh-remote,17)][5004ms] waiting...
2025-10-07 20:16:43.547 [info] [resolveAuthority(ssh-remote,17)][6004ms] waiting...
2025-10-07 20:16:44.547 [info] [resolveAuthority(ssh-remote,17)][7005ms] waiting...
2025-10-07 20:16:45.548 [info] [resolveAuthority(ssh-remote,17)][8006ms] waiting...
2025-10-07 20:16:46.549 [info] [resolveAuthority(ssh-remote,17)][9007ms] waiting...
2025-10-07 20:16:47.549 [info] [resolveAuthority(ssh-remote,17)][10007ms] waiting...
2025-10-07 20:16:48.550 [info] [resolveAuthority(ssh-remote,17)][11008ms] waiting...
2025-10-07 20:16:49.551 [info] [resolveAuthority(ssh-remote,17)][12009ms] waiting...
2025-10-07 20:16:50.552 [info] [resolveAuthority(ssh-remote,17)][13010ms] waiting...
2025-10-07 20:16:51.553 [info] [resolveAuthority(ssh-remote,17)][14011ms] waiting...
2025-10-07 20:16:52.553 [info] [resolveAuthority(ssh-remote,17)][15011ms] waiting...
2025-10-07 20:16:52.712 [error] [resolveAuthority(ssh-remote,17)][15169ms] returned an error The connection timed out
2025-10-07 20:17:22.779 [info] [resolveAuthority(ssh-remote,18)][0ms] activating remote resolvers ssh-remote+senc.icmc.usp.br
2025-10-07 20:17:22.779 [info] [resolveAuthority(ssh-remote,18)][0ms] activating resolver for ssh-remote+senc.icmc.usp.br...
2025-10-07 20:17:22.779 [info] [resolveAuthority(ssh-remote,18)][0ms] invoking final resolve()...
2025-10-07 20:17:23.780 [info] [resolveAuthority(ssh-remote,18)][1001ms] waiting...
2025-10-07 20:17:24.780 [info] [resolveAuthority(ssh-remote,18)][2001ms] waiting...
2025-10-07 20:17:25.781 [info] [resolveAuthority(ssh-remote,18)][3002ms] waiting...
2025-10-07 20:17:26.782 [info] [resolveAuthority(ssh-remote,18)][4003ms] waiting...
2025-10-07 20:17:27.783 [info] [resolveAuthority(ssh-remote,18)][5004ms] waiting...
2025-10-07 20:17:28.784 [info] [resolveAuthority(ssh-remote,18)][6005ms] waiting...
2025-10-07 20:17:29.785 [info] [resolveAuthority(ssh-remote,18)][7006ms] waiting...
2025-10-07 20:17:30.786 [info] [resolveAuthority(ssh-remote,18)][8007ms] waiting...
2025-10-07 20:17:31.801 [info] [resolveAuthority(ssh-remote,18)][9022ms] waiting...
2025-10-07 20:17:32.802 [info] [resolveAuthority(ssh-remote,18)][10023ms] waiting...
2025-10-07 20:17:33.803 [info] [resolveAuthority(ssh-remote,18)][11024ms] waiting...
2025-10-07 20:17:34.803 [info] [resolveAuthority(ssh-remote,18)][12024ms] waiting...
2025-10-07 20:17:35.804 [info] [resolveAuthority(ssh-remote,18)][13025ms] waiting...
2025-10-07 20:17:36.806 [info] [resolveAuthority(ssh-remote,18)][14027ms] waiting...
2025-10-07 20:17:37.807 [info] [resolveAuthority(ssh-remote,18)][15028ms] waiting...
2025-10-07 20:17:38.016 [error] [resolveAuthority(ssh-remote,18)][15237ms] returned an error The connection timed out
2025-10-07 20:18:08.071 [info] [resolveAuthority(ssh-remote,19)][0ms] activating remote resolvers ssh-remote+senc.icmc.usp.br
2025-10-07 20:18:08.071 [info] [resolveAuthority(ssh-remote,19)][0ms] activating resolver for ssh-remote+senc.icmc.usp.br...
2025-10-07 20:18:08.071 [info] [resolveAuthority(ssh-remote,19)][0ms] invoking final resolve()...
2025-10-07 20:18:09.072 [info] [resolveAuthority(ssh-remote,19)][1001ms] waiting...
2025-10-07 20:18:10.072 [info] [resolveAuthority(ssh-remote,19)][2001ms] waiting...
2025-10-07 20:18:11.073 [info] [resolveAuthority(ssh-remote,19)][3002ms] waiting...
2025-10-07 20:18:12.073 [info] [resolveAuthority(ssh-remote,19)][4002ms] waiting...
2025-10-07 20:18:13.074 [info] [resolveAuthority(ssh-remote,19)][5003ms] waiting...
2025-10-07 20:18:14.075 [info] [resolveAuthority(ssh-remote,19)][6004ms] waiting...
2025-10-07 20:18:15.076 [info] [resolveAuthority(ssh-remote,19)][7005ms] waiting...
2025-10-07 20:18:16.077 [info] [resolveAuthority(ssh-remote,19)][8006ms] waiting...
2025-10-07 20:18:17.078 [info] [resolveAuthority(ssh-remote,19)][9007ms] waiting...
2025-10-07 20:18:18.079 [info] [resolveAuthority(ssh-remote,19)][10008ms] waiting...
2025-10-07 20:18:19.079 [info] [resolveAuthority(ssh-remote,19)][11008ms] waiting...
2025-10-07 20:18:20.080 [info] [resolveAuthority(ssh-remote,19)][12009ms] waiting...
2025-10-07 20:18:21.081 [info] [resolveAuthority(ssh-remote,19)][13010ms] waiting...
2025-10-07 20:18:22.082 [info] [resolveAuthority(ssh-remote,19)][14011ms] waiting...
2025-10-07 20:18:23.082 [info] [resolveAuthority(ssh-remote,19)][15011ms] waiting...
2025-10-07 20:18:23.235 [error] [resolveAuthority(ssh-remote,19)][15164ms] returned an error The connection timed out
2025-10-07 20:18:53.311 [info] [resolveAuthority(ssh-remote,20)][0ms] activating remote resolvers ssh-remote+senc.icmc.usp.br
2025-10-07 20:18:53.311 [info] [resolveAuthority(ssh-remote,20)][0ms] activating resolver for ssh-remote+senc.icmc.usp.br...
2025-10-07 20:18:53.311 [info] [resolveAuthority(ssh-remote,20)][0ms] invoking final resolve()...
2025-10-07 20:18:54.312 [info] [resolveAuthority(ssh-remote,20)][1001ms] waiting...
2025-10-07 20:18:55.312 [info] [resolveAuthority(ssh-remote,20)][2001ms] waiting...
2025-10-07 20:18:56.313 [info] [resolveAuthority(ssh-remote,20)][3002ms] waiting...
2025-10-07 20:18:57.314 [info] [resolveAuthority(ssh-remote,20)][4003ms] waiting...
2025-10-07 20:18:58.316 [info] [resolveAuthority(ssh-remote,20)][5005ms] waiting...
2025-10-07 20:18:59.317 [info] [resolveAuthority(ssh-remote,20)][6006ms] waiting...
2025-10-07 20:19:00.318 [info] [resolveAuthority(ssh-remote,20)][7007ms] waiting...
2025-10-07 20:19:01.319 [info] [resolveAuthority(ssh-remote,20)][8008ms] waiting...
2025-10-07 20:19:02.320 [info] [resolveAuthority(ssh-remote,20)][9009ms] waiting...
2025-10-07 20:19:03.321 [info] [resolveAuthority(ssh-remote,20)][10010ms] waiting...
2025-10-07 20:19:04.322 [info] [resolveAuthority(ssh-remote,20)][11011ms] waiting...
2025-10-07 20:19:05.323 [info] [resolveAuthority(ssh-remote,20)][12012ms] waiting...
2025-10-07 20:19:06.324 [info] [resolveAuthority(ssh-remote,20)][13013ms] waiting...
2025-10-07 20:19:07.324 [info] [resolveAuthority(ssh-remote,20)][14013ms] waiting...
2025-10-07 20:19:08.324 [info] [resolveAuthority(ssh-remote,20)][15013ms] waiting...
2025-10-07 20:19:08.578 [error] [resolveAuthority(ssh-remote,20)][15267ms] returned an error The connection timed out
2025-10-07 20:19:38.645 [info] [resolveAuthority(ssh-remote,21)][0ms] activating remote resolvers ssh-remote+senc.icmc.usp.br
2025-10-07 20:19:38.645 [info] [resolveAuthority(ssh-remote,21)][0ms] activating resolver for ssh-remote+senc.icmc.usp.br...
2025-10-07 20:19:38.645 [info] [resolveAuthority(ssh-remote,21)][0ms] invoking final resolve()...
2025-10-07 20:19:39.646 [info] [resolveAuthority(ssh-remote,21)][1001ms] waiting...
2025-10-07 20:19:40.647 [info] [resolveAuthority(ssh-remote,21)][2002ms] waiting...
2025-10-07 20:19:41.648 [info] [resolveAuthority(ssh-remote,21)][3003ms] waiting...
2025-10-07 20:19:42.649 [info] [resolveAuthority(ssh-remote,21)][4004ms] waiting...
2025-10-07 20:19:43.650 [info] [resolveAuthority(ssh-remote,21)][5005ms] waiting...
2025-10-07 20:19:44.650 [info] [resolveAuthority(ssh-remote,21)][6005ms] waiting...
2025-10-07 20:19:45.650 [info] [resolveAuthority(ssh-remote,21)][7005ms] waiting...
2025-10-07 20:19:46.651 [info] [resolveAuthority(ssh-remote,21)][8006ms] waiting...
2025-10-07 20:19:47.652 [info] [resolveAuthority(ssh-remote,21)][9007ms] waiting...
2025-10-07 20:19:48.653 [info] [resolveAuthority(ssh-remote,21)][10008ms] waiting...
2025-10-07 20:19:49.654 [info] [resolveAuthority(ssh-remote,21)][11009ms] waiting...
2025-10-07 20:19:50.654 [info] [resolveAuthority(ssh-remote,21)][12009ms] waiting...
2025-10-07 20:19:51.655 [info] [resolveAuthority(ssh-remote,21)][13010ms] waiting...
2025-10-07 20:19:52.656 [info] [resolveAuthority(ssh-remote,21)][14011ms] waiting...
2025-10-07 20:19:53.657 [info] [resolveAuthority(ssh-remote,21)][15012ms] waiting...
2025-10-07 20:19:53.872 [error] [resolveAuthority(ssh-remote,21)][15227ms] returned an error The connection timed out
2025-10-07 20:20:23.929 [info] [resolveAuthority(ssh-remote,22)][0ms] activating remote resolvers ssh-remote+senc.icmc.usp.br
2025-10-07 20:20:23.929 [info] [resolveAuthority(ssh-remote,22)][0ms] activating resolver for ssh-remote+senc.icmc.usp.br...
2025-10-07 20:20:23.929 [info] [resolveAuthority(ssh-remote,22)][0ms] invoking final resolve()...
2025-10-07 20:20:24.930 [info] [resolveAuthority(ssh-remote,22)][1001ms] waiting...
2025-10-07 20:20:25.931 [info] [resolveAuthority(ssh-remote,22)][2002ms] waiting...
2025-10-07 20:20:26.932 [info] [resolveAuthority(ssh-remote,22)][3003ms] waiting...
2025-10-07 20:20:27.933 [info] [resolveAuthority(ssh-remote,22)][4004ms] waiting...
2025-10-07 20:20:28.934 [info] [resolveAuthority(ssh-remote,22)][5005ms] waiting...
2025-10-07 20:20:29.936 [info] [resolveAuthority(ssh-remote,22)][6007ms] waiting...
2025-10-07 20:20:30.936 [info] [resolveAuthority(ssh-remote,22)][7007ms] waiting...
2025-10-07 20:20:31.937 [info] [resolveAuthority(ssh-remote,22)][8008ms] waiting...
2025-10-07 20:20:32.938 [info] [resolveAuthority(ssh-remote,22)][9009ms] waiting...
2025-10-07 20:20:33.939 [info] [resolveAuthority(ssh-remote,22)][10010ms] waiting...
2025-10-07 20:20:34.939 [info] [resolveAuthority(ssh-remote,22)][11010ms] waiting...
2025-10-07 20:20:35.939 [info] [resolveAuthority(ssh-remote,22)][12010ms] waiting...
2025-10-07 20:20:36.940 [info] [resolveAuthority(ssh-remote,22)][13011ms] waiting...
2025-10-07 20:20:37.941 [info] [resolveAuthority(ssh-remote,22)][14012ms] waiting...
2025-10-07 20:20:38.942 [info] [resolveAuthority(ssh-remote,22)][15013ms] waiting...
2025-10-07 20:20:39.112 [error] [resolveAuthority(ssh-remote,22)][15183ms] returned an error The connection timed out
2025-10-07 20:21:09.156 [info] [resolveAuthority(ssh-remote,23)][0ms] activating remote resolvers ssh-remote+senc.icmc.usp.br
2025-10-07 20:21:09.156 [info] [resolveAuthority(ssh-remote,23)][0ms] activating resolver for ssh-remote+senc.icmc.usp.br...
2025-10-07 20:21:09.156 [info] [resolveAuthority(ssh-remote,23)][0ms] invoking final resolve()...
2025-10-07 20:21:10.157 [info] [resolveAuthority(ssh-remote,23)][1001ms] waiting...
2025-10-07 20:21:11.158 [info] [resolveAuthority(ssh-remote,23)][2002ms] waiting...
2025-10-07 20:21:12.159 [info] [resolveAuthority(ssh-remote,23)][3003ms] waiting...
2025-10-07 20:21:13.160 [info] [resolveAuthority(ssh-remote,23)][4004ms] waiting...
2025-10-07 20:21:14.161 [info] [resolveAuthority(ssh-remote,23)][5005ms] waiting...
2025-10-07 20:21:15.162 [info] [resolveAuthority(ssh-remote,23)][6006ms] waiting...
2025-10-07 20:21:16.163 [info] [resolveAuthority(ssh-remote,23)][7007ms] waiting...
2025-10-07 20:21:17.163 [info] [resolveAuthority(ssh-remote,23)][8007ms] waiting...
2025-10-07 20:21:18.164 [info] [resolveAuthority(ssh-remote,23)][9008ms] waiting...
2025-10-07 20:21:19.165 [info] [resolveAuthority(ssh-remote,23)][10009ms] waiting...
2025-10-07 20:21:20.166 [info] [resolveAuthority(ssh-remote,23)][11010ms] waiting...
2025-10-07 20:21:21.167 [info] [resolveAuthority(ssh-remote,23)][12011ms] waiting...
2025-10-07 20:21:22.167 [info] [resolveAuthority(ssh-remote,23)][13011ms] waiting...
2025-10-07 20:21:23.167 [info] [resolveAuthority(ssh-remote,23)][14011ms] waiting...
2025-10-07 20:21:24.167 [info] [resolveAuthority(ssh-remote,23)][15011ms] waiting...
2025-10-07 20:21:24.379 [error] [resolveAuthority(ssh-remote,23)][15223ms] returned an error The connection timed out
2025-10-07 20:21:54.431 [info] [resolveAuthority(ssh-remote,24)][0ms] activating remote resolvers ssh-remote+senc.icmc.usp.br
2025-10-07 20:21:54.431 [info] [resolveAuthority(ssh-remote,24)][0ms] activating resolver for ssh-remote+senc.icmc.usp.br...
2025-10-07 20:21:54.431 [info] [resolveAuthority(ssh-remote,24)][0ms] invoking final resolve()...
2025-10-07 20:21:55.432 [info] [resolveAuthority(ssh-remote,24)][1001ms] waiting...
2025-10-07 20:21:56.433 [info] [resolveAuthority(ssh-remote,24)][2002ms] waiting...
2025-10-07 20:21:57.434 [info] [resolveAuthority(ssh-remote,24)][3003ms] waiting...
2025-10-07 20:21:58.434 [info] [resolveAuthority(ssh-remote,24)][4003ms] waiting...
2025-10-07 20:21:59.435 [info] [resolveAuthority(ssh-remote,24)][5004ms] waiting...
2025-10-07 20:22:00.436 [info] [resolveAuthority(ssh-remote,24)][6005ms] waiting...
2025-10-07 20:22:01.438 [info] [resolveAuthority(ssh-remote,24)][7007ms] waiting...
2025-10-07 20:22:02.438 [info] [resolveAuthority(ssh-remote,24)][8007ms] waiting...
2025-10-07 20:22:03.439 [info] [resolveAuthority(ssh-remote,24)][9008ms] waiting...
2025-10-07 20:22:04.440 [info] [resolveAuthority(ssh-remote,24)][10009ms] waiting...
2025-10-07 20:22:05.441 [info] [resolveAuthority(ssh-remote,24)][11010ms] waiting...
2025-10-07 20:22:06.442 [info] [resolveAuthority(ssh-remote,24)][12011ms] waiting...
2025-10-07 20:22:07.443 [info] [resolveAuthority(ssh-remote,24)][13012ms] waiting...
2025-10-07 20:22:08.444 [info] [resolveAuthority(ssh-remote,24)][14013ms] waiting...
2025-10-07 20:22:09.445 [info] [resolveAuthority(ssh-remote,24)][15014ms] waiting...
2025-10-07 20:22:09.664 [error] [resolveAuthority(ssh-remote,24)][15233ms] returned an error The connection timed out
2025-10-07 20:22:39.735 [info] [resolveAuthority(ssh-remote,25)][0ms] activating remote resolvers ssh-remote+senc.icmc.usp.br
2025-10-07 20:22:39.736 [info] [resolveAuthority(ssh-remote,25)][2ms] activating resolver for ssh-remote+senc.icmc.usp.br...
2025-10-07 20:22:39.736 [info] [resolveAuthority(ssh-remote,25)][2ms] invoking final resolve()...
2025-10-07 20:22:40.737 [info] [resolveAuthority(ssh-remote,25)][1003ms] waiting...
2025-10-07 20:22:41.738 [info] [resolveAuthority(ssh-remote,25)][2004ms] waiting...
2025-10-07 20:22:42.740 [info] [resolveAuthority(ssh-remote,25)][3006ms] waiting...
2025-10-07 20:22:43.741 [info] [resolveAuthority(ssh-remote,25)][4007ms] waiting...
2025-10-07 20:22:44.741 [info] [resolveAuthority(ssh-remote,25)][5007ms] waiting...
2025-10-07 20:22:45.742 [info] [resolveAuthority(ssh-remote,25)][6008ms] waiting...
2025-10-07 20:22:46.743 [info] [resolveAuthority(ssh-remote,25)][7009ms] waiting...
2025-10-07 20:22:47.743 [info] [resolveAuthority(ssh-remote,25)][8009ms] waiting...
2025-10-07 20:22:48.744 [info] [resolveAuthority(ssh-remote,25)][9010ms] waiting...
2025-10-07 20:22:49.745 [info] [resolveAuthority(ssh-remote,25)][10011ms] waiting...
2025-10-07 20:22:50.746 [info] [resolveAuthority(ssh-remote,25)][11012ms] waiting...
2025-10-07 20:22:51.746 [info] [resolveAuthority(ssh-remote,25)][12012ms] waiting...
2025-10-07 20:22:52.747 [info] [resolveAuthority(ssh-remote,25)][13013ms] waiting...
2025-10-07 20:22:53.748 [info] [resolveAuthority(ssh-remote,25)][14014ms] waiting...
2025-10-07 20:22:54.749 [info] [resolveAuthority(ssh-remote,25)][15015ms] waiting...
2025-10-07 20:22:54.986 [error] [resolveAuthority(ssh-remote,25)][15252ms] returned an error The connection timed out
2025-10-07 20:23:25.043 [info] [resolveAuthority(ssh-remote,26)][0ms] activating remote resolvers ssh-remote+senc.icmc.usp.br
2025-10-07 20:23:25.043 [info] [resolveAuthority(ssh-remote,26)][0ms] activating resolver for ssh-remote+senc.icmc.usp.br...
2025-10-07 20:23:25.043 [info] [resolveAuthority(ssh-remote,26)][0ms] invoking final resolve()...
2025-10-07 20:23:26.045 [info] [resolveAuthority(ssh-remote,26)][1002ms] waiting...
2025-10-07 20:23:27.045 [info] [resolveAuthority(ssh-remote,26)][2002ms] waiting...
2025-10-07 20:23:28.046 [info] [resolveAuthority(ssh-remote,26)][3003ms] waiting...
2025-10-07 20:23:29.046 [info] [resolveAuthority(ssh-remote,26)][4003ms] waiting...
2025-10-07 20:23:30.047 [info] [resolveAuthority(ssh-remote,26)][5004ms] waiting...
2025-10-07 20:23:31.048 [info] [resolveAuthority(ssh-remote,26)][6005ms] waiting...
2025-10-07 20:23:32.049 [info] [resolveAuthority(ssh-remote,26)][7006ms] waiting...
2025-10-07 20:23:33.050 [info] [resolveAuthority(ssh-remote,26)][8007ms] waiting...
2025-10-07 20:23:34.051 [info] [resolveAuthority(ssh-remote,26)][9008ms] waiting...
2025-10-07 20:23:35.052 [info] [resolveAuthority(ssh-remote,26)][10009ms] waiting...
2025-10-07 20:23:36.052 [info] [resolveAuthority(ssh-remote,26)][11009ms] waiting...
2025-10-07 20:23:37.051 [info] [resolveAuthority(ssh-remote,26)][12008ms] waiting...
2025-10-07 20:23:38.053 [info] [resolveAuthority(ssh-remote,26)][13010ms] waiting...
2025-10-07 20:23:39.053 [info] [resolveAuthority(ssh-remote,26)][14010ms] waiting...
2025-10-07 20:23:40.054 [info] [resolveAuthority(ssh-remote,26)][15011ms] waiting...
2025-10-07 20:23:40.261 [error] [resolveAuthority(ssh-remote,26)][15218ms] returned an error The connection timed out
2025-10-07 20:24:10.308 [info] [resolveAuthority(ssh-remote,27)][0ms] activating remote resolvers ssh-remote+senc.icmc.usp.br
2025-10-07 20:24:10.308 [info] [resolveAuthority(ssh-remote,27)][0ms] activating resolver for ssh-remote+senc.icmc.usp.br...
2025-10-07 20:24:10.308 [info] [resolveAuthority(ssh-remote,27)][0ms] invoking final resolve()...
2025-10-07 20:24:11.308 [info] [resolveAuthority(ssh-remote,27)][1000ms] waiting...
2025-10-07 20:24:12.309 [info] [resolveAuthority(ssh-remote,27)][2001ms] waiting...
2025-10-07 20:24:13.310 [info] [resolveAuthority(ssh-remote,27)][3002ms] waiting...
2025-10-07 20:24:14.311 [info] [resolveAuthority(ssh-remote,27)][4003ms] waiting...
2025-10-07 20:24:15.312 [info] [resolveAuthority(ssh-remote,27)][5004ms] waiting...
2025-10-07 20:24:16.313 [info] [resolveAuthority(ssh-remote,27)][6005ms] waiting...
2025-10-07 20:24:17.314 [info] [resolveAuthority(ssh-remote,27)][7006ms] waiting...
2025-10-07 20:24:18.315 [info] [resolveAuthority(ssh-remote,27)][8007ms] waiting...
2025-10-07 20:24:19.315 [info] [resolveAuthority(ssh-remote,27)][9007ms] waiting...
2025-10-07 20:24:20.315 [info] [resolveAuthority(ssh-remote,27)][10007ms] waiting...
2025-10-07 20:24:21.316 [info] [resolveAuthority(ssh-remote,27)][11008ms] waiting...
2025-10-07 20:24:22.317 [info] [resolveAuthority(ssh-remote,27)][12009ms] waiting...
2025-10-07 20:24:23.318 [info] [resolveAuthority(ssh-remote,27)][13010ms] waiting...
2025-10-07 20:24:24.318 [info] [resolveAuthority(ssh-remote,27)][14010ms] waiting...
2025-10-07 20:24:25.319 [info] [resolveAuthority(ssh-remote,27)][15011ms] waiting...
2025-10-07 20:24:25.485 [error] [resolveAuthority(ssh-remote,27)][15177ms] returned an error The connection timed out
2025-10-07 20:24:55.531 [info] [resolveAuthority(ssh-remote,28)][0ms] activating remote resolvers ssh-remote+senc.icmc.usp.br
2025-10-07 20:24:55.532 [info] [resolveAuthority(ssh-remote,28)][1ms] activating resolver for ssh-remote+senc.icmc.usp.br...
2025-10-07 20:24:55.532 [info] [resolveAuthority(ssh-remote,28)][1ms] invoking final resolve()...
2025-10-07 20:24:56.532 [info] [resolveAuthority(ssh-remote,28)][1001ms] waiting...
2025-10-07 20:24:57.533 [info] [resolveAuthority(ssh-remote,28)][2002ms] waiting...
2025-10-07 20:24:58.534 [info] [resolveAuthority(ssh-remote,28)][3003ms] waiting...
2025-10-07 20:24:59.535 [info] [resolveAuthority(ssh-remote,28)][4004ms] waiting...
2025-10-07 20:25:00.536 [info] [resolveAuthority(ssh-remote,28)][5005ms] waiting...
2025-10-07 20:25:01.537 [info] [resolveAuthority(ssh-remote,28)][6006ms] waiting...
2025-10-07 20:25:02.538 [info] [resolveAuthority(ssh-remote,28)][7007ms] waiting...
2025-10-07 20:25:03.539 [info] [resolveAuthority(ssh-remote,28)][8008ms] waiting...
2025-10-07 20:25:04.540 [info] [resolveAuthority(ssh-remote,28)][9009ms] waiting...
2025-10-07 20:25:05.541 [info] [resolveAuthority(ssh-remote,28)][10010ms] waiting...
2025-10-07 20:25:06.541 [info] [resolveAuthority(ssh-remote,28)][11010ms] waiting...
2025-10-07 20:25:07.542 [info] [resolveAuthority(ssh-remote,28)][12011ms] waiting...
2025-10-07 20:25:08.543 [info] [resolveAuthority(ssh-remote,28)][13012ms] waiting...
2025-10-07 20:25:09.544 [info] [resolveAuthority(ssh-remote,28)][14013ms] waiting...
2025-10-07 20:25:10.544 [info] [resolveAuthority(ssh-remote,28)][15013ms] waiting...
2025-10-07 20:25:10.681 [error] [resolveAuthority(ssh-remote,28)][15150ms] returned an error The connection timed out
2025-10-07 20:25:40.756 [info] [resolveAuthority(ssh-remote,29)][0ms] activating remote resolvers ssh-remote+senc.icmc.usp.br
2025-10-07 20:25:40.756 [info] [resolveAuthority(ssh-remote,29)][0ms] activating resolver for ssh-remote+senc.icmc.usp.br...
2025-10-07 20:25:40.756 [info] [resolveAuthority(ssh-remote,29)][0ms] invoking final resolve()...
2025-10-07 20:25:41.756 [info] [resolveAuthority(ssh-remote,29)][1000ms] waiting...
2025-10-07 20:25:42.756 [info] [resolveAuthority(ssh-remote,29)][2000ms] waiting...
2025-10-07 20:25:43.757 [info] [resolveAuthority(ssh-remote,29)][3001ms] waiting...
2025-10-07 20:25:44.758 [info] [resolveAuthority(ssh-remote,29)][4002ms] waiting...
2025-10-07 20:25:45.758 [info] [resolveAuthority(ssh-remote,29)][5002ms] waiting...
2025-10-07 20:25:46.759 [info] [resolveAuthority(ssh-remote,29)][6003ms] waiting...
2025-10-07 20:25:47.760 [info] [resolveAuthority(ssh-remote,29)][7004ms] waiting...
2025-10-07 20:25:48.761 [info] [resolveAuthority(ssh-remote,29)][8005ms] waiting...
2025-10-07 20:25:49.762 [info] [resolveAuthority(ssh-remote,29)][9006ms] waiting...
2025-10-07 20:25:50.763 [info] [resolveAuthority(ssh-remote,29)][10006ms] waiting...
2025-10-07 20:25:51.763 [info] [resolveAuthority(ssh-remote,29)][11007ms] waiting...
2025-10-07 20:25:52.763 [info] [resolveAuthority(ssh-remote,29)][12007ms] waiting...
2025-10-07 20:25:53.764 [info] [resolveAuthority(ssh-remote,29)][13008ms] waiting...
2025-10-07 20:25:54.765 [info] [resolveAuthority(ssh-remote,29)][14009ms] waiting...
2025-10-07 20:25:55.765 [info] [resolveAuthority(ssh-remote,29)][15009ms] waiting...
2025-10-07 20:25:55.993 [error] [resolveAuthority(ssh-remote,29)][15236ms] returned an error The connection timed out
2025-10-07 20:26:26.041 [info] [resolveAuthority(ssh-remote,30)][0ms] activating remote resolvers ssh-remote+senc.icmc.usp.br
2025-10-07 20:26:26.041 [info] [resolveAuthority(ssh-remote,30)][0ms] activating resolver for ssh-remote+senc.icmc.usp.br...
2025-10-07 20:26:26.042 [info] [resolveAuthority(ssh-remote,30)][1ms] invoking final resolve()...
2025-10-07 20:26:27.042 [info] [resolveAuthority(ssh-remote,30)][1001ms] waiting...
2025-10-07 20:26:28.044 [info] [resolveAuthority(ssh-remote,30)][2003ms] waiting...
2025-10-07 20:26:29.044 [info] [resolveAuthority(ssh-remote,30)][3003ms] waiting...
2025-10-07 20:26:30.045 [info] [resolveAuthority(ssh-remote,30)][4004ms] waiting...
2025-10-07 20:26:31.046 [info] [resolveAuthority(ssh-remote,30)][5005ms] waiting...
2025-10-07 20:26:32.047 [info] [resolveAuthority(ssh-remote,30)][6006ms] waiting...
2025-10-07 20:26:33.048 [info] [resolveAuthority(ssh-remote,30)][7007ms] waiting...
2025-10-07 20:26:34.047 [info] [resolveAuthority(ssh-remote,30)][8006ms] waiting...
2025-10-07 20:26:35.048 [info] [resolveAuthority(ssh-remote,30)][9007ms] waiting...
2025-10-07 20:26:36.047 [info] [resolveAuthority(ssh-remote,30)][10006ms] waiting...
2025-10-07 20:26:37.047 [info] [resolveAuthority(ssh-remote,30)][11006ms] waiting...
2025-10-07 20:26:38.048 [info] [resolveAuthority(ssh-remote,30)][12007ms] waiting...
2025-10-07 20:26:39.049 [info] [resolveAuthority(ssh-remote,30)][13008ms] waiting...
2025-10-07 20:26:40.051 [info] [resolveAuthority(ssh-remote,30)][14009ms] waiting...
2025-10-07 20:26:41.051 [info] [resolveAuthority(ssh-remote,30)][15010ms] waiting...
2025-10-07 20:26:41.256 [error] [resolveAuthority(ssh-remote,30)][15215ms] returned an error The connection timed out
2025-10-07 20:27:11.309 [info] [resolveAuthority(ssh-remote,31)][0ms] activating remote resolvers ssh-remote+senc.icmc.usp.br
2025-10-07 20:27:11.309 [info] [resolveAuthority(ssh-remote,31)][0ms] activating resolver for ssh-remote+senc.icmc.usp.br...
2025-10-07 20:27:11.310 [info] [resolveAuthority(ssh-remote,31)][1ms] invoking final resolve()...
2025-10-07 20:27:12.310 [info] [resolveAuthority(ssh-remote,31)][1001ms] waiting...
2025-10-07 20:27:13.311 [info] [resolveAuthority(ssh-remote,31)][2002ms] waiting...
2025-10-07 20:27:14.312 [info] [resolveAuthority(ssh-remote,31)][3003ms] waiting...
2025-10-07 20:27:15.313 [info] [resolveAuthority(ssh-remote,31)][4004ms] waiting...
2025-10-07 20:27:16.314 [info] [resolveAuthority(ssh-remote,31)][5005ms] waiting...
2025-10-07 20:27:17.315 [info] [resolveAuthority(ssh-remote,31)][6006ms] waiting...
2025-10-07 20:27:18.316 [info] [resolveAuthority(ssh-remote,31)][7007ms] waiting...
2025-10-07 20:27:19.316 [info] [resolveAuthority(ssh-remote,31)][8007ms] waiting...
2025-10-07 20:27:20.317 [info] [resolveAuthority(ssh-remote,31)][9008ms] waiting...
2025-10-07 20:27:21.317 [info] [resolveAuthority(ssh-remote,31)][10008ms] waiting...
2025-10-07 20:27:22.318 [info] [resolveAuthority(ssh-remote,31)][11009ms] waiting...
2025-10-07 20:27:23.318 [info] [resolveAuthority(ssh-remote,31)][12009ms] waiting...
2025-10-07 20:27:24.319 [info] [resolveAuthority(ssh-remote,31)][13010ms] waiting...
2025-10-07 20:27:25.320 [info] [resolveAuthority(ssh-remote,31)][14011ms] waiting...
2025-10-07 20:27:26.320 [info] [resolveAuthority(ssh-remote,31)][15011ms] waiting...
2025-10-07 20:27:26.535 [error] [resolveAuthority(ssh-remote,31)][15225ms] returned an error The connection timed out
2025-10-07 20:27:56.581 [info] [resolveAuthority(ssh-remote,32)][0ms] activating remote resolvers ssh-remote+senc.icmc.usp.br
2025-10-07 20:27:56.581 [info] [resolveAuthority(ssh-remote,32)][0ms] activating resolver for ssh-remote+senc.icmc.usp.br...
2025-10-07 20:27:56.581 [info] [resolveAuthority(ssh-remote,32)][0ms] invoking final resolve()...
2025-10-07 20:27:57.582 [info] [resolveAuthority(ssh-remote,32)][1001ms] waiting...
2025-10-07 20:27:58.583 [info] [resolveAuthority(ssh-remote,32)][2002ms] waiting...
2025-10-07 20:27:59.583 [info] [resolveAuthority(ssh-remote,32)][3002ms] waiting...
2025-10-07 20:28:00.584 [info] [resolveAuthority(ssh-remote,32)][4003ms] waiting...
2025-10-07 20:28:01.585 [info] [resolveAuthority(ssh-remote,32)][5004ms] waiting...
2025-10-07 20:28:02.586 [info] [resolveAuthority(ssh-remote,32)][6005ms] waiting...
2025-10-07 20:28:03.587 [info] [resolveAuthority(ssh-remote,32)][7006ms] waiting...
2025-10-07 20:28:04.587 [info] [resolveAuthority(ssh-remote,32)][8006ms] waiting...
2025-10-07 20:28:05.588 [info] [resolveAuthority(ssh-remote,32)][9007ms] waiting...
2025-10-07 20:28:06.588 [info] [resolveAuthority(ssh-remote,32)][10007ms] waiting...
2025-10-07 20:28:07.588 [info] [resolveAuthority(ssh-remote,32)][11007ms] waiting...
2025-10-07 20:28:08.589 [info] [resolveAuthority(ssh-remote,32)][12008ms] waiting...
2025-10-07 20:28:09.590 [info] [resolveAuthority(ssh-remote,32)][13008ms] waiting...
2025-10-07 20:28:10.590 [info] [resolveAuthority(ssh-remote,32)][14009ms] waiting...
2025-10-07 20:28:11.590 [info] [resolveAuthority(ssh-remote,32)][15009ms] waiting...
2025-10-07 20:28:11.779 [error] [resolveAuthority(ssh-remote,32)][15198ms] returned an error The connection timed out
2025-10-07 20:28:41.827 [info] [resolveAuthority(ssh-remote,33)][0ms] activating remote resolvers ssh-remote+senc.icmc.usp.br
2025-10-07 20:28:41.827 [info] [resolveAuthority(ssh-remote,33)][0ms] activating resolver for ssh-remote+senc.icmc.usp.br...
2025-10-07 20:28:41.827 [info] [resolveAuthority(ssh-remote,33)][0ms] invoking final resolve()...
2025-10-07 20:28:42.828 [info] [resolveAuthority(ssh-remote,33)][1001ms] waiting...
2025-10-07 20:28:43.829 [info] [resolveAuthority(ssh-remote,33)][2002ms] waiting...
2025-10-07 20:28:44.830 [info] [resolveAuthority(ssh-remote,33)][3003ms] waiting...
2025-10-07 20:28:45.831 [info] [resolveAuthority(ssh-remote,33)][4004ms] waiting...
2025-10-07 20:28:46.832 [info] [resolveAuthority(ssh-remote,33)][5005ms] waiting...
2025-10-07 20:28:47.833 [info] [resolveAuthority(ssh-remote,33)][6006ms] waiting...
2025-10-07 20:28:48.834 [info] [resolveAuthority(ssh-remote,33)][7007ms] waiting...
2025-10-07 20:28:49.835 [info] [resolveAuthority(ssh-remote,33)][8008ms] waiting...
2025-10-07 20:28:50.835 [info] [resolveAuthority(ssh-remote,33)][9008ms] waiting...
2025-10-07 20:28:51.835 [info] [resolveAuthority(ssh-remote,33)][10008ms] waiting...
2025-10-07 20:28:52.836 [info] [resolveAuthority(ssh-remote,33)][11009ms] waiting...
2025-10-07 20:28:53.836 [info] [resolveAuthority(ssh-remote,33)][12009ms] waiting...
2025-10-07 20:28:54.838 [info] [resolveAuthority(ssh-remote,33)][13011ms] waiting...
2025-10-07 20:28:55.838 [info] [resolveAuthority(ssh-remote,33)][14011ms] waiting...
2025-10-07 20:28:56.839 [info] [resolveAuthority(ssh-remote,33)][15012ms] waiting...
2025-10-07 20:28:57.050 [error] [resolveAuthority(ssh-remote,33)][15222ms] returned an error The connection timed out
2025-10-07 20:29:27.117 [info] [resolveAuthority(ssh-remote,34)][0ms] activating remote resolvers ssh-remote+senc.icmc.usp.br
2025-10-07 20:29:27.117 [info] [resolveAuthority(ssh-remote,34)][0ms] activating resolver for ssh-remote+senc.icmc.usp.br...
2025-10-07 20:29:27.117 [info] [resolveAuthority(ssh-remote,34)][0ms] invoking final resolve()...
2025-10-07 20:29:28.118 [info] [resolveAuthority(ssh-remote,34)][1001ms] waiting...
2025-10-07 20:29:29.119 [info] [resolveAuthority(ssh-remote,34)][2002ms] waiting...
2025-10-07 20:29:30.119 [info] [resolveAuthority(ssh-remote,34)][3002ms] waiting...
2025-10-07 20:29:31.121 [info] [resolveAuthority(ssh-remote,34)][4004ms] waiting...
2025-10-07 20:29:32.121 [info] [resolveAuthority(ssh-remote,34)][5004ms] waiting...
2025-10-07 20:29:33.122 [info] [resolveAuthority(ssh-remote,34)][6005ms] waiting...
2025-10-07 20:29:34.123 [info] [resolveAuthority(ssh-remote,34)][7006ms] waiting...
2025-10-07 20:29:35.124 [info] [resolveAuthority(ssh-remote,34)][8007ms] waiting...
2025-10-07 20:29:36.124 [info] [resolveAuthority(ssh-remote,34)][9007ms] waiting...
2025-10-07 20:29:37.124 [info] [resolveAuthority(ssh-remote,34)][10007ms] waiting...
2025-10-07 20:29:38.124 [info] [resolveAuthority(ssh-remote,34)][11007ms] waiting...
2025-10-07 20:29:39.125 [info] [resolveAuthority(ssh-remote,34)][12008ms] waiting...
2025-10-07 20:29:40.126 [info] [resolveAuthority(ssh-remote,34)][13009ms] waiting...
2025-10-07 20:29:41.127 [info] [resolveAuthority(ssh-remote,34)][14010ms] waiting...
2025-10-07 20:29:42.127 [info] [resolveAuthority(ssh-remote,34)][15010ms] waiting...
2025-10-07 20:29:42.645 [error] [resolveAuthority(ssh-remote,34)][15528ms] returned an error The connection timed out
2025-10-07 20:30:12.707 [info] [resolveAuthority(ssh-remote,35)][0ms] activating remote resolvers ssh-remote+senc.icmc.usp.br
2025-10-07 20:30:12.707 [info] [resolveAuthority(ssh-remote,35)][0ms] activating resolver for ssh-remote+senc.icmc.usp.br...
2025-10-07 20:30:12.708 [info] [resolveAuthority(ssh-remote,35)][1ms] invoking final resolve()...
2025-10-07 20:30:13.708 [info] [resolveAuthority(ssh-remote,35)][1001ms] waiting...
2025-10-07 20:30:14.709 [info] [resolveAuthority(ssh-remote,35)][2002ms] waiting...
2025-10-07 20:30:15.709 [info] [resolveAuthority(ssh-remote,35)][3002ms] waiting...
2025-10-07 20:30:16.710 [info] [resolveAuthority(ssh-remote,35)][4002ms] waiting...
2025-10-07 20:30:17.710 [info] [resolveAuthority(ssh-remote,35)][5003ms] waiting...
2025-10-07 20:30:18.711 [info] [resolveAuthority(ssh-remote,35)][6004ms] waiting...
2025-10-07 20:30:19.712 [info] [resolveAuthority(ssh-remote,35)][7005ms] waiting...
2025-10-07 20:30:20.712 [info] [resolveAuthority(ssh-remote,35)][8005ms] waiting...
2025-10-07 20:30:21.713 [info] [resolveAuthority(ssh-remote,35)][9006ms] waiting...
2025-10-07 20:30:22.714 [info] [resolveAuthority(ssh-remote,35)][10007ms] waiting...
2025-10-07 20:30:23.715 [info] [resolveAuthority(ssh-remote,35)][11008ms] waiting...
2025-10-07 20:30:24.716 [info] [resolveAuthority(ssh-remote,35)][12009ms] waiting...
2025-10-07 20:30:25.716 [info] [resolveAuthority(ssh-remote,35)][13009ms] waiting...
2025-10-07 20:30:26.716 [info] [resolveAuthority(ssh-remote,35)][14008ms] waiting...
2025-10-07 20:30:27.716 [info] [resolveAuthority(ssh-remote,35)][15009ms] waiting...
2025-10-07 20:30:27.918 [error] [resolveAuthority(ssh-remote,35)][15210ms] returned an error The connection timed out
2025-10-07 20:30:57.981 [info] [resolveAuthority(ssh-remote,36)][0ms] activating remote resolvers ssh-remote+senc.icmc.usp.br
2025-10-07 20:30:57.981 [info] [resolveAuthority(ssh-remote,36)][0ms] activating resolver for ssh-remote+senc.icmc.usp.br...
2025-10-07 20:30:57.981 [info] [resolveAuthority(ssh-remote,36)][0ms] invoking final resolve()...
2025-10-07 20:30:58.983 [info] [resolveAuthority(ssh-remote,36)][1002ms] waiting...
2025-10-07 20:30:59.983 [info] [resolveAuthority(ssh-remote,36)][2002ms] waiting...
2025-10-07 20:31:00.985 [info] [resolveAuthority(ssh-remote,36)][3003ms] waiting...
2025-10-07 20:31:01.985 [info] [resolveAuthority(ssh-remote,36)][4004ms] waiting...
2025-10-07 20:31:02.986 [info] [resolveAuthority(ssh-remote,36)][5005ms] waiting...
2025-10-07 20:31:03.986 [info] [resolveAuthority(ssh-remote,36)][6005ms] waiting...
2025-10-07 20:31:04.988 [info] [resolveAuthority(ssh-remote,36)][7007ms] waiting...
2025-10-07 20:31:05.988 [info] [resolveAuthority(ssh-remote,36)][8007ms] waiting...
2025-10-07 20:31:06.988 [info] [resolveAuthority(ssh-remote,36)][9007ms] waiting...
2025-10-07 20:31:07.989 [info] [resolveAuthority(ssh-remote,36)][10008ms] waiting...
2025-10-07 20:31:08.990 [info] [resolveAuthority(ssh-remote,36)][11009ms] waiting...
2025-10-07 20:31:09.991 [info] [resolveAuthority(ssh-remote,36)][12010ms] waiting...
2025-10-07 20:31:10.991 [info] [resolveAuthority(ssh-remote,36)][13010ms] waiting...
2025-10-07 20:31:11.991 [info] [resolveAuthority(ssh-remote,36)][14010ms] waiting...
2025-10-07 20:31:12.992 [info] [resolveAuthority(ssh-remote,36)][15011ms] waiting...
2025-10-07 20:31:13.877 [error] [resolveAuthority(ssh-remote,36)][15896ms] returned an error The connection timed out
2025-10-07 20:31:43.934 [info] [resolveAuthority(ssh-remote,37)][0ms] activating remote resolvers ssh-remote+senc.icmc.usp.br
2025-10-07 20:31:43.934 [info] [resolveAuthority(ssh-remote,37)][0ms] activating resolver for ssh-remote+senc.icmc.usp.br...
2025-10-07 20:31:43.934 [info] [resolveAuthority(ssh-remote,37)][0ms] invoking final resolve()...
2025-10-07 20:31:44.935 [info] [resolveAuthority(ssh-remote,37)][1001ms] waiting...
2025-10-07 20:31:45.935 [info] [resolveAuthority(ssh-remote,37)][2001ms] waiting...
2025-10-07 20:31:46.936 [info] [resolveAuthority(ssh-remote,37)][3002ms] waiting...
2025-10-07 20:31:47.936 [info] [resolveAuthority(ssh-remote,37)][4002ms] waiting...
2025-10-07 20:31:48.937 [info] [resolveAuthority(ssh-remote,37)][5003ms] waiting...
2025-10-07 20:31:49.938 [info] [resolveAuthority(ssh-remote,37)][6004ms] waiting...
2025-10-07 20:31:50.939 [info] [resolveAuthority(ssh-remote,37)][7005ms] waiting...
2025-10-07 20:31:51.940 [info] [resolveAuthority(ssh-remote,37)][8006ms] waiting...
2025-10-07 20:31:52.940 [info] [resolveAuthority(ssh-remote,37)][9006ms] waiting...
2025-10-07 20:31:53.940 [info] [resolveAuthority(ssh-remote,37)][10006ms] waiting...
2025-10-07 20:31:54.941 [info] [resolveAuthority(ssh-remote,37)][11007ms] waiting...
2025-10-07 20:31:55.941 [info] [resolveAuthority(ssh-remote,37)][12007ms] waiting...
2025-10-07 20:31:56.941 [info] [resolveAuthority(ssh-remote,37)][13007ms] waiting...
2025-10-07 20:31:57.943 [info] [resolveAuthority(ssh-remote,37)][14009ms] waiting...
2025-10-07 20:31:58.944 [info] [resolveAuthority(ssh-remote,37)][15010ms] waiting...
2025-10-07 20:31:59.176 [error] [resolveAuthority(ssh-remote,37)][15242ms] returned an error The connection timed out
2025-10-07 20:32:29.239 [info] [resolveAuthority(ssh-remote,38)][0ms] activating remote resolvers ssh-remote+senc.icmc.usp.br
2025-10-07 20:32:29.239 [info] [resolveAuthority(ssh-remote,38)][0ms] activating resolver for ssh-remote+senc.icmc.usp.br...
2025-10-07 20:32:29.240 [info] [resolveAuthority(ssh-remote,38)][1ms] invoking final resolve()...
2025-10-07 20:32:30.240 [info] [resolveAuthority(ssh-remote,38)][1001ms] waiting...
2025-10-07 20:32:31.241 [info] [resolveAuthority(ssh-remote,38)][2002ms] waiting...
2025-10-07 20:32:32.242 [info] [resolveAuthority(ssh-remote,38)][3003ms] waiting...
2025-10-07 20:32:33.242 [info] [resolveAuthority(ssh-remote,38)][4003ms] waiting...
2025-10-07 20:32:34.243 [info] [resolveAuthority(ssh-remote,38)][5004ms] waiting...
2025-10-07 20:32:35.244 [info] [resolveAuthority(ssh-remote,38)][6005ms] waiting...
2025-10-07 20:32:36.244 [info] [resolveAuthority(ssh-remote,38)][7005ms] waiting...
2025-10-07 20:32:37.245 [info] [resolveAuthority(ssh-remote,38)][8005ms] waiting...
2025-10-07 20:32:38.245 [info] [resolveAuthority(ssh-remote,38)][9006ms] waiting...
2025-10-07 20:32:39.244 [info] [resolveAuthority(ssh-remote,38)][10005ms] waiting...
2025-10-07 20:32:40.245 [info] [resolveAuthority(ssh-remote,38)][11006ms] waiting...
2025-10-07 20:32:41.245 [info] [resolveAuthority(ssh-remote,38)][12006ms] waiting...
2025-10-07 20:32:42.245 [info] [resolveAuthority(ssh-remote,38)][13006ms] waiting...
2025-10-07 20:32:43.246 [info] [resolveAuthority(ssh-remote,38)][14007ms] waiting...
2025-10-07 20:32:44.247 [info] [resolveAuthority(ssh-remote,38)][15008ms] waiting...
2025-10-07 20:32:44.739 [error] [resolveAuthority(ssh-remote,38)][15500ms] returned an error The connection timed out
2025-10-07 20:33:14.803 [info] [resolveAuthority(ssh-remote,39)][0ms] activating remote resolvers ssh-remote+senc.icmc.usp.br
2025-10-07 20:33:14.803 [info] [resolveAuthority(ssh-remote,39)][0ms] activating resolver for ssh-remote+senc.icmc.usp.br...
2025-10-07 20:33:14.803 [info] [resolveAuthority(ssh-remote,39)][0ms] invoking final resolve()...
2025-10-07 20:33:15.804 [info] [resolveAuthority(ssh-remote,39)][1001ms] waiting...
2025-10-07 20:33:16.804 [info] [resolveAuthority(ssh-remote,39)][2001ms] waiting...
2025-10-07 20:33:17.805 [info] [resolveAuthority(ssh-remote,39)][3002ms] waiting...
2025-10-07 20:33:18.806 [info] [resolveAuthority(ssh-remote,39)][4003ms] waiting...
2025-10-07 20:33:19.807 [info] [resolveAuthority(ssh-remote,39)][5004ms] waiting...
2025-10-07 20:33:20.807 [info] [resolveAuthority(ssh-remote,39)][6004ms] waiting...
2025-10-07 20:33:21.807 [info] [resolveAuthority(ssh-remote,39)][7004ms] waiting...
2025-10-07 20:33:22.806 [info] [resolveAuthority(ssh-remote,39)][8003ms] waiting...
2025-10-07 20:33:23.806 [info] [resolveAuthority(ssh-remote,39)][9003ms] waiting...
2025-10-07 20:33:24.807 [info] [resolveAuthority(ssh-remote,39)][10004ms] waiting...
2025-10-07 20:33:25.808 [info] [resolveAuthority(ssh-remote,39)][11005ms] waiting...
2025-10-07 20:33:26.809 [info] [resolveAuthority(ssh-remote,39)][12006ms] waiting...
2025-10-07 20:33:27.809 [info] [resolveAuthority(ssh-remote,39)][13006ms] waiting...
2025-10-07 20:33:28.810 [info] [resolveAuthority(ssh-remote,39)][14007ms] waiting...
2025-10-07 20:33:29.811 [info] [resolveAuthority(ssh-remote,39)][15008ms] waiting...
2025-10-07 20:33:30.018 [error] [resolveAuthority(ssh-remote,39)][15215ms] returned an error The connection timed out
2025-10-07 20:34:00.068 [info] [resolveAuthority(ssh-remote,40)][0ms] activating remote resolvers ssh-remote+senc.icmc.usp.br
2025-10-07 20:34:00.068 [info] [resolveAuthority(ssh-remote,40)][0ms] activating resolver for ssh-remote+senc.icmc.usp.br...
2025-10-07 20:34:00.068 [info] [resolveAuthority(ssh-remote,40)][0ms] invoking final resolve()...
2025-10-07 20:34:01.069 [info] [resolveAuthority(ssh-remote,40)][1001ms] waiting...
2025-10-07 20:34:02.070 [info] [resolveAuthority(ssh-remote,40)][2002ms] waiting...
2025-10-07 20:34:03.071 [info] [resolveAuthority(ssh-remote,40)][3003ms] waiting...
2025-10-07 20:34:04.072 [info] [resolveAuthority(ssh-remote,40)][4004ms] waiting...
2025-10-07 20:34:05.072 [info] [resolveAuthority(ssh-remote,40)][5004ms] waiting...
2025-10-07 20:34:06.072 [info] [resolveAuthority(ssh-remote,40)][6004ms] waiting...
2025-10-07 20:34:07.072 [info] [resolveAuthority(ssh-remote,40)][7004ms] waiting...
2025-10-07 20:34:08.072 [info] [resolveAuthority(ssh-remote,40)][8004ms] waiting...
2025-10-07 20:34:09.073 [info] [resolveAuthority(ssh-remote,40)][9005ms] waiting...
2025-10-07 20:34:10.073 [info] [resolveAuthority(ssh-remote,40)][10005ms] waiting...
2025-10-07 20:34:11.075 [info] [resolveAuthority(ssh-remote,40)][11006ms] waiting...
2025-10-07 20:34:12.075 [info] [resolveAuthority(ssh-remote,40)][12007ms] waiting...
2025-10-07 20:34:13.075 [info] [resolveAuthority(ssh-remote,40)][13007ms] waiting...
2025-10-07 20:34:14.076 [info] [resolveAuthority(ssh-remote,40)][14008ms] waiting...
2025-10-07 20:34:15.076 [info] [resolveAuthority(ssh-remote,40)][15008ms] waiting...
2025-10-07 20:34:15.267 [error] [resolveAuthority(ssh-remote,40)][15198ms] returned an error The connection timed out
2025-10-07 20:34:45.338 [info] [resolveAuthority(ssh-remote,41)][0ms] activating remote resolvers ssh-remote+senc.icmc.usp.br
2025-10-07 20:34:45.338 [info] [resolveAuthority(ssh-remote,41)][0ms] activating resolver for ssh-remote+senc.icmc.usp.br...
2025-10-07 20:34:45.338 [info] [resolveAuthority(ssh-remote,41)][0ms] invoking final resolve()...
2025-10-07 20:34:46.338 [info] [resolveAuthority(ssh-remote,41)][1000ms] waiting...
2025-10-07 20:34:47.339 [info] [resolveAuthority(ssh-remote,41)][2001ms] waiting...
2025-10-07 20:34:48.340 [info] [resolveAuthority(ssh-remote,41)][3002ms] waiting...
2025-10-07 20:34:49.340 [info] [resolveAuthority(ssh-remote,41)][4002ms] waiting...
2025-10-07 20:34:50.341 [info] [resolveAuthority(ssh-remote,41)][5003ms] waiting...
2025-10-07 20:34:51.342 [info] [resolveAuthority(ssh-remote,41)][6004ms] waiting...
2025-10-07 20:34:52.343 [info] [resolveAuthority(ssh-remote,41)][7005ms] waiting...
2025-10-07 20:34:53.344 [info] [resolveAuthority(ssh-remote,41)][8006ms] waiting...
2025-10-07 20:34:54.345 [info] [resolveAuthority(ssh-remote,41)][9007ms] waiting...
2025-10-07 20:34:55.345 [info] [resolveAuthority(ssh-remote,41)][10007ms] waiting...
2025-10-07 20:34:56.345 [info] [resolveAuthority(ssh-remote,41)][11007ms] waiting...
2025-10-07 20:34:57.345 [info] [resolveAuthority(ssh-remote,41)][12007ms] waiting...
2025-10-07 20:34:58.345 [info] [resolveAuthority(ssh-remote,41)][13007ms] waiting...
2025-10-07 20:34:59.346 [info] [resolveAuthority(ssh-remote,41)][14008ms] waiting...
2025-10-07 20:35:00.347 [info] [resolveAuthority(ssh-remote,41)][15009ms] waiting...
2025-10-07 20:35:00.561 [error] [resolveAuthority(ssh-remote,41)][15223ms] returned an error The connection timed out
2025-10-07 20:35:30.617 [info] [resolveAuthority(ssh-remote,42)][0ms] activating remote resolvers ssh-remote+senc.icmc.usp.br
2025-10-07 20:35:30.617 [info] [resolveAuthority(ssh-remote,42)][0ms] activating resolver for ssh-remote+senc.icmc.usp.br...
2025-10-07 20:35:30.618 [info] [resolveAuthority(ssh-remote,42)][1ms] invoking final resolve()...
2025-10-07 20:35:31.619 [info] [resolveAuthority(ssh-remote,42)][1002ms] waiting...
2025-10-07 20:35:32.619 [info] [resolveAuthority(ssh-remote,42)][2002ms] waiting...
2025-10-07 20:35:33.620 [info] [resolveAuthority(ssh-remote,42)][3003ms] waiting...
2025-10-07 20:35:34.621 [info] [resolveAuthority(ssh-remote,42)][4004ms] waiting...
2025-10-07 20:35:35.622 [info] [resolveAuthority(ssh-remote,42)][5005ms] waiting...
2025-10-07 20:35:36.622 [info] [resolveAuthority(ssh-remote,42)][6005ms] waiting...
2025-10-07 20:35:37.622 [info] [resolveAuthority(ssh-remote,42)][7005ms] waiting...
2025-10-07 20:35:38.623 [info] [resolveAuthority(ssh-remote,42)][8006ms] waiting...
2025-10-07 20:35:39.624 [info] [resolveAuthority(ssh-remote,42)][9007ms] waiting...
2025-10-07 20:35:40.626 [info] [resolveAuthority(ssh-remote,42)][10009ms] waiting...
2025-10-07 20:35:41.626 [info] [resolveAuthority(ssh-remote,42)][11009ms] waiting...
2025-10-07 20:35:42.626 [info] [resolveAuthority(ssh-remote,42)][12009ms] waiting...
2025-10-07 20:35:43.627 [info] [resolveAuthority(ssh-remote,42)][13010ms] waiting...
2025-10-07 20:35:44.628 [info] [resolveAuthority(ssh-remote,42)][14011ms] waiting...
2025-10-07 20:35:45.629 [info] [resolveAuthority(ssh-remote,42)][15012ms] waiting...
2025-10-07 20:35:45.921 [error] [resolveAuthority(ssh-remote,42)][15304ms] returned an error The connection timed out
2025-10-07 20:36:15.975 [info] [resolveAuthority(ssh-remote,43)][0ms] activating remote resolvers ssh-remote+senc.icmc.usp.br
2025-10-07 20:36:15.975 [info] [resolveAuthority(ssh-remote,43)][0ms] activating resolver for ssh-remote+senc.icmc.usp.br...
2025-10-07 20:36:15.976 [info] [resolveAuthority(ssh-remote,43)][1ms] invoking final resolve()...
2025-10-07 20:36:16.976 [info] [resolveAuthority(ssh-remote,43)][1001ms] waiting...
2025-10-07 20:36:17.977 [info] [resolveAuthority(ssh-remote,43)][2002ms] waiting...
2025-10-07 20:36:18.978 [info] [resolveAuthority(ssh-remote,43)][3003ms] waiting...
2025-10-07 20:36:19.979 [info] [resolveAuthority(ssh-remote,43)][4004ms] waiting...
2025-10-07 20:36:20.979 [info] [resolveAuthority(ssh-remote,43)][5004ms] waiting...
2025-10-07 20:36:21.980 [info] [resolveAuthority(ssh-remote,43)][6005ms] waiting...
2025-10-07 20:36:22.980 [info] [resolveAuthority(ssh-remote,43)][7005ms] waiting...
2025-10-07 20:36:23.980 [info] [resolveAuthority(ssh-remote,43)][8005ms] waiting...
2025-10-07 20:36:24.980 [info] [resolveAuthority(ssh-remote,43)][9005ms] waiting...
2025-10-07 20:36:25.981 [info] [resolveAuthority(ssh-remote,43)][10006ms] waiting...
2025-10-07 20:36:26.981 [info] [resolveAuthority(ssh-remote,43)][11006ms] waiting...
2025-10-07 20:36:27.982 [info] [resolveAuthority(ssh-remote,43)][12007ms] waiting...
2025-10-07 20:36:28.984 [info] [resolveAuthority(ssh-remote,43)][13009ms] waiting...
2025-10-07 20:36:29.984 [info] [resolveAuthority(ssh-remote,43)][14009ms] waiting...
2025-10-07 20:36:30.985 [info] [resolveAuthority(ssh-remote,43)][15010ms] waiting...
2025-10-07 20:36:31.236 [error] [resolveAuthority(ssh-remote,43)][15260ms] returned an error The connection timed out
2025-10-07 20:37:01.279 [info] [resolveAuthority(ssh-remote,44)][0ms] activating remote resolvers ssh-remote+senc.icmc.usp.br
2025-10-07 20:37:01.279 [info] [resolveAuthority(ssh-remote,44)][0ms] activating resolver for ssh-remote+senc.icmc.usp.br...
2025-10-07 20:37:01.279 [info] [resolveAuthority(ssh-remote,44)][0ms] invoking final resolve()...
2025-10-07 20:37:02.281 [info] [resolveAuthority(ssh-remote,44)][1002ms] waiting...
2025-10-07 20:37:03.282 [info] [resolveAuthority(ssh-remote,44)][2003ms] waiting...
2025-10-07 20:37:04.283 [info] [resolveAuthority(ssh-remote,44)][3004ms] waiting...
2025-10-07 20:37:05.284 [info] [resolveAuthority(ssh-remote,44)][4005ms] waiting...
2025-10-07 20:37:06.285 [info] [resolveAuthority(ssh-remote,44)][5006ms] waiting...
2025-10-07 20:37:07.286 [info] [resolveAuthority(ssh-remote,44)][6007ms] waiting...
2025-10-07 20:37:08.286 [info] [resolveAuthority(ssh-remote,44)][7007ms] waiting...
2025-10-07 20:37:09.286 [info] [resolveAuthority(ssh-remote,44)][8007ms] waiting...
2025-10-07 20:37:10.286 [info] [resolveAuthority(ssh-remote,44)][9007ms] waiting...
2025-10-07 20:37:11.287 [info] [resolveAuthority(ssh-remote,44)][10008ms] waiting...
2025-10-07 20:37:12.288 [info] [resolveAuthority(ssh-remote,44)][11009ms] waiting...
2025-10-07 20:37:13.289 [info] [resolveAuthority(ssh-remote,44)][12010ms] waiting...
2025-10-07 20:37:14.289 [info] [resolveAuthority(ssh-remote,44)][13010ms] waiting...
2025-10-07 20:37:15.290 [info] [resolveAuthority(ssh-remote,44)][14011ms] waiting...
2025-10-07 20:37:16.291 [info] [resolveAuthority(ssh-remote,44)][15012ms] waiting...
2025-10-07 20:37:16.514 [error] [resolveAuthority(ssh-remote,44)][15234ms] returned an error The connection timed out
2025-10-07 20:37:46.575 [info] [resolveAuthority(ssh-remote,45)][0ms] activating remote resolvers ssh-remote+senc.icmc.usp.br
2025-10-07 20:37:46.575 [info] [resolveAuthority(ssh-remote,45)][0ms] activating resolver for ssh-remote+senc.icmc.usp.br...
2025-10-07 20:37:46.575 [info] [resolveAuthority(ssh-remote,45)][0ms] invoking final resolve()...
2025-10-07 20:37:47.576 [info] [resolveAuthority(ssh-remote,45)][1001ms] waiting...
2025-10-07 20:37:48.576 [info] [resolveAuthority(ssh-remote,45)][2001ms] waiting...
2025-10-07 20:37:49.576 [info] [resolveAuthority(ssh-remote,45)][3001ms] waiting...
2025-10-07 20:37:50.577 [info] [resolveAuthority(ssh-remote,45)][4002ms] waiting...
2025-10-07 20:37:51.578 [info] [resolveAuthority(ssh-remote,45)][5003ms] waiting...
2025-10-07 20:37:52.578 [info] [resolveAuthority(ssh-remote,45)][6003ms] waiting...
2025-10-07 20:37:53.578 [info] [resolveAuthority(ssh-remote,45)][7003ms] waiting...
2025-10-07 20:37:54.579 [info] [resolveAuthority(ssh-remote,45)][8004ms] waiting...
2025-10-07 20:37:55.579 [info] [resolveAuthority(ssh-remote,45)][9004ms] waiting...
2025-10-07 20:37:56.581 [info] [resolveAuthority(ssh-remote,45)][10006ms] waiting...
2025-10-07 20:37:57.581 [info] [resolveAuthority(ssh-remote,45)][11006ms] waiting...
2025-10-07 20:37:58.583 [info] [resolveAuthority(ssh-remote,45)][12007ms] waiting...
2025-10-07 20:37:59.584 [info] [resolveAuthority(ssh-remote,45)][13009ms] waiting...
2025-10-07 20:38:00.585 [info] [resolveAuthority(ssh-remote,45)][14010ms] waiting...
