[15:58:14.978] Log Level: 2
[15:58:14.993] SSH Resolver called for "ssh-remote+senc.icmc.usp.br", attempt 1
[15:58:14.993] "remote.SSH.useLocalServer": true
[15:58:14.993] "remote.SSH.useExecServer": false
[15:58:14.994] "remote.SSH.path": undefined
[15:58:14.994] "remote.SSH.configFile": undefined
[15:58:14.994] "remote.SSH.useFlock": true
[15:58:14.994] "remote.SSH.lockfilesInTmp": false
[15:58:14.994] "remote.SSH.localServerDownload": auto
[15:58:14.994] "remote.SSH.remoteServerListenOnSocket": false
[15:58:14.995] "remote.SSH.showLoginTerminal": false
[15:58:14.995] "remote.SSH.defaultExtensions": []
[15:58:14.995] "remote.SSH.loglevel": 2
[15:58:14.995] "remote.SSH.enableDynamicForwarding": true
[15:58:14.995] "remote.SSH.enableRemoteCommand": false
[15:58:14.995] "remote.SSH.serverPickPortsFromRange": {}
[15:58:14.996] "remote.SSH.serverInstallPath": {}
[15:58:15.001] VS Code version: 1.85.2
[15:58:15.002] Remote-SSH version: remote-ssh@0.108.2023112915
[15:58:15.002] linux x64
[15:58:15.003] SSH Resolver called for host: senc.icmc.usp.br
[15:58:15.003] Setting up SSH remote "senc.icmc.usp.br"
[15:58:15.008] Acquiring local install lock: /tmp/vscode-remote-ssh-2f5e6878-install.lock
[15:58:15.010] Looking for existing server data file at /home/drdbrioso/.config/Code/User/globalStorage/ms-vscode-remote.remote-ssh/vscode-ssh-host-2f5e6878-8b3775030ed1a69b13e4f4c628c612102e30a681-0.108.2023112915-tr/data.json
[15:58:15.011] Using commit id "8b3775030ed1a69b13e4f4c628c612102e30a681" and quality "stable" for server
[15:58:15.014] Install and start server if needed
[15:58:15.018] PATH: /usr/local/bin:/usr/bin:/usr/local/sbin:/opt/android-sdk/platform-tools:/var/lib/flatpak/exports/bin:/usr/lib/jvm/default/bin:/usr/bin/site_perl:/usr/bin/vendor_perl:/usr/bin/core_perl:/home/drdbrioso/.local/bin:/opt/android-sdk/platform-tools:/home/drdbrioso/.local/bin:/opt/nvim/:/home/drdbrioso/.local/bin
[15:58:15.018] Checking ssh with "ssh -V"
[15:58:15.025] > OpenSSH_10.0p2, OpenSSL 3.5.3 16 Sep 2025

[15:58:15.029] askpass server listening on /run/user/1000/vscode-ssh-askpass-7eda57c4b8d70dbb00d44529eacdd95a7c95205b.sock
[15:58:15.029] Spawning local server with {"serverId":1,"ipcHandlePath":"/run/user/1000/vscode-ssh-askpass-2b4113b7b085c6cca45e20a7228b7999af293a35.sock","sshCommand":"ssh","sshArgs":["-v","-T","-D","42115","-o","ConnectTimeout=15","senc.icmc.usp.br"],"serverDataFolderName":".vscode-server","dataFilePath":"/home/drdbrioso/.config/Code/User/globalStorage/ms-vscode-remote.remote-ssh/vscode-ssh-host-2f5e6878-8b3775030ed1a69b13e4f4c628c612102e30a681-0.108.2023112915-tr/data.json"}
[15:58:15.029] Local server env: {"SHELL":"/usr/bin/zsh","DISPLAY":":0","ELECTRON_RUN_AS_NODE":"1","SSH_ASKPASS":"/home/drdbrioso/.vscode/extensions/ms-vscode-remote.remote-ssh-0.108.2023112915/out/local-server/askpass.sh","VSCODE_SSH_ASKPASS_NODE":"/home/drdbrioso/Desktop/code-stable-x64-1705560028/VSCode-linux-x64/code","VSCODE_SSH_ASKPASS_EXTRA_ARGS":"--ms-enable-electron-run-as-node","VSCODE_SSH_ASKPASS_MAIN":"/home/drdbrioso/.vscode/extensions/ms-vscode-remote.remote-ssh-0.108.2023112915/out/askpass-main.js","VSCODE_SSH_ASKPASS_HANDLE":"/run/user/1000/vscode-ssh-askpass-7eda57c4b8d70dbb00d44529eacdd95a7c95205b.sock"}
[15:58:15.032] Spawned 21236
[15:58:15.123] > local-server-1> Running ssh connection command: "-v -T -D 42115 -o ConnectTimeout=15 senc.icmc.usp.br"
[15:58:15.126] > local-server-1> Spawned ssh, pid=21244
[15:58:15.614] stderr> debug1: Server host key: ssh-ed25519 SHA256:pVqYJ9se5EhmIAvOwtJIlmPU+tHanHbPTfdzOa8qTZ4
[15:58:16.675] Got askpass request: {"request":"web-senc@senc.icmc.usp.br's password:"}
[15:58:16.675] Showing password prompt
[15:58:16.676] Listening for interwindow password on /run/user/1000/vscode-ssh-askpass-755b1e9716273757d33d855a40ddcb017e69bc0f.sock
[15:58:16.676] Writing password prompt to globalState
[15:58:41.144] Got password response
[15:58:41.145] Interactor gave response: ***********
[15:58:41.146] Cleaning up other-window auth server
[15:58:41.197] stderr> Authenticated to senc.icmc.usp.br ([143.107.183.96]:22) using "password".
[15:58:41.742] > Welcome to Ubuntu 18.04.6 LTS (GNU/Linux 4.15.0-213-generic x86_64)
> 
>  * Documentation:  https://help.ubuntu.com
>  * Management:     https://landscape.canonical.com
>  * Support:        https://ubuntu.com/advantage
> 
>   System information as of Mon Oct 13 18:58:41 UTC 2025
> 
>   System load:  0.07               Processes:             165
>   Usage of /:   42.3% of 29.36GB   Users logged in:       0
>   Memory usage: 24%                IP address for ens192: 143.107.183.96
>   Swap usage:   10%
> 
> 
>  * Introducing Expanded Security Maintenance for Applications.
>    Receive updates to over 25,000 software packages with your
>    Ubuntu Pro subscription. Free for personal use.
> 
>      https://ubuntu.com/pro
> 
> 32 updates can be applied immediately.
> To see these additional updates run: apt list --upgradable
> 
> New release '20.04.6 LTS' available.
> Run 'do-release-upgrade' to upgrade to it.
> 
[15:58:41.769] > ready: 3a614a0a42db
[15:58:41.799] > Linux 4.15.0-213-generic #224-Ubuntu SMP Mon Jun 19 13:30:12 UTC 2023
[15:58:41.800] Platform: linux
[15:58:41.828] > /bin/bash
[15:58:41.829] Shell: bash
[15:58:41.829] Creating bash subshell inside "bash"
[15:58:41.860] > bash version:  4.4.20(1)-release
[15:58:41.983] > 3a614a0a42db: running
[15:58:42.016] > Acquiring lock on /home/web-senc/.vscode-server/bin/8b3775030ed1a69b13e4f4c628c612102e30a681/vscode-remote-lock.web-senc.8b3775030ed1a69b13e4f4c628c612102e30a681
> Found existing installation at /home/web-senc/.vscode-server/bin/8b3775030ed1a69b13e4f4c628c612102e30a681...
> Checking /home/web-senc/.vscode-server/.8b3775030ed1a69b13e4f4c628c612102e30a681.log and /home/web-senc/.vscode-server/.8b3775030ed1a69b13e4f4c628c612102e30a681.pid for a running server
[15:58:42.048] > Looking for server with pid: 15490
[15:58:42.201] > Running ssh connection command... /home/web-senc/.vscode-server/bin/8b3775030ed1a69b13e4f4c628c612102e30a681/bin/code-server --start-server --host=127.0.0.1 --accept-server-license-terms --enable-remote-auto-shutdown --port=0 --telemetry-level all   &> "/home/web-senc/.vscode-server/.8b3775030ed1a69b13e4f4c628c612102e30a681.log" < /dev/null
> printenv:
[15:58:42.254] >     SSH_CONNECTION=143.107.252.164 36118 143.107.183.96 22
>     LANG=en_US.UTF-8
>     XDG_SESSION_ID=81154
>     USER=web-senc
>     PWD=/home/web-senc
>     HOME=/home/web-senc
>     SSH_CLIENT=143.107.252.164 36118 22
>     XDG_DATA_DIRS=/usr/local/share:/usr/share:/var/lib/snapd/desktop
>     MAIL=/var/mail/web-senc
>     SHELL=/bin/bash
>     SHLVL=2
>     VSCODE_AGENT_FOLDER=/home/web-senc/.vscode-server
>     LOGNAME=web-senc
>     DBUS_SESSION_BUS_ADDRESS=unix:path=/run/user/1001/bus
>     XDG_RUNTIME_DIR=/run/user/1001
>     PATH=/usr/local/sbin:/usr/local/bin:/usr/sbin:/usr/bin:/sbin:/bin:/usr/games:/usr/local/games:/snap/bin
>     _=/usr/bin/printenv
[15:58:42.259] > Removing old logfile at /home/web-senc/.vscode-server/.8b3775030ed1a69b13e4f4c628c612102e30a681.log
> Spawned remote server: 356
[15:58:42.266] > Waiting for server log...
[15:58:42.307] > Waiting for server log...
[15:58:42.346] > Waiting for server log...
[15:58:42.428] > Waiting for server log...
[15:58:42.568] > Waiting for server log...
> Waiting for server log...
> Waiting for server log...
[15:58:42.571] > Waiting for server log...
[15:58:42.759] >  
> *
> * Visual Studio Code Server
> *
> * By using the software, you agree to
> * the Visual Studio Code Server License Terms (https://aka.ms/vscode-server-license) and
> * the Microsoft Privacy Statement (https://privacy.microsoft.com/en-US/privacystatement).
> *
>  
> 3a614a0a42db: start
> SSH_AUTH_SOCK====
> DISPLAY====
> webUiAccessToken====
> listeningOn==39241==
> osReleaseId==ubuntu==
> arch==x86_64==
> vscodeArch==x64==
> bitness==64==
> tmpDir==/run/user/1001==
> platform==linux==
> unpackResult====
> didLocalDownload==0==
> downloadTime====
> installTime====
> extInstallTime====
> serverStartTime==330==
> connectionToken==a11a1111-1a11-11aa-a111-a1aaa11a11a1==
> 3a614a0a42db: end
[15:58:42.760] Received install output: 
SSH_AUTH_SOCK====
DISPLAY====
webUiAccessToken====
listeningOn==39241==
osReleaseId==ubuntu==
arch==x86_64==
vscodeArch==x64==
bitness==64==
tmpDir==/run/user/1001==
platform==linux==
unpackResult====
didLocalDownload==0==
downloadTime====
installTime====
extInstallTime====
serverStartTime==330==
connectionToken==a11a1111-1a11-11aa-a111-a1aaa11a11a1==

[15:58:42.761] Remote server is listening on port 39241
[15:58:42.762] Parsed server configuration: {"serverConfiguration":{"remoteListeningOn":{"port":39241},"osReleaseId":"ubuntu","arch":"x86_64","webUiAccessToken":"","sshAuthSock":"","display":"","tmpDir":"/run/user/1001","platform":"linux","connectionToken":"a11a1111-1a11-11aa-a111-a1aaa11a11a1"},"serverStartTime":330,"installUnpackCode":""}
[15:58:42.764] Persisting server connection details to /home/drdbrioso/.config/Code/User/globalStorage/ms-vscode-remote.remote-ssh/vscode-ssh-host-2f5e6878-8b3775030ed1a69b13e4f4c628c612102e30a681-0.108.2023112915-tr/data.json
[15:58:42.769] Starting forwarding server. local port 41483 -> socksPort 42115 -> remotePort 39241
[15:58:42.770] Forwarding server listening on port 41483
[15:58:42.771] Waiting for ssh tunnel to be ready
[15:58:42.773] [Forwarding server port 41483] Got connection 0
[15:58:42.775] Tunneled port 39241 to local port 41483
[15:58:42.776] Resolved "ssh-remote+senc.icmc.usp.br" to "port 41483"
[15:58:42.792] ------




[15:58:42.856] [Forwarding server port 41483] Got connection 1
[15:58:43.666] [Forwarding server port 41483] Got connection 2
