2025-10-07 19:14:40.334 [info] Extension host with pid 19916 started
2025-10-07 19:14:40.334 [info] Skipping acquiring lock for /home/drdbrioso/.config/Code/User/workspaceStorage/67ef078c24af5dd44cd99d03f833dfe3.
2025-10-07 19:14:40.334 [info] $getCanonicalURI invoked for authority (ssh-remote)
2025-10-07 19:14:40.341 [info] ExtensionService#_doActivateExtension ms-vscode-remote.remote-ssh, startup: false, activationEvent: 'onResolveRemoteAuthority:ssh-remote'
2025-10-07 19:14:40.408 [error] PendingMigrationError: navigator is now a global in nodejs, please see https://aka.ms/vscode-extensions/navigator for additional info on this error.
    at get (file:///home/drdbrioso/Desktop/code-stable-x64-1759409365/VSCode-linux-x64/resources/app/out/vs/workbench/api/node/extensionHostProcess.js:391:6611)
    at k (/home/drdbrioso/.vscode/extensions/ms-vscode-remote.remote-ssh-0.107.1/out/939.js:2:15376)
    at O (/home/drdbrioso/.vscode/extensions/ms-vscode-remote.remote-ssh-0.107.1/out/939.js:2:15447)
    at q (/home/drdbrioso/.vscode/extensions/ms-vscode-remote.remote-ssh-0.107.1/out/939.js:2:15999)
    at e.initialize (/home/drdbrioso/.vscode/extensions/ms-vscode-remote.remote-ssh-0.107.1/out/488.js:1:14196)
    at e.r [as initialize] (/home/drdbrioso/.vscode/extensions/ms-vscode-remote.remote-ssh-0.107.1/out/939.js:2:41127)
    at /home/drdbrioso/.vscode/extensions/ms-vscode-remote.remote-ssh-0.107.1/out/488.js:1:21382
    at l (/home/drdbrioso/.vscode/extensions/ms-vscode-remote.remote-ssh-0.107.1/out/939.js:2:28109)
    at e.initialize (/home/drdbrioso/.vscode/extensions/ms-vscode-remote.remote-ssh-0.107.1/out/488.js:1:20252)
    at n.r [as initialize] (/home/drdbrioso/.vscode/extensions/ms-vscode-remote.remote-ssh-0.107.1/out/939.js:2:41127)
    at Array.<anonymous> (/home/drdbrioso/.vscode/extensions/ms-vscode-remote.remote-ssh-0.107.1/out/939.js:2:33245)
    at W (/home/drdbrioso/.vscode/extensions/ms-vscode-remote.remote-ssh-0.107.1/out/939.js:2:23435)
    at l (/home/drdbrioso/.vscode/extensions/ms-vscode-remote.remote-ssh-0.107.1/out/939.js:2:33206)
    at Array.<anonymous> (/home/drdbrioso/.vscode/extensions/ms-vscode-remote.remote-ssh-0.107.1/out/164.js:1:10258)
    at W (/home/drdbrioso/.vscode/extensions/ms-vscode-remote.remote-ssh-0.107.1/out/939.js:2:23435)
    at Object.initialize (/home/drdbrioso/.vscode/extensions/ms-vscode-remote.remote-ssh-0.107.1/out/164.js:1:10214)
    at H (/home/drdbrioso/.vscode/extensions/ms-vscode-remote.remote-ssh-0.107.1/out/164.js:1:11451)
    at e.<computed> (/home/drdbrioso/.vscode/extensions/ms-vscode-remote.remote-ssh-0.107.1/out/164.js:1:13424)
    at Object.initialize (/home/drdbrioso/.vscode/extensions/ms-vscode-remote.remote-ssh-0.107.1/out/939.js:2:40576)
    at e.<computed> (/home/drdbrioso/.vscode/extensions/ms-vscode-remote.remote-ssh-0.107.1/out/164.js:1:16508)
    at Object.initialize (/home/drdbrioso/.vscode/extensions/ms-vscode-remote.remote-ssh-0.107.1/out/939.js:2:40576)
    at /home/drdbrioso/.vscode/extensions/ms-vscode-remote.remote-ssh-0.107.1/out/164.js:1:17748
    at l (/home/drdbrioso/.vscode/extensions/ms-vscode-remote.remote-ssh-0.107.1/out/939.js:2:28109)
    at e.initialize (/home/drdbrioso/.vscode/extensions/ms-vscode-remote.remote-ssh-0.107.1/out/164.js:1:17105)
    at n.r [as initialize] (/home/drdbrioso/.vscode/extensions/ms-vscode-remote.remote-ssh-0.107.1/out/939.js:2:41127)
    at /home/drdbrioso/.vscode/extensions/ms-vscode-remote.remote-ssh-0.107.1/out/extension.js:2:496375
    at async /home/drdbrioso/.vscode/extensions/ms-vscode-remote.remote-ssh-0.107.1/out/extension.js:2:495754
2025-10-07 19:14:40.408 [error] PendingMigrationError: navigator is now a global in nodejs, please see https://aka.ms/vscode-extensions/navigator for additional info on this error.
    at get (file:///home/drdbrioso/Desktop/code-stable-x64-1759409365/VSCode-linux-x64/resources/app/out/vs/workbench/api/node/extensionHostProcess.js:391:6611)
    at S (/home/drdbrioso/.vscode/extensions/ms-vscode-remote.remote-ssh-0.107.1/out/939.js:2:15128)
    at O (/home/drdbrioso/.vscode/extensions/ms-vscode-remote.remote-ssh-0.107.1/out/939.js:2:15461)
    at q (/home/drdbrioso/.vscode/extensions/ms-vscode-remote.remote-ssh-0.107.1/out/939.js:2:15999)
    at e.initialize (/home/drdbrioso/.vscode/extensions/ms-vscode-remote.remote-ssh-0.107.1/out/488.js:1:14196)
    at e.r [as initialize] (/home/drdbrioso/.vscode/extensions/ms-vscode-remote.remote-ssh-0.107.1/out/939.js:2:41127)
    at /home/drdbrioso/.vscode/extensions/ms-vscode-remote.remote-ssh-0.107.1/out/488.js:1:21382
    at l (/home/drdbrioso/.vscode/extensions/ms-vscode-remote.remote-ssh-0.107.1/out/939.js:2:28109)
    at e.initialize (/home/drdbrioso/.vscode/extensions/ms-vscode-remote.remote-ssh-0.107.1/out/488.js:1:20252)
    at n.r [as initialize] (/home/drdbrioso/.vscode/extensions/ms-vscode-remote.remote-ssh-0.107.1/out/939.js:2:41127)
    at Array.<anonymous> (/home/drdbrioso/.vscode/extensions/ms-vscode-remote.remote-ssh-0.107.1/out/939.js:2:33245)
    at W (/home/drdbrioso/.vscode/extensions/ms-vscode-remote.remote-ssh-0.107.1/out/939.js:2:23435)
    at l (/home/drdbrioso/.vscode/extensions/ms-vscode-remote.remote-ssh-0.107.1/out/939.js:2:33206)
    at Array.<anonymous> (/home/drdbrioso/.vscode/extensions/ms-vscode-remote.remote-ssh-0.107.1/out/164.js:1:10258)
    at W (/home/drdbrioso/.vscode/extensions/ms-vscode-remote.remote-ssh-0.107.1/out/939.js:2:23435)
    at Object.initialize (/home/drdbrioso/.vscode/extensions/ms-vscode-remote.remote-ssh-0.107.1/out/164.js:1:10214)
    at H (/home/drdbrioso/.vscode/extensions/ms-vscode-remote.remote-ssh-0.107.1/out/164.js:1:11451)
    at e.<computed> (/home/drdbrioso/.vscode/extensions/ms-vscode-remote.remote-ssh-0.107.1/out/164.js:1:13424)
    at Object.initialize (/home/drdbrioso/.vscode/extensions/ms-vscode-remote.remote-ssh-0.107.1/out/939.js:2:40576)
    at e.<computed> (/home/drdbrioso/.vscode/extensions/ms-vscode-remote.remote-ssh-0.107.1/out/164.js:1:16508)
    at Object.initialize (/home/drdbrioso/.vscode/extensions/ms-vscode-remote.remote-ssh-0.107.1/out/939.js:2:40576)
    at /home/drdbrioso/.vscode/extensions/ms-vscode-remote.remote-ssh-0.107.1/out/164.js:1:17748
    at l (/home/drdbrioso/.vscode/extensions/ms-vscode-remote.remote-ssh-0.107.1/out/939.js:2:28109)
    at e.initialize (/home/drdbrioso/.vscode/extensions/ms-vscode-remote.remote-ssh-0.107.1/out/164.js:1:17105)
    at n.r [as initialize] (/home/drdbrioso/.vscode/extensions/ms-vscode-remote.remote-ssh-0.107.1/out/939.js:2:41127)
    at /home/drdbrioso/.vscode/extensions/ms-vscode-remote.remote-ssh-0.107.1/out/extension.js:2:496375
    at async /home/drdbrioso/.vscode/extensions/ms-vscode-remote.remote-ssh-0.107.1/out/extension.js:2:495754
2025-10-07 19:14:40.412 [info] [resolveAuthority(ssh-remote,1)][0ms] activating remote resolvers ssh-remote+senc.icmc.usp.br
2025-10-07 19:14:40.412 [info] [resolveAuthority(ssh-remote,1)][0ms] activating resolver for ssh-remote+senc.icmc.usp.br...
2025-10-07 19:14:40.412 [info] [resolveAuthority(ssh-remote,1)][0ms] invoking final resolve()...
2025-10-07 19:14:41.412 [info] [resolveAuthority(ssh-remote,1)][1000ms] waiting...
2025-10-07 19:14:42.413 [info] [resolveAuthority(ssh-remote,1)][2001ms] waiting...
2025-10-07 19:14:43.414 [info] [resolveAuthority(ssh-remote,1)][3002ms] waiting...
2025-10-07 19:14:44.414 [info] [resolveAuthority(ssh-remote,1)][4002ms] waiting...
2025-10-07 19:14:45.414 [info] [resolveAuthority(ssh-remote,1)][5002ms] waiting...
2025-10-07 19:14:46.417 [info] [resolveAuthority(ssh-remote,1)][6004ms] waiting...
2025-10-07 19:14:47.418 [info] [resolveAuthority(ssh-remote,1)][7006ms] waiting...
2025-10-07 19:14:48.419 [info] [resolveAuthority(ssh-remote,1)][8007ms] waiting...
2025-10-07 19:14:49.420 [info] [resolveAuthority(ssh-remote,1)][9008ms] waiting...
2025-10-07 19:14:50.421 [info] [resolveAuthority(ssh-remote,1)][10009ms] waiting...
2025-10-07 19:14:51.422 [info] [resolveAuthority(ssh-remote,1)][11010ms] waiting...
2025-10-07 19:14:52.422 [info] [resolveAuthority(ssh-remote,1)][12010ms] waiting...
2025-10-07 19:14:53.423 [info] [resolveAuthority(ssh-remote,1)][13011ms] waiting...
2025-10-07 19:14:54.424 [info] [resolveAuthority(ssh-remote,1)][14012ms] waiting...
2025-10-07 19:14:55.425 [info] [resolveAuthority(ssh-remote,1)][15013ms] waiting...
2025-10-07 19:14:56.426 [info] [resolveAuthority(ssh-remote,1)][16014ms] waiting...
2025-10-07 19:14:57.427 [info] [resolveAuthority(ssh-remote,1)][17015ms] waiting...
2025-10-07 19:14:58.428 [info] [resolveAuthority(ssh-remote,1)][18016ms] waiting...
2025-10-07 19:14:59.429 [info] [resolveAuthority(ssh-remote,1)][19017ms] waiting...
2025-10-07 19:15:00.429 [info] [resolveAuthority(ssh-remote,1)][20017ms] waiting...
2025-10-07 19:15:01.430 [info] [resolveAuthority(ssh-remote,1)][21018ms] waiting...
2025-10-07 19:15:02.431 [info] [resolveAuthority(ssh-remote,1)][22019ms] waiting...
2025-10-07 19:15:03.433 [info] [resolveAuthority(ssh-remote,1)][23021ms] waiting...
2025-10-07 19:15:04.433 [info] [resolveAuthority(ssh-remote,1)][24021ms] waiting...
2025-10-07 19:15:05.434 [info] [resolveAuthority(ssh-remote,1)][25022ms] waiting...
2025-10-07 19:15:06.435 [info] [resolveAuthority(ssh-remote,1)][26023ms] waiting...
2025-10-07 19:15:07.437 [info] [resolveAuthority(ssh-remote,1)][27025ms] waiting...
2025-10-07 19:15:08.438 [info] [resolveAuthority(ssh-remote,1)][28026ms] waiting...
2025-10-07 19:15:09.440 [info] [resolveAuthority(ssh-remote,1)][29028ms] waiting...
2025-10-07 19:15:10.440 [info] [resolveAuthority(ssh-remote,1)][30027ms] waiting...
2025-10-07 19:15:11.441 [info] [resolveAuthority(ssh-remote,1)][31028ms] waiting...
2025-10-07 19:15:12.442 [info] [resolveAuthority(ssh-remote,1)][32030ms] waiting...
2025-10-07 19:15:13.443 [info] [resolveAuthority(ssh-remote,1)][33031ms] waiting...
2025-10-07 19:15:14.445 [info] [resolveAuthority(ssh-remote,1)][34033ms] waiting...
2025-10-07 19:15:15.445 [info] [resolveAuthority(ssh-remote,1)][35033ms] waiting...
2025-10-07 19:15:16.447 [info] [resolveAuthority(ssh-remote,1)][36035ms] waiting...
2025-10-07 19:15:16.951 [error] [resolveAuthority(ssh-remote,1)][36539ms] returned an error Connecting with SSH timed out
2025-10-07 19:15:17.174 [error] CodeExpectedError
    at lSt.j (vscode-file://vscode-app/home/drdbrioso/Desktop/code-stable-x64-1759409365/VSCode-linux-x64/resources/app/out/vs/workbench/workbench.desktop.main.js:3677:60796)
    at async lSt.exists (vscode-file://vscode-app/home/drdbrioso/Desktop/code-stable-x64-1759409365/VSCode-linux-x64/resources/app/out/vs/workbench/workbench.desktop.main.js:3677:62925)
    at async Promise.all (index 0)
    at async vscode-file://vscode-app/home/drdbrioso/Desktop/code-stable-x64-1759409365/VSCode-linux-x64/resources/app/out/vs/workbench/workbench.desktop.main.js:3718:7791
2025-10-07 19:15:17.174 [info] Eager extensions activated
2025-10-07 19:15:17.176 [info] ExtensionService#_doActivateExtension vscode.github-authentication, startup: false, activationEvent: 'onAuthenticationRequest:github'
2025-10-07 19:15:17.197 [info] ExtensionService#_doActivateExtension ms-vscode.remote-explorer, startup: false, activationEvent: 'onCommand:remote-internal.setActiveFolders'
2025-10-07 19:15:17.278 [info] ExtensionService#_doActivateExtension ms-vscode-remote.remote-containers, startup: false, activationEvent: 'onStartupFinished'
2025-10-07 19:15:17.372 [info] ExtensionService#_doActivateExtension ms-vscode-remote.remote-wsl, startup: false, activationEvent: 'onStartupFinished'
2025-10-07 19:15:17.568 [info] ExtensionService#_doActivateExtension ms-vscode.remote-server, startup: false, activationEvent: 'onCommand:remote-tunnels.internal.isAuthenticated'
2025-10-07 19:15:40.595 [info] Extension host terminating: renderer closed the MessagePort
2025-10-07 19:15:40.611 [info] Extension host with pid 19916 exiting with code 0
2025-10-07 19:15:41.640 [info] Extension host with pid 20355 started
2025-10-07 19:15:41.716 [info] ExtensionService#_doActivateExtension vscode.github-authentication, startup: false, activationEvent: 'onAuthenticationRequest:github'
2025-10-07 19:15:41.738 [info] ExtensionService#_doActivateExtension vscode.emmet, startup: false, activationEvent: 'onLanguage'
2025-10-07 19:15:41.791 [info] ExtensionService#_doActivateExtension vscode.git-base, startup: true, activationEvent: '*', root cause: vscode.git
2025-10-07 19:15:41.795 [info] ExtensionService#_doActivateExtension vscode.git, startup: true, activationEvent: '*'
2025-10-07 19:15:41.831 [info] ExtensionService#_doActivateExtension vscode.github, startup: true, activationEvent: '*'
2025-10-07 19:15:41.933 [info] Eager extensions activated
2025-10-07 19:15:41.965 [info] ExtensionService#_doActivateExtension vscode.debug-auto-launch, startup: false, activationEvent: 'onStartupFinished'
2025-10-07 19:15:41.968 [info] ExtensionService#_doActivateExtension vscode.merge-conflict, startup: false, activationEvent: 'onStartupFinished'
2025-10-07 19:15:41.992 [info] ExtensionService#_doActivateExtension ms-vscode-remote.remote-containers, startup: false, activationEvent: 'onStartupFinished'
2025-10-07 19:15:42.141 [info] ExtensionService#_doActivateExtension ms-vscode-remote.remote-wsl, startup: false, activationEvent: 'onStartupFinished'
2025-10-07 19:16:16.681 [info] ExtensionService#_doActivateExtension vscode.configuration-editing, startup: false, activationEvent: 'onLanguage:jsonc'
2025-10-07 19:16:16.692 [info] ExtensionService#_doActivateExtension vscode.json-language-features, startup: false, activationEvent: 'onLanguage:jsonc'
2025-10-07 19:16:16.756 [info] ExtensionService#_doActivateExtension vscode.typescript-language-features, startup: false, activationEvent: 'onLanguage:jsonc'
2025-10-07 19:16:46.657 [info] ExtensionService#_doActivateExtension ms-vscode-remote.remote-ssh, startup: false, activationEvent: 'onCommand:opensshremotes.openEmptyWindow'
2025-10-07 19:22:24.878 [info] Extension host terminating: renderer closed the MessagePort
2025-10-07 19:22:24.942 [info] Extension host with pid 20355 exiting with code 0
