[15:31:04.030] Log Level: 2
[15:31:04.049] SSH Resolver called for "ssh-remote+senc.icmc.usp.br", attempt 1
[15:31:04.051] "remote.SSH.useLocalServer": true
[15:31:04.051] "remote.SSH.useExecServer": false
[15:31:04.051] "remote.SSH.path": undefined
[15:31:04.052] "remote.SSH.configFile": undefined
[15:31:04.052] "remote.SSH.useFlock": true
[15:31:04.052] "remote.SSH.lockfilesInTmp": false
[15:31:04.052] "remote.SSH.localServerDownload": auto
[15:31:04.052] "remote.SSH.remoteServerListenOnSocket": false
[15:31:04.052] "remote.SSH.showLoginTerminal": false
[15:31:04.053] "remote.SSH.defaultExtensions": []
[15:31:04.053] "remote.SSH.loglevel": 2
[15:31:04.053] "remote.SSH.enableDynamicForwarding": true
[15:31:04.055] "remote.SSH.enableRemoteCommand": false
[15:31:04.055] "remote.SSH.serverPickPortsFromRange": {}
[15:31:04.056] "remote.SSH.serverInstallPath": {}
[15:31:04.066] VS Code version: 1.85.2
[15:31:04.066] Remote-SSH version: remote-ssh@0.107.1
[15:31:04.066] linux x64
[15:31:04.078] SSH Resolver called for host: senc.icmc.usp.br
[15:31:04.078] Setting up SSH remote "senc.icmc.usp.br"
[15:31:04.085] Acquiring local install lock: /tmp/vscode-remote-ssh-2f5e6878-install.lock
[15:31:04.091] Looking for existing server data file at /home/drdbrioso/.config/Code/User/globalStorage/ms-vscode-remote.remote-ssh/vscode-ssh-host-2f5e6878-8b3775030ed1a69b13e4f4c628c612102e30a681-0.107.1-tr/data.json
[15:31:04.093] Using commit id "8b3775030ed1a69b13e4f4c628c612102e30a681" and quality "stable" for server
[15:31:04.100] Install and start server if needed
[15:31:04.109] PATH: /usr/local/bin:/usr/bin:/usr/local/sbin:/opt/android-sdk/platform-tools:/var/lib/flatpak/exports/bin:/usr/lib/jvm/default/bin:/usr/bin/site_perl:/usr/bin/vendor_perl:/usr/bin/core_perl:/home/drdbrioso/.local/bin:/opt/android-sdk/platform-tools:/home/drdbrioso/.local/bin:/opt/nvim/:/home/drdbrioso/.local/bin
[15:31:04.110] Checking ssh with "ssh -V"
[15:31:04.133] > OpenSSH_10.0p2, OpenSSL 3.5.2 5 Aug 2025

[15:31:04.142] askpass server listening on /run/user/1000/vscode-ssh-askpass-353702d3aab9641d5cca9afecf477de851b0efd2.sock
[15:31:04.143] Spawning local server with {"serverId":1,"ipcHandlePath":"/run/user/1000/vscode-ssh-askpass-6d99b08cd4e4df8125375a0c9d2942be53b4e496.sock","sshCommand":"ssh","sshArgs":["-v","-T","-D","33199","-o","ConnectTimeout=15","senc.icmc.usp.br"],"serverDataFolderName":".vscode-server","dataFilePath":"/home/drdbrioso/.config/Code/User/globalStorage/ms-vscode-remote.remote-ssh/vscode-ssh-host-2f5e6878-8b3775030ed1a69b13e4f4c628c612102e30a681-0.107.1-tr/data.json"}
[15:31:04.143] Local server env: {"SHELL":"/usr/bin/zsh","DISPLAY":":0","ELECTRON_RUN_AS_NODE":"1","SSH_ASKPASS":"/home/drdbrioso/.vscode/extensions/ms-vscode-remote.remote-ssh-0.107.1/out/local-server/askpass.sh","VSCODE_SSH_ASKPASS_NODE":"/home/drdbrioso/Downloads/code-stable-x64-1705560028 (2)/VSCode-linux-x64/code","VSCODE_SSH_ASKPASS_EXTRA_ARGS":"--ms-enable-electron-run-as-node","VSCODE_SSH_ASKPASS_MAIN":"/home/drdbrioso/.vscode/extensions/ms-vscode-remote.remote-ssh-0.107.1/out/askpass-main.js","VSCODE_SSH_ASKPASS_HANDLE":"/run/user/1000/vscode-ssh-askpass-353702d3aab9641d5cca9afecf477de851b0efd2.sock"}
[15:31:04.149] Spawned 44184
[15:31:04.315] > local-server-1> Running ssh connection command: "-v -T -D 33199 -o ConnectTimeout=15 senc.icmc.usp.br"
[15:31:04.320] > local-server-1> Spawned ssh, pid=44200
[15:31:04.475] stderr> debug1: Server host key: ssh-ed25519 SHA256:pVqYJ9se5EhmIAvOwtJIlmPU+tHanHbPTfdzOa8qTZ4
[15:31:04.665] Got askpass request: {"request":"The authenticity of host 'senc.icmc.usp.br (143.107.183.96)' can't be established. ED25519 key fingerprint is SHA256:pVqYJ9se5EhmIAvOwtJIlmPU+tHanHbPTfdzOa8qTZ4. This key is not known by any other names. Are you sure you want to continue connecting (yes/no/[fingerprint])?"}
[15:31:04.667] Detected fingerprint confirmation message
[15:31:04.667] Showing fingerprint confirmation dialog
[15:31:04.669] Listening for interwindow password on /run/user/1000/vscode-ssh-askpass-7a9fa3a29ea88b1db41949e43123182a90b2523f.sock
[15:31:04.669] Writing password prompt to globalState
[15:31:08.626] Got fingerprint response: yes
[15:31:08.626] Interactor gave response: yes
[15:31:08.627] Cleaning up other-window auth server
[15:31:08.649] stderr> Warning: Permanently added 'senc.icmc.usp.br' (ED25519) to the list of known hosts.
[15:31:09.082] Got askpass request: {"request":"web-senc@senc.icmc.usp.br's password:"}
[15:31:09.083] Showing password prompt
[15:31:09.084] Listening for interwindow password on /run/user/1000/vscode-ssh-askpass-8688afdad7012ba70ef6e3cccee55b4dd04283cc.sock
[15:31:09.084] Writing password prompt to globalState
[15:32:09.883] Got password response
[15:32:09.949] Interactor gave response: ***********
[15:32:09.950] Cleaning up other-window auth server
[15:32:10.701] stderr> Authenticated to senc.icmc.usp.br ([143.107.183.96]:22) using "password".
[15:32:18.567] stderr> Learned new hostkey: ECDSA SHA256:lrw5S6br5auXSoYTu2BKpDRec5Zqq/YDkXq7rQbmvEc
[15:32:18.681] stderr> Adding new key for senc.icmc.usp.br to /home/drdbrioso/.ssh/known_hosts: ecdsa-sha2-nistp256 SHA256:lrw5S6br5auXSoYTu2BKpDRec5Zqq/YDkXq7rQbmvEc
[15:32:18.736] > Welcome to Ubuntu 18.04.6 LTS (GNU/Linux 4.15.0-213-generic x86_64)
> 
>  * Documentation:  https://help.ubuntu.com
>  * Management:     https://landscape.canonical.com
>  * Support:        https://ubuntu.com/advantage
> 
>   System information as of Tue Sep  2 18:32:12 UTC 2025
> 
>   System load:  0.08               Processes:             165
>   Usage of /:   42.3% of 29.36GB   Users logged in:       0
>   Memory usage: 23%                IP address for ens192: 143.107.183.96
>   Swap usage:   10%
> 
>  * Strictly confined Kubernetes makes edge and IoT secure. Learn how MicroK8s
>    just raised the bar for easy, resilient and secure K8s cluster deployment.
> 
>    https://ubuntu.com/engage/secure-kubernetes-at-the-edge
> 
>  * Introducing Expanded Security Maintenance for Applications.
>    Receive updates to over 25,000 software packages with your
>    Ubuntu Pro subscription. Free for personal use.
> 
>      https://ubuntu.com/pro
> 
> 32 updates can be applied immediately.
> To see these additional updates run: apt list --upgradable
> 
[15:32:19.064] > ready: 54fd7e927f12
[15:32:19.095] > Linux 4.15.0-213-generic #224-Ubuntu SMP Mon Jun 19 13:30:12 UTC 2023
[15:32:19.096] Platform: linux
[15:32:19.124] > /bin/bash
[15:32:19.125] Shell: bash
[15:32:19.125] Creating bash subshell inside "bash"
[15:32:19.154] > bash version:  4.4.20(1)-release
[15:32:19.382] > 54fd7e927f12: running
[15:32:19.587] > Acquiring lock on /home/web-senc/.vscode-server/bin/8b3775030ed1a69b13e4f4c628c612102e30a681/vscode-remote-lock.web-senc.8b3775030ed1a69b13e4f4c628c612102e30a681
[15:32:19.638] > Found existing installation at /home/web-senc/.vscode-server/bin/8b3775030ed1a69b13e4f4c628c612102e30a681...
> Checking /home/web-senc/.vscode-server/.8b3775030ed1a69b13e4f4c628c612102e30a681.log and /home/web-senc/.vscode-server/.8b3775030ed1a69b13e4f4c628c612102e30a681.pid for a running server
[15:32:19.687] > Looking for server with pid: 19190
[15:32:19.948] > Running ssh connection command... /home/web-senc/.vscode-server/bin/8b3775030ed1a69b13e4f4c628c612102e30a681/bin/code-server --start-server --host=127.0.0.1 --accept-server-license-terms --enable-remote-auto-shutdown --port=0 --telemetry-level all   &> "/home/web-senc/.vscode-server/.8b3775030ed1a69b13e4f4c628c612102e30a681.log" < /dev/null
> printenv:
[15:32:20.017] >     SSH_CONNECTION=143.107.252.55 44442 143.107.183.96 22
>     LANG=en_US.UTF-8
>     XDG_SESSION_ID=75055
>     USER=web-senc
>     PWD=/home/web-senc
>     HOME=/home/web-senc
>     SSH_CLIENT=143.107.252.55 44442 22
>     XDG_DATA_DIRS=/usr/local/share:/usr/share:/var/lib/snapd/desktop
>     MAIL=/var/mail/web-senc
>     SHELL=/bin/bash
>     SHLVL=2
>     VSCODE_AGENT_FOLDER=/home/web-senc/.vscode-server
>     LOGNAME=web-senc
>     DBUS_SESSION_BUS_ADDRESS=unix:path=/run/user/1001/bus
>     XDG_RUNTIME_DIR=/run/user/1001
>     PATH=/usr/local/sbin:/usr/local/bin:/usr/sbin:/usr/bin:/sbin:/bin:/usr/games:/usr/local/games:/snap/bin
>     _=/usr/bin/printenv
[15:32:20.052] > Removing old logfile at /home/web-senc/.vscode-server/.8b3775030ed1a69b13e4f4c628c612102e30a681.log
> Spawned remote server: 8696
[15:32:20.058] > Waiting for server log...
[15:32:20.094] > Waiting for server log...
[15:32:20.130] > Waiting for server log...
[15:32:20.166] > Waiting for server log...
[15:32:20.202] > Waiting for server log...
[15:32:20.238] > Waiting for server log...
[15:32:20.274] > Waiting for server log...
[15:32:20.311] > Waiting for server log...
[15:32:20.346] > Waiting for server log...
[15:32:20.382] > Waiting for server log...
[15:32:20.417] > Waiting for server log...
[15:32:20.453] > Waiting for server log...
[15:32:20.489] > Waiting for server log...
[15:32:20.525] > Waiting for server log...
[15:32:20.561] > Waiting for server log...
[15:32:20.597] > Waiting for server log...
[15:32:20.632] > Waiting for server log...
[15:32:20.668] > Waiting for server log...
[15:32:20.704] > Waiting for server log...
[15:32:20.739] > Waiting for server log...
[15:32:20.775] > Waiting for server log...
[15:32:20.811] > Waiting for server log...
[15:32:20.847] > Waiting for server log...
[15:32:20.883] > Waiting for server log...
[15:32:20.919] > Waiting for server log...
[15:32:20.986] > Waiting for server log...
[15:32:20.990] > Waiting for server log...
[15:32:21.028] > Waiting for server log...
[15:32:21.064] > Waiting for server log...
[15:32:21.098] > Waiting for server log...
[15:32:21.146] > Waiting for server log...
[15:32:21.170] > Waiting for server log...
[15:32:21.207] > Waiting for server log...
[15:32:21.242] > Waiting for server log...
[15:32:21.277] > Waiting for server log...
[15:32:21.314] > Waiting for server log...
[15:32:21.351] > Waiting for server log...
[15:32:21.385] > Waiting for server log...
[15:32:21.421] > Waiting for server log...
[15:32:21.457] > Waiting for server log...
[15:32:21.493] > Waiting for server log...
[15:32:21.529] > Waiting for server log...
[15:32:21.565] > Waiting for server log...
[15:32:21.601] > Waiting for server log...
[15:32:21.637] > Waiting for server log...
[15:32:21.672] > Waiting for server log...
[15:32:21.708] > Waiting for server log...
[15:32:21.744] > Waiting for server log...
[15:32:21.780] > Waiting for server log...
[15:32:21.816] > Waiting for server log...
[15:32:21.852] > Waiting for server log...
[15:32:21.888] > Waiting for server log...
[15:32:21.924] > Waiting for server log...
[15:32:21.960] > Waiting for server log...
[15:32:21.997] > Waiting for server log...
[15:32:22.033] > Waiting for server log...
[15:32:22.091] > Waiting for server log...
[15:32:22.105] > Waiting for server log...
[15:32:22.141] > Waiting for server log...
[15:32:22.177] > Waiting for server log...
[15:32:22.213] > Waiting for server log...
[15:32:22.249] > Waiting for server log...
[15:32:22.286] > Waiting for server log...
[15:32:22.342] > Waiting for server log...
[15:32:22.357] > Waiting for server log...
[15:32:22.393] > Waiting for server log...
[15:32:22.429] > Waiting for server log...
[15:32:22.465] > Waiting for server log...
[15:32:22.501] > Waiting for server log...
[15:32:22.537] > Waiting for server log...
[15:32:22.573] > Waiting for server log...
[15:32:22.609] > Waiting for server log...
[15:32:22.645] > Waiting for server log...
[15:32:22.682] > Waiting for server log...
[15:32:22.717] > Waiting for server log...
[15:32:22.753] > Waiting for server log...
[15:32:22.796] > Waiting for server log...
[15:32:22.825] > Waiting for server log...
[15:32:22.861] > Waiting for server log...
[15:32:22.897] > Waiting for server log...
[15:32:22.933] > Waiting for server log...
[15:32:22.969] > Waiting for server log...
[15:32:23.004] > Waiting for server log...
[15:32:23.040] > Waiting for server log...
[15:32:23.077] > Waiting for server log...
[15:32:23.113] > Waiting for server log...
[15:32:23.149] > Waiting for server log...
[15:32:23.187] > Waiting for server log...
[15:32:23.225] > Waiting for server log...
[15:32:23.257] > Waiting for server log...
[15:32:23.293] > Waiting for server log...
[15:32:23.583] > Waiting for server log...
> Waiting for server log...
> Waiting for server log...
> Waiting for server log...
> Waiting for server log...
> Waiting for server log...
> Waiting for server log...
> Waiting for server log...
[15:32:23.891] > Waiting for server log...
> Waiting for server log...
> Waiting for server log...
> Waiting for server log...
> Waiting for server log...
> Waiting for server log...
> Waiting for server log...
> Waiting for server log...
[15:32:23.905] > Waiting for server log...
[15:32:23.941] > Waiting for server log...
[15:32:24.332] > Waiting for server log...
> Waiting for server log...
> Waiting for server log...
> Waiting for server log...
> Waiting for server log...
> Waiting for server log...
> Waiting for server log...
> Waiting for server log...
> Waiting for server log...
> Waiting for server log...
[15:32:24.337] > Waiting for server log...
[15:32:24.430] > Waiting for server log...
> Waiting for server log...
[15:32:24.444] > Waiting for server log...
[15:32:25.017] > Waiting for server log...
> Waiting for server log...
> Waiting for server log...
> Waiting for server log...
> Waiting for server log...
> Waiting for server log...
> Waiting for server log...
> Waiting for server log...
> Waiting for server log...
> Waiting for server log...
> Waiting for server log...
> Waiting for server log...
> Waiting for server log...
> Waiting for server log...
> Waiting for server log...
[15:32:25.019] > Waiting for server log...
[15:32:25.346] > Waiting for server log...
> Waiting for server log...
> Waiting for server log...
> Waiting for server log...
> Waiting for server log...
> Waiting for server log...
> Waiting for server log...
> Waiting for server log...
> Waiting for server log...
[15:32:25.459] > Waiting for server log...
> Waiting for server log...
> Waiting for server log...
[15:32:25.488] > Waiting for server log...
[15:32:25.633] > Waiting for server log...
> Waiting for server log...
> Waiting for server log...
> Waiting for server log...
[15:32:25.939] > Waiting for server log...
> Waiting for server log...
> Waiting for server log...
> Waiting for server log...
> Waiting for server log...
> Waiting for server log...
> Waiting for server log...
> Waiting for server log...
[15:32:26.231] > Waiting for server log...
[15:32:26.483] > Waiting for server log...
> Waiting for server log...
> Waiting for server log...
> Waiting for server log...
> Waiting for server log...
[15:32:27.065] > Waiting for server log...
> Waiting for server log...
> Waiting for server log...
> Waiting for server log...
> Waiting for server log...
> Waiting for server log...
> Waiting for server log...
> Waiting for server log...
> Waiting for server log...
> Waiting for server log...
> Waiting for server log...
> Waiting for server log...
> Waiting for server log...
> Waiting for server log...
[15:32:27.329] > Waiting for server log...
> Waiting for server log...
> Waiting for server log...
> Waiting for server log...
> Waiting for server log...
> Waiting for server log...
> Waiting for server log...
> Waiting for server log...
> Waiting for server log...
> Waiting for server log...
> Waiting for server log...
> Waiting for server log...
> Waiting for server log...
> Waiting for server log...
> Waiting for server log...
> Waiting for server log...
> Waiting for server log...
> Waiting for server log...
> Waiting for server log...
[15:32:27.609] > Waiting for server log...
> Waiting for server log...
> Waiting for server log...
> Waiting for server log...
> Waiting for server log...
> Waiting for server log...
> Waiting for server log...
[15:32:27.614] > Waiting for server log...
[15:32:27.884] > Waiting for server log...
> Waiting for server log...
> Waiting for server log...
> Waiting for server log...
> Waiting for server log...
> Waiting for server log...
> Waiting for server log...
[15:32:28.428] > Waiting for server log...
> Waiting for server log...
> Waiting for server log...
> Waiting for server log...
> Waiting for server log...
> Waiting for server log...
> Waiting for server log...
> Waiting for server log...
> Waiting for server log...
> Waiting for server log...
> Waiting for server log...
> Waiting for server log...
> Waiting for server log...
> Waiting for server log...
> Waiting for server log...
[15:32:28.466] > Waiting for server log...
[15:32:28.478] > Waiting for server log...
[15:32:28.512] > Waiting for server log...
[15:32:28.601] > Waiting for server log...
> Waiting for server log...
[15:32:29.113] > Waiting for server log...
> Waiting for server log...
> Waiting for server log...
> Waiting for server log...
> Waiting for server log...
> Waiting for server log...
> Waiting for server log...
> Waiting for server log...
> Waiting for server log...
> Waiting for server log...
> Waiting for server log...
> Waiting for server log...
> Waiting for server log...
> Waiting for server log...
[15:32:29.127] > Waiting for server log...
[15:32:29.311] > Waiting for server log...
> Waiting for server log...
> Waiting for server log...
> Waiting for server log...
> Waiting for server log...
[15:32:29.625] > Waiting for server log...
> Waiting for server log...
> Waiting for server log...
> Waiting for server log...
> Waiting for server log...
> Waiting for server log...
> Waiting for server log...
> Waiting for server log...
[15:32:29.631] > Waiting for server log...
[15:32:30.137] > Waiting for server log...
> Waiting for server log...
> Waiting for server log...
> Waiting for server log...
> Waiting for server log...
> Waiting for server log...
> Waiting for server log...
> Waiting for server log...
> Waiting for server log...
> Waiting for server log...
> Waiting for server log...
> Waiting for server log...
> Waiting for server log...
> Waiting for server log...
[15:32:30.752] > Waiting for server log...
> Waiting for server log...
> Waiting for server log...
> Waiting for server log...
> Waiting for server log...
> Waiting for server log...
> Waiting for server log...
> Waiting for server log...
> Waiting for server log...
> Waiting for server log...
> Waiting for server log...
> Waiting for server log...
> Waiting for server log...
> Waiting for server log...
> Waiting for server log...
> Waiting for server log...
[15:32:30.755] > Waiting for server log...
[15:32:31.304] > Waiting for server log...
[15:32:31.305] > Waiting for server log...
> Waiting for server log...
> Waiting for server log...
> Waiting for server log...
> Waiting for server log...
> Waiting for server log...
> Waiting for server log...
> Waiting for server log...
> Waiting for server log...
> Waiting for server log...
> Waiting for server log...
> Waiting for server log...
> Waiting for server log...
> Waiting for server log...
[15:32:31.365] > Waiting for server log...
> Waiting for server log...
[15:32:31.775] > Waiting for server log...
> Waiting for server log...
> Waiting for server log...
> Waiting for server log...
> Waiting for server log...
> Waiting for server log...
> Waiting for server log...
> Waiting for server log...
> Waiting for server log...
> Waiting for server log...
> Waiting for server log...
[15:32:32.092] > Waiting for server log...
> Waiting for server log...
> Waiting for server log...
> Waiting for server log...
> Waiting for server log...
> Waiting for server log...
> Waiting for server log...
> Waiting for server log...
> Waiting for server log...
[15:32:32.319] > Waiting for server log...
> Waiting for server log...
> Waiting for server log...
> Waiting for server log...
> Waiting for server log...
> Waiting for server log...
[15:32:32.616] > Waiting for server log...
> Waiting for server log...
> Waiting for server log...
> Waiting for server log...
> Waiting for server log...
> Waiting for server log...
> Waiting for server log...
> Waiting for server log...
[15:32:32.729] > Waiting for server log...
> Waiting for server log...
> Waiting for server log...
[15:32:32.743] > Waiting for server log...
[15:32:33.209] > Waiting for server log...
> Waiting for server log...
> Waiting for server log...
> Waiting for server log...
> Waiting for server log...
> Waiting for server log...
> Waiting for server log...
> Waiting for server log...
> Waiting for server log...
> Waiting for server log...
> Waiting for server log...
> Waiting for server log...
[15:32:33.212] > Waiting for server log...
[15:32:33.282] > Waiting for server log...
[15:32:33.285] > Waiting for server log...
[15:32:33.321] > Waiting for server log...
[15:32:33.806] > Waiting for server log...
> Waiting for server log...
> Waiting for server log...
> Waiting for server log...
> Waiting for server log...
> Waiting for server log...
> Waiting for server log...
> Waiting for server log...
> Waiting for server log...
> Waiting for server log...
> Waiting for server log...
> Waiting for server log...
> Waiting for server log...
[15:32:33.831] > Waiting for server log...
[15:32:34.367] > Waiting for server log...
[15:32:34.369] > Waiting for server log...
> Waiting for server log...
> Waiting for server log...
> Waiting for server log...
> Waiting for server log...
> Waiting for server log...
> Waiting for server log...
> Waiting for server log...
> Waiting for server log...
> Waiting for server log...
> Waiting for server log...
> Waiting for server log...
> Waiting for server log...
> Waiting for server log...
[15:32:34.405] > Waiting for server log...
[15:32:34.576] > Waiting for server log...
>  
> *
> * Visual Studio Code Server
> *
> * By using the software, you agree to
> * the Visual Studio Code Server License Terms (https://aka.ms/vscode-server-license) and
> * the Microsoft Privacy Statement (https://privacy.microsoft.com/en-US/privacystatement).
> *
>  
> 54fd7e927f12: start
> SSH_AUTH_SOCK====
> DISPLAY====
> webUiAccessToken====
> listeningOn==36691==
> osReleaseId==ubuntu==
> arch==x86_64==
> vscodeArch==x64==
> bitness==64==
> tmpDir==/run/user/1001==
> platform==linux==
> unpackResult====
> didLocalDownload==0==
> downloadTime====
> installTime====
> extInstallTime====
> serverStartTime==14467==
> connectionToken==11a11aa1-1a11-11a1-1111-aa1111aa1aaa==
> 54fd7e927f12: end
[15:32:34.577] Received install output: 
SSH_AUTH_SOCK====
DISPLAY====
webUiAccessToken====
listeningOn==36691==
osReleaseId==ubuntu==
arch==x86_64==
vscodeArch==x64==
bitness==64==
tmpDir==/run/user/1001==
platform==linux==
unpackResult====
didLocalDownload==0==
downloadTime====
installTime====
extInstallTime====
serverStartTime==14467==
connectionToken==11a11aa1-1a11-11a1-1111-aa1111aa1aaa==

[15:32:34.580] Remote server is listening on port 36691
[15:32:34.580] Parsed server configuration: {"serverConfiguration":{"remoteListeningOn":{"port":36691},"osReleaseId":"ubuntu","arch":"x86_64","webUiAccessToken":"","sshAuthSock":"","display":"","tmpDir":"/run/user/1001","platform":"linux","connectionToken":"11a11aa1-1a11-11a1-1111-aa1111aa1aaa"},"serverStartTime":14467,"installUnpackCode":""}
[15:32:34.593] Persisting server connection details to /home/drdbrioso/.config/Code/User/globalStorage/ms-vscode-remote.remote-ssh/vscode-ssh-host-2f5e6878-8b3775030ed1a69b13e4f4c628c612102e30a681-0.107.1-tr/data.json
[15:32:34.650] Starting forwarding server. local port 44311 -> socksPort 33199 -> remotePort 36691
[15:32:34.651] Forwarding server listening on port 44311
[15:32:34.652] Waiting for ssh tunnel to be ready
[15:32:34.654] [Forwarding server port 44311] Got connection 0
[15:32:34.658] Tunneled port 36691 to local port 44311
[15:32:34.659] Resolved "ssh-remote+senc.icmc.usp.br" to "port 44311"
[15:32:34.683] ------




[15:32:35.789] [Forwarding server port 44311] Got connection 1
[15:32:38.780] [Forwarding server port 44311] Got connection 2
[15:32:43.275] Opening exec server for ssh-remote+senc.icmc.usp.br
[15:32:43.285] Initizing new exec server for ssh-remote+senc.icmc.usp.br
[15:32:44.266] Acquiring local install lock: /tmp/vscode-remote-ssh-2f5e6878-install.lock
[15:32:44.297] Looking for existing server data file at /home/drdbrioso/.config/Code/User/globalStorage/ms-vscode-remote.remote-ssh/vscode-ssh-host-2f5e6878-8b3775030ed1a69b13e4f4c628c612102e30a681-0.107.1-es/data.json
[15:32:44.297] Using commit id "8b3775030ed1a69b13e4f4c628c612102e30a681" and quality "stable" for server
[15:32:44.301] Install and start server if needed
[15:32:44.303] askpass server listening on /run/user/1000/vscode-ssh-askpass-83a5586c8c6b2099af252baaa78a7caefd514889.sock
[15:32:44.304] Spawning local server with {"serverId":2,"ipcHandlePath":"/run/user/1000/vscode-ssh-askpass-92c9ff474929cc4b6e6fb726e790a35c83aeb1a3.sock","sshCommand":"ssh","sshArgs":["-v","-T","-D","37187","-o","ConnectTimeout=15","senc.icmc.usp.br"],"serverDataFolderName":".vscode-server","dataFilePath":"/home/drdbrioso/.config/Code/User/globalStorage/ms-vscode-remote.remote-ssh/vscode-ssh-host-2f5e6878-8b3775030ed1a69b13e4f4c628c612102e30a681-0.107.1-es/data.json"}
[15:32:44.304] Local server env: {"SHELL":"/usr/bin/zsh","DISPLAY":":0","ELECTRON_RUN_AS_NODE":"1","SSH_ASKPASS":"/home/drdbrioso/.vscode/extensions/ms-vscode-remote.remote-ssh-0.107.1/out/local-server/askpass.sh","VSCODE_SSH_ASKPASS_NODE":"/home/drdbrioso/Downloads/code-stable-x64-1705560028 (2)/VSCode-linux-x64/code","VSCODE_SSH_ASKPASS_EXTRA_ARGS":"--ms-enable-electron-run-as-node","VSCODE_SSH_ASKPASS_MAIN":"/home/drdbrioso/.vscode/extensions/ms-vscode-remote.remote-ssh-0.107.1/out/askpass-main.js","VSCODE_SSH_ASKPASS_HANDLE":"/run/user/1000/vscode-ssh-askpass-83a5586c8c6b2099af252baaa78a7caefd514889.sock"}
[15:32:44.308] Spawned 44318
[15:32:44.444] > local-server-2> Running ssh connection command: "-v -T -D 37187 -o ConnectTimeout=15 senc.icmc.usp.br"
[15:32:44.447] > local-server-2> Spawned ssh, pid=44326
[15:32:45.759] stderr> debug1: Server host key: ssh-ed25519 SHA256:pVqYJ9se5EhmIAvOwtJIlmPU+tHanHbPTfdzOa8qTZ4
[15:32:46.319] Got askpass request: {"request":"web-senc@senc.icmc.usp.br's password:"}
[15:32:46.319] Showing password prompt
[15:32:46.319] Listening for interwindow password on /run/user/1000/vscode-ssh-askpass-1d4ff871cab0fed4dd2534bbc844ab306f02469e.sock
[15:32:46.319] Writing password prompt to globalState
[15:32:48.994] Password dialog canceled
[15:32:48.997] Interactor signaled cancel
[15:32:48.999] Cleaning up other-window auth server
[15:32:49.053] stderr> Permission denied, please try again.
[15:32:49.163] Got askpass request: {"request":"web-senc@senc.icmc.usp.br's password:"}
[15:32:49.239] stderr> Permission denied, please try again.
[15:32:49.361] Got askpass request: {"request":"web-senc@senc.icmc.usp.br's password:"}
[15:32:49.398] stderr> web-senc@senc.icmc.usp.br: Permission denied (publickey,password).
[15:32:49.399] > local-server-2> ssh child died, shutting down
[15:32:49.410] Local server exit: 0
[15:32:49.411] Received install output: local-server-2> Running ssh connection command: "-v -T -D 37187 -o ConnectTimeout=15 senc.icmc.usp.br"
local-server-2> Spawned ssh, pid=44326
debug1: Server host key: ssh-ed25519 SHA256:pVqYJ9se5EhmIAvOwtJIlmPU+tHanHbPTfdzOa8qTZ4
Permission denied, please try again.
Permission denied, please try again.
web-senc@senc.icmc.usp.br: Permission denied (publickey,password).
local-server-2> ssh child died, shutting down

[15:32:49.413] Exec server for ssh-remote+senc.icmc.usp.br failed: Error: Permission denied (publickey,password).
[15:32:49.414] Error opening exec server for ssh-remote+senc.icmc.usp.br: Error: Permission denied (publickey,password).
