[19:21:07.876] Log Level: 2
[19:21:07.883] SSH Resolver called for "ssh-remote+senc.icmc.usp.br", attempt 1
[19:21:07.884] "remote.SSH.useLocalServer": true
[19:21:07.884] "remote.SSH.useExecServer": false
[19:21:07.884] "remote.SSH.path": undefined
[19:21:07.884] "remote.SSH.configFile": undefined
[19:21:07.884] "remote.SSH.useFlock": true
[19:21:07.884] "remote.SSH.lockfilesInTmp": false
[19:21:07.884] "remote.SSH.localServerDownload": auto
[19:21:07.885] "remote.SSH.remoteServerListenOnSocket": false
[19:21:07.885] "remote.SSH.showLoginTerminal": false
[19:21:07.885] "remote.SSH.defaultExtensions": []
[19:21:07.885] "remote.SSH.loglevel": 2
[19:21:07.885] "remote.SSH.enableDynamicForwarding": true
[19:21:07.885] "remote.SSH.enableRemoteCommand": false
[19:21:07.885] "remote.SSH.serverPickPortsFromRange": {}
[19:21:07.885] "remote.SSH.serverInstallPath": {}
[19:21:07.890] VS Code version: 1.85.2
[19:21:07.890] Remote-SSH version: remote-ssh@0.108.2023112915
[19:21:07.890] linux x64
[19:21:07.892] SSH Resolver called for host: senc.icmc.usp.br
[19:21:07.892] Setting up SSH remote "senc.icmc.usp.br"
[19:21:07.895] Acquiring local install lock: /tmp/vscode-remote-ssh-2f5e6878-install.lock
[19:21:07.896] Looking for existing server data file at /home/drdbrioso/.config/Code/User/globalStorage/ms-vscode-remote.remote-ssh/vscode-ssh-host-2f5e6878-8b3775030ed1a69b13e4f4c628c612102e30a681-0.108.2023112915-tr/data.json
[19:21:07.896] Using commit id "8b3775030ed1a69b13e4f4c628c612102e30a681" and quality "stable" for server
[19:21:07.898] Install and start server if needed
[19:21:07.900] PATH: /usr/local/bin:/usr/bin:/usr/local/sbin:/opt/android-sdk/platform-tools:/var/lib/flatpak/exports/bin:/usr/lib/jvm/default/bin:/usr/bin/site_perl:/usr/bin/vendor_perl:/usr/bin/core_perl:/home/drdbrioso/.local/bin:/opt/android-sdk/platform-tools:/home/drdbrioso/.local/bin:/opt/nvim/:/home/drdbrioso/.local/bin
[19:21:07.900] Checking ssh with "ssh -V"
[19:21:07.908] > OpenSSH_10.0p2, OpenSSL 3.5.3 16 Sep 2025

[19:21:07.912] askpass server listening on /run/user/1000/vscode-ssh-askpass-3679635e28aa581eba6885dd4f96d5d2e8d4e900.sock
[19:21:07.913] Spawning local server with {"serverId":1,"ipcHandlePath":"/run/user/1000/vscode-ssh-askpass-c7993b9a09a02257f6f2b133aa666c5fffaa250a.sock","sshCommand":"ssh","sshArgs":["-v","-T","-D","34447","-o","ConnectTimeout=15","senc.icmc.usp.br"],"serverDataFolderName":".vscode-server","dataFilePath":"/home/drdbrioso/.config/Code/User/globalStorage/ms-vscode-remote.remote-ssh/vscode-ssh-host-2f5e6878-8b3775030ed1a69b13e4f4c628c612102e30a681-0.108.2023112915-tr/data.json"}
[19:21:07.913] Local server env: {"SSH_AUTH_SOCK":"/run/user/1000/gcr/ssh","SHELL":"/usr/bin/zsh","DISPLAY":":0","ELECTRON_RUN_AS_NODE":"1","SSH_ASKPASS":"/home/drdbrioso/.vscode/extensions/ms-vscode-remote.remote-ssh-0.108.2023112915/out/local-server/askpass.sh","VSCODE_SSH_ASKPASS_NODE":"/home/drdbrioso/Desktop/code-stable-x64-1705560028/VSCode-linux-x64/code","VSCODE_SSH_ASKPASS_EXTRA_ARGS":"--ms-enable-electron-run-as-node","VSCODE_SSH_ASKPASS_MAIN":"/home/drdbrioso/.vscode/extensions/ms-vscode-remote.remote-ssh-0.108.2023112915/out/askpass-main.js","VSCODE_SSH_ASKPASS_HANDLE":"/run/user/1000/vscode-ssh-askpass-3679635e28aa581eba6885dd4f96d5d2e8d4e900.sock"}
[19:21:07.917] Spawned 21414
[19:21:08.009] > local-server-1> Running ssh connection command: "-v -T -D 34447 -o ConnectTimeout=15 senc.icmc.usp.br"
[19:21:08.012] > local-server-1> Spawned ssh, pid=21422
[19:21:08.717] stderr> debug1: Server host key: ssh-ed25519 SHA256:pVqYJ9se5EhmIAvOwtJIlmPU+tHanHbPTfdzOa8qTZ4
[19:21:09.788] Got askpass request: {"request":"web-senc@senc.icmc.usp.br's password:"}
[19:21:09.788] Showing password prompt
[19:21:09.789] Listening for interwindow password on /run/user/1000/vscode-ssh-askpass-06ebfbc2629aa354c216a254db76a5ab5aeaa233.sock
[19:21:09.789] Writing password prompt to globalState
[19:21:21.632] Got password response
[19:21:21.633] Interactor gave response: ***********
[19:21:21.634] Cleaning up other-window auth server
[19:21:21.756] stderr> Authenticated to senc.icmc.usp.br ([143.107.183.96]:22) using "password".
[19:21:23.468] > Welcome to Ubuntu 18.04.6 LTS (GNU/Linux 4.15.0-213-generic x86_64)
> 
>  * Documentation:  https://help.ubuntu.com
>  * Management:     https://landscape.canonical.com
>  * Support:        https://ubuntu.com/advantage
> 
>   System information as of Tue Oct  7 22:21:21 UTC 2025
> 
>   System load:  0.3                Processes:             168
>   Usage of /:   42.2% of 29.36GB   Users logged in:       0
>   Memory usage: 23%                IP address for ens192: 143.107.183.96
>   Swap usage:   10%
> 
>  * Strictly confined Kubernetes makes edge and IoT secure. Learn how MicroK8s
>    just raised the bar for easy, resilient and secure K8s cluster deployment.
> 
>    https://ubuntu.com/engage/secure-kubernetes-at-the-edge
> 
>  * Introducing Expanded Security Maintenance for Applications.
>    Receive updates to over 25,000 software packages with your
>    Ubuntu Pro subscription. Free for personal use.
> 
>      https://ubuntu.com/pro
> 
> 32 updates can be applied immediately.
> To see these additional updates run: apt list --upgradable
> 
> New release '20.04.6 LTS' available.
> Run 'do-release-upgrade' to upgrade to it.
> 
[19:21:23.500] > ready: 65e4bc282d23
[19:21:23.643] > Linux 4.15.0-213-generic #224-Ubuntu SMP Mon Jun 19 13:30:12 UTC 2023
[19:21:23.644] Platform: linux
[19:21:23.889] > /bin/bash
[19:21:23.890] Shell: bash
[19:21:23.890] Creating bash subshell inside "bash"
[19:21:23.916] > bash version:  4.4.20(1)-release
[19:21:24.914] > 65e4bc282d23: running
> Acquiring lock on /home/web-senc/.vscode-server/bin/8b3775030ed1a69b13e4f4c628c612102e30a681/vscode-remote-lock.web-senc.8b3775030ed1a69b13e4f4c628c612102e30a681
> Found existing installation at /home/web-senc/.vscode-server/bin/8b3775030ed1a69b13e4f4c628c612102e30a681...
> Checking /home/web-senc/.vscode-server/.8b3775030ed1a69b13e4f4c628c612102e30a681.log and /home/web-senc/.vscode-server/.8b3775030ed1a69b13e4f4c628c612102e30a681.pid for a running server
> Looking for server with pid: 15490
> Found running server...
>  
> *
> * Visual Studio Code Server
> *
> * By using the software, you agree to
> * the Visual Studio Code Server License Terms (https://aka.ms/vscode-server-license) and
> * the Microsoft Privacy Statement (https://privacy.microsoft.com/en-US/privacystatement).
> *
>  
> Checking server status on port 36817 with wget
[19:21:25.245] > 65e4bc282d23: start
> SSH_AUTH_SOCK====
> DISPLAY====
> webUiAccessToken====
> listeningOn==36817==
> osReleaseId==ubuntu==
> arch==x86_64==
> vscodeArch==x64==
> bitness==64==
> tmpDir==/run/user/1001==
> platform==linux==
> unpackResult====
> didLocalDownload==0==
> downloadTime====
> installTime====
> extInstallTime====
> serverStartTime====
> connectionToken==a111aa11-1aa1-1111-a11a-11aa11aaaa11==
> 65e4bc282d23: end
[19:21:25.246] Received install output: 
SSH_AUTH_SOCK====
DISPLAY====
webUiAccessToken====
listeningOn==36817==
osReleaseId==ubuntu==
arch==x86_64==
vscodeArch==x64==
bitness==64==
tmpDir==/run/user/1001==
platform==linux==
unpackResult====
didLocalDownload==0==
downloadTime====
installTime====
extInstallTime====
serverStartTime====
connectionToken==a111aa11-1aa1-1111-a11a-11aa11aaaa11==

[19:21:25.247] Remote server is listening on port 36817
[19:21:25.247] Parsed server configuration: {"serverConfiguration":{"remoteListeningOn":{"port":36817},"osReleaseId":"ubuntu","arch":"x86_64","webUiAccessToken":"","sshAuthSock":"","display":"","tmpDir":"/run/user/1001","platform":"linux","connectionToken":"a111aa11-1aa1-1111-a11a-11aa11aaaa11"},"installUnpackCode":""}
[19:21:25.249] Persisting server connection details to /home/drdbrioso/.config/Code/User/globalStorage/ms-vscode-remote.remote-ssh/vscode-ssh-host-2f5e6878-8b3775030ed1a69b13e4f4c628c612102e30a681-0.108.2023112915-tr/data.json
[19:21:25.252] Starting forwarding server. local port 41889 -> socksPort 34447 -> remotePort 36817
[19:21:25.252] Forwarding server listening on port 41889
[19:21:25.252] Waiting for ssh tunnel to be ready
[19:21:25.254] [Forwarding server port 41889] Got connection 0
[19:21:25.255] Tunneled port 36817 to local port 41889
[19:21:25.255] Resolved "ssh-remote+senc.icmc.usp.br" to "port 41889"
[19:21:25.267] ------




[19:21:25.320] [Forwarding server port 41889] Got connection 1
[19:21:25.638] [Forwarding server port 41889] Got connection 2
