[16:22:14.473] Log Level: 2
[16:22:14.479] VS Code version: 1.85.2
[16:22:14.479] Remote-SSH version: remote-ssh@0.108.2023112915
[16:22:14.479] linux x64
[16:22:14.480] SSH Resolver called for "ssh-remote+senc.icmc.usp.br", attempt 1
[16:22:14.480] "remote.SSH.useLocalServer": true
[16:22:14.480] "remote.SSH.useExecServer": false
[16:22:14.480] "remote.SSH.path": undefined
[16:22:14.480] "remote.SSH.configFile": undefined
[16:22:14.480] "remote.SSH.useFlock": true
[16:22:14.480] "remote.SSH.lockfilesInTmp": false
[16:22:14.480] "remote.SSH.localServerDownload": auto
[16:22:14.480] "remote.SSH.remoteServerListenOnSocket": false
[16:22:14.480] "remote.SSH.showLoginTerminal": false
[16:22:14.480] "remote.SSH.defaultExtensions": []
[16:22:14.480] "remote.SSH.loglevel": 2
[16:22:14.480] "remote.SSH.enableDynamicForwarding": true
[16:22:14.480] "remote.SSH.enableRemoteCommand": false
[16:22:14.481] "remote.SSH.serverPickPortsFromRange": {}
[16:22:14.481] "remote.SSH.serverInstallPath": {}
[16:22:14.486] SSH Resolver called for host: senc.icmc.usp.br
[16:22:14.486] Setting up SSH remote "senc.icmc.usp.br"
[16:22:14.488] Acquiring local install lock: /tmp/vscode-remote-ssh-2f5e6878-install.lock
[16:22:14.490] Looking for existing server data file at /home/drdbrioso/.config/Code/User/globalStorage/ms-vscode-remote.remote-ssh/vscode-ssh-host-2f5e6878-8b3775030ed1a69b13e4f4c628c612102e30a681-0.108.2023112915-tr/data.json
[16:22:14.490] Using commit id "8b3775030ed1a69b13e4f4c628c612102e30a681" and quality "stable" for server
[16:22:14.491] Install and start server if needed
[16:22:14.493] PATH: /usr/local/bin:/usr/bin:/usr/local/sbin:/opt/android-sdk/platform-tools:/var/lib/flatpak/exports/bin:/usr/lib/jvm/default/bin:/usr/bin/site_perl:/usr/bin/vendor_perl:/usr/bin/core_perl:/home/drdbrioso/.local/bin:/opt/android-sdk/platform-tools:/home/drdbrioso/.local/bin:/opt/nvim/:/home/drdbrioso/.local/bin
[16:22:14.493] Checking ssh with "ssh -V"
[16:22:14.500] > OpenSSH_10.2p1, OpenSSL 3.6.0 1 Oct 2025

[16:22:14.503] askpass server listening on /run/user/1000/vscode-ssh-askpass-2ec88ce8c3775824f4666f0b325519e7a1995e39.sock
[16:22:14.503] Spawning local server with {"serverId":1,"ipcHandlePath":"/run/user/1000/vscode-ssh-askpass-ba2b7e0aaec511e6b0ecca8e3ea4494fba8d4756.sock","sshCommand":"ssh","sshArgs":["-v","-T","-D","39677","-o","ConnectTimeout=15","senc.icmc.usp.br"],"serverDataFolderName":".vscode-server","dataFilePath":"/home/drdbrioso/.config/Code/User/globalStorage/ms-vscode-remote.remote-ssh/vscode-ssh-host-2f5e6878-8b3775030ed1a69b13e4f4c628c612102e30a681-0.108.2023112915-tr/data.json"}
[16:22:14.503] Local server env: {"SSH_AUTH_SOCK":"/run/user/1000/gcr/ssh","SHELL":"/usr/bin/zsh","DISPLAY":":0","ELECTRON_RUN_AS_NODE":"1","SSH_ASKPASS":"/home/drdbrioso/.vscode/extensions/ms-vscode-remote.remote-ssh-0.108.2023112915/out/local-server/askpass.sh","VSCODE_SSH_ASKPASS_NODE":"/home/drdbrioso/Desktop/code-stable-x64-1705560028/VSCode-linux-x64/code","VSCODE_SSH_ASKPASS_EXTRA_ARGS":"--ms-enable-electron-run-as-node","VSCODE_SSH_ASKPASS_MAIN":"/home/drdbrioso/.vscode/extensions/ms-vscode-remote.remote-ssh-0.108.2023112915/out/askpass-main.js","VSCODE_SSH_ASKPASS_HANDLE":"/run/user/1000/vscode-ssh-askpass-2ec88ce8c3775824f4666f0b325519e7a1995e39.sock"}
[16:22:14.506] Spawned 10376
[16:22:14.594] > local-server-1> Running ssh connection command: "-v -T -D 39677 -o ConnectTimeout=15 senc.icmc.usp.br"
[16:22:14.597] > local-server-1> Spawned ssh, pid=10385
[16:22:14.759] stderr> debug1: Server host key: ssh-ed25519 SHA256:pVqYJ9se5EhmIAvOwtJIlmPU+tHanHbPTfdzOa8qTZ4
[16:22:14.770] stderr> ** WARNING: connection is not using a post-quantum key exchange algorithm.
[16:22:14.770] stderr> ** This session may be vulnerable to "store now, decrypt later" attacks.
[16:22:14.770] stderr> ** The server may need to be upgraded. See https://openssh.com/pq.html
[16:22:15.131] Got askpass request: {"request":"web-senc@senc.icmc.usp.br's password:"}
[16:22:15.132] Showing password prompt
[16:22:15.132] Listening for interwindow password on /run/user/1000/vscode-ssh-askpass-466be09d3cba4aadb9819ba7a04b71bdce62ee3c.sock
[16:22:15.132] Writing password prompt to globalState
[16:22:18.711] Got password response
[16:22:18.712] Interactor gave response: ***********
[16:22:18.713] Cleaning up other-window auth server
[16:22:18.754] stderr> Authenticated to senc.icmc.usp.br ([143.107.183.96]:22) using "password".
[16:22:19.333] > Welcome to Ubuntu 18.04.6 LTS (GNU/Linux 4.15.0-213-generic x86_64)
> 
>  * Documentation:  https://help.ubuntu.com
>  * Management:     https://landscape.canonical.com
>  * Support:        https://ubuntu.com/advantage
> 
>   System information as of Tue Oct 14 19:22:18 UTC 2025
> 
>   System load:  0.64               Processes:             168
>   Usage of /:   42.4% of 29.36GB   Users logged in:       0
>   Memory usage: 24%                IP address for ens192: 143.107.183.96
>   Swap usage:   12%
> 
>  * Strictly confined Kubernetes makes edge and IoT secure. Learn how MicroK8s
>    just raised the bar for easy, resilient and secure K8s cluster deployment.
> 
>    https://ubuntu.com/engage/secure-kubernetes-at-the-edge
> 
>  * Introducing Expanded Security Maintenance for Applications.
>    Receive updates to over 25,000 software packages with your
>    Ubuntu Pro subscription. Free for personal use.
> 
>      https://ubuntu.com/pro
> 
> 32 updates can be applied immediately.
> To see these additional updates run: apt list --upgradable
> 
> New release '20.04.6 LTS' available.
> Run 'do-release-upgrade' to upgrade to it.
> 
[16:22:19.338] > ready: c3e28b1b2457
[16:22:19.344] > Linux 4.15.0-213-generic #224-Ubuntu SMP Mon Jun 19 13:30:12 UTC 2023
[16:22:19.345] Platform: linux
[16:22:19.349] > /bin/bash
[16:22:19.350] Shell: bash
[16:22:19.350] Creating bash subshell inside "bash"
[16:22:19.505] > bash version:  4.4.20(1)-release
[16:22:19.509] > bash version:  4.4.20(1)-release
> bash version:  4.4.20(1)-release
> bash version:  4.4.20(1)-release
[16:22:19.542] > c3e28b1b2457: running
[16:22:19.589] > Acquiring lock on /home/web-senc/.vscode-server/bin/8b3775030ed1a69b13e4f4c628c612102e30a681/vscode-remote-lock.web-senc.8b3775030ed1a69b13e4f4c628c612102e30a681
> Found existing installation at /home/web-senc/.vscode-server/bin/8b3775030ed1a69b13e4f4c628c612102e30a681...
> Checking /home/web-senc/.vscode-server/.8b3775030ed1a69b13e4f4c628c612102e30a681.log and /home/web-senc/.vscode-server/.8b3775030ed1a69b13e4f4c628c612102e30a681.pid for a running server
> Looking for server with pid: 11680
> Found running server...
>  
> *
> * Visual Studio Code Server
> *
> * By using the software, you agree to
> * the Visual Studio Code Server License Terms (https://aka.ms/vscode-server-license) and
> * the Microsoft Privacy Statement (https://privacy.microsoft.com/en-US/privacystatement).
> *
>  
[16:22:19.603] > Checking server status on port 42767 with wget
[16:22:19.790] > c3e28b1b2457: start
> SSH_AUTH_SOCK====
> DISPLAY====
> webUiAccessToken====
> listeningOn==42767==
> osReleaseId==ubuntu==
> arch==x86_64==
> vscodeArch==x64==
> bitness==64==
> tmpDir==/run/user/1001==
> platform==linux==
> unpackResult====
> didLocalDownload==0==
> downloadTime====
> installTime====
> extInstallTime====
> serverStartTime====
> connectionToken==1a11a1aa-1a1a-1111-11a1-11111aa111a1==
> c3e28b1b2457: end
[16:22:19.791] Received install output: 
SSH_AUTH_SOCK====
DISPLAY====
webUiAccessToken====
listeningOn==42767==
osReleaseId==ubuntu==
arch==x86_64==
vscodeArch==x64==
bitness==64==
tmpDir==/run/user/1001==
platform==linux==
unpackResult====
didLocalDownload==0==
downloadTime====
installTime====
extInstallTime====
serverStartTime====
connectionToken==1a11a1aa-1a1a-1111-11a1-11111aa111a1==

[16:22:19.793] Remote server is listening on port 42767
[16:22:19.794] Parsed server configuration: {"serverConfiguration":{"remoteListeningOn":{"port":42767},"osReleaseId":"ubuntu","arch":"x86_64","webUiAccessToken":"","sshAuthSock":"","display":"","tmpDir":"/run/user/1001","platform":"linux","connectionToken":"1a11a1aa-1a1a-1111-11a1-11111aa111a1"},"installUnpackCode":""}
[16:22:19.797] Persisting server connection details to /home/drdbrioso/.config/Code/User/globalStorage/ms-vscode-remote.remote-ssh/vscode-ssh-host-2f5e6878-8b3775030ed1a69b13e4f4c628c612102e30a681-0.108.2023112915-tr/data.json
[16:22:19.803] Starting forwarding server. local port 34799 -> socksPort 39677 -> remotePort 42767
[16:22:19.804] Forwarding server listening on port 34799
[16:22:19.805] Waiting for ssh tunnel to be ready
[16:22:19.807] [Forwarding server port 34799] Got connection 0
[16:22:19.810] Tunneled port 42767 to local port 34799
[16:22:19.810] Resolved "ssh-remote+senc.icmc.usp.br" to "port 34799"
[16:22:19.824] ------




[16:22:19.832] [Forwarding server port 34799] Got connection 1
[16:22:19.962] [Forwarding server port 34799] Got connection 2
[16:51:34.186] [Forwarding server port 34799] Got connection 3
[16:51:34.189] ------




[16:51:34.189] SSH Resolver called for "ssh-remote+senc.icmc.usp.br", attempt 2, (Reconnection)
[16:51:34.194] SSH Resolver called for host: senc.icmc.usp.br
[16:51:34.195] Setting up SSH remote "senc.icmc.usp.br"
[16:51:34.197] Acquiring local install lock: /tmp/vscode-remote-ssh-2f5e6878-install.lock
[16:51:34.199] Looking for existing server data file at /home/drdbrioso/.config/Code/User/globalStorage/ms-vscode-remote.remote-ssh/vscode-ssh-host-2f5e6878-8b3775030ed1a69b13e4f4c628c612102e30a681-0.108.2023112915-tr/data.json
[16:51:34.201] Found local server running: {"remoteListeningOn":{"port":42767},"osReleaseId":"ubuntu","arch":"x86_64","webUiAccessToken":"","sshAuthSock":"","display":"","tmpDir":"/run/user/1001","platform":"linux","connectionToken":"1a11a1aa-1a1a-1111-11a1-11111aa111a1","pid":10376,"ipcHandlePath":"/run/user/1000/vscode-ssh-askpass-ba2b7e0aaec511e6b0ecca8e3ea4494fba8d4756.sock","socksPort":39677,"startupTime":1760469734506}
[16:51:34.201] Running server is stale. Ignoring
[16:51:34.202] Using commit id "8b3775030ed1a69b13e4f4c628c612102e30a681" and quality "stable" for server
[16:51:34.214] Install and start server if needed
[16:51:34.229] askpass server listening on /run/user/1000/vscode-ssh-askpass-02d23eef8202dd25908be6deb44790bb05ac26be.sock
[16:51:34.230] Spawning local server with {"serverId":2,"ipcHandlePath":"/run/user/1000/vscode-ssh-askpass-abe98f19c08c3deaaefa30be0fd3f80a3442f157.sock","sshCommand":"ssh","sshArgs":["-v","-T","-D","39677","-o","ConnectTimeout=15","senc.icmc.usp.br"],"serverDataFolderName":".vscode-server","dataFilePath":"/home/drdbrioso/.config/Code/User/globalStorage/ms-vscode-remote.remote-ssh/vscode-ssh-host-2f5e6878-8b3775030ed1a69b13e4f4c628c612102e30a681-0.108.2023112915-tr/data.json"}
[16:51:34.230] Local server env: {"SSH_AUTH_SOCK":"/run/user/1000/gcr/ssh","SHELL":"/usr/bin/zsh","DISPLAY":":0","ELECTRON_RUN_AS_NODE":"1","SSH_ASKPASS":"/home/drdbrioso/.vscode/extensions/ms-vscode-remote.remote-ssh-0.108.2023112915/out/local-server/askpass.sh","VSCODE_SSH_ASKPASS_NODE":"/home/drdbrioso/Desktop/code-stable-x64-1705560028/VSCode-linux-x64/code","VSCODE_SSH_ASKPASS_EXTRA_ARGS":"--ms-enable-electron-run-as-node","VSCODE_SSH_ASKPASS_MAIN":"/home/drdbrioso/.vscode/extensions/ms-vscode-remote.remote-ssh-0.108.2023112915/out/askpass-main.js","VSCODE_SSH_ASKPASS_HANDLE":"/run/user/1000/vscode-ssh-askpass-02d23eef8202dd25908be6deb44790bb05ac26be.sock"}
[16:51:34.240] Spawned 13302
[16:51:34.342] > local-server-2> Running ssh connection command: "-v -T -D 39677 -o ConnectTimeout=15 senc.icmc.usp.br"
[16:51:34.345] > local-server-2> Spawned ssh, pid=13351
[19:44:22.097] Failed to set up socket for dynamic port forward to remote port 42767: Socket closed. Is the remote port correct?
[19:44:22.098] > local-server-1> Timed out
[19:44:22.105] Local server exit: 0
[19:44:24.070] stderr> ssh: Could not resolve hostname senc.icmc.usp.br: Temporary failure in name resolution
[19:44:24.071] > local-server-2> ssh child died, shutting down
[19:44:24.077] Local server exit: 0
[19:44:24.078] Received install output: local-server-2> Running ssh connection command: "-v -T -D 39677 -o ConnectTimeout=15 senc.icmc.usp.br"
local-server-2> Spawned ssh, pid=13351
ssh: Could not resolve hostname senc.icmc.usp.br: Temporary failure in name resolution
local-server-2> ssh child died, shutting down

[19:44:24.080] Resolver error: Error: Could not resolve hostname
	at g.Offline (/home/drdbrioso/.vscode/extensions/ms-vscode-remote.remote-ssh-0.108.2023112915/out/extension.js:2:642754)
	at /home/drdbrioso/.vscode/extensions/ms-vscode-remote.remote-ssh-0.108.2023112915/out/extension.js:2:638591
	at t.handleInstallOutput (/home/drdbrioso/.vscode/extensions/ms-vscode-remote.remote-ssh-0.108.2023112915/out/extension.js:2:639138)
	at e (/home/drdbrioso/.vscode/extensions/ms-vscode-remote.remote-ssh-0.108.2023112915/out/extension.js:2:700300)
	at process.processTicksAndRejections (node:internal/process/task_queues:95:5)
	at async /home/drdbrioso/.vscode/extensions/ms-vscode-remote.remote-ssh-0.108.2023112915/out/extension.js:2:722169
	at async t.withShowDetailsEvent (/home/drdbrioso/.vscode/extensions/ms-vscode-remote.remote-ssh-0.108.2023112915/out/extension.js:2:725828)
	at async /home/drdbrioso/.vscode/extensions/ms-vscode-remote.remote-ssh-0.108.2023112915/out/extension.js:2:697005
	at async C (/home/drdbrioso/.vscode/extensions/ms-vscode-remote.remote-ssh-0.108.2023112915/out/extension.js:2:695056)
	at async t.resolveWithLocalServer (/home/drdbrioso/.vscode/extensions/ms-vscode-remote.remote-ssh-0.108.2023112915/out/extension.js:2:696545)
	at async I (/home/drdbrioso/.vscode/extensions/ms-vscode-remote.remote-ssh-0.108.2023112915/out/extension.js:2:719392)
	at async t.resolve (/home/drdbrioso/.vscode/extensions/ms-vscode-remote.remote-ssh-0.108.2023112915/out/extension.js:2:723199)
	at async /home/drdbrioso/.vscode/extensions/ms-vscode-remote.remote-ssh-0.108.2023112915/out/extension.js:2:907012
[19:44:24.084] ------




[19:44:29.117] ------




[19:44:29.117] SSH Resolver called for "ssh-remote+senc.icmc.usp.br", attempt 3, (Reconnection)
[19:44:29.118] SSH Resolver called for host: senc.icmc.usp.br
[19:44:29.119] Setting up SSH remote "senc.icmc.usp.br"
[19:44:29.120] Acquiring local install lock: /tmp/vscode-remote-ssh-2f5e6878-install.lock
[19:44:29.121] Looking for existing server data file at /home/drdbrioso/.config/Code/User/globalStorage/ms-vscode-remote.remote-ssh/vscode-ssh-host-2f5e6878-8b3775030ed1a69b13e4f4c628c612102e30a681-0.108.2023112915-tr/data.json
[19:44:29.121] Using commit id "8b3775030ed1a69b13e4f4c628c612102e30a681" and quality "stable" for server
[19:44:29.125] Install and start server if needed
[19:44:29.130] askpass server listening on /run/user/1000/vscode-ssh-askpass-90181ab3a846feca37e96c255daa22462ec27915.sock
[19:44:29.130] Spawning local server with {"serverId":3,"ipcHandlePath":"/run/user/1000/vscode-ssh-askpass-bffde31bfc85b6614c0c1e072315e731c2ec6001.sock","sshCommand":"ssh","sshArgs":["-v","-T","-D","39677","-o","ConnectTimeout=15","senc.icmc.usp.br"],"serverDataFolderName":".vscode-server","dataFilePath":"/home/drdbrioso/.config/Code/User/globalStorage/ms-vscode-remote.remote-ssh/vscode-ssh-host-2f5e6878-8b3775030ed1a69b13e4f4c628c612102e30a681-0.108.2023112915-tr/data.json"}
[19:44:29.131] Local server env: {"SSH_AUTH_SOCK":"/run/user/1000/gcr/ssh","SHELL":"/usr/bin/zsh","DISPLAY":":0","ELECTRON_RUN_AS_NODE":"1","SSH_ASKPASS":"/home/drdbrioso/.vscode/extensions/ms-vscode-remote.remote-ssh-0.108.2023112915/out/local-server/askpass.sh","VSCODE_SSH_ASKPASS_NODE":"/home/drdbrioso/Desktop/code-stable-x64-1705560028/VSCode-linux-x64/code","VSCODE_SSH_ASKPASS_EXTRA_ARGS":"--ms-enable-electron-run-as-node","VSCODE_SSH_ASKPASS_MAIN":"/home/drdbrioso/.vscode/extensions/ms-vscode-remote.remote-ssh-0.108.2023112915/out/askpass-main.js","VSCODE_SSH_ASKPASS_HANDLE":"/run/user/1000/vscode-ssh-askpass-90181ab3a846feca37e96c255daa22462ec27915.sock"}
[19:44:29.135] Spawned 13842
[19:44:29.228] > local-server-3> Running ssh connection command: "-v -T -D 39677 -o ConnectTimeout=15 senc.icmc.usp.br"
[19:44:29.232] > local-server-3> Spawned ssh, pid=13850
[19:44:44.338] stderr> ssh: connect to host senc.icmc.usp.br port 22: Connection timed out
[19:44:44.339] > local-server-3> ssh child died, shutting down
[19:44:44.343] Local server exit: 0
[19:44:44.343] Received install output: local-server-3> Running ssh connection command: "-v -T -D 39677 -o ConnectTimeout=15 senc.icmc.usp.br"
local-server-3> Spawned ssh, pid=13850
ssh: connect to host senc.icmc.usp.br port 22: Connection timed out
local-server-3> ssh child died, shutting down

[19:44:44.344] Resolver error: Error: The connection timed out
	at g.Offline (/home/drdbrioso/.vscode/extensions/ms-vscode-remote.remote-ssh-0.108.2023112915/out/extension.js:2:642754)
	at /home/drdbrioso/.vscode/extensions/ms-vscode-remote.remote-ssh-0.108.2023112915/out/extension.js:2:638823
	at t.handleInstallOutput (/home/drdbrioso/.vscode/extensions/ms-vscode-remote.remote-ssh-0.108.2023112915/out/extension.js:2:639138)
	at e (/home/drdbrioso/.vscode/extensions/ms-vscode-remote.remote-ssh-0.108.2023112915/out/extension.js:2:700300)
	at process.processTicksAndRejections (node:internal/process/task_queues:95:5)
	at async /home/drdbrioso/.vscode/extensions/ms-vscode-remote.remote-ssh-0.108.2023112915/out/extension.js:2:722169
	at async t.withShowDetailsEvent (/home/drdbrioso/.vscode/extensions/ms-vscode-remote.remote-ssh-0.108.2023112915/out/extension.js:2:725828)
	at async /home/drdbrioso/.vscode/extensions/ms-vscode-remote.remote-ssh-0.108.2023112915/out/extension.js:2:697005
	at async C (/home/drdbrioso/.vscode/extensions/ms-vscode-remote.remote-ssh-0.108.2023112915/out/extension.js:2:695056)
	at async t.resolveWithLocalServer (/home/drdbrioso/.vscode/extensions/ms-vscode-remote.remote-ssh-0.108.2023112915/out/extension.js:2:696545)
	at async I (/home/drdbrioso/.vscode/extensions/ms-vscode-remote.remote-ssh-0.108.2023112915/out/extension.js:2:719392)
	at async t.resolve (/home/drdbrioso/.vscode/extensions/ms-vscode-remote.remote-ssh-0.108.2023112915/out/extension.js:2:723199)
	at async /home/drdbrioso/.vscode/extensions/ms-vscode-remote.remote-ssh-0.108.2023112915/out/extension.js:2:907012
[19:44:44.347] ------




[19:44:49.357] ------




[19:44:49.357] SSH Resolver called for "ssh-remote+senc.icmc.usp.br", attempt 4, (Reconnection)
[19:44:49.359] SSH Resolver called for host: senc.icmc.usp.br
[19:44:49.359] Setting up SSH remote "senc.icmc.usp.br"
[19:44:49.359] Acquiring local install lock: /tmp/vscode-remote-ssh-2f5e6878-install.lock
[19:44:49.360] Looking for existing server data file at /home/drdbrioso/.config/Code/User/globalStorage/ms-vscode-remote.remote-ssh/vscode-ssh-host-2f5e6878-8b3775030ed1a69b13e4f4c628c612102e30a681-0.108.2023112915-tr/data.json
[19:44:49.360] Using commit id "8b3775030ed1a69b13e4f4c628c612102e30a681" and quality "stable" for server
[19:44:49.363] Install and start server if needed
[19:44:49.369] askpass server listening on /run/user/1000/vscode-ssh-askpass-41495449038f77c045f044b80a62a0d67ac7205d.sock
[19:44:49.370] Spawning local server with {"serverId":4,"ipcHandlePath":"/run/user/1000/vscode-ssh-askpass-a910d84a0a343c0756c3062d8a10996b2499e7e5.sock","sshCommand":"ssh","sshArgs":["-v","-T","-D","39677","-o","ConnectTimeout=15","senc.icmc.usp.br"],"serverDataFolderName":".vscode-server","dataFilePath":"/home/drdbrioso/.config/Code/User/globalStorage/ms-vscode-remote.remote-ssh/vscode-ssh-host-2f5e6878-8b3775030ed1a69b13e4f4c628c612102e30a681-0.108.2023112915-tr/data.json"}
[19:44:49.370] Local server env: {"SSH_AUTH_SOCK":"/run/user/1000/gcr/ssh","SHELL":"/usr/bin/zsh","DISPLAY":":0","ELECTRON_RUN_AS_NODE":"1","SSH_ASKPASS":"/home/drdbrioso/.vscode/extensions/ms-vscode-remote.remote-ssh-0.108.2023112915/out/local-server/askpass.sh","VSCODE_SSH_ASKPASS_NODE":"/home/drdbrioso/Desktop/code-stable-x64-1705560028/VSCode-linux-x64/code","VSCODE_SSH_ASKPASS_EXTRA_ARGS":"--ms-enable-electron-run-as-node","VSCODE_SSH_ASKPASS_MAIN":"/home/drdbrioso/.vscode/extensions/ms-vscode-remote.remote-ssh-0.108.2023112915/out/askpass-main.js","VSCODE_SSH_ASKPASS_HANDLE":"/run/user/1000/vscode-ssh-askpass-41495449038f77c045f044b80a62a0d67ac7205d.sock"}
[19:44:49.375] Spawned 14454
[19:44:49.467] > local-server-4> Running ssh connection command: "-v -T -D 39677 -o ConnectTimeout=15 senc.icmc.usp.br"
[19:44:49.470] > local-server-4> Spawned ssh, pid=14462
[19:45:04.502] stderr> ssh: connect to host senc.icmc.usp.br port 22: Connection timed out
[19:45:04.504] > local-server-4> ssh child died, shutting down
[19:45:04.510] Local server exit: 0
[19:45:04.511] Received install output: local-server-4> Running ssh connection command: "-v -T -D 39677 -o ConnectTimeout=15 senc.icmc.usp.br"
local-server-4> Spawned ssh, pid=14462
ssh: connect to host senc.icmc.usp.br port 22: Connection timed out
local-server-4> ssh child died, shutting down

[19:45:04.512] Resolver error: Error: The connection timed out
	at g.Offline (/home/drdbrioso/.vscode/extensions/ms-vscode-remote.remote-ssh-0.108.2023112915/out/extension.js:2:642754)
	at /home/drdbrioso/.vscode/extensions/ms-vscode-remote.remote-ssh-0.108.2023112915/out/extension.js:2:638823
	at t.handleInstallOutput (/home/drdbrioso/.vscode/extensions/ms-vscode-remote.remote-ssh-0.108.2023112915/out/extension.js:2:639138)
	at e (/home/drdbrioso/.vscode/extensions/ms-vscode-remote.remote-ssh-0.108.2023112915/out/extension.js:2:700300)
	at process.processTicksAndRejections (node:internal/process/task_queues:95:5)
	at async /home/drdbrioso/.vscode/extensions/ms-vscode-remote.remote-ssh-0.108.2023112915/out/extension.js:2:722169
	at async t.withShowDetailsEvent (/home/drdbrioso/.vscode/extensions/ms-vscode-remote.remote-ssh-0.108.2023112915/out/extension.js:2:725828)
	at async /home/drdbrioso/.vscode/extensions/ms-vscode-remote.remote-ssh-0.108.2023112915/out/extension.js:2:697005
	at async C (/home/drdbrioso/.vscode/extensions/ms-vscode-remote.remote-ssh-0.108.2023112915/out/extension.js:2:695056)
	at async t.resolveWithLocalServer (/home/drdbrioso/.vscode/extensions/ms-vscode-remote.remote-ssh-0.108.2023112915/out/extension.js:2:696545)
	at async I (/home/drdbrioso/.vscode/extensions/ms-vscode-remote.remote-ssh-0.108.2023112915/out/extension.js:2:719392)
	at async t.resolve (/home/drdbrioso/.vscode/extensions/ms-vscode-remote.remote-ssh-0.108.2023112915/out/extension.js:2:723199)
	at async /home/drdbrioso/.vscode/extensions/ms-vscode-remote.remote-ssh-0.108.2023112915/out/extension.js:2:907012
[19:45:04.516] ------




[19:45:14.557] ------




[19:45:14.557] SSH Resolver called for "ssh-remote+senc.icmc.usp.br", attempt 5, (Reconnection)
[19:45:14.559] SSH Resolver called for host: senc.icmc.usp.br
[19:45:14.559] Setting up SSH remote "senc.icmc.usp.br"
[19:45:14.560] Acquiring local install lock: /tmp/vscode-remote-ssh-2f5e6878-install.lock
[19:45:14.561] Looking for existing server data file at /home/drdbrioso/.config/Code/User/globalStorage/ms-vscode-remote.remote-ssh/vscode-ssh-host-2f5e6878-8b3775030ed1a69b13e4f4c628c612102e30a681-0.108.2023112915-tr/data.json
[19:45:14.562] Using commit id "8b3775030ed1a69b13e4f4c628c612102e30a681" and quality "stable" for server
[19:45:14.565] Install and start server if needed
[19:45:14.570] askpass server listening on /run/user/1000/vscode-ssh-askpass-33084d1c16dc18d307112fac24cddea712d1d71d.sock
[19:45:14.570] Spawning local server with {"serverId":5,"ipcHandlePath":"/run/user/1000/vscode-ssh-askpass-c4b5d2915c5bd877e64d9671a926a5e62c8d903e.sock","sshCommand":"ssh","sshArgs":["-v","-T","-D","39677","-o","ConnectTimeout=15","senc.icmc.usp.br"],"serverDataFolderName":".vscode-server","dataFilePath":"/home/drdbrioso/.config/Code/User/globalStorage/ms-vscode-remote.remote-ssh/vscode-ssh-host-2f5e6878-8b3775030ed1a69b13e4f4c628c612102e30a681-0.108.2023112915-tr/data.json"}
[19:45:14.571] Local server env: {"SSH_AUTH_SOCK":"/run/user/1000/gcr/ssh","SHELL":"/usr/bin/zsh","DISPLAY":":0","ELECTRON_RUN_AS_NODE":"1","SSH_ASKPASS":"/home/drdbrioso/.vscode/extensions/ms-vscode-remote.remote-ssh-0.108.2023112915/out/local-server/askpass.sh","VSCODE_SSH_ASKPASS_NODE":"/home/drdbrioso/Desktop/code-stable-x64-1705560028/VSCode-linux-x64/code","VSCODE_SSH_ASKPASS_EXTRA_ARGS":"--ms-enable-electron-run-as-node","VSCODE_SSH_ASKPASS_MAIN":"/home/drdbrioso/.vscode/extensions/ms-vscode-remote.remote-ssh-0.108.2023112915/out/askpass-main.js","VSCODE_SSH_ASKPASS_HANDLE":"/run/user/1000/vscode-ssh-askpass-33084d1c16dc18d307112fac24cddea712d1d71d.sock"}
[19:45:14.574] Spawned 14544
[19:45:14.659] > local-server-5> Running ssh connection command: "-v -T -D 39677 -o ConnectTimeout=15 senc.icmc.usp.br"
[19:45:14.661] > local-server-5> Spawned ssh, pid=14552
[19:45:29.705] stderr> ssh: connect to host senc.icmc.usp.br port 22: Connection timed out
[19:45:29.707] > local-server-5> ssh child died, shutting down
[19:45:29.714] Local server exit: 0
[19:45:29.715] Received install output: local-server-5> Running ssh connection command: "-v -T -D 39677 -o ConnectTimeout=15 senc.icmc.usp.br"
local-server-5> Spawned ssh, pid=14552
ssh: connect to host senc.icmc.usp.br port 22: Connection timed out
local-server-5> ssh child died, shutting down

[19:45:29.716] Resolver error: Error: The connection timed out
	at g.Offline (/home/drdbrioso/.vscode/extensions/ms-vscode-remote.remote-ssh-0.108.2023112915/out/extension.js:2:642754)
	at /home/drdbrioso/.vscode/extensions/ms-vscode-remote.remote-ssh-0.108.2023112915/out/extension.js:2:638823
	at t.handleInstallOutput (/home/drdbrioso/.vscode/extensions/ms-vscode-remote.remote-ssh-0.108.2023112915/out/extension.js:2:639138)
	at e (/home/drdbrioso/.vscode/extensions/ms-vscode-remote.remote-ssh-0.108.2023112915/out/extension.js:2:700300)
	at process.processTicksAndRejections (node:internal/process/task_queues:95:5)
	at async /home/drdbrioso/.vscode/extensions/ms-vscode-remote.remote-ssh-0.108.2023112915/out/extension.js:2:722169
	at async t.withShowDetailsEvent (/home/drdbrioso/.vscode/extensions/ms-vscode-remote.remote-ssh-0.108.2023112915/out/extension.js:2:725828)
	at async /home/drdbrioso/.vscode/extensions/ms-vscode-remote.remote-ssh-0.108.2023112915/out/extension.js:2:697005
	at async C (/home/drdbrioso/.vscode/extensions/ms-vscode-remote.remote-ssh-0.108.2023112915/out/extension.js:2:695056)
	at async t.resolveWithLocalServer (/home/drdbrioso/.vscode/extensions/ms-vscode-remote.remote-ssh-0.108.2023112915/out/extension.js:2:696545)
	at async I (/home/drdbrioso/.vscode/extensions/ms-vscode-remote.remote-ssh-0.108.2023112915/out/extension.js:2:719392)
	at async t.resolve (/home/drdbrioso/.vscode/extensions/ms-vscode-remote.remote-ssh-0.108.2023112915/out/extension.js:2:723199)
	at async /home/drdbrioso/.vscode/extensions/ms-vscode-remote.remote-ssh-0.108.2023112915/out/extension.js:2:907012
[19:45:29.719] ------




[19:45:39.741] ------




[19:45:39.742] SSH Resolver called for "ssh-remote+senc.icmc.usp.br", attempt 6, (Reconnection)
[19:45:39.745] SSH Resolver called for host: senc.icmc.usp.br
[19:45:39.746] Setting up SSH remote "senc.icmc.usp.br"
[19:45:39.750] Acquiring local install lock: /tmp/vscode-remote-ssh-2f5e6878-install.lock
[19:45:39.752] Looking for existing server data file at /home/drdbrioso/.config/Code/User/globalStorage/ms-vscode-remote.remote-ssh/vscode-ssh-host-2f5e6878-8b3775030ed1a69b13e4f4c628c612102e30a681-0.108.2023112915-tr/data.json
[19:45:39.754] Using commit id "8b3775030ed1a69b13e4f4c628c612102e30a681" and quality "stable" for server
[19:45:39.764] Install and start server if needed
[19:45:39.772] askpass server listening on /run/user/1000/vscode-ssh-askpass-37a132f9ad370625a9b8fa1e70853604f60247ae.sock
[19:45:39.772] Spawning local server with {"serverId":6,"ipcHandlePath":"/run/user/1000/vscode-ssh-askpass-ac6c478969fe8f18425ed33257e56562b786e169.sock","sshCommand":"ssh","sshArgs":["-v","-T","-D","39677","-o","ConnectTimeout=15","senc.icmc.usp.br"],"serverDataFolderName":".vscode-server","dataFilePath":"/home/drdbrioso/.config/Code/User/globalStorage/ms-vscode-remote.remote-ssh/vscode-ssh-host-2f5e6878-8b3775030ed1a69b13e4f4c628c612102e30a681-0.108.2023112915-tr/data.json"}
[19:45:39.773] Local server env: {"SSH_AUTH_SOCK":"/run/user/1000/gcr/ssh","SHELL":"/usr/bin/zsh","DISPLAY":":0","ELECTRON_RUN_AS_NODE":"1","SSH_ASKPASS":"/home/drdbrioso/.vscode/extensions/ms-vscode-remote.remote-ssh-0.108.2023112915/out/local-server/askpass.sh","VSCODE_SSH_ASKPASS_NODE":"/home/drdbrioso/Desktop/code-stable-x64-1705560028/VSCode-linux-x64/code","VSCODE_SSH_ASKPASS_EXTRA_ARGS":"--ms-enable-electron-run-as-node","VSCODE_SSH_ASKPASS_MAIN":"/home/drdbrioso/.vscode/extensions/ms-vscode-remote.remote-ssh-0.108.2023112915/out/askpass-main.js","VSCODE_SSH_ASKPASS_HANDLE":"/run/user/1000/vscode-ssh-askpass-37a132f9ad370625a9b8fa1e70853604f60247ae.sock"}
[19:45:39.777] Spawned 14967
[19:45:39.903] > local-server-6> Running ssh connection command: "-v -T -D 39677 -o ConnectTimeout=15 senc.icmc.usp.br"
[19:45:39.907] > local-server-6> Spawned ssh, pid=14975
[19:45:54.966] stderr> ssh: connect to host senc.icmc.usp.br port 22: Connection timed out
[19:45:54.967] > local-server-6> ssh child died, shutting down
[19:45:54.970] Local server exit: 0
[19:45:54.971] Received install output: local-server-6> Running ssh connection command: "-v -T -D 39677 -o ConnectTimeout=15 senc.icmc.usp.br"
local-server-6> Spawned ssh, pid=14975
ssh: connect to host senc.icmc.usp.br port 22: Connection timed out
local-server-6> ssh child died, shutting down

[19:45:54.972] Resolver error: Error: The connection timed out
	at g.Offline (/home/drdbrioso/.vscode/extensions/ms-vscode-remote.remote-ssh-0.108.2023112915/out/extension.js:2:642754)
	at /home/drdbrioso/.vscode/extensions/ms-vscode-remote.remote-ssh-0.108.2023112915/out/extension.js:2:638823
	at t.handleInstallOutput (/home/drdbrioso/.vscode/extensions/ms-vscode-remote.remote-ssh-0.108.2023112915/out/extension.js:2:639138)
	at e (/home/drdbrioso/.vscode/extensions/ms-vscode-remote.remote-ssh-0.108.2023112915/out/extension.js:2:700300)
	at process.processTicksAndRejections (node:internal/process/task_queues:95:5)
	at async /home/drdbrioso/.vscode/extensions/ms-vscode-remote.remote-ssh-0.108.2023112915/out/extension.js:2:722169
	at async t.withShowDetailsEvent (/home/drdbrioso/.vscode/extensions/ms-vscode-remote.remote-ssh-0.108.2023112915/out/extension.js:2:725828)
	at async /home/drdbrioso/.vscode/extensions/ms-vscode-remote.remote-ssh-0.108.2023112915/out/extension.js:2:697005
	at async C (/home/drdbrioso/.vscode/extensions/ms-vscode-remote.remote-ssh-0.108.2023112915/out/extension.js:2:695056)
	at async t.resolveWithLocalServer (/home/drdbrioso/.vscode/extensions/ms-vscode-remote.remote-ssh-0.108.2023112915/out/extension.js:2:696545)
	at async I (/home/drdbrioso/.vscode/extensions/ms-vscode-remote.remote-ssh-0.108.2023112915/out/extension.js:2:719392)
	at async t.resolve (/home/drdbrioso/.vscode/extensions/ms-vscode-remote.remote-ssh-0.108.2023112915/out/extension.js:2:723199)
	at async /home/drdbrioso/.vscode/extensions/ms-vscode-remote.remote-ssh-0.108.2023112915/out/extension.js:2:907012
[19:45:54.974] ------




[19:46:05.029] ------




[19:46:05.029] SSH Resolver called for "ssh-remote+senc.icmc.usp.br", attempt 7, (Reconnection)
[19:46:05.031] SSH Resolver called for host: senc.icmc.usp.br
[19:46:05.031] Setting up SSH remote "senc.icmc.usp.br"
[19:46:05.031] Acquiring local install lock: /tmp/vscode-remote-ssh-2f5e6878-install.lock
[19:46:05.032] Looking for existing server data file at /home/drdbrioso/.config/Code/User/globalStorage/ms-vscode-remote.remote-ssh/vscode-ssh-host-2f5e6878-8b3775030ed1a69b13e4f4c628c612102e30a681-0.108.2023112915-tr/data.json
[19:46:05.032] Using commit id "8b3775030ed1a69b13e4f4c628c612102e30a681" and quality "stable" for server
[19:46:05.035] Install and start server if needed
[19:46:05.038] askpass server listening on /run/user/1000/vscode-ssh-askpass-840bbef21f267f8669df6877f9c10e34728c1534.sock
[19:46:05.038] Spawning local server with {"serverId":7,"ipcHandlePath":"/run/user/1000/vscode-ssh-askpass-4e60b0ad108d345987c98711824786f4bcc609dd.sock","sshCommand":"ssh","sshArgs":["-v","-T","-D","39677","-o","ConnectTimeout=15","senc.icmc.usp.br"],"serverDataFolderName":".vscode-server","dataFilePath":"/home/drdbrioso/.config/Code/User/globalStorage/ms-vscode-remote.remote-ssh/vscode-ssh-host-2f5e6878-8b3775030ed1a69b13e4f4c628c612102e30a681-0.108.2023112915-tr/data.json"}
[19:46:05.038] Local server env: {"SSH_AUTH_SOCK":"/run/user/1000/gcr/ssh","SHELL":"/usr/bin/zsh","DISPLAY":":0","ELECTRON_RUN_AS_NODE":"1","SSH_ASKPASS":"/home/drdbrioso/.vscode/extensions/ms-vscode-remote.remote-ssh-0.108.2023112915/out/local-server/askpass.sh","VSCODE_SSH_ASKPASS_NODE":"/home/drdbrioso/Desktop/code-stable-x64-1705560028/VSCode-linux-x64/code","VSCODE_SSH_ASKPASS_EXTRA_ARGS":"--ms-enable-electron-run-as-node","VSCODE_SSH_ASKPASS_MAIN":"/home/drdbrioso/.vscode/extensions/ms-vscode-remote.remote-ssh-0.108.2023112915/out/askpass-main.js","VSCODE_SSH_ASKPASS_HANDLE":"/run/user/1000/vscode-ssh-askpass-840bbef21f267f8669df6877f9c10e34728c1534.sock"}
[19:46:05.041] Spawned 15035
[19:46:05.124] > local-server-7> Running ssh connection command: "-v -T -D 39677 -o ConnectTimeout=15 senc.icmc.usp.br"
[19:46:05.128] > local-server-7> Spawned ssh, pid=15043
[19:46:20.161] stderr> ssh: connect to host senc.icmc.usp.br port 22: Connection timed out
[19:46:20.164] > local-server-7> ssh child died, shutting down
[19:46:20.174] Local server exit: 0
[19:46:20.175] Received install output: local-server-7> Running ssh connection command: "-v -T -D 39677 -o ConnectTimeout=15 senc.icmc.usp.br"
local-server-7> Spawned ssh, pid=15043
ssh: connect to host senc.icmc.usp.br port 22: Connection timed out
local-server-7> ssh child died, shutting down

[19:46:20.177] Resolver error: Error: The connection timed out
	at g.Offline (/home/drdbrioso/.vscode/extensions/ms-vscode-remote.remote-ssh-0.108.2023112915/out/extension.js:2:642754)
	at /home/drdbrioso/.vscode/extensions/ms-vscode-remote.remote-ssh-0.108.2023112915/out/extension.js:2:638823
	at t.handleInstallOutput (/home/drdbrioso/.vscode/extensions/ms-vscode-remote.remote-ssh-0.108.2023112915/out/extension.js:2:639138)
	at e (/home/drdbrioso/.vscode/extensions/ms-vscode-remote.remote-ssh-0.108.2023112915/out/extension.js:2:700300)
	at process.processTicksAndRejections (node:internal/process/task_queues:95:5)
	at async /home/drdbrioso/.vscode/extensions/ms-vscode-remote.remote-ssh-0.108.2023112915/out/extension.js:2:722169
	at async t.withShowDetailsEvent (/home/drdbrioso/.vscode/extensions/ms-vscode-remote.remote-ssh-0.108.2023112915/out/extension.js:2:725828)
	at async /home/drdbrioso/.vscode/extensions/ms-vscode-remote.remote-ssh-0.108.2023112915/out/extension.js:2:697005
	at async C (/home/drdbrioso/.vscode/extensions/ms-vscode-remote.remote-ssh-0.108.2023112915/out/extension.js:2:695056)
	at async t.resolveWithLocalServer (/home/drdbrioso/.vscode/extensions/ms-vscode-remote.remote-ssh-0.108.2023112915/out/extension.js:2:696545)
	at async I (/home/drdbrioso/.vscode/extensions/ms-vscode-remote.remote-ssh-0.108.2023112915/out/extension.js:2:719392)
	at async t.resolve (/home/drdbrioso/.vscode/extensions/ms-vscode-remote.remote-ssh-0.108.2023112915/out/extension.js:2:723199)
	at async /home/drdbrioso/.vscode/extensions/ms-vscode-remote.remote-ssh-0.108.2023112915/out/extension.js:2:907012
[19:46:20.183] ------




[19:46:30.236] ------




[19:46:30.236] SSH Resolver called for "ssh-remote+senc.icmc.usp.br", attempt 8, (Reconnection)
[19:46:30.238] SSH Resolver called for host: senc.icmc.usp.br
[19:46:30.239] Setting up SSH remote "senc.icmc.usp.br"
[19:46:30.240] Acquiring local install lock: /tmp/vscode-remote-ssh-2f5e6878-install.lock
[19:46:30.241] Looking for existing server data file at /home/drdbrioso/.config/Code/User/globalStorage/ms-vscode-remote.remote-ssh/vscode-ssh-host-2f5e6878-8b3775030ed1a69b13e4f4c628c612102e30a681-0.108.2023112915-tr/data.json
[19:46:30.244] Using commit id "8b3775030ed1a69b13e4f4c628c612102e30a681" and quality "stable" for server
[19:46:30.248] Install and start server if needed
[19:46:30.251] askpass server listening on /run/user/1000/vscode-ssh-askpass-41845f9c7cb3e399757cf3b4c077349fb12f25dc.sock
[19:46:30.252] Spawning local server with {"serverId":8,"ipcHandlePath":"/run/user/1000/vscode-ssh-askpass-824265c38b4fed629e81d6b00ecc4b4ccd68aa39.sock","sshCommand":"ssh","sshArgs":["-v","-T","-D","39677","-o","ConnectTimeout=15","senc.icmc.usp.br"],"serverDataFolderName":".vscode-server","dataFilePath":"/home/drdbrioso/.config/Code/User/globalStorage/ms-vscode-remote.remote-ssh/vscode-ssh-host-2f5e6878-8b3775030ed1a69b13e4f4c628c612102e30a681-0.108.2023112915-tr/data.json"}
[19:46:30.252] Local server env: {"SSH_AUTH_SOCK":"/run/user/1000/gcr/ssh","SHELL":"/usr/bin/zsh","DISPLAY":":0","ELECTRON_RUN_AS_NODE":"1","SSH_ASKPASS":"/home/drdbrioso/.vscode/extensions/ms-vscode-remote.remote-ssh-0.108.2023112915/out/local-server/askpass.sh","VSCODE_SSH_ASKPASS_NODE":"/home/drdbrioso/Desktop/code-stable-x64-1705560028/VSCode-linux-x64/code","VSCODE_SSH_ASKPASS_EXTRA_ARGS":"--ms-enable-electron-run-as-node","VSCODE_SSH_ASKPASS_MAIN":"/home/drdbrioso/.vscode/extensions/ms-vscode-remote.remote-ssh-0.108.2023112915/out/askpass-main.js","VSCODE_SSH_ASKPASS_HANDLE":"/run/user/1000/vscode-ssh-askpass-41845f9c7cb3e399757cf3b4c077349fb12f25dc.sock"}
[19:46:30.257] Spawned 15059
[19:46:30.356] > local-server-8> Running ssh connection command: "-v -T -D 39677 -o ConnectTimeout=15 senc.icmc.usp.br"
[19:46:30.360] > local-server-8> Spawned ssh, pid=15067
