2025-06-23 20:42:06.352 [info] Experiment 'pythonTerminalEnvVarActivation' is active
2025-06-23 20:42:06.690 [info] Python interpreter path: /bin/python
2025-06-23 20:42:06.692 [info] Test server listening.
2025-06-23 20:42:06.911 [info] > conda info --json
2025-06-23 20:42:07.884 [info] Starting Pylance language server.
2025-06-23 20:44:17.395 [info] Found: /bin/python --> /bin/python3.13
2025-06-23 20:44:17.395 [info] Found: /bin/python3 --> /bin/python3.13
2025-06-23 20:44:17.395 [info] Found: /bin/python3.13 --> /bin/python3.13
2025-06-23 20:44:17.460 [info] Found: /sbin/python --> /sbin/python3.13
2025-06-23 20:44:17.460 [info] Found: /sbin/python3 --> /sbin/python3.13
2025-06-23 20:44:17.461 [info] Found: /sbin/python3.13 --> /sbin/python3.13
2025-06-23 20:44:17.471 [info] Found: /usr/bin/python --> /usr/bin/python3.13
2025-06-23 20:44:17.471 [info] Found: /usr/bin/python3 --> /usr/bin/python3.13
2025-06-23 20:44:17.471 [info] Found: /usr/bin/python3.13 --> /usr/bin/python3.13
2025-06-23 20:44:17.514 [info] Found: /usr/sbin/python --> /usr/sbin/python3.13
2025-06-23 20:44:17.514 [info] Found: /usr/sbin/python3 --> /usr/sbin/python3.13
2025-06-23 20:44:17.514 [info] Found: /usr/sbin/python3.13 --> /usr/sbin/python3.13
2025-06-23 20:44:17.528 [info] > /bin/python -I ~/.vscode/extensions/ms-python.python-2024.2.1/pythonFiles/get_output_via_markers.py ~/.vscode/extensions/ms-python.python-2024.2.1/pythonFiles/interpreterInfo.py
2025-06-23 20:44:17.539 [info] > /sbin/python -I ~/.vscode/extensions/ms-python.python-2024.2.1/pythonFiles/get_output_via_markers.py ~/.vscode/extensions/ms-python.python-2024.2.1/pythonFiles/interpreterInfo.py
2025-06-23 20:44:17.581 [info] > /usr/bin/python -I ~/.vscode/extensions/ms-python.python-2024.2.1/pythonFiles/get_output_via_markers.py ~/.vscode/extensions/ms-python.python-2024.2.1/pythonFiles/interpreterInfo.py
2025-06-23 20:44:17.588 [info] > /usr/sbin/python -I ~/.vscode/extensions/ms-python.python-2024.2.1/pythonFiles/get_output_via_markers.py ~/.vscode/extensions/ms-python.python-2024.2.1/pythonFiles/interpreterInfo.py
