2025-10-13 15:56:55.850 [warning] Via 'product.json#extensionEnabledApiProposals' extension 'ms-python.python' wants API proposal 'registerIssueDataProvider' but that proposal DOES NOT EXIST. Likely, the proposal has been finalized (check 'vscode.d.ts') or was abandoned.
2025-10-13 15:56:56.076 [info] Started local extension host with pid 20423.
2025-10-13 15:56:56.382 [info] Invoking resolveAuthority(ssh-remote)...
2025-10-13 15:56:56.382 [info] [LocalProcess0][resolveAuthority(ssh-remote,1)][0ms] obtaining proxy...
2025-10-13 15:56:56.382 [info] [LocalProcess0][resolveAuthority(ssh-remote,1)][1ms] invoking...
2025-10-13 15:56:57.384 [info] [LocalProcess0][resolveAuthority(ssh-remote,1)][1001ms] waiting...
2025-10-13 15:56:58.383 [info] [LocalProcess0][resolveAuthority(ssh-remote,1)][2001ms] waiting...
2025-10-13 15:56:59.203 [error] [/home/drdbrioso/.vscode/extensions/ms-toolsai.vscode-jupyter-cell-tags-0.1.9]: Extension is not compatible with Code 1.85.2. Extension requires: ^1.88.0.
2025-10-13 15:56:59.203 [error] [/home/drdbrioso/.vscode/extensions/ms-toolsai.vscode-jupyter-slideshow-0.1.6]: Extension is not compatible with Code 1.85.2. Extension requires: ^1.88.0.
2025-10-13 15:56:59.203 [error] [/home/drdbrioso/.vscode/extensions/ms-toolsai.jupyter-renderers-1.3.0]: Extension is not compatible with Code 1.85.2. Extension requires: ^1.95.0.
2025-10-13 15:56:59.241 [error] [/home/drdbrioso/.vscode/extensions/ms-vscode.remote-server-1.5.3]: Extension is not compatible with Code 1.85.2. Extension requires: ^1.87.0.
2025-10-13 15:56:59.242 [error] [/home/drdbrioso/.vscode/extensions/ms-vscode.remote-explorer-0.5.0]: Extension is not compatible with Code 1.85.2. Extension requires: ^1.87.0.
2025-10-13 15:56:59.243 [error] [/home/drdbrioso/.vscode/extensions/ms-vscode-remote.remote-wsl-0.104.3]: Extension is not compatible with Code 1.85.2. Extension requires: ^1.104.0.
2025-10-13 15:56:59.243 [error] [/home/drdbrioso/.vscode/extensions/ms-python.vscode-python-envs-1.8.0-linux-x64]: Extension is not compatible with Code 1.85.2. Extension requires: ^1.104.0-20250815.
2025-10-13 15:56:59.244 [error] [/home/drdbrioso/.vscode/extensions/ms-vscode-remote.remote-containers-0.427.0]: Extension is not compatible with Code 1.85.2. Extension requires: ^1.99.0.
2025-10-13 15:56:59.244 [error] [/home/drdbrioso/.vscode/extensions/ms-python.debugpy-2025.10.0-linux-x64]: Extension is not compatible with Code 1.85.2. Extension requires: ^1.92.0.
2025-10-13 15:56:59.246 [error] [/home/drdbrioso/.vscode/extensions/ms-python.vscode-pylance-2025.8.3]: Extension is not compatible with Code 1.85.2. Extension requires: ^1.101.0.
2025-10-13 15:56:59.247 [error] [/home/drdbrioso/.vscode/extensions/ms-python.python-2025.14.0-linux-x64]: Extension is not compatible with Code 1.85.2. Extension requires: ^1.95.0.
2025-10-13 15:56:59.384 [info] [LocalProcess0][resolveAuthority(ssh-remote,1)][3001ms] waiting...
2025-10-13 15:57:00.383 [info] [LocalProcess0][resolveAuthority(ssh-remote,1)][4001ms] waiting...
2025-10-13 15:57:01.383 [info] [LocalProcess0][resolveAuthority(ssh-remote,1)][5001ms] waiting...
2025-10-13 15:57:02.383 [info] [LocalProcess0][resolveAuthority(ssh-remote,1)][6001ms] waiting...
2025-10-13 15:57:03.383 [info] [LocalProcess0][resolveAuthority(ssh-remote,1)][7001ms] waiting...
2025-10-13 15:57:04.383 [info] [LocalProcess0][resolveAuthority(ssh-remote,1)][8001ms] waiting...
2025-10-13 15:57:05.383 [info] [LocalProcess0][resolveAuthority(ssh-remote,1)][9001ms] waiting...
2025-10-13 15:57:06.382 [info] [LocalProcess0][resolveAuthority(ssh-remote,1)][10001ms] waiting...
2025-10-13 15:57:07.383 [info] [LocalProcess0][resolveAuthority(ssh-remote,1)][11001ms] waiting...
2025-10-13 15:57:08.383 [info] [LocalProcess0][resolveAuthority(ssh-remote,1)][12001ms] waiting...
2025-10-13 15:57:09.383 [info] [LocalProcess0][resolveAuthority(ssh-remote,1)][13001ms] waiting...
2025-10-13 15:57:10.383 [info] [LocalProcess0][resolveAuthority(ssh-remote,1)][14001ms] waiting...
