2025-06-13 21:02:16.389 [info] Experiment 'pythonTerminalEnvVarActivation' is active
2025-06-13 21:02:16.389 [info] Test server listening.
2025-06-13 21:02:16.389 [info] > conda info --json
2025-06-13 21:02:16.389 [info] Python interpreter path: /bin/python
2025-06-13 21:02:16.402 [info] Found: /bin/python --> /bin/python3.13
2025-06-13 21:02:16.429 [info] Found: /bin/python3 --> /bin/python3.13
2025-06-13 21:02:16.429 [info] Found: /bin/python3.13 --> /bin/python3.13
2025-06-13 21:02:16.485 [info] Found: /sbin/python --> /sbin/python3.13
2025-06-13 21:02:16.485 [info] Found: /sbin/python3 --> /sbin/python3.13
2025-06-13 21:02:16.485 [info] Found: /sbin/python3.13 --> /sbin/python3.13
2025-06-13 21:02:16.488 [info] Found: /usr/bin/python --> /usr/bin/python3.13
2025-06-13 21:02:16.488 [info] Found: /usr/bin/python3 --> /usr/bin/python3.13
2025-06-13 21:02:16.488 [info] Found: /usr/bin/python3.13 --> /usr/bin/python3.13
2025-06-13 21:02:16.534 [info] Found: /usr/sbin/python --> /usr/sbin/python3.13
2025-06-13 21:02:16.534 [info] Found: /usr/sbin/python3 --> /usr/sbin/python3.13
2025-06-13 21:02:16.534 [info] Found: /usr/sbin/python3.13 --> /usr/sbin/python3.13
2025-06-13 21:02:16.548 [info] > /bin/python -I ~/.vscode/extensions/ms-python.python-2024.2.1/pythonFiles/get_output_via_markers.py ~/.vscode/extensions/ms-python.python-2024.2.1/pythonFiles/interpreterInfo.py
2025-06-13 21:02:16.559 [info] > /sbin/python -I ~/.vscode/extensions/ms-python.python-2024.2.1/pythonFiles/get_output_via_markers.py ~/.vscode/extensions/ms-python.python-2024.2.1/pythonFiles/interpreterInfo.py
2025-06-13 21:02:16.603 [info] > /usr/bin/python -I ~/.vscode/extensions/ms-python.python-2024.2.1/pythonFiles/get_output_via_markers.py ~/.vscode/extensions/ms-python.python-2024.2.1/pythonFiles/interpreterInfo.py
2025-06-13 21:02:16.609 [info] > /usr/sbin/python -I ~/.vscode/extensions/ms-python.python-2024.2.1/pythonFiles/get_output_via_markers.py ~/.vscode/extensions/ms-python.python-2024.2.1/pythonFiles/interpreterInfo.py
2025-06-13 21:02:17.542 [info] Starting Pylance language server.
