2025-10-14 16:20:34.903 [warning] Via 'product.json#extensionEnabledApiProposals' extension 'ms-python.python' wants API proposal 'registerIssueDataProvider' but that proposal DOES NOT EXIST. Likely, the proposal has been finalized (check 'vscode.d.ts') or was abandoned.
2025-10-14 16:20:35.130 [info] Invoking resolveAuthority(ssh-remote)...
2025-10-14 16:20:35.131 [info] [LocalProcess0][resolveAuthority(ssh-remote,1)][0ms] obtaining proxy...
2025-10-14 16:20:35.160 [info] Started local extension host with pid 7997.
2025-10-14 16:20:35.448 [info] [LocalProcess0][resolveAuthority(ssh-remote,1)][317ms] invoking...
2025-10-14 16:20:36.448 [info] [LocalProcess0][resolveAuthority(ssh-remote,1)][1318ms] waiting...
2025-10-14 16:20:37.448 [info] [LocalProcess0][resolveAuthority(ssh-remote,1)][2318ms] waiting...
2025-10-14 16:20:38.202 [error] [/home/drdbrioso/.vscode/extensions/ms-toolsai.vscode-jupyter-cell-tags-0.1.9]: Extension is not compatible with Code 1.85.2. Extension requires: ^1.88.0.
2025-10-14 16:20:38.203 [error] [/home/drdbrioso/.vscode/extensions/ms-toolsai.vscode-jupyter-slideshow-0.1.6]: Extension is not compatible with Code 1.85.2. Extension requires: ^1.88.0.
2025-10-14 16:20:38.204 [error] [/home/drdbrioso/.vscode/extensions/ms-toolsai.jupyter-renderers-1.3.0]: Extension is not compatible with Code 1.85.2. Extension requires: ^1.95.0.
2025-10-14 16:20:38.226 [error] [/home/drdbrioso/.vscode/extensions/ms-vscode.remote-server-1.5.3]: Extension is not compatible with Code 1.85.2. Extension requires: ^1.87.0.
2025-10-14 16:20:38.227 [error] [/home/drdbrioso/.vscode/extensions/ms-vscode-remote.remote-wsl-0.104.3]: Extension is not compatible with Code 1.85.2. Extension requires: ^1.104.0.
2025-10-14 16:20:38.228 [error] [/home/drdbrioso/.vscode/extensions/ms-vscode.remote-explorer-0.5.0]: Extension is not compatible with Code 1.85.2. Extension requires: ^1.87.0.
2025-10-14 16:20:38.229 [error] [/home/drdbrioso/.vscode/extensions/ms-vscode-remote.remote-containers-0.427.0]: Extension is not compatible with Code 1.85.2. Extension requires: ^1.99.0.
2025-10-14 16:20:38.229 [error] [/home/drdbrioso/.vscode/extensions/ms-python.vscode-python-envs-1.8.0-linux-x64]: Extension is not compatible with Code 1.85.2. Extension requires: ^1.104.0-20250815.
2025-10-14 16:20:38.229 [error] [/home/drdbrioso/.vscode/extensions/ms-python.debugpy-2025.10.0-linux-x64]: Extension is not compatible with Code 1.85.2. Extension requires: ^1.92.0.
2025-10-14 16:20:38.230 [error] [/home/drdbrioso/.vscode/extensions/ms-python.python-2025.14.0-linux-x64]: Extension is not compatible with Code 1.85.2. Extension requires: ^1.95.0.
2025-10-14 16:20:38.233 [error] [/home/drdbrioso/.vscode/extensions/ms-python.vscode-pylance-2025.8.3]: Extension is not compatible with Code 1.85.2. Extension requires: ^1.101.0.
2025-10-14 16:20:38.448 [info] [LocalProcess0][resolveAuthority(ssh-remote,1)][3318ms] waiting...
2025-10-14 16:20:39.448 [info] [LocalProcess0][resolveAuthority(ssh-remote,1)][4318ms] waiting...
2025-10-14 16:20:40.448 [info] [LocalProcess0][resolveAuthority(ssh-remote,1)][5318ms] waiting...
2025-10-14 16:20:41.448 [info] [LocalProcess0][resolveAuthority(ssh-remote,1)][6318ms] waiting...
2025-10-14 16:20:42.448 [info] [LocalProcess0][resolveAuthority(ssh-remote,1)][7318ms] waiting...
2025-10-14 16:20:43.449 [info] [LocalProcess0][resolveAuthority(ssh-remote,1)][8318ms] waiting...
2025-10-14 16:20:44.448 [info] [LocalProcess0][resolveAuthority(ssh-remote,1)][9318ms] waiting...
2025-10-14 16:20:45.448 [info] [LocalProcess0][resolveAuthority(ssh-remote,1)][10318ms] waiting...
2025-10-14 16:20:46.448 [info] [LocalProcess0][resolveAuthority(ssh-remote,1)][11318ms] waiting...
2025-10-14 16:20:47.450 [info] [LocalProcess0][resolveAuthority(ssh-remote,1)][12318ms] waiting...
2025-10-14 16:20:48.448 [info] [LocalProcess0][resolveAuthority(ssh-remote,1)][13318ms] waiting...
2025-10-14 16:20:49.448 [info] [LocalProcess0][resolveAuthority(ssh-remote,1)][14318ms] waiting...
2025-10-14 16:20:50.448 [info] [LocalProcess0][resolveAuthority(ssh-remote,1)][15318ms] waiting...
2025-10-14 16:20:51.448 [info] [LocalProcess0][resolveAuthority(ssh-remote,1)][16318ms] waiting...
2025-10-14 16:20:52.448 [info] [LocalProcess0][resolveAuthority(ssh-remote,1)][17318ms] waiting...
2025-10-14 16:20:53.449 [info] [LocalProcess0][resolveAuthority(ssh-remote,1)][18318ms] waiting...
2025-10-14 16:20:54.448 [info] [LocalProcess0][resolveAuthority(ssh-remote,1)][19318ms] waiting...
2025-10-14 16:20:55.448 [info] [LocalProcess0][resolveAuthority(ssh-remote,1)][20318ms] waiting...
2025-10-14 16:20:56.449 [info] [LocalProcess0][resolveAuthority(ssh-remote,1)][21318ms] waiting...
2025-10-14 16:20:57.449 [info] [LocalProcess0][resolveAuthority(ssh-remote,1)][22318ms] waiting...
2025-10-14 16:20:58.448 [info] [LocalProcess0][resolveAuthority(ssh-remote,1)][23318ms] waiting...
2025-10-14 16:20:59.450 [info] [LocalProcess0][resolveAuthority(ssh-remote,1)][24319ms] waiting...
2025-10-14 16:21:00.450 [info] [LocalProcess0][resolveAuthority(ssh-remote,1)][25318ms] waiting...
2025-10-14 16:21:01.449 [info] [LocalProcess0][resolveAuthority(ssh-remote,1)][26318ms] waiting...
2025-10-14 16:21:02.449 [info] [LocalProcess0][resolveAuthority(ssh-remote,1)][27318ms] waiting...
2025-10-14 16:21:03.448 [info] [LocalProcess0][resolveAuthority(ssh-remote,1)][28318ms] waiting...
2025-10-14 16:21:04.448 [info] [LocalProcess0][resolveAuthority(ssh-remote,1)][29318ms] waiting...
2025-10-14 16:21:05.449 [info] [LocalProcess0][resolveAuthority(ssh-remote,1)][30318ms] waiting...
2025-10-14 16:21:06.449 [info] [LocalProcess0][resolveAuthority(ssh-remote,1)][31318ms] waiting...
2025-10-14 16:21:07.450 [info] [LocalProcess0][resolveAuthority(ssh-remote,1)][32318ms] waiting...
2025-10-14 16:21:08.449 [info] [LocalProcess0][resolveAuthority(ssh-remote,1)][33318ms] waiting...
2025-10-14 16:21:09.449 [info] [LocalProcess0][resolveAuthority(ssh-remote,1)][34318ms] waiting...
2025-10-14 16:21:10.449 [info] [LocalProcess0][resolveAuthority(ssh-remote,1)][35318ms] waiting...
2025-10-14 16:21:11.449 [info] [LocalProcess0][resolveAuthority(ssh-remote,1)][36318ms] waiting...
2025-10-14 16:21:12.448 [info] [LocalProcess0][resolveAuthority(ssh-remote,1)][37318ms] waiting...
2025-10-14 16:21:13.449 [info] [LocalProcess0][resolveAuthority(ssh-remote,1)][38318ms] waiting...
2025-10-14 16:21:14.449 [info] [LocalProcess0][resolveAuthority(ssh-remote,1)][39318ms] waiting...
2025-10-14 16:21:15.449 [info] [LocalProcess0][resolveAuthority(ssh-remote,1)][40318ms] waiting...
2025-10-14 16:21:16.449 [info] [LocalProcess0][resolveAuthority(ssh-remote,1)][41318ms] waiting...
2025-10-14 16:21:17.449 [info] [LocalProcess0][resolveAuthority(ssh-remote,1)][42318ms] waiting...
2025-10-14 16:21:18.449 [info] [LocalProcess0][resolveAuthority(ssh-remote,1)][43318ms] waiting...
2025-10-14 16:21:19.449 [info] [LocalProcess0][resolveAuthority(ssh-remote,1)][44318ms] waiting...
2025-10-14 16:21:20.449 [info] [LocalProcess0][resolveAuthority(ssh-remote,1)][45318ms] waiting...
2025-10-14 16:21:21.449 [info] [LocalProcess0][resolveAuthority(ssh-remote,1)][46318ms] waiting...
2025-10-14 16:21:22.449 [info] [LocalProcess0][resolveAuthority(ssh-remote,1)][47318ms] waiting...
2025-10-14 16:21:23.450 [info] [LocalProcess0][resolveAuthority(ssh-remote,1)][48318ms] waiting...
2025-10-14 16:21:24.449 [info] [LocalProcess0][resolveAuthority(ssh-remote,1)][49318ms] waiting...
2025-10-14 16:21:25.449 [info] [LocalProcess0][resolveAuthority(ssh-remote,1)][50318ms] waiting...
2025-10-14 16:21:26.449 [info] [LocalProcess0][resolveAuthority(ssh-remote,1)][51318ms] waiting...
2025-10-14 16:21:27.450 [info] [LocalProcess0][resolveAuthority(ssh-remote,1)][52318ms] waiting...
2025-10-14 16:21:28.449 [info] [LocalProcess0][resolveAuthority(ssh-remote,1)][53318ms] waiting...
2025-10-14 16:21:29.449 [info] [LocalProcess0][resolveAuthority(ssh-remote,1)][54318ms] waiting...
2025-10-14 16:21:30.168 [error] [LocalProcess0][resolveAuthority(ssh-remote,1)][54989ms] returned an error {"code":"NotAvailable","message":"Connecting with SSH timed out","detail":true}
2025-10-14 16:21:30.168 [error] resolveAuthority(ssh-remote) returned an error after 54989 ms Connecting with SSH timed out
2025-10-14 16:21:30.168 [error] Error received from starting extension host (kind: Remote)
2025-10-14 16:21:30.168 [error] CodeExpectedError: Connecting with SSH timed out
    at ee.rb (vscode-file://vscode-app/home/drdbrioso/Desktop/code-stable-x64-1705560028/VSCode-linux-x64/resources/app/out/vs/workbench/workbench.desktop.main.js:2718:21055)
    at async ee.qb (vscode-file://vscode-app/home/drdbrioso/Desktop/code-stable-x64-1705560028/VSCode-linux-x64/resources/app/out/vs/workbench/workbench.desktop.main.js:2718:20332)
    at async ee.Ob (vscode-file://vscode-app/home/drdbrioso/Desktop/code-stable-x64-1705560028/VSCode-linux-x64/resources/app/out/vs/workbench/workbench.desktop.main.js:2719:11484)
    at async ee.jb (vscode-file://vscode-app/home/drdbrioso/Desktop/code-stable-x64-1705560028/VSCode-linux-x64/resources/app/out/vs/workbench/workbench.desktop.main.js:2718:17969)
2025-10-14 16:21:30.168 [error] [remote-connection][attempt 1] An error occurred in initial connection! Will retry... Error:
2025-10-14 16:21:30.168 [error] CodeExpectedError: Connecting with SSH timed out
    at ee.rb (vscode-file://vscode-app/home/drdbrioso/Desktop/code-stable-x64-1705560028/VSCode-linux-x64/resources/app/out/vs/workbench/workbench.desktop.main.js:2718:21055)
    at async ee.qb (vscode-file://vscode-app/home/drdbrioso/Desktop/code-stable-x64-1705560028/VSCode-linux-x64/resources/app/out/vs/workbench/workbench.desktop.main.js:2718:20332)
    at async ee.Ob (vscode-file://vscode-app/home/drdbrioso/Desktop/code-stable-x64-1705560028/VSCode-linux-x64/resources/app/out/vs/workbench/workbench.desktop.main.js:2719:11484)
    at async ee.jb (vscode-file://vscode-app/home/drdbrioso/Desktop/code-stable-x64-1705560028/VSCode-linux-x64/resources/app/out/vs/workbench/workbench.desktop.main.js:2718:17969)
2025-10-14 16:21:30.169 [error] [remote-connection][attempt 2] An error occurred in initial connection! Will retry... Error:
2025-10-14 16:21:30.169 [error] CodeExpectedError: Connecting with SSH timed out
    at ee.rb (vscode-file://vscode-app/home/drdbrioso/Desktop/code-stable-x64-1705560028/VSCode-linux-x64/resources/app/out/vs/workbench/workbench.desktop.main.js:2718:21055)
    at async ee.qb (vscode-file://vscode-app/home/drdbrioso/Desktop/code-stable-x64-1705560028/VSCode-linux-x64/resources/app/out/vs/workbench/workbench.desktop.main.js:2718:20332)
    at async ee.Ob (vscode-file://vscode-app/home/drdbrioso/Desktop/code-stable-x64-1705560028/VSCode-linux-x64/resources/app/out/vs/workbench/workbench.desktop.main.js:2719:11484)
    at async ee.jb (vscode-file://vscode-app/home/drdbrioso/Desktop/code-stable-x64-1705560028/VSCode-linux-x64/resources/app/out/vs/workbench/workbench.desktop.main.js:2718:17969)
2025-10-14 16:21:30.169 [error] [remote-connection][attempt 3] An error occurred in initial connection! Will retry... Error:
2025-10-14 16:21:30.169 [error] CodeExpectedError: Connecting with SSH timed out
    at ee.rb (vscode-file://vscode-app/home/drdbrioso/Desktop/code-stable-x64-1705560028/VSCode-linux-x64/resources/app/out/vs/workbench/workbench.desktop.main.js:2718:21055)
    at async ee.qb (vscode-file://vscode-app/home/drdbrioso/Desktop/code-stable-x64-1705560028/VSCode-linux-x64/resources/app/out/vs/workbench/workbench.desktop.main.js:2718:20332)
    at async ee.Ob (vscode-file://vscode-app/home/drdbrioso/Desktop/code-stable-x64-1705560028/VSCode-linux-x64/resources/app/out/vs/workbench/workbench.desktop.main.js:2719:11484)
    at async ee.jb (vscode-file://vscode-app/home/drdbrioso/Desktop/code-stable-x64-1705560028/VSCode-linux-x64/resources/app/out/vs/workbench/workbench.desktop.main.js:2718:17969)
2025-10-14 16:21:30.179 [error] [remote-connection][attempt 4] An error occurred in initial connection! Will retry... Error:
2025-10-14 16:21:30.180 [error] CodeExpectedError: Connecting with SSH timed out
    at ee.rb (vscode-file://vscode-app/home/drdbrioso/Desktop/code-stable-x64-1705560028/VSCode-linux-x64/resources/app/out/vs/workbench/workbench.desktop.main.js:2718:21055)
    at async ee.qb (vscode-file://vscode-app/home/drdbrioso/Desktop/code-stable-x64-1705560028/VSCode-linux-x64/resources/app/out/vs/workbench/workbench.desktop.main.js:2718:20332)
    at async ee.Ob (vscode-file://vscode-app/home/drdbrioso/Desktop/code-stable-x64-1705560028/VSCode-linux-x64/resources/app/out/vs/workbench/workbench.desktop.main.js:2719:11484)
    at async ee.jb (vscode-file://vscode-app/home/drdbrioso/Desktop/code-stable-x64-1705560028/VSCode-linux-x64/resources/app/out/vs/workbench/workbench.desktop.main.js:2718:17969)
2025-10-14 16:21:30.181 [error] [remote-connection][attempt 5]  An error occurred in initial connection! It will be treated as a permanent error. Error:
2025-10-14 16:21:30.181 [error] CodeExpectedError: Connecting with SSH timed out
    at ee.rb (vscode-file://vscode-app/home/drdbrioso/Desktop/code-stable-x64-1705560028/VSCode-linux-x64/resources/app/out/vs/workbench/workbench.desktop.main.js:2718:21055)
    at async ee.qb (vscode-file://vscode-app/home/drdbrioso/Desktop/code-stable-x64-1705560028/VSCode-linux-x64/resources/app/out/vs/workbench/workbench.desktop.main.js:2718:20332)
    at async ee.Ob (vscode-file://vscode-app/home/drdbrioso/Desktop/code-stable-x64-1705560028/VSCode-linux-x64/resources/app/out/vs/workbench/workbench.desktop.main.js:2719:11484)
    at async ee.jb (vscode-file://vscode-app/home/drdbrioso/Desktop/code-stable-x64-1705560028/VSCode-linux-x64/resources/app/out/vs/workbench/workbench.desktop.main.js:2718:17969)
2025-10-14 16:21:30.182 [error] CodeExpectedError: Connecting with SSH timed out
    at ee.rb (vscode-file://vscode-app/home/drdbrioso/Desktop/code-stable-x64-1705560028/VSCode-linux-x64/resources/app/out/vs/workbench/workbench.desktop.main.js:2718:21055)
    at async ee.qb (vscode-file://vscode-app/home/drdbrioso/Desktop/code-stable-x64-1705560028/VSCode-linux-x64/resources/app/out/vs/workbench/workbench.desktop.main.js:2718:20332)
    at async ee.Ob (vscode-file://vscode-app/home/drdbrioso/Desktop/code-stable-x64-1705560028/VSCode-linux-x64/resources/app/out/vs/workbench/workbench.desktop.main.js:2719:11484)
    at async ee.jb (vscode-file://vscode-app/home/drdbrioso/Desktop/code-stable-x64-1705560028/VSCode-linux-x64/resources/app/out/vs/workbench/workbench.desktop.main.js:2718:17969)
2025-10-14 16:21:30.184 [error] Cannot register remote filesystem provider. Error while fetching remote environment. Connecting with SSH timed out
2025-10-14 16:21:30.184 [error] CodeExpectedError: Connecting with SSH timed out
    at ee.rb (vscode-file://vscode-app/home/drdbrioso/Desktop/code-stable-x64-1705560028/VSCode-linux-x64/resources/app/out/vs/workbench/workbench.desktop.main.js:2718:21055)
    at async ee.qb (vscode-file://vscode-app/home/drdbrioso/Desktop/code-stable-x64-1705560028/VSCode-linux-x64/resources/app/out/vs/workbench/workbench.desktop.main.js:2718:20332)
    at async ee.Ob (vscode-file://vscode-app/home/drdbrioso/Desktop/code-stable-x64-1705560028/VSCode-linux-x64/resources/app/out/vs/workbench/workbench.desktop.main.js:2719:11484)
    at async ee.jb (vscode-file://vscode-app/home/drdbrioso/Desktop/code-stable-x64-1705560028/VSCode-linux-x64/resources/app/out/vs/workbench/workbench.desktop.main.js:2718:17969)
2025-10-14 16:21:30.184 [error] CodeExpectedError: Connecting with SSH timed out
    at ee.rb (vscode-file://vscode-app/home/drdbrioso/Desktop/code-stable-x64-1705560028/VSCode-linux-x64/resources/app/out/vs/workbench/workbench.desktop.main.js:2718:21055)
    at async ee.qb (vscode-file://vscode-app/home/drdbrioso/Desktop/code-stable-x64-1705560028/VSCode-linux-x64/resources/app/out/vs/workbench/workbench.desktop.main.js:2718:20332)
    at async ee.Ob (vscode-file://vscode-app/home/drdbrioso/Desktop/code-stable-x64-1705560028/VSCode-linux-x64/resources/app/out/vs/workbench/workbench.desktop.main.js:2719:11484)
    at async ee.jb (vscode-file://vscode-app/home/drdbrioso/Desktop/code-stable-x64-1705560028/VSCode-linux-x64/resources/app/out/vs/workbench/workbench.desktop.main.js:2718:17969)
2025-10-14 16:21:30.184 [error] CodeExpectedError: Connecting with SSH timed out
    at ee.rb (vscode-file://vscode-app/home/drdbrioso/Desktop/code-stable-x64-1705560028/VSCode-linux-x64/resources/app/out/vs/workbench/workbench.desktop.main.js:2718:21055)
    at async ee.qb (vscode-file://vscode-app/home/drdbrioso/Desktop/code-stable-x64-1705560028/VSCode-linux-x64/resources/app/out/vs/workbench/workbench.desktop.main.js:2718:20332)
    at async ee.Ob (vscode-file://vscode-app/home/drdbrioso/Desktop/code-stable-x64-1705560028/VSCode-linux-x64/resources/app/out/vs/workbench/workbench.desktop.main.js:2719:11484)
    at async ee.jb (vscode-file://vscode-app/home/drdbrioso/Desktop/code-stable-x64-1705560028/VSCode-linux-x64/resources/app/out/vs/workbench/workbench.desktop.main.js:2718:17969)
2025-10-14 16:21:30.185 [error] CodeExpectedError: Connecting with SSH timed out
    at ee.rb (vscode-file://vscode-app/home/drdbrioso/Desktop/code-stable-x64-1705560028/VSCode-linux-x64/resources/app/out/vs/workbench/workbench.desktop.main.js:2718:21055)
    at async ee.qb (vscode-file://vscode-app/home/drdbrioso/Desktop/code-stable-x64-1705560028/VSCode-linux-x64/resources/app/out/vs/workbench/workbench.desktop.main.js:2718:20332)
    at async ee.Ob (vscode-file://vscode-app/home/drdbrioso/Desktop/code-stable-x64-1705560028/VSCode-linux-x64/resources/app/out/vs/workbench/workbench.desktop.main.js:2719:11484)
    at async ee.jb (vscode-file://vscode-app/home/drdbrioso/Desktop/code-stable-x64-1705560028/VSCode-linux-x64/resources/app/out/vs/workbench/workbench.desktop.main.js:2718:17969)
2025-10-14 16:21:30.185 [error] CodeExpectedError: Connecting with SSH timed out
    at ee.rb (vscode-file://vscode-app/home/drdbrioso/Desktop/code-stable-x64-1705560028/VSCode-linux-x64/resources/app/out/vs/workbench/workbench.desktop.main.js:2718:21055)
    at async ee.qb (vscode-file://vscode-app/home/drdbrioso/Desktop/code-stable-x64-1705560028/VSCode-linux-x64/resources/app/out/vs/workbench/workbench.desktop.main.js:2718:20332)
    at async ee.Ob (vscode-file://vscode-app/home/drdbrioso/Desktop/code-stable-x64-1705560028/VSCode-linux-x64/resources/app/out/vs/workbench/workbench.desktop.main.js:2719:11484)
    at async ee.jb (vscode-file://vscode-app/home/drdbrioso/Desktop/code-stable-x64-1705560028/VSCode-linux-x64/resources/app/out/vs/workbench/workbench.desktop.main.js:2718:17969)
2025-10-14 16:21:30.206 [error] Connecting with SSH timed out: CodeExpectedError: Connecting with SSH timed out
    at ee.rb (vscode-file://vscode-app/home/drdbrioso/Desktop/code-stable-x64-1705560028/VSCode-linux-x64/resources/app/out/vs/workbench/workbench.desktop.main.js:2718:21055)
    at async ee.qb (vscode-file://vscode-app/home/drdbrioso/Desktop/code-stable-x64-1705560028/VSCode-linux-x64/resources/app/out/vs/workbench/workbench.desktop.main.js:2718:20332)
    at async ee.Ob (vscode-file://vscode-app/home/drdbrioso/Desktop/code-stable-x64-1705560028/VSCode-linux-x64/resources/app/out/vs/workbench/workbench.desktop.main.js:2719:11484)
    at async ee.jb (vscode-file://vscode-app/home/drdbrioso/Desktop/code-stable-x64-1705560028/VSCode-linux-x64/resources/app/out/vs/workbench/workbench.desktop.main.js:2718:17969)
2025-10-14 16:21:30.368 [error] CodeExpectedError: Connecting with SSH timed out
    at ee.rb (vscode-file://vscode-app/home/drdbrioso/Desktop/code-stable-x64-1705560028/VSCode-linux-x64/resources/app/out/vs/workbench/workbench.desktop.main.js:2718:21055)
    at async ee.qb (vscode-file://vscode-app/home/drdbrioso/Desktop/code-stable-x64-1705560028/VSCode-linux-x64/resources/app/out/vs/workbench/workbench.desktop.main.js:2718:20332)
    at async ee.Ob (vscode-file://vscode-app/home/drdbrioso/Desktop/code-stable-x64-1705560028/VSCode-linux-x64/resources/app/out/vs/workbench/workbench.desktop.main.js:2719:11484)
    at async ee.jb (vscode-file://vscode-app/home/drdbrioso/Desktop/code-stable-x64-1705560028/VSCode-linux-x64/resources/app/out/vs/workbench/workbench.desktop.main.js:2718:17969)
2025-10-14 16:21:36.459 [warning] Via 'product.json#extensionEnabledApiProposals' extension 'ms-python.python' wants API proposal 'registerIssueDataProvider' but that proposal DOES NOT EXIST. Likely, the proposal has been finalized (check 'vscode.d.ts') or was abandoned.
2025-10-14 16:21:36.590 [info] Invoking resolveAuthority(ssh-remote)...
2025-10-14 16:21:36.591 [info] [LocalProcess0][resolveAuthority(ssh-remote,1)][0ms] obtaining proxy...
2025-10-14 16:21:36.604 [info] Started local extension host with pid 9531.
2025-10-14 16:21:36.836 [info] [LocalProcess0][resolveAuthority(ssh-remote,1)][246ms] invoking...
2025-10-14 16:21:37.837 [info] [LocalProcess0][resolveAuthority(ssh-remote,1)][1246ms] waiting...
2025-10-14 16:21:38.838 [info] [LocalProcess0][resolveAuthority(ssh-remote,1)][2247ms] waiting...
2025-10-14 16:21:39.688 [error] [/home/drdbrioso/.vscode/extensions/ms-toolsai.vscode-jupyter-cell-tags-0.1.9]: Extension is not compatible with Code 1.85.2. Extension requires: ^1.88.0.
2025-10-14 16:21:39.691 [error] [/home/drdbrioso/.vscode/extensions/ms-toolsai.vscode-jupyter-slideshow-0.1.6]: Extension is not compatible with Code 1.85.2. Extension requires: ^1.88.0.
2025-10-14 16:21:39.692 [error] [/home/drdbrioso/.vscode/extensions/ms-toolsai.jupyter-renderers-1.3.0]: Extension is not compatible with Code 1.85.2. Extension requires: ^1.95.0.
2025-10-14 16:21:39.763 [error] [/home/drdbrioso/.vscode/extensions/ms-vscode.remote-server-1.5.3]: Extension is not compatible with Code 1.85.2. Extension requires: ^1.87.0.
2025-10-14 16:21:39.766 [error] [/home/drdbrioso/.vscode/extensions/ms-python.debugpy-2025.10.0-linux-x64]: Extension is not compatible with Code 1.85.2. Extension requires: ^1.92.0.
2025-10-14 16:21:39.767 [error] [/home/drdbrioso/.vscode/extensions/ms-vscode.remote-explorer-0.5.0]: Extension is not compatible with Code 1.85.2. Extension requires: ^1.87.0.
2025-10-14 16:21:39.767 [error] [/home/drdbrioso/.vscode/extensions/ms-vscode-remote.remote-containers-0.427.0]: Extension is not compatible with Code 1.85.2. Extension requires: ^1.99.0.
2025-10-14 16:21:39.768 [error] [/home/drdbrioso/.vscode/extensions/ms-python.python-2025.14.0-linux-x64]: Extension is not compatible with Code 1.85.2. Extension requires: ^1.95.0.
2025-10-14 16:21:39.769 [error] [/home/drdbrioso/.vscode/extensions/ms-vscode-remote.remote-wsl-0.104.3]: Extension is not compatible with Code 1.85.2. Extension requires: ^1.104.0.
2025-10-14 16:21:39.772 [error] [/home/drdbrioso/.vscode/extensions/ms-python.vscode-pylance-2025.8.3]: Extension is not compatible with Code 1.85.2. Extension requires: ^1.101.0.
2025-10-14 16:21:39.772 [error] [/home/drdbrioso/.vscode/extensions/ms-python.vscode-python-envs-1.8.0-linux-x64]: Extension is not compatible with Code 1.85.2. Extension requires: ^1.104.0-20250815.
2025-10-14 16:21:39.848 [info] [LocalProcess0][resolveAuthority(ssh-remote,1)][3257ms] waiting...
2025-10-14 16:21:40.837 [info] [LocalProcess0][resolveAuthority(ssh-remote,1)][4246ms] waiting...
2025-10-14 16:21:41.838 [info] [LocalProcess0][resolveAuthority(ssh-remote,1)][5246ms] waiting...
2025-10-14 16:21:42.837 [info] [LocalProcess0][resolveAuthority(ssh-remote,1)][6246ms] waiting...
2025-10-14 16:21:43.837 [info] [LocalProcess0][resolveAuthority(ssh-remote,1)][7246ms] waiting...
2025-10-14 16:21:44.837 [info] [LocalProcess0][resolveAuthority(ssh-remote,1)][8246ms] waiting...
2025-10-14 16:21:45.837 [info] [LocalProcess0][resolveAuthority(ssh-remote,1)][9246ms] waiting...
2025-10-14 16:21:46.837 [info] [LocalProcess0][resolveAuthority(ssh-remote,1)][10246ms] waiting...
2025-10-14 16:21:47.741 [error] [Extension Host] (node:9531) [DEP0005] DeprecationWarning: Buffer() is deprecated due to security and usability issues. Please use the Buffer.alloc(), Buffer.allocUnsafe(), or Buffer.from() methods instead.
(Use `exe --trace-deprecation ...` to show where the warning was created)
2025-10-14 16:21:47.767 [info] [LocalProcess0][resolveAuthority(ssh-remote,1)][11177ms] returned WebSocket(127.0.0.1:39661)
2025-10-14 16:21:47.768 [info] resolveAuthority(ssh-remote) returned 'WebSocket(127.0.0.1:39661)' after 11177 ms
2025-10-14 16:21:47.813 [info] Creating a socket (renderer-Management-a4ab6cbd-8dd1-4eac-9e20-c18530551e2e)...
2025-10-14 16:21:47.817 [info] Creating a socket (renderer-ExtensionHost-f3e03d67-dd09-491e-bc5f-924d81ce7e78)...
2025-10-14 16:21:48.871 [info] Creating a socket (renderer-Management-a4ab6cbd-8dd1-4eac-9e20-c18530551e2e) was successful after 1056 ms.
2025-10-14 16:21:49.011 [info] Creating a socket (renderer-ExtensionHost-f3e03d67-dd09-491e-bc5f-924d81ce7e78) was successful after 1195 ms.
2025-10-14 16:21:49.768 [info] [perf] Render performance baseline is 35ms
2025-10-14 16:22:14.132 [warning] Via 'product.json#extensionEnabledApiProposals' extension 'ms-python.python' wants API proposal 'registerIssueDataProvider' but that proposal DOES NOT EXIST. Likely, the proposal has been finalized (check 'vscode.d.ts') or was abandoned.
2025-10-14 16:22:14.283 [info] Started local extension host with pid 10358.
2025-10-14 16:22:14.479 [info] Invoking resolveAuthority(ssh-remote)...
2025-10-14 16:22:14.479 [info] [LocalProcess0][resolveAuthority(ssh-remote,1)][0ms] obtaining proxy...
2025-10-14 16:22:14.479 [info] [LocalProcess0][resolveAuthority(ssh-remote,1)][0ms] invoking...
2025-10-14 16:22:15.480 [info] [LocalProcess0][resolveAuthority(ssh-remote,1)][1000ms] waiting...
2025-10-14 16:22:16.479 [info] [LocalProcess0][resolveAuthority(ssh-remote,1)][2000ms] waiting...
2025-10-14 16:22:17.352 [error] [/home/drdbrioso/.vscode/extensions/ms-toolsai.vscode-jupyter-cell-tags-0.1.9]: Extension is not compatible with Code 1.85.2. Extension requires: ^1.88.0.
2025-10-14 16:22:17.353 [error] [/home/drdbrioso/.vscode/extensions/ms-toolsai.vscode-jupyter-slideshow-0.1.6]: Extension is not compatible with Code 1.85.2. Extension requires: ^1.88.0.
2025-10-14 16:22:17.354 [error] [/home/drdbrioso/.vscode/extensions/ms-toolsai.jupyter-renderers-1.3.0]: Extension is not compatible with Code 1.85.2. Extension requires: ^1.95.0.
2025-10-14 16:22:17.396 [error] [/home/drdbrioso/.vscode/extensions/ms-vscode.remote-server-1.5.3]: Extension is not compatible with Code 1.85.2. Extension requires: ^1.87.0.
2025-10-14 16:22:17.396 [error] [/home/drdbrioso/.vscode/extensions/ms-vscode-remote.remote-wsl-0.104.3]: Extension is not compatible with Code 1.85.2. Extension requires: ^1.104.0.
2025-10-14 16:22:17.398 [error] [/home/drdbrioso/.vscode/extensions/ms-vscode-remote.remote-containers-0.427.0]: Extension is not compatible with Code 1.85.2. Extension requires: ^1.99.0.
2025-10-14 16:22:17.398 [error] [/home/drdbrioso/.vscode/extensions/ms-vscode.remote-explorer-0.5.0]: Extension is not compatible with Code 1.85.2. Extension requires: ^1.87.0.
2025-10-14 16:22:17.399 [error] [/home/drdbrioso/.vscode/extensions/ms-python.vscode-python-envs-1.8.0-linux-x64]: Extension is not compatible with Code 1.85.2. Extension requires: ^1.104.0-20250815.
2025-10-14 16:22:17.399 [error] [/home/drdbrioso/.vscode/extensions/ms-python.debugpy-2025.10.0-linux-x64]: Extension is not compatible with Code 1.85.2. Extension requires: ^1.92.0.
2025-10-14 16:22:17.400 [error] [/home/drdbrioso/.vscode/extensions/ms-python.python-2025.14.0-linux-x64]: Extension is not compatible with Code 1.85.2. Extension requires: ^1.95.0.
2025-10-14 16:22:17.403 [error] [/home/drdbrioso/.vscode/extensions/ms-python.vscode-pylance-2025.8.3]: Extension is not compatible with Code 1.85.2. Extension requires: ^1.101.0.
2025-10-14 16:22:17.480 [info] [LocalProcess0][resolveAuthority(ssh-remote,1)][3001ms] waiting...
2025-10-14 16:22:18.480 [info] [LocalProcess0][resolveAuthority(ssh-remote,1)][4000ms] waiting...
2025-10-14 16:22:19.480 [info] [LocalProcess0][resolveAuthority(ssh-remote,1)][5000ms] waiting...
2025-10-14 16:22:19.816 [error] [Extension Host] (node:10358) [DEP0005] DeprecationWarning: Buffer() is deprecated due to security and usability issues. Please use the Buffer.alloc(), Buffer.allocUnsafe(), or Buffer.from() methods instead.
(Use `exe --trace-deprecation ...` to show where the warning was created)
2025-10-14 16:22:19.830 [info] [LocalProcess0][resolveAuthority(ssh-remote,1)][5351ms] returned WebSocket(127.0.0.1:34799)
2025-10-14 16:22:19.830 [info] resolveAuthority(ssh-remote) returned 'WebSocket(127.0.0.1:34799)' after 5352 ms
2025-10-14 16:22:19.831 [info] Creating a socket (renderer-Management-13599aec-4082-4af3-98ae-808ea2b93d39)...
2025-10-14 16:22:19.831 [info] Creating a socket (renderer-ExtensionHost-c8268e2d-45a8-4698-a278-a2cbf1c248ae)...
2025-10-14 16:22:19.954 [info] Creating a socket (renderer-Management-13599aec-4082-4af3-98ae-808ea2b93d39) was successful after 123 ms.
2025-10-14 16:22:20.000 [info] Creating a socket (renderer-ExtensionHost-c8268e2d-45a8-4698-a278-a2cbf1c248ae) was successful after 168 ms.
2025-10-14 16:22:22.169 [info] [perf] Render performance baseline is 43ms
2025-10-14 16:22:26.893 [error] command 'remote-internal.setActiveFolders' not found: Error: command 'remote-internal.setActiveFolders' not found
    at k.n (vscode-file://vscode-app/home/drdbrioso/Desktop/code-stable-x64-1705560028/VSCode-linux-x64/resources/app/out/vs/workbench/workbench.desktop.main.js:1538:12339)
    at k.executeCommand (vscode-file://vscode-app/home/drdbrioso/Desktop/code-stable-x64-1705560028/VSCode-linux-x64/resources/app/out/vs/workbench/workbench.desktop.main.js:1538:12268)
2025-10-14 16:51:34.177 [info] [remote-connection][ExtensionHost][c8268…][reconnect] received socket close event (wasClean: false, code: 1006, reason: ).
2025-10-14 16:51:34.178 [error] {"isTrusted":true}
2025-10-14 16:51:34.178 [info] [remote-connection][ExtensionHost][c8268…][reconnect] starting reconnecting loop. You can get more information with the trace log level.
2025-10-14 16:51:34.179 [info] [remote-connection][ExtensionHost][c8268…][reconnect] resolving connection...
2025-10-14 16:51:34.179 [info] [remote-connection][ExtensionHost][c8268…][reconnect] connecting to WebSocket(127.0.0.1:34799)...
2025-10-14 16:51:34.181 [info] Creating a socket (renderer-ExtensionHost-c8268e2d-45a8-4698-a278-a2cbf1c248ae)...
2025-10-14 16:51:34.181 [info] [remote-connection][Management   ][13599…][reconnect] received socket close event (wasClean: false, code: 1006, reason: ).
2025-10-14 16:51:34.182 [error] {"isTrusted":true}
2025-10-14 16:51:34.182 [info] [remote-connection][Management   ][13599…][reconnect] starting reconnecting loop. You can get more information with the trace log level.
2025-10-14 16:51:34.185 [info] [remote-connection][Management   ][13599…][reconnect] resolving connection...
2025-10-14 16:51:34.185 [info] Invoking resolveAuthority(ssh-remote)...
2025-10-14 16:51:34.185 [info] [LocalProcess0][resolveAuthority(ssh-remote,2)][0ms] obtaining proxy...
2025-10-14 16:51:34.186 [info] [LocalProcess0][resolveAuthority(ssh-remote,2)][0ms] invoking...
2025-10-14 19:44:20.911 [info] [LocalProcess0][resolveAuthority(ssh-remote,2)][10366724ms] waiting...
2025-10-14 19:44:20.911 [info] Extension host (Remote) is unresponsive.
2025-10-14 19:44:21.901 [info] [LocalProcess0][resolveAuthority(ssh-remote,2)][10367714ms] waiting...
2025-10-14 19:44:22.900 [info] [LocalProcess0][resolveAuthority(ssh-remote,2)][10368714ms] waiting...
2025-10-14 19:44:23.901 [info] [LocalProcess0][resolveAuthority(ssh-remote,2)][10369714ms] waiting...
2025-10-14 19:44:24.090 [error] [LocalProcess0][resolveAuthority(ssh-remote,2)][10369904ms] returned an error {"code":"TemporarilyNotAvailable","message":"Could not resolve hostname"}
2025-10-14 19:44:24.090 [error] resolveAuthority(ssh-remote) returned an error after 10369906 ms Could not resolve hostname
2025-10-14 19:44:24.091 [info] [remote-connection][Management   ][13599…][reconnect] A temporarily not available error occurred while trying to reconnect, will try again...
2025-10-14 19:44:24.091 [info] [remote-connection][Management   ][13599…][reconnect] waiting for 5 seconds before reconnecting...
2025-10-14 19:44:29.116 [info] [remote-connection][Management   ][13599…][reconnect] resolving connection...
2025-10-14 19:44:29.116 [info] Invoking resolveAuthority(ssh-remote)...
2025-10-14 19:44:29.116 [info] [LocalProcess0][resolveAuthority(ssh-remote,3)][0ms] obtaining proxy...
2025-10-14 19:44:29.116 [info] [LocalProcess0][resolveAuthority(ssh-remote,3)][1ms] invoking...
2025-10-14 19:44:30.116 [info] [LocalProcess0][resolveAuthority(ssh-remote,3)][1001ms] waiting...
2025-10-14 19:44:31.116 [info] [LocalProcess0][resolveAuthority(ssh-remote,3)][2001ms] waiting...
2025-10-14 19:44:32.118 [info] [LocalProcess0][resolveAuthority(ssh-remote,3)][3001ms] waiting...
2025-10-14 19:44:33.118 [info] [LocalProcess0][resolveAuthority(ssh-remote,3)][4001ms] waiting...
2025-10-14 19:44:34.116 [info] [LocalProcess0][resolveAuthority(ssh-remote,3)][5001ms] waiting...
2025-10-14 19:44:35.117 [info] [LocalProcess0][resolveAuthority(ssh-remote,3)][6001ms] waiting...
2025-10-14 19:44:36.116 [info] [LocalProcess0][resolveAuthority(ssh-remote,3)][7001ms] waiting...
2025-10-14 19:44:37.117 [info] [LocalProcess0][resolveAuthority(ssh-remote,3)][8001ms] waiting...
2025-10-14 19:44:37.787 [info] [remote-connection][ExtensionHost][c8268…][reconnect] received socket timeout event (unacknowledgedMsgCount: 32, timeSinceOldestUnacknowledgedMsg: 10383564, timeSinceLastReceivedSomeData: 10384548).
2025-10-14 19:44:38.117 [info] [LocalProcess0][resolveAuthority(ssh-remote,3)][9001ms] waiting...
2025-10-14 19:44:39.117 [info] [LocalProcess0][resolveAuthority(ssh-remote,3)][10001ms] waiting...
2025-10-14 19:44:40.117 [info] [LocalProcess0][resolveAuthority(ssh-remote,3)][11001ms] waiting...
2025-10-14 19:44:41.117 [info] [LocalProcess0][resolveAuthority(ssh-remote,3)][12001ms] waiting...
2025-10-14 19:44:42.117 [info] [LocalProcess0][resolveAuthority(ssh-remote,3)][13001ms] waiting...
2025-10-14 19:44:43.117 [info] [LocalProcess0][resolveAuthority(ssh-remote,3)][14001ms] waiting...
2025-10-14 19:44:44.117 [info] [LocalProcess0][resolveAuthority(ssh-remote,3)][15001ms] waiting...
2025-10-14 19:44:44.348 [error] [LocalProcess0][resolveAuthority(ssh-remote,3)][15233ms] returned an error {"code":"TemporarilyNotAvailable","message":"The connection timed out"}
2025-10-14 19:44:44.349 [error] resolveAuthority(ssh-remote) returned an error after 15233 ms The connection timed out
2025-10-14 19:44:44.349 [info] [remote-connection][Management   ][13599…][reconnect] A temporarily not available error occurred while trying to reconnect, will try again...
2025-10-14 19:44:44.349 [info] [remote-connection][Management   ][13599…][reconnect] waiting for 5 seconds before reconnecting...
2025-10-14 19:44:48.894 [error] [remote-connection][ExtensionHost][c8268…][reconnect][WebSocket(127.0.0.1:34799)] socketFactory.connect() failed or timed out. Error:
2025-10-14 19:44:48.895 [error] Error: Time limit reached
    at u.i (vscode-file://vscode-app/home/drdbrioso/Desktop/code-stable-x64-1705560028/VSCode-linux-x64/resources/app/out/vs/workbench/workbench.desktop.main.js:676:11385)
    at u.h (vscode-file://vscode-app/home/drdbrioso/Desktop/code-stable-x64-1705560028/VSCode-linux-x64/resources/app/out/vs/workbench/workbench.desktop.main.js:676:11367)
    at o.value (vscode-file://vscode-app/home/drdbrioso/Desktop/code-stable-x64-1705560028/VSCode-linux-x64/resources/app/out/vs/workbench/workbench.desktop.main.js:676:11222)
    at u.y (vscode-file://vscode-app/home/drdbrioso/Desktop/code-stable-x64-1705560028/VSCode-linux-x64/resources/app/out/vs/workbench/workbench.desktop.main.js:87:1902)
    at u.fire (vscode-file://vscode-app/home/drdbrioso/Desktop/code-stable-x64-1705560028/VSCode-linux-x64/resources/app/out/vs/workbench/workbench.desktop.main.js:87:2119)
    at D.cancel (vscode-file://vscode-app/home/drdbrioso/Desktop/code-stable-x64-1705560028/VSCode-linux-x64/resources/app/out/vs/workbench/workbench.desktop.main.js:87:9888)
    at E.cancel (vscode-file://vscode-app/home/drdbrioso/Desktop/code-stable-x64-1705560028/VSCode-linux-x64/resources/app/out/vs/workbench/workbench.desktop.main.js:87:10298)
    at vscode-file://vscode-app/home/drdbrioso/Desktop/code-stable-x64-1705560028/VSCode-linux-x64/resources/app/out/vs/workbench/workbench.desktop.main.js:676:10729
2025-10-14 19:44:48.895 [info] [remote-connection][ExtensionHost][c8268…][reconnect] A network error occurred while trying to reconnect, will try again...
2025-10-14 19:44:48.895 [info] [remote-connection][ExtensionHost][c8268…][reconnect] waiting for 5 seconds before reconnecting...
2025-10-14 19:44:49.351 [info] [remote-connection][Management   ][13599…][reconnect] resolving connection...
2025-10-14 19:44:49.352 [info] Invoking resolveAuthority(ssh-remote)...
2025-10-14 19:44:49.352 [info] [LocalProcess0][resolveAuthority(ssh-remote,4)][0ms] obtaining proxy...
2025-10-14 19:44:49.357 [info] [LocalProcess0][resolveAuthority(ssh-remote,4)][6ms] invoking...
2025-10-14 19:44:50.358 [info] [LocalProcess0][resolveAuthority(ssh-remote,4)][1007ms] waiting...
2025-10-14 19:44:51.358 [info] [LocalProcess0][resolveAuthority(ssh-remote,4)][2007ms] waiting...
2025-10-14 19:44:52.358 [info] [LocalProcess0][resolveAuthority(ssh-remote,4)][3007ms] waiting...
2025-10-14 19:44:53.359 [info] [LocalProcess0][resolveAuthority(ssh-remote,4)][4007ms] waiting...
2025-10-14 19:44:53.896 [info] [remote-connection][ExtensionHost][c8268…][reconnect] resolving connection...
2025-10-14 19:44:54.358 [info] [LocalProcess0][resolveAuthority(ssh-remote,4)][5007ms] waiting...
2025-10-14 19:44:55.358 [info] [LocalProcess0][resolveAuthority(ssh-remote,4)][6007ms] waiting...
2025-10-14 19:44:56.358 [info] [LocalProcess0][resolveAuthority(ssh-remote,4)][7007ms] waiting...
2025-10-14 19:44:57.357 [info] [LocalProcess0][resolveAuthority(ssh-remote,4)][8007ms] waiting...
2025-10-14 19:44:57.788 [info] [remote-connection][ExtensionHost][c8268…][reconnect] received socket timeout event (unacknowledgedMsgCount: 51, timeSinceOldestUnacknowledgedMsg: 10403564, timeSinceLastReceivedSomeData: 10404548).
2025-10-14 19:44:58.358 [info] [LocalProcess0][resolveAuthority(ssh-remote,4)][9007ms] waiting...
2025-10-14 19:44:59.358 [info] [LocalProcess0][resolveAuthority(ssh-remote,4)][10007ms] waiting...
2025-10-14 19:45:00.358 [info] [LocalProcess0][resolveAuthority(ssh-remote,4)][11007ms] waiting...
2025-10-14 19:45:01.358 [info] [LocalProcess0][resolveAuthority(ssh-remote,4)][12007ms] waiting...
2025-10-14 19:45:02.358 [info] [LocalProcess0][resolveAuthority(ssh-remote,4)][13007ms] waiting...
2025-10-14 19:45:03.358 [info] [LocalProcess0][resolveAuthority(ssh-remote,4)][14007ms] waiting...
2025-10-14 19:45:04.358 [info] [LocalProcess0][resolveAuthority(ssh-remote,4)][15007ms] waiting...
2025-10-14 19:45:04.520 [error] [LocalProcess0][resolveAuthority(ssh-remote,4)][15169ms] returned an error {"code":"TemporarilyNotAvailable","message":"The connection timed out"}
2025-10-14 19:45:04.520 [error] resolveAuthority(ssh-remote) returned an error after 15170 ms The connection timed out
2025-10-14 19:45:04.521 [info] [remote-connection][Management   ][13599…][reconnect] A temporarily not available error occurred while trying to reconnect, will try again...
2025-10-14 19:45:04.521 [info] [remote-connection][Management   ][13599…][reconnect] waiting for 10 seconds before reconnecting...
2025-10-14 19:45:04.521 [info] [remote-connection][ExtensionHost][c8268…][reconnect] A temporarily not available error occurred while trying to reconnect, will try again...
2025-10-14 19:45:04.521 [info] [remote-connection][ExtensionHost][c8268…][reconnect] waiting for 5 seconds before reconnecting...
2025-10-14 19:45:09.523 [info] [remote-connection][ExtensionHost][c8268…][reconnect] resolving connection...
2025-10-14 19:45:09.545 [info] [remote-connection][ExtensionHost][c8268…][reconnect] A temporarily not available error occurred while trying to reconnect, will try again...
2025-10-14 19:45:09.545 [info] [remote-connection][ExtensionHost][c8268…][reconnect] waiting for 10 seconds before reconnecting...
2025-10-14 19:45:14.523 [info] [remote-connection][Management   ][13599…][reconnect] resolving connection...
2025-10-14 19:45:14.553 [info] Invoking resolveAuthority(ssh-remote)...
2025-10-14 19:45:14.554 [info] [LocalProcess0][resolveAuthority(ssh-remote,5)][0ms] obtaining proxy...
2025-10-14 19:45:14.556 [info] [LocalProcess0][resolveAuthority(ssh-remote,5)][3ms] invoking...
2025-10-14 19:45:15.559 [info] [LocalProcess0][resolveAuthority(ssh-remote,5)][1004ms] waiting...
2025-10-14 19:45:16.559 [info] [LocalProcess0][resolveAuthority(ssh-remote,5)][2004ms] waiting...
2025-10-14 19:45:17.557 [info] [LocalProcess0][resolveAuthority(ssh-remote,5)][3003ms] waiting...
2025-10-14 19:45:17.787 [info] [remote-connection][ExtensionHost][c8268…][reconnect] received socket timeout event (unacknowledgedMsgCount: 73, timeSinceOldestUnacknowledgedMsg: 10423564, timeSinceLastReceivedSomeData: 10424548).
2025-10-14 19:45:18.558 [info] [LocalProcess0][resolveAuthority(ssh-remote,5)][4004ms] waiting...
2025-10-14 19:45:19.547 [info] [remote-connection][ExtensionHost][c8268…][reconnect] resolving connection...
2025-10-14 19:45:19.558 [info] [LocalProcess0][resolveAuthority(ssh-remote,5)][5004ms] waiting...
2025-10-14 19:45:20.558 [info] [LocalProcess0][resolveAuthority(ssh-remote,5)][6004ms] waiting...
2025-10-14 19:45:21.558 [info] [LocalProcess0][resolveAuthority(ssh-remote,5)][7003ms] waiting...
2025-10-14 19:45:22.558 [info] [LocalProcess0][resolveAuthority(ssh-remote,5)][8004ms] waiting...
2025-10-14 19:45:23.558 [info] [LocalProcess0][resolveAuthority(ssh-remote,5)][9004ms] waiting...
2025-10-14 19:45:24.558 [info] [LocalProcess0][resolveAuthority(ssh-remote,5)][10003ms] waiting...
2025-10-14 19:45:25.558 [info] [LocalProcess0][resolveAuthority(ssh-remote,5)][11003ms] waiting...
2025-10-14 19:45:26.558 [info] [LocalProcess0][resolveAuthority(ssh-remote,5)][12003ms] waiting...
2025-10-14 19:45:27.035 [info] [remote-connection][Management   ][13599…][reconnect] received socket timeout event (unacknowledgedMsgCount: 1, timeSinceOldestUnacknowledgedMsg: 20000, timeSinceLastReceivedSomeData: 10436866).
2025-10-14 19:45:27.558 [info] [LocalProcess0][resolveAuthority(ssh-remote,5)][13004ms] waiting...
2025-10-14 19:45:28.557 [info] [LocalProcess0][resolveAuthority(ssh-remote,5)][14003ms] waiting...
2025-10-14 19:45:29.558 [info] [LocalProcess0][resolveAuthority(ssh-remote,5)][15003ms] waiting...
2025-10-14 19:45:29.722 [error] [LocalProcess0][resolveAuthority(ssh-remote,5)][15168ms] returned an error {"code":"TemporarilyNotAvailable","message":"The connection timed out"}
2025-10-14 19:45:29.722 [error] resolveAuthority(ssh-remote) returned an error after 15168 ms The connection timed out
2025-10-14 19:45:29.722 [info] [remote-connection][Management   ][13599…][reconnect] A temporarily not available error occurred while trying to reconnect, will try again...
2025-10-14 19:45:29.723 [info] [remote-connection][Management   ][13599…][reconnect] waiting for 10 seconds before reconnecting...
2025-10-14 19:45:29.724 [info] [remote-connection][ExtensionHost][c8268…][reconnect] A temporarily not available error occurred while trying to reconnect, will try again...
2025-10-14 19:45:29.724 [info] [remote-connection][ExtensionHost][c8268…][reconnect] waiting for 10 seconds before reconnecting...
2025-10-14 19:45:37.788 [info] [remote-connection][ExtensionHost][c8268…][reconnect] received socket timeout event (unacknowledgedMsgCount: 80, timeSinceOldestUnacknowledgedMsg: 10443564, timeSinceLastReceivedSomeData: 10444548).
2025-10-14 19:45:39.724 [info] [remote-connection][Management   ][13599…][reconnect] resolving connection...
2025-10-14 19:45:39.725 [info] Invoking resolveAuthority(ssh-remote)...
2025-10-14 19:45:39.726 [info] [LocalProcess0][resolveAuthority(ssh-remote,6)][0ms] obtaining proxy...
2025-10-14 19:45:39.739 [info] [LocalProcess0][resolveAuthority(ssh-remote,6)][13ms] invoking...
2025-10-14 19:45:39.764 [info] [remote-connection][ExtensionHost][c8268…][reconnect] resolving connection...
2025-10-14 19:45:40.739 [info] [LocalProcess0][resolveAuthority(ssh-remote,6)][1014ms] waiting...
2025-10-14 19:45:41.739 [info] [LocalProcess0][resolveAuthority(ssh-remote,6)][2014ms] waiting...
2025-10-14 19:45:42.740 [info] [LocalProcess0][resolveAuthority(ssh-remote,6)][3014ms] waiting...
2025-10-14 19:45:43.739 [info] [LocalProcess0][resolveAuthority(ssh-remote,6)][4014ms] waiting...
2025-10-14 19:45:44.740 [info] [LocalProcess0][resolveAuthority(ssh-remote,6)][5014ms] waiting...
2025-10-14 19:45:45.740 [info] [LocalProcess0][resolveAuthority(ssh-remote,6)][6014ms] waiting...
2025-10-14 19:45:46.740 [info] [LocalProcess0][resolveAuthority(ssh-remote,6)][7014ms] waiting...
2025-10-14 19:45:47.740 [info] [LocalProcess0][resolveAuthority(ssh-remote,6)][8014ms] waiting...
2025-10-14 19:45:48.740 [info] [LocalProcess0][resolveAuthority(ssh-remote,6)][9014ms] waiting...
2025-10-14 19:45:49.740 [info] [LocalProcess0][resolveAuthority(ssh-remote,6)][10014ms] waiting...
2025-10-14 19:45:50.740 [info] [LocalProcess0][resolveAuthority(ssh-remote,6)][11014ms] waiting...
2025-10-14 19:45:51.739 [info] [LocalProcess0][resolveAuthority(ssh-remote,6)][12014ms] waiting...
2025-10-14 19:45:52.740 [info] [LocalProcess0][resolveAuthority(ssh-remote,6)][13014ms] waiting...
2025-10-14 19:45:53.740 [info] [LocalProcess0][resolveAuthority(ssh-remote,6)][14015ms] waiting...
2025-10-14 19:45:54.739 [info] [LocalProcess0][resolveAuthority(ssh-remote,6)][15014ms] waiting...
2025-10-14 19:45:54.990 [error] [LocalProcess0][resolveAuthority(ssh-remote,6)][15265ms] returned an error {"code":"TemporarilyNotAvailable","message":"The connection timed out"}
2025-10-14 19:45:54.990 [error] resolveAuthority(ssh-remote) returned an error after 15266 ms The connection timed out
2025-10-14 19:45:54.991 [info] [remote-connection][Management   ][13599…][reconnect] A temporarily not available error occurred while trying to reconnect, will try again...
2025-10-14 19:45:54.991 [info] [remote-connection][Management   ][13599…][reconnect] waiting for 10 seconds before reconnecting...
2025-10-14 19:45:54.991 [info] [remote-connection][ExtensionHost][c8268…][reconnect] A temporarily not available error occurred while trying to reconnect, will try again...
2025-10-14 19:45:54.991 [info] [remote-connection][ExtensionHost][c8268…][reconnect] waiting for 10 seconds before reconnecting...
2025-10-14 19:45:57.788 [info] [remote-connection][ExtensionHost][c8268…][reconnect] received socket timeout event (unacknowledgedMsgCount: 96, timeSinceOldestUnacknowledgedMsg: 10463564, timeSinceLastReceivedSomeData: 10464548).
2025-10-14 19:46:04.992 [info] [remote-connection][Management   ][13599…][reconnect] resolving connection...
2025-10-14 19:46:05.025 [info] Invoking resolveAuthority(ssh-remote)...
2025-10-14 19:46:05.025 [info] [LocalProcess0][resolveAuthority(ssh-remote,7)][0ms] obtaining proxy...
2025-10-14 19:46:05.029 [info] [LocalProcess0][resolveAuthority(ssh-remote,7)][3ms] invoking...
2025-10-14 19:46:05.031 [info] [remote-connection][ExtensionHost][c8268…][reconnect] resolving connection...
2025-10-14 19:46:06.030 [info] [LocalProcess0][resolveAuthority(ssh-remote,7)][1004ms] waiting...
2025-10-14 19:46:07.030 [info] [LocalProcess0][resolveAuthority(ssh-remote,7)][2003ms] waiting...
2025-10-14 19:46:08.030 [info] [LocalProcess0][resolveAuthority(ssh-remote,7)][3004ms] waiting...
2025-10-14 19:46:09.030 [info] [LocalProcess0][resolveAuthority(ssh-remote,7)][4003ms] waiting...
2025-10-14 19:46:10.030 [info] [LocalProcess0][resolveAuthority(ssh-remote,7)][5004ms] waiting...
2025-10-14 19:46:11.030 [info] [LocalProcess0][resolveAuthority(ssh-remote,7)][6004ms] waiting...
2025-10-14 19:46:12.030 [info] [LocalProcess0][resolveAuthority(ssh-remote,7)][7003ms] waiting...
2025-10-14 19:46:13.030 [info] [LocalProcess0][resolveAuthority(ssh-remote,7)][8004ms] waiting...
2025-10-14 19:46:14.030 [info] [LocalProcess0][resolveAuthority(ssh-remote,7)][9004ms] waiting...
2025-10-14 19:46:15.030 [info] [LocalProcess0][resolveAuthority(ssh-remote,7)][10004ms] waiting...
2025-10-14 19:46:16.029 [info] [LocalProcess0][resolveAuthority(ssh-remote,7)][11004ms] waiting...
2025-10-14 19:46:17.029 [info] [LocalProcess0][resolveAuthority(ssh-remote,7)][12004ms] waiting...
2025-10-14 19:46:17.787 [info] [remote-connection][ExtensionHost][c8268…][reconnect] received socket timeout event (unacknowledgedMsgCount: 105, timeSinceOldestUnacknowledgedMsg: 10483564, timeSinceLastReceivedSomeData: 10484548).
2025-10-14 19:46:18.029 [info] [LocalProcess0][resolveAuthority(ssh-remote,7)][13003ms] waiting...
2025-10-14 19:46:19.030 [info] [LocalProcess0][resolveAuthority(ssh-remote,7)][14004ms] waiting...
2025-10-14 19:46:20.030 [info] [LocalProcess0][resolveAuthority(ssh-remote,7)][15004ms] waiting...
2025-10-14 19:46:20.197 [error] [LocalProcess0][resolveAuthority(ssh-remote,7)][15172ms] returned an error {"code":"TemporarilyNotAvailable","message":"The connection timed out"}
2025-10-14 19:46:20.198 [error] resolveAuthority(ssh-remote) returned an error after 15172 ms The connection timed out
2025-10-14 19:46:20.198 [info] [remote-connection][Management   ][13599…][reconnect] A temporarily not available error occurred while trying to reconnect, will try again...
2025-10-14 19:46:20.198 [info] [remote-connection][Management   ][13599…][reconnect] waiting for 10 seconds before reconnecting...
2025-10-14 19:46:20.198 [info] [remote-connection][ExtensionHost][c8268…][reconnect] A temporarily not available error occurred while trying to reconnect, will try again...
2025-10-14 19:46:20.198 [info] [remote-connection][ExtensionHost][c8268…][reconnect] waiting for 10 seconds before reconnecting...
2025-10-14 19:46:30.198 [info] [remote-connection][Management   ][13599…][reconnect] resolving connection...
2025-10-14 19:46:30.226 [info] Invoking resolveAuthority(ssh-remote)...
2025-10-14 19:46:30.227 [info] [LocalProcess0][resolveAuthority(ssh-remote,8)][0ms] obtaining proxy...
2025-10-14 19:46:30.235 [info] [LocalProcess0][resolveAuthority(ssh-remote,8)][8ms] invoking...
2025-10-14 19:46:30.254 [info] [remote-connection][ExtensionHost][c8268…][reconnect] resolving connection...
2025-10-14 19:46:31.236 [info] [LocalProcess0][resolveAuthority(ssh-remote,8)][1009ms] waiting...
2025-10-14 19:46:32.236 [info] [LocalProcess0][resolveAuthority(ssh-remote,8)][2009ms] waiting...
2025-10-14 19:46:33.236 [info] [LocalProcess0][resolveAuthority(ssh-remote,8)][3009ms] waiting...
2025-10-14 19:46:34.236 [info] [LocalProcess0][resolveAuthority(ssh-remote,8)][4009ms] waiting...
2025-10-14 19:46:35.236 [info] [LocalProcess0][resolveAuthority(ssh-remote,8)][5009ms] waiting...
2025-10-14 19:46:36.236 [info] [LocalProcess0][resolveAuthority(ssh-remote,8)][6009ms] waiting...
2025-10-14 19:46:37.236 [info] [LocalProcess0][resolveAuthority(ssh-remote,8)][7009ms] waiting...
2025-10-14 19:46:37.788 [info] [remote-connection][ExtensionHost][c8268…][reconnect] received socket timeout event (unacknowledgedMsgCount: 119, timeSinceOldestUnacknowledgedMsg: 10503564, timeSinceLastReceivedSomeData: 10504548).
2025-10-14 19:46:38.236 [info] [LocalProcess0][resolveAuthority(ssh-remote,8)][8009ms] waiting...
2025-10-14 19:46:39.235 [info] [LocalProcess0][resolveAuthority(ssh-remote,8)][9009ms] waiting...
2025-10-14 19:46:40.235 [info] [LocalProcess0][resolveAuthority(ssh-remote,8)][10009ms] waiting...
2025-10-14 19:46:41.236 [info] [LocalProcess0][resolveAuthority(ssh-remote,8)][11009ms] waiting...
2025-10-14 19:46:42.236 [info] [LocalProcess0][resolveAuthority(ssh-remote,8)][12009ms] waiting...
2025-10-14 19:46:43.235 [info] [LocalProcess0][resolveAuthority(ssh-remote,8)][13009ms] waiting...
2025-10-14 19:46:44.237 [info] [LocalProcess0][resolveAuthority(ssh-remote,8)][14009ms] waiting...
2025-10-14 19:46:44.387 [info] [remote-connection][Management   ][13599…][reconnect] received socket timeout event (unacknowledgedMsgCount: 2, timeSinceOldestUnacknowledgedMsg: 97353, timeSinceLastReceivedSomeData: 10514219).
