2025-10-14 16:20:35.014 [info] Added views:workbench.panel.markers.view in workbench.panel.markers
2025-10-14 16:20:35.014 [info] Added views:workbench.panel.output in workbench.panel.output
2025-10-14 16:20:35.014 [info] Added views:terminal in terminal
2025-10-14 16:20:35.014 [info] Added views:outline in workbench.view.explorer
2025-10-14 16:20:35.014 [info] Added views:workbench.scm in workbench.view.scm
2025-10-14 16:20:35.014 [info] Added views:workbench.view.search in workbench.view.search
2025-10-14 16:20:35.014 [info] Added views:timeline in workbench.view.explorer
2025-10-14 16:20:35.014 [info] Added views:workbench.explorer.emptyView in workbench.view.explorer
2025-10-14 16:20:35.147 [info] Added views:workbench.debug.variablesView,workbench.debug.watchExpressionsView,workbench.debug.callStackView,workbench.debug.breakPointsView in workbench.view.debug
2025-10-14 16:20:35.479 [info] Added views:~remote.forwardedPorts in ~remote.forwardedPortsContainer
2025-10-14 16:21:30.209 [info] Removed views:workbench.debug.breakPointsView,workbench.debug.callStackView,workbench.debug.watchExpressionsView,workbench.debug.variablesView from workbench.view.debug
2025-10-14 16:21:30.209 [info] Added views:workbench.debug.welcome in workbench.view.debug
2025-10-14 16:21:36.552 [info] Added views:workbench.panel.markers.view in workbench.panel.markers
2025-10-14 16:21:36.552 [info] Added views:workbench.panel.output in workbench.panel.output
2025-10-14 16:21:36.552 [info] Added views:terminal in terminal
2025-10-14 16:21:36.552 [info] Added views:outline in workbench.view.explorer
2025-10-14 16:21:36.552 [info] Added views:workbench.scm in workbench.view.scm
2025-10-14 16:21:36.552 [info] Added views:workbench.view.search in workbench.view.search
2025-10-14 16:21:36.552 [info] Added views:timeline in workbench.view.explorer
2025-10-14 16:21:36.552 [info] Added views:workbench.explorer.emptyView in workbench.view.explorer
2025-10-14 16:21:36.632 [info] Added views:workbench.debug.welcome in workbench.view.debug
2025-10-14 16:21:36.873 [info] Added views:~remote.forwardedPorts in ~remote.forwardedPortsContainer
2025-10-14 16:21:51.671 [info] Added views:workbench.panel.repl.view in workbench.panel.repl
2025-10-14 16:22:14.249 [info] Added views:workbench.panel.markers.view in workbench.panel.markers
2025-10-14 16:22:14.250 [info] Added views:workbench.panel.output in workbench.panel.output
2025-10-14 16:22:14.250 [info] Added views:terminal in terminal
2025-10-14 16:22:14.250 [info] Added views:outline in workbench.view.explorer
2025-10-14 16:22:14.250 [info] Added views:workbench.scm in workbench.view.scm
2025-10-14 16:22:14.250 [info] Added views:workbench.view.search in workbench.view.search
2025-10-14 16:22:14.250 [info] Added views:timeline in workbench.view.explorer
2025-10-14 16:22:14.250 [info] Added views:workbench.explorer.fileView in workbench.view.explorer
2025-10-14 16:22:14.334 [info] Added views:workbench.debug.welcome in workbench.view.debug
2025-10-14 16:22:16.335 [info] Added views:~remote.forwardedPorts in ~remote.forwardedPortsContainer
2025-10-14 16:22:23.457 [info] Added views:workbench.panel.repl.view in workbench.panel.repl
