2025-09-02 15:31:02.736 [warning] Via 'product.json#extensionEnabledApiProposals' extension 'ms-python.python' wants API proposal 'registerIssueDataProvider' but that proposal DOES NOT EXIST. Likely, the proposal has been finalized (check 'vscode.d.ts') or was abandoned.
2025-09-02 15:31:03.137 [info] Invoking resolveAuthority(ssh-remote)...
2025-09-02 15:31:03.137 [info] [LocalProcess0][resolveAuthority(ssh-remote,1)][1ms] obtaining proxy...
2025-09-02 15:31:03.320 [info] Started local extension host with pid 44147.
2025-09-02 15:31:03.987 [info] [LocalProcess0][resolveAuthority(ssh-remote,1)][857ms] invoking...
2025-09-02 15:31:04.988 [info] [LocalProcess0][resolveAuthority(ssh-remote,1)][1857ms] waiting...
2025-09-02 15:31:05.991 [info] [LocalProcess0][resolveAuthority(ssh-remote,1)][2857ms] waiting...
2025-09-02 15:31:06.988 [info] [LocalProcess0][resolveAuthority(ssh-remote,1)][3857ms] waiting...
2025-09-02 15:31:07.988 [info] [LocalProcess0][resolveAuthority(ssh-remote,1)][4857ms] waiting...
2025-09-02 15:31:08.988 [info] [LocalProcess0][resolveAuthority(ssh-remote,1)][5857ms] waiting...
2025-09-02 15:31:09.988 [info] [LocalProcess0][resolveAuthority(ssh-remote,1)][6857ms] waiting...
2025-09-02 15:31:10.988 [info] [LocalProcess0][resolveAuthority(ssh-remote,1)][7857ms] waiting...
2025-09-02 15:31:11.988 [info] [LocalProcess0][resolveAuthority(ssh-remote,1)][8857ms] waiting...
2025-09-02 15:31:12.988 [info] [LocalProcess0][resolveAuthority(ssh-remote,1)][9857ms] waiting...
2025-09-02 15:31:13.988 [info] [LocalProcess0][resolveAuthority(ssh-remote,1)][10857ms] waiting...
2025-09-02 15:31:14.988 [info] [LocalProcess0][resolveAuthority(ssh-remote,1)][11857ms] waiting...
2025-09-02 15:31:15.988 [info] [LocalProcess0][resolveAuthority(ssh-remote,1)][12857ms] waiting...
2025-09-02 15:31:16.989 [info] [LocalProcess0][resolveAuthority(ssh-remote,1)][13857ms] waiting...
2025-09-02 15:31:17.989 [info] [LocalProcess0][resolveAuthority(ssh-remote,1)][14857ms] waiting...
2025-09-02 15:31:18.989 [info] [LocalProcess0][resolveAuthority(ssh-remote,1)][15857ms] waiting...
2025-09-02 15:31:19.989 [info] [LocalProcess0][resolveAuthority(ssh-remote,1)][16857ms] waiting...
2025-09-02 15:31:20.988 [info] [LocalProcess0][resolveAuthority(ssh-remote,1)][17857ms] waiting...
2025-09-02 15:31:21.989 [info] [LocalProcess0][resolveAuthority(ssh-remote,1)][18857ms] waiting...
2025-09-02 15:31:22.989 [info] [LocalProcess0][resolveAuthority(ssh-remote,1)][19857ms] waiting...
2025-09-02 15:31:23.989 [info] [LocalProcess0][resolveAuthority(ssh-remote,1)][20857ms] waiting...
2025-09-02 15:31:24.988 [info] [LocalProcess0][resolveAuthority(ssh-remote,1)][21857ms] waiting...
2025-09-02 15:31:25.989 [info] [LocalProcess0][resolveAuthority(ssh-remote,1)][22857ms] waiting...
2025-09-02 15:31:26.989 [info] [LocalProcess0][resolveAuthority(ssh-remote,1)][23857ms] waiting...
2025-09-02 15:31:27.989 [info] [LocalProcess0][resolveAuthority(ssh-remote,1)][24857ms] waiting...
2025-09-02 15:31:28.989 [info] [LocalProcess0][resolveAuthority(ssh-remote,1)][25857ms] waiting...
2025-09-02 15:31:29.989 [info] [LocalProcess0][resolveAuthority(ssh-remote,1)][26857ms] waiting...
2025-09-02 15:31:30.989 [info] [LocalProcess0][resolveAuthority(ssh-remote,1)][27857ms] waiting...
2025-09-02 15:31:31.989 [info] [LocalProcess0][resolveAuthority(ssh-remote,1)][28857ms] waiting...
2025-09-02 15:31:33.546 [info] [LocalProcess0][resolveAuthority(ssh-remote,1)][30414ms] waiting...
2025-09-02 15:31:33.989 [info] [LocalProcess0][resolveAuthority(ssh-remote,1)][30857ms] waiting...
2025-09-02 15:31:34.989 [info] [LocalProcess0][resolveAuthority(ssh-remote,1)][31857ms] waiting...
2025-09-02 15:31:35.989 [info] [LocalProcess0][resolveAuthority(ssh-remote,1)][32858ms] waiting...
2025-09-02 15:31:36.989 [info] [LocalProcess0][resolveAuthority(ssh-remote,1)][33857ms] waiting...
2025-09-02 15:31:37.988 [info] [LocalProcess0][resolveAuthority(ssh-remote,1)][34857ms] waiting...
2025-09-02 15:31:38.989 [info] [LocalProcess0][resolveAuthority(ssh-remote,1)][35858ms] waiting...
2025-09-02 15:31:39.988 [info] [LocalProcess0][resolveAuthority(ssh-remote,1)][36857ms] waiting...
2025-09-02 15:31:40.988 [info] [LocalProcess0][resolveAuthority(ssh-remote,1)][37857ms] waiting...
2025-09-02 15:31:41.988 [info] [LocalProcess0][resolveAuthority(ssh-remote,1)][38857ms] waiting...
2025-09-02 15:31:42.988 [info] [LocalProcess0][resolveAuthority(ssh-remote,1)][39857ms] waiting...
2025-09-02 15:31:43.989 [info] [LocalProcess0][resolveAuthority(ssh-remote,1)][40857ms] waiting...
2025-09-02 15:31:44.988 [info] [LocalProcess0][resolveAuthority(ssh-remote,1)][41857ms] waiting...
2025-09-02 15:31:45.989 [info] [LocalProcess0][resolveAuthority(ssh-remote,1)][42857ms] waiting...
2025-09-02 15:31:46.988 [info] [LocalProcess0][resolveAuthority(ssh-remote,1)][43857ms] waiting...
2025-09-02 15:31:47.989 [info] [LocalProcess0][resolveAuthority(ssh-remote,1)][44857ms] waiting...
2025-09-02 15:31:48.989 [info] [LocalProcess0][resolveAuthority(ssh-remote,1)][45857ms] waiting...
2025-09-02 15:31:49.989 [info] [LocalProcess0][resolveAuthority(ssh-remote,1)][46857ms] waiting...
2025-09-02 15:31:50.989 [info] [LocalProcess0][resolveAuthority(ssh-remote,1)][47857ms] waiting...
2025-09-02 15:31:52.253 [info] [LocalProcess0][resolveAuthority(ssh-remote,1)][48857ms] waiting...
2025-09-02 15:31:55.360 [info] [LocalProcess0][resolveAuthority(ssh-remote,1)][49858ms] waiting...
2025-09-02 15:31:55.417 [info] [LocalProcess0][resolveAuthority(ssh-remote,1)][50858ms] waiting...
2025-09-02 15:31:55.421 [info] [LocalProcess0][resolveAuthority(ssh-remote,1)][51857ms] waiting...
2025-09-02 15:31:56.298 [info] [LocalProcess0][resolveAuthority(ssh-remote,1)][52857ms] waiting...
2025-09-02 15:31:56.989 [info] [LocalProcess0][resolveAuthority(ssh-remote,1)][53857ms] waiting...
2025-09-02 15:31:57.988 [info] [LocalProcess0][resolveAuthority(ssh-remote,1)][54857ms] waiting...
2025-09-02 15:31:58.989 [info] [LocalProcess0][resolveAuthority(ssh-remote,1)][55857ms] waiting...
2025-09-02 15:31:59.988 [info] [LocalProcess0][resolveAuthority(ssh-remote,1)][56857ms] waiting...
2025-09-02 15:32:00.989 [info] [LocalProcess0][resolveAuthority(ssh-remote,1)][57857ms] waiting...
2025-09-02 15:32:01.989 [info] [LocalProcess0][resolveAuthority(ssh-remote,1)][58858ms] waiting...
2025-09-02 15:32:02.990 [info] [LocalProcess0][resolveAuthority(ssh-remote,1)][59857ms] waiting...
2025-09-02 15:32:03.988 [info] [LocalProcess0][resolveAuthority(ssh-remote,1)][60857ms] waiting...
2025-09-02 15:32:04.989 [info] [LocalProcess0][resolveAuthority(ssh-remote,1)][61857ms] waiting...
2025-09-02 15:32:05.988 [info] [LocalProcess0][resolveAuthority(ssh-remote,1)][62857ms] waiting...
2025-09-02 15:32:06.989 [info] [LocalProcess0][resolveAuthority(ssh-remote,1)][63857ms] waiting...
2025-09-02 15:32:08.856 [info] [LocalProcess0][resolveAuthority(ssh-remote,1)][65724ms] waiting...
2025-09-02 15:32:08.989 [info] [LocalProcess0][resolveAuthority(ssh-remote,1)][65857ms] waiting...
2025-09-02 15:32:09.989 [info] [LocalProcess0][resolveAuthority(ssh-remote,1)][66857ms] waiting...
2025-09-02 15:32:10.989 [info] [LocalProcess0][resolveAuthority(ssh-remote,1)][67857ms] waiting...
2025-09-02 15:32:11.993 [info] [LocalProcess0][resolveAuthority(ssh-remote,1)][68861ms] waiting...
2025-09-02 15:32:12.989 [info] [LocalProcess0][resolveAuthority(ssh-remote,1)][69857ms] waiting...
2025-09-02 15:32:13.989 [info] [LocalProcess0][resolveAuthority(ssh-remote,1)][70858ms] waiting...
2025-09-02 15:32:14.991 [info] [LocalProcess0][resolveAuthority(ssh-remote,1)][71860ms] waiting...
2025-09-02 15:32:15.989 [info] [LocalProcess0][resolveAuthority(ssh-remote,1)][72857ms] waiting...
2025-09-02 15:32:17.098 [info] [LocalProcess0][resolveAuthority(ssh-remote,1)][73857ms] waiting...
2025-09-02 15:32:17.989 [info] [LocalProcess0][resolveAuthority(ssh-remote,1)][74857ms] waiting...
2025-09-02 15:32:18.989 [info] [LocalProcess0][resolveAuthority(ssh-remote,1)][75857ms] waiting...
2025-09-02 15:32:19.989 [info] [LocalProcess0][resolveAuthority(ssh-remote,1)][76857ms] waiting...
2025-09-02 15:32:20.991 [info] [LocalProcess0][resolveAuthority(ssh-remote,1)][77860ms] waiting...
2025-09-02 15:32:21.989 [info] [LocalProcess0][resolveAuthority(ssh-remote,1)][78857ms] waiting...
2025-09-02 15:32:22.988 [info] [LocalProcess0][resolveAuthority(ssh-remote,1)][79857ms] waiting...
2025-09-02 15:32:23.988 [info] [LocalProcess0][resolveAuthority(ssh-remote,1)][80857ms] waiting...
2025-09-02 15:32:24.990 [info] [LocalProcess0][resolveAuthority(ssh-remote,1)][81859ms] waiting...
2025-09-02 15:32:25.988 [info] [LocalProcess0][resolveAuthority(ssh-remote,1)][82857ms] waiting...
2025-09-02 15:32:26.989 [info] [LocalProcess0][resolveAuthority(ssh-remote,1)][83857ms] waiting...
2025-09-02 15:32:27.989 [info] [LocalProcess0][resolveAuthority(ssh-remote,1)][84857ms] waiting...
2025-09-02 15:32:28.989 [info] [LocalProcess0][resolveAuthority(ssh-remote,1)][85858ms] waiting...
2025-09-02 15:32:30.260 [info] [LocalProcess0][resolveAuthority(ssh-remote,1)][87130ms] waiting...
2025-09-02 15:32:30.989 [info] [LocalProcess0][resolveAuthority(ssh-remote,1)][87858ms] waiting...
2025-09-02 15:32:31.989 [info] [LocalProcess0][resolveAuthority(ssh-remote,1)][88857ms] waiting...
2025-09-02 15:32:32.989 [info] [LocalProcess0][resolveAuthority(ssh-remote,1)][89857ms] waiting...
2025-09-02 15:32:33.990 [info] [LocalProcess0][resolveAuthority(ssh-remote,1)][90859ms] waiting...
2025-09-02 15:32:34.684 [error] [Extension Host] (node:44147) [DEP0005] DeprecationWarning: Buffer() is deprecated due to security and usability issues. Please use the Buffer.alloc(), Buffer.allocUnsafe(), or Buffer.from() methods instead.
(Use `exe --trace-deprecation ...` to show where the warning was created)
2025-09-02 15:32:35.043 [info] [LocalProcess0][resolveAuthority(ssh-remote,1)][91881ms] returned WebSocket(127.0.0.1:44311)
2025-09-02 15:32:35.043 [info] resolveAuthority(ssh-remote) returned 'WebSocket(127.0.0.1:44311)' after 91881 ms
2025-09-02 15:32:35.573 [info] Creating a socket (renderer-Management-0665ccdc-5f7c-4f96-8b58-3511a5e11b61)...
2025-09-02 15:32:35.618 [info] Creating a socket (renderer-ExtensionHost-bf08e04b-96f3-4a00-a548-e649825590ff)...
2025-09-02 15:32:38.773 [info] Creating a socket (renderer-Management-0665ccdc-5f7c-4f96-8b58-3511a5e11b61) was successful after 3199 ms.
2025-09-02 15:32:39.081 [info] Creating a socket (renderer-ExtensionHost-bf08e04b-96f3-4a00-a548-e649825590ff) was successful after 3463 ms.
2025-09-02 15:32:47.104 [info] [perf] Render performance baseline is 70ms
2025-09-02 15:32:49.417 [error] [Extension Host] Error: Permission denied (publickey,password).
	at g.Create (/home/drdbrioso/.vscode/extensions/ms-vscode-remote.remote-ssh-0.107.1/out/extension.js:2:642703)
	at /home/drdbrioso/.vscode/extensions/ms-vscode-remote.remote-ssh-0.107.1/out/extension.js:2:639355
	at t.handleInstallOutput (/home/drdbrioso/.vscode/extensions/ms-vscode-remote.remote-ssh-0.107.1/out/extension.js:2:639991)
	at e (/home/drdbrioso/.vscode/extensions/ms-vscode-remote.remote-ssh-0.107.1/out/extension.js:2:700300)
	at process.processTicksAndRejections (node:internal/process/task_queues:95:5)
	at async /home/drdbrioso/.vscode/extensions/ms-vscode-remote.remote-ssh-0.107.1/out/extension.js:2:722169
	at async t.withShowDetailsEvent (/home/drdbrioso/.vscode/extensions/ms-vscode-remote.remote-ssh-0.107.1/out/extension.js:2:725828)
	at async /home/drdbrioso/.vscode/extensions/ms-vscode-remote.remote-ssh-0.107.1/out/extension.js:2:697005
	at async C (/home/drdbrioso/.vscode/extensions/ms-vscode-remote.remote-ssh-0.107.1/out/extension.js:2:695056)
	at async t.resolveWithLocalServer (/home/drdbrioso/.vscode/extensions/ms-vscode-remote.remote-ssh-0.107.1/out/extension.js:2:696545)
	at async I (/home/drdbrioso/.vscode/extensions/ms-vscode-remote.remote-ssh-0.107.1/out/extension.js:2:719392)
	at async /home/drdbrioso/.vscode/extensions/ms-vscode-remote.remote-ssh-0.107.1/out/extension.js:2:725020
	at async /home/drdbrioso/.vscode/extensions/ms-vscode-remote.remote-ssh-0.107.1/out/extension.js:2:619775
2025-09-02 15:33:08.642 [warning] Via 'product.json#extensionEnabledApiProposals' extension 'ms-python.python' wants API proposal 'registerIssueDataProvider' but that proposal DOES NOT EXIST. Likely, the proposal has been finalized (check 'vscode.d.ts') or was abandoned.
2025-09-02 15:33:09.067 [info] Started local extension host with pid 44433.
2025-09-02 15:33:14.734 [info] Invoking resolveAuthority(ssh-remote)...
2025-09-02 15:33:14.734 [info] [LocalProcess0][resolveAuthority(ssh-remote,1)][0ms] obtaining proxy...
2025-09-02 15:33:14.735 [info] [LocalProcess0][resolveAuthority(ssh-remote,1)][0ms] invoking...
2025-09-02 15:33:15.735 [info] [LocalProcess0][resolveAuthority(ssh-remote,1)][1001ms] waiting...
2025-09-02 15:33:16.735 [info] [LocalProcess0][resolveAuthority(ssh-remote,1)][2001ms] waiting...
2025-09-02 15:33:17.735 [info] [LocalProcess0][resolveAuthority(ssh-remote,1)][3001ms] waiting...
2025-09-02 15:33:18.735 [info] [LocalProcess0][resolveAuthority(ssh-remote,1)][4001ms] waiting...
2025-09-02 15:33:19.735 [info] [LocalProcess0][resolveAuthority(ssh-remote,1)][5001ms] waiting...
2025-09-02 15:33:20.735 [info] [LocalProcess0][resolveAuthority(ssh-remote,1)][6001ms] waiting...
2025-09-02 15:33:21.735 [info] [LocalProcess0][resolveAuthority(ssh-remote,1)][7001ms] waiting...
2025-09-02 15:33:22.735 [info] [LocalProcess0][resolveAuthority(ssh-remote,1)][8001ms] waiting...
2025-09-02 15:33:23.735 [info] [LocalProcess0][resolveAuthority(ssh-remote,1)][9001ms] waiting...
2025-09-02 15:33:24.735 [info] [LocalProcess0][resolveAuthority(ssh-remote,1)][10001ms] waiting...
2025-09-02 15:33:25.734 [info] [LocalProcess0][resolveAuthority(ssh-remote,1)][11001ms] waiting...
2025-09-02 15:33:25.786 [error] [Extension Host] (node:44433) [DEP0005] DeprecationWarning: Buffer() is deprecated due to security and usability issues. Please use the Buffer.alloc(), Buffer.allocUnsafe(), or Buffer.from() methods instead.
(Use `exe --trace-deprecation ...` to show where the warning was created)
2025-09-02 15:33:25.799 [info] [LocalProcess0][resolveAuthority(ssh-remote,1)][11066ms] returned WebSocket(127.0.0.1:46711)
2025-09-02 15:33:25.800 [info] resolveAuthority(ssh-remote) returned 'WebSocket(127.0.0.1:46711)' after 11067 ms
2025-09-02 15:33:25.801 [info] Creating a socket (renderer-Management-c82f6b21-33d8-4a40-9e0b-eb9f0a4a35c8)...
2025-09-02 15:33:25.802 [info] Creating a socket (renderer-ExtensionHost-ab648c8d-296e-4041-8064-6a9077ce8c2d)...
2025-09-02 15:33:26.328 [info] Creating a socket (renderer-Management-c82f6b21-33d8-4a40-9e0b-eb9f0a4a35c8) was successful after 526 ms.
2025-09-02 15:33:26.911 [info] Creating a socket (renderer-ExtensionHost-ab648c8d-296e-4041-8064-6a9077ce8c2d) was successful after 1107 ms.
2025-09-02 15:33:30.205 [warning] No search provider registered for scheme: vscode-remote, waiting
2025-09-02 15:33:30.934 [info] [perf] Render performance baseline is 43ms
2025-09-02 15:33:36.901 [error] [Extension Host] Error: Permission denied (publickey,password).
	at g.Create (/home/drdbrioso/.vscode/extensions/ms-vscode-remote.remote-ssh-0.107.1/out/extension.js:2:642703)
	at /home/drdbrioso/.vscode/extensions/ms-vscode-remote.remote-ssh-0.107.1/out/extension.js:2:639355
	at t.handleInstallOutput (/home/drdbrioso/.vscode/extensions/ms-vscode-remote.remote-ssh-0.107.1/out/extension.js:2:639991)
	at e (/home/drdbrioso/.vscode/extensions/ms-vscode-remote.remote-ssh-0.107.1/out/extension.js:2:700300)
	at process.processTicksAndRejections (node:internal/process/task_queues:95:5)
	at async /home/drdbrioso/.vscode/extensions/ms-vscode-remote.remote-ssh-0.107.1/out/extension.js:2:722169
	at async t.withShowDetailsEvent (/home/drdbrioso/.vscode/extensions/ms-vscode-remote.remote-ssh-0.107.1/out/extension.js:2:725828)
	at async /home/drdbrioso/.vscode/extensions/ms-vscode-remote.remote-ssh-0.107.1/out/extension.js:2:697005
	at async C (/home/drdbrioso/.vscode/extensions/ms-vscode-remote.remote-ssh-0.107.1/out/extension.js:2:695056)
	at async t.resolveWithLocalServer (/home/drdbrioso/.vscode/extensions/ms-vscode-remote.remote-ssh-0.107.1/out/extension.js:2:696545)
	at async I (/home/drdbrioso/.vscode/extensions/ms-vscode-remote.remote-ssh-0.107.1/out/extension.js:2:719392)
	at async /home/drdbrioso/.vscode/extensions/ms-vscode-remote.remote-ssh-0.107.1/out/extension.js:2:725020
	at async /home/drdbrioso/.vscode/extensions/ms-vscode-remote.remote-ssh-0.107.1/out/extension.js:2:619775
2025-09-02 15:33:39.681 [info] Extension host (Remote) is unresponsive.
2025-09-02 15:33:40.195 [info] Extension host (Remote) is responsive.
2025-09-02 15:33:54.834 [info] Extension host (Remote) is unresponsive.
2025-09-02 15:33:55.060 [info] Extension host (Remote) is responsive.
