2025-09-02 15:31:03.102 [info] Added views:workbench.panel.markers.view in workbench.panel.markers
2025-09-02 15:31:03.102 [info] Added views:workbench.panel.output in workbench.panel.output
2025-09-02 15:31:03.102 [info] Added views:terminal in terminal
2025-09-02 15:31:03.102 [info] Added views:outline in workbench.view.explorer
2025-09-02 15:31:03.102 [info] Added views:workbench.scm in workbench.view.scm
2025-09-02 15:31:03.102 [info] Added views:workbench.view.search in workbench.view.search
2025-09-02 15:31:03.102 [info] Added views:timeline in workbench.view.explorer
2025-09-02 15:31:03.102 [info] Added views:workbench.explorer.emptyView in workbench.view.explorer
2025-09-02 15:31:03.313 [info] Added views:workbench.debug.welcome in workbench.view.debug
2025-09-02 15:31:04.063 [info] Added views:~remote.forwardedPorts in ~remote.forwardedPortsContainer
2025-09-02 15:32:42.696 [info] Added views:targetsContainers,devVolumes in workbench.view.remote
2025-09-02 15:32:42.989 [info] Added views:remoteTargets in workbench.view.remote
2025-09-02 15:32:46.183 [info] Added views:workbench.panel.repl.view in workbench.panel.repl
2025-09-02 15:33:09.003 [info] Added views:workbench.panel.markers.view in workbench.panel.markers
2025-09-02 15:33:09.003 [info] Added views:workbench.panel.output in workbench.panel.output
2025-09-02 15:33:09.003 [info] Added views:terminal in terminal
2025-09-02 15:33:09.003 [info] Added views:outline in workbench.view.explorer
2025-09-02 15:33:09.003 [info] Added views:workbench.scm in workbench.view.scm
2025-09-02 15:33:09.003 [info] Added views:workbench.view.search in workbench.view.search
2025-09-02 15:33:09.003 [info] Added views:timeline in workbench.view.explorer
2025-09-02 15:33:09.003 [info] Added views:workbench.explorer.fileView in workbench.view.explorer
2025-09-02 15:33:10.448 [info] Added views:workbench.debug.variablesView,workbench.debug.watchExpressionsView,workbench.debug.callStackView,workbench.debug.breakPointsView in workbench.view.debug
2025-09-02 15:33:14.749 [info] Added views:~remote.forwardedPorts in ~remote.forwardedPortsContainer
2025-09-02 15:33:28.001 [info] Added views:targetsContainers,devVolumes in workbench.view.remote
2025-09-02 15:33:28.002 [info] Added views:remoteTargets in workbench.view.remote
2025-09-02 15:33:28.114 [info] Removed views:workbench.debug.breakPointsView,workbench.debug.callStackView,workbench.debug.watchExpressionsView,workbench.debug.variablesView from workbench.view.debug
2025-09-02 15:33:28.116 [info] Added views:workbench.debug.welcome in workbench.view.debug
2025-09-02 15:33:30.880 [info] Added views:workbench.panel.repl.view in workbench.panel.repl
